###############################################################################
#
# IAR ELF Linker V9.40.1.364/W64 for ARM                  10/Aug/2026  19:34:29
# Copyright 2007-2023 IAR Systems AB.
#
#    Output file  =
#        C:\Code\beifen\old\CYT4BB7_Library-master\Seekfree_CYT4BB_Opensource_Library\project\iar\project_config\Debug_m7_0\Exe\cyt4bb7_cm_7_0.out
#    Map file     =
#        C:\Code\beifen\old\CYT4BB7_Library-master\Seekfree_CYT4BB_Opensource_Library\project\iar\Debug_m7_0\List\cyt4bb7_cm_7_0.map
#    Command line =
#        -f
#        C:\Code\beifen\old\CYT4BB7_Library-master\Seekfree_CYT4BB_Opensource_Library\project\iar\project_config\Debug_m7_0\Exe\cyt4bb7_cm_7_0.out.rsp
#        (C:\Code\beifen\old\CYT4BB7_Library-master\Seekfree_CYT4BB_Opensource_Library\project\iar\Debug_m7_0\Obj\user_8514941877209965082.dir\adrc.o
#        C:\Code\beifen\old\CYT4BB7_Library-master\Seekfree_CYT4BB_Opensource_Library\project\iar\Debug_m7_0\Obj\user_8514941877209965082.dir\cm7_0_isr.o
#        C:\Code\beifen\old\CYT4BB7_Library-master\Seekfree_CYT4BB_Opensource_Library\project\iar\Debug_m7_0\Obj\adc_11722776235721520015.dir\cy_adc.o
#        C:\Code\beifen\old\CYT4BB7_Library-master\Seekfree_CYT4BB_Opensource_Library\project\iar\Debug_m7_0\Obj\button_4990804375159372270.dir\cy_button.o
#        C:\Code\beifen\old\CYT4BB7_Library-master\Seekfree_CYT4BB_Opensource_Library\project\iar\Debug_m7_0\Obj\canfd_1800690984773873875.dir\cy_canfd.o
#        C:\Code\beifen\old\CYT4BB7_Library-master\Seekfree_CYT4BB_Opensource_Library\project\iar\Debug_m7_0\Obj\cpu_15938736945165268644.dir\cy_cpu.o
#        C:\Code\beifen\old\CYT4BB7_Library-master\Seekfree_CYT4BB_Opensource_Library\project\iar\Debug_m7_0\Obj\crypto_1190170608956581615.dir\cy_crypto_config.o
#        C:\Code\beifen\old\CYT4BB7_Library-master\Seekfree_CYT4BB_Opensource_Library\project\iar\Debug_m7_0\Obj\eth_phy_18133017486186456677.dir\cy_dp83867.o
#        C:\Code\beifen\old\CYT4BB7_Library-master\Seekfree_CYT4BB_Opensource_Library\project\iar\Debug_m7_0\Obj\ethernet_6029839089178797009.dir\cy_ethif.o
#        C:\Code\beifen\old\CYT4BB7_Library-master\Seekfree_CYT4BB_Opensource_Library\project\iar\Debug_m7_0\Obj\evtgen_3404189088603873129.dir\cy_evtgen.o
#        C:\Code\beifen\old\CYT4BB7_Library-master\Seekfree_CYT4BB_Opensource_Library\project\iar\Debug_m7_0\Obj\flash_8529866181315662935.dir\cy_flash.o
#        C:\Code\beifen\old\CYT4BB7_Library-master\Seekfree_CYT4BB_Opensource_Library\project\iar\Debug_m7_0\Obj\gpio_3999404635324069351.dir\cy_gpio.o
#        C:\Code\beifen\old\CYT4BB7_Library-master\Seekfree_CYT4BB_Opensource_Library\project\iar\Debug_m7_0\Obj\audioss_1346650047966882938.dir\cy_i2s.o
#        C:\Code\beifen\old\CYT4BB7_Library-master\Seekfree_CYT4BB_Opensource_Library\project\iar\Debug_m7_0\Obj\rev_b_6162237342861132223.dir\cy_interrupt_map.o
#        C:\Code\beifen\old\CYT4BB7_Library-master\Seekfree_CYT4BB_Opensource_Library\project\iar\Debug_m7_0\Obj\ipc_10145506163450686023.dir\cy_ipc_drv.o
#        C:\Code\beifen\old\CYT4BB7_Library-master\Seekfree_CYT4BB_Opensource_Library\project\iar\Debug_m7_0\Obj\ipc_10145506163450686023.dir\cy_ipc_pipe.o
#        C:\Code\beifen\old\CYT4BB7_Library-master\Seekfree_CYT4BB_Opensource_Library\project\iar\Debug_m7_0\Obj\ipc_10145506163450686023.dir\cy_ipc_sema.o
#        C:\Code\beifen\old\CYT4BB7_Library-master\Seekfree_CYT4BB_Opensource_Library\project\iar\Debug_m7_0\Obj\lin_18429031207028094880.dir\cy_lin.o
#        C:\Code\beifen\old\CYT4BB7_Library-master\Seekfree_CYT4BB_Opensource_Library\project\iar\Debug_m7_0\Obj\lvd_6353935867039560245.dir\cy_lvd.o
#        C:\Code\beifen\old\CYT4BB7_Library-master\Seekfree_CYT4BB_Opensource_Library\project\iar\Debug_m7_0\Obj\mcwdt_4052485907822033969.dir\cy_mcwdt.o
#        C:\Code\beifen\old\CYT4BB7_Library-master\Seekfree_CYT4BB_Opensource_Library\project\iar\Debug_m7_0\Obj\dma_12106025507578611576.dir\cy_mdma.o
#        C:\Code\beifen\old\CYT4BB7_Library-master\Seekfree_CYT4BB_Opensource_Library\project\iar\Debug_m7_0\Obj\mpu_5663187252346826382.dir\cy_mpu.o
#        C:\Code\beifen\old\CYT4BB7_Library-master\Seekfree_CYT4BB_Opensource_Library\project\iar\Debug_m7_0\Obj\flash_864493325053435817.dir\cy_mw_flash.o
#        C:\Code\beifen\old\CYT4BB7_Library-master\Seekfree_CYT4BB_Opensource_Library\project\iar\Debug_m7_0\Obj\dma_12106025507578611576.dir\cy_pdma.o
#        C:\Code\beifen\old\CYT4BB7_Library-master\Seekfree_CYT4BB_Opensource_Library\project\iar\Debug_m7_0\Obj\power_14453085144426420577.dir\cy_power.o
#        C:\Code\beifen\old\CYT4BB7_Library-master\Seekfree_CYT4BB_Opensource_Library\project\iar\Debug_m7_0\Obj\prot_10722960861768657883.dir\cy_prot.o
#        C:\Code\beifen\old\CYT4BB7_Library-master\Seekfree_CYT4BB_Opensource_Library\project\iar\Debug_m7_0\Obj\scb_15490842639181808494.dir\cy_scb_common.o
#        C:\Code\beifen\old\CYT4BB7_Library-master\Seekfree_CYT4BB_Opensource_Library\project\iar\Debug_m7_0\Obj\scb_15490842639181808494.dir\cy_scb_ezi2c.o
#        C:\Code\beifen\old\CYT4BB7_Library-master\Seekfree_CYT4BB_Opensource_Library\project\iar\Debug_m7_0\Obj\scb_15490842639181808494.dir\cy_scb_i2c.o
#        C:\Code\beifen\old\CYT4BB7_Library-master\Seekfree_CYT4BB_Opensource_Library\project\iar\Debug_m7_0\Obj\scb_15490842639181808494.dir\cy_scb_spi.o
#        C:\Code\beifen\old\CYT4BB7_Library-master\Seekfree_CYT4BB_Opensource_Library\project\iar\Debug_m7_0\Obj\scb_15490842639181808494.dir\cy_scb_uart.o
#        C:\Code\beifen\old\CYT4BB7_Library-master\Seekfree_CYT4BB_Opensource_Library\project\iar\Debug_m7_0\Obj\sd_host_2982766354293506895.dir\cy_sd_host.o
#        C:\Code\beifen\old\CYT4BB7_Library-master\Seekfree_CYT4BB_Opensource_Library\project\iar\Debug_m7_0\Obj\semihosting_143864889731838620.dir\cy_semihosting.o
#        C:\Code\beifen\old\CYT4BB7_Library-master\Seekfree_CYT4BB_Opensource_Library\project\iar\Debug_m7_0\Obj\smartio_5451710003740070188.dir\cy_smartio.o
#        C:\Code\beifen\old\CYT4BB7_Library-master\Seekfree_CYT4BB_Opensource_Library\project\iar\Debug_m7_0\Obj\smif_427648126384146252.dir\cy_smif.o
#        C:\Code\beifen\old\CYT4BB7_Library-master\Seekfree_CYT4BB_Opensource_Library\project\iar\Debug_m7_0\Obj\smif_mem_6470536964353725183.dir\cy_smif_device_common.o
#        C:\Code\beifen\old\CYT4BB7_Library-master\Seekfree_CYT4BB_Opensource_Library\project\iar\Debug_m7_0\Obj\smif_mem_6470536964353725183.dir\cy_smif_hb_flash.o
#        C:\Code\beifen\old\CYT4BB7_Library-master\Seekfree_CYT4BB_Opensource_Library\project\iar\Debug_m7_0\Obj\smif_427648126384146252.dir\cy_smif_memslot.o
#        C:\Code\beifen\old\CYT4BB7_Library-master\Seekfree_CYT4BB_Opensource_Library\project\iar\Debug_m7_0\Obj\smif_mem_6470536964353725183.dir\cy_smif_s25fl.o
#        C:\Code\beifen\old\CYT4BB7_Library-master\Seekfree_CYT4BB_Opensource_Library\project\iar\Debug_m7_0\Obj\smif_mem_6470536964353725183.dir\cy_smif_s25fs.o
#        C:\Code\beifen\old\CYT4BB7_Library-master\Seekfree_CYT4BB_Opensource_Library\project\iar\Debug_m7_0\Obj\smif_mem_6470536964353725183.dir\cy_smif_semp.o
#        C:\Code\beifen\old\CYT4BB7_Library-master\Seekfree_CYT4BB_Opensource_Library\project\iar\Debug_m7_0\Obj\smif_427648126384146252.dir\cy_smif_ver_specific.o
#        C:\Code\beifen\old\CYT4BB7_Library-master\Seekfree_CYT4BB_Opensource_Library\project\iar\Debug_m7_0\Obj\srom_13018798572330080582.dir\cy_srom.o
#        C:\Code\beifen\old\CYT4BB7_Library-master\Seekfree_CYT4BB_Opensource_Library\project\iar\Debug_m7_0\Obj\sw_timer_4215635015939382130.dir\cy_sw_tmr.o
#        C:\Code\beifen\old\CYT4BB7_Library-master\Seekfree_CYT4BB_Opensource_Library\project\iar\Debug_m7_0\Obj\sysclk_16149231235676103872.dir\cy_sysclk.o
#        C:\Code\beifen\old\CYT4BB7_Library-master\Seekfree_CYT4BB_Opensource_Library\project\iar\Debug_m7_0\Obj\sysflt_12293435975120599261.dir\cy_sysflt.o
#        C:\Code\beifen\old\CYT4BB7_Library-master\Seekfree_CYT4BB_Opensource_Library\project\iar\Debug_m7_0\Obj\sysint_7435970359207984181.dir\cy_sysint.o
#        C:\Code\beifen\old\CYT4BB7_Library-master\Seekfree_CYT4BB_Opensource_Library\project\iar\Debug_m7_0\Obj\syslib_16330585751512546975.dir\cy_syslib.o
#        C:\Code\beifen\old\CYT4BB7_Library-master\Seekfree_CYT4BB_Opensource_Library\project\iar\Debug_m7_0\Obj\syslib_16330585751512546975.dir\cy_syslib_iar.o
#        C:\Code\beifen\old\CYT4BB7_Library-master\Seekfree_CYT4BB_Opensource_Library\project\iar\Debug_m7_0\Obj\syspm_10887939769544754770.dir\cy_syspm.o
#        C:\Code\beifen\old\CYT4BB7_Library-master\Seekfree_CYT4BB_Opensource_Library\project\iar\Debug_m7_0\Obj\sysreghc_17676636058511625587.dir\cy_sysreghc.o
#        C:\Code\beifen\old\CYT4BB7_Library-master\Seekfree_CYT4BB_Opensource_Library\project\iar\Debug_m7_0\Obj\sysreset_14586141425677365288.dir\cy_sysreset.o
#        C:\Code\beifen\old\CYT4BB7_Library-master\Seekfree_CYT4BB_Opensource_Library\project\iar\Debug_m7_0\Obj\sysrtc_10747768817563771611.dir\cy_sysrtc.o
#        C:\Code\beifen\old\CYT4BB7_Library-master\Seekfree_CYT4BB_Opensource_Library\project\iar\Debug_m7_0\Obj\systick_16016591671695740695.dir\cy_systick.o
#        C:\Code\beifen\old\CYT4BB7_Library-master\Seekfree_CYT4BB_Opensource_Library\project\iar\Debug_m7_0\Obj\syswdt_9118657615806274156.dir\cy_syswdt.o
#        C:\Code\beifen\old\CYT4BB7_Library-master\Seekfree_CYT4BB_Opensource_Library\project\iar\Debug_m7_0\Obj\tcpwm_422923530147891246.dir\cy_tcpwm.o
#        C:\Code\beifen\old\CYT4BB7_Library-master\Seekfree_CYT4BB_Opensource_Library\project\iar\Debug_m7_0\Obj\tcpwm_422923530147891246.dir\cy_tcpwm_counter.o
#        C:\Code\beifen\old\CYT4BB7_Library-master\Seekfree_CYT4BB_Opensource_Library\project\iar\Debug_m7_0\Obj\tcpwm_422923530147891246.dir\cy_tcpwm_pwm.o
#        C:\Code\beifen\old\CYT4BB7_Library-master\Seekfree_CYT4BB_Opensource_Library\project\iar\Debug_m7_0\Obj\tcpwm_422923530147891246.dir\cy_tcpwm_quaddec.o
#        C:\Code\beifen\old\CYT4BB7_Library-master\Seekfree_CYT4BB_Opensource_Library\project\iar\Debug_m7_0\Obj\tcpwm_422923530147891246.dir\cy_tcpwm_sr.o
#        C:\Code\beifen\old\CYT4BB7_Library-master\Seekfree_CYT4BB_Opensource_Library\project\iar\Debug_m7_0\Obj\trigmux_9729677290734583340.dir\cy_trigmux.o
#        C:\Code\beifen\old\CYT4BB7_Library-master\Seekfree_CYT4BB_Opensource_Library\project\iar\Debug_m7_0\Obj\ethernet_6029839089178797009.dir\edd.o
#        C:\Code\beifen\old\CYT4BB7_Library-master\Seekfree_CYT4BB_Opensource_Library\project\iar\Debug_m7_0\Obj\ethernet_6029839089178797009.dir\edd_rx.o
#        C:\Code\beifen\old\CYT4BB7_Library-master\Seekfree_CYT4BB_Opensource_Library\project\iar\Debug_m7_0\Obj\ethernet_6029839089178797009.dir\edd_tx.o
#        C:\Code\beifen\old\CYT4BB7_Library-master\Seekfree_CYT4BB_Opensource_Library\project\iar\Debug_m7_0\Obj\user_8514941877209965082.dir\main_cm7_0.o
#        C:\Code\beifen\old\CYT4BB7_Library-master\Seekfree_CYT4BB_Opensource_Library\project\iar\Debug_m7_0\Obj\user_8514941877209965082.dir\pid.o
#        C:\Code\beifen\old\CYT4BB7_Library-master\Seekfree_CYT4BB_Opensource_Library\project\iar\Debug_m7_0\Obj\zf_components_14936052685886095442.dir\seekfree_assistant.o
#        C:\Code\beifen\old\CYT4BB7_Library-master\Seekfree_CYT4BB_Opensource_Library\project\iar\Debug_m7_0\Obj\zf_components_14936052685886095442.dir\seekfree_assistant_interface.o
#        C:\Code\beifen\old\CYT4BB7_Library-master\Seekfree_CYT4BB_Opensource_Library\project\iar\Debug_m7_0\Obj\user_8514941877209965082.dir\small_driver_uart_control.o
#        C:\Code\beifen\old\CYT4BB7_Library-master\Seekfree_CYT4BB_Opensource_Library\project\iar\Debug_m7_0\Obj\startup_479057977785470282.dir\startup.o
#        C:\Code\beifen\old\CYT4BB7_Library-master\Seekfree_CYT4BB_Opensource_Library\project\iar\Debug_m7_0\Obj\startup_479057977785470282.dir\startup_cm7.o
#        C:\Code\beifen\old\CYT4BB7_Library-master\Seekfree_CYT4BB_Opensource_Library\project\iar\Debug_m7_0\Obj\rev_b_4986922561640112550.dir\system_tviibh4m_cm7.o
#        C:\Code\beifen\old\CYT4BB7_Library-master\Seekfree_CYT4BB_Opensource_Library\project\iar\Debug_m7_0\Obj\code_17896468042025673432.dir\vl53l8cx.o
#        C:\Code\beifen\old\CYT4BB7_Library-master\Seekfree_CYT4BB_Opensource_Library\project\iar\Debug_m7_0\Obj\code_17896468042025673432.dir\vl53l8cx_api.o
#        C:\Code\beifen\old\CYT4BB7_Library-master\Seekfree_CYT4BB_Opensource_Library\project\iar\Debug_m7_0\Obj\code_17896468042025673432.dir\vl53l8cx_platform.o
#        C:\Code\beifen\old\CYT4BB7_Library-master\Seekfree_CYT4BB_Opensource_Library\project\iar\Debug_m7_0\Obj\zf_common_1201165462030747823.dir\zf_common_clock.o
#        C:\Code\beifen\old\CYT4BB7_Library-master\Seekfree_CYT4BB_Opensource_Library\project\iar\Debug_m7_0\Obj\zf_common_1201165462030747823.dir\zf_common_debug.o
#        C:\Code\beifen\old\CYT4BB7_Library-master\Seekfree_CYT4BB_Opensource_Library\project\iar\Debug_m7_0\Obj\zf_common_1201165462030747823.dir\zf_common_fifo.o
#        C:\Code\beifen\old\CYT4BB7_Library-master\Seekfree_CYT4BB_Opensource_Library\project\iar\Debug_m7_0\Obj\zf_common_1201165462030747823.dir\zf_common_font.o
#        C:\Code\beifen\old\CYT4BB7_Library-master\Seekfree_CYT4BB_Opensource_Library\project\iar\Debug_m7_0\Obj\zf_common_1201165462030747823.dir\zf_common_function.o
#        C:\Code\beifen\old\CYT4BB7_Library-master\Seekfree_CYT4BB_Opensource_Library\project\iar\Debug_m7_0\Obj\zf_common_1201165462030747823.dir\zf_common_interrupt.o
#        C:\Code\beifen\old\CYT4BB7_Library-master\Seekfree_CYT4BB_Opensource_Library\project\iar\Debug_m7_0\Obj\zf_device_6570275422786408770.dir\zf_device_ble6a20.o
#        C:\Code\beifen\old\CYT4BB7_Library-master\Seekfree_CYT4BB_Opensource_Library\project\iar\Debug_m7_0\Obj\zf_device_6570275422786408770.dir\zf_device_dl1a.o
#        C:\Code\beifen\old\CYT4BB7_Library-master\Seekfree_CYT4BB_Opensource_Library\project\iar\Debug_m7_0\Obj\zf_device_6570275422786408770.dir\zf_device_dl1b.o
#        C:\Code\beifen\old\CYT4BB7_Library-master\Seekfree_CYT4BB_Opensource_Library\project\iar\Debug_m7_0\Obj\zf_device_6570275422786408770.dir\zf_device_gnss.o
#        C:\Code\beifen\old\CYT4BB7_Library-master\Seekfree_CYT4BB_Opensource_Library\project\iar\Debug_m7_0\Obj\zf_device_6570275422786408770.dir\zf_device_icm20602.o
#        C:\Code\beifen\old\CYT4BB7_Library-master\Seekfree_CYT4BB_Opensource_Library\project\iar\Debug_m7_0\Obj\zf_device_6570275422786408770.dir\zf_device_imu660ra.o
#        C:\Code\beifen\old\CYT4BB7_Library-master\Seekfree_CYT4BB_Opensource_Library\project\iar\Debug_m7_0\Obj\zf_device_6570275422786408770.dir\zf_device_imu660rb.o
#        C:\Code\beifen\old\CYT4BB7_Library-master\Seekfree_CYT4BB_Opensource_Library\project\iar\Debug_m7_0\Obj\zf_device_6570275422786408770.dir\zf_device_imu660rc.o
#        C:\Code\beifen\old\CYT4BB7_Library-master\Seekfree_CYT4BB_Opensource_Library\project\iar\Debug_m7_0\Obj\zf_device_6570275422786408770.dir\zf_device_imu963ra.o
#        C:\Code\beifen\old\CYT4BB7_Library-master\Seekfree_CYT4BB_Opensource_Library\project\iar\Debug_m7_0\Obj\zf_device_6570275422786408770.dir\zf_device_ips114.o
#        C:\Code\beifen\old\CYT4BB7_Library-master\Seekfree_CYT4BB_Opensource_Library\project\iar\Debug_m7_0\Obj\zf_device_6570275422786408770.dir\zf_device_ips200.o
#        C:\Code\beifen\old\CYT4BB7_Library-master\Seekfree_CYT4BB_Opensource_Library\project\iar\Debug_m7_0\Obj\zf_device_6570275422786408770.dir\zf_device_ips200pro.o
#        C:\Code\beifen\old\CYT4BB7_Library-master\Seekfree_CYT4BB_Opensource_Library\project\iar\Debug_m7_0\Obj\zf_device_6570275422786408770.dir\zf_device_key.o
#        C:\Code\beifen\old\CYT4BB7_Library-master\Seekfree_CYT4BB_Opensource_Library\project\iar\Debug_m7_0\Obj\zf_device_6570275422786408770.dir\zf_device_lora3a22.o
#        C:\Code\beifen\old\CYT4BB7_Library-master\Seekfree_CYT4BB_Opensource_Library\project\iar\Debug_m7_0\Obj\zf_device_6570275422786408770.dir\zf_device_menc15a.o
#        C:\Code\beifen\old\CYT4BB7_Library-master\Seekfree_CYT4BB_Opensource_Library\project\iar\Debug_m7_0\Obj\zf_device_6570275422786408770.dir\zf_device_mt9v03x.o
#        C:\Code\beifen\old\CYT4BB7_Library-master\Seekfree_CYT4BB_Opensource_Library\project\iar\Debug_m7_0\Obj\zf_device_6570275422786408770.dir\zf_device_oled.o
#        C:\Code\beifen\old\CYT4BB7_Library-master\Seekfree_CYT4BB_Opensource_Library\project\iar\Debug_m7_0\Obj\zf_device_6570275422786408770.dir\zf_device_pmw3901.o
#        C:\Code\beifen\old\CYT4BB7_Library-master\Seekfree_CYT4BB_Opensource_Library\project\iar\Debug_m7_0\Obj\zf_device_6570275422786408770.dir\zf_device_tft180.o
#        C:\Code\beifen\old\CYT4BB7_Library-master\Seekfree_CYT4BB_Opensource_Library\project\iar\Debug_m7_0\Obj\zf_device_6570275422786408770.dir\zf_device_tsl1401.o
#        C:\Code\beifen\old\CYT4BB7_Library-master\Seekfree_CYT4BB_Opensource_Library\project\iar\Debug_m7_0\Obj\zf_device_6570275422786408770.dir\zf_device_type.o
#        C:\Code\beifen\old\CYT4BB7_Library-master\Seekfree_CYT4BB_Opensource_Library\project\iar\Debug_m7_0\Obj\zf_device_6570275422786408770.dir\zf_device_uart_receiver.o
#        C:\Code\beifen\old\CYT4BB7_Library-master\Seekfree_CYT4BB_Opensource_Library\project\iar\Debug_m7_0\Obj\zf_device_6570275422786408770.dir\zf_device_upflow302.o
#        C:\Code\beifen\old\CYT4BB7_Library-master\Seekfree_CYT4BB_Opensource_Library\project\iar\Debug_m7_0\Obj\zf_device_6570275422786408770.dir\zf_device_wifi_spi.o
#        C:\Code\beifen\old\CYT4BB7_Library-master\Seekfree_CYT4BB_Opensource_Library\project\iar\Debug_m7_0\Obj\zf_device_6570275422786408770.dir\zf_device_wifi_uart.o
#        C:\Code\beifen\old\CYT4BB7_Library-master\Seekfree_CYT4BB_Opensource_Library\project\iar\Debug_m7_0\Obj\zf_device_6570275422786408770.dir\zf_device_wireless_uart.o
#        C:\Code\beifen\old\CYT4BB7_Library-master\Seekfree_CYT4BB_Opensource_Library\project\iar\Debug_m7_0\Obj\zf_driver_11922370083829174090.dir\zf_driver_adc.o
#        C:\Code\beifen\old\CYT4BB7_Library-master\Seekfree_CYT4BB_Opensource_Library\project\iar\Debug_m7_0\Obj\zf_driver_11922370083829174090.dir\zf_driver_delay.o
#        C:\Code\beifen\old\CYT4BB7_Library-master\Seekfree_CYT4BB_Opensource_Library\project\iar\Debug_m7_0\Obj\zf_driver_11922370083829174090.dir\zf_driver_dma.o
#        C:\Code\beifen\old\CYT4BB7_Library-master\Seekfree_CYT4BB_Opensource_Library\project\iar\Debug_m7_0\Obj\zf_driver_11922370083829174090.dir\zf_driver_encoder.o
#        C:\Code\beifen\old\CYT4BB7_Library-master\Seekfree_CYT4BB_Opensource_Library\project\iar\Debug_m7_0\Obj\zf_driver_11922370083829174090.dir\zf_driver_exti.o
#        C:\Code\beifen\old\CYT4BB7_Library-master\Seekfree_CYT4BB_Opensource_Library\project\iar\Debug_m7_0\Obj\zf_driver_11922370083829174090.dir\zf_driver_flash.o
#        C:\Code\beifen\old\CYT4BB7_Library-master\Seekfree_CYT4BB_Opensource_Library\project\iar\Debug_m7_0\Obj\zf_driver_11922370083829174090.dir\zf_driver_gpio.o
#        C:\Code\beifen\old\CYT4BB7_Library-master\Seekfree_CYT4BB_Opensource_Library\project\iar\Debug_m7_0\Obj\zf_driver_11922370083829174090.dir\zf_driver_ipc.o
#        C:\Code\beifen\old\CYT4BB7_Library-master\Seekfree_CYT4BB_Opensource_Library\project\iar\Debug_m7_0\Obj\zf_driver_11922370083829174090.dir\zf_driver_pit.o
#        C:\Code\beifen\old\CYT4BB7_Library-master\Seekfree_CYT4BB_Opensource_Library\project\iar\Debug_m7_0\Obj\zf_driver_11922370083829174090.dir\zf_driver_pwm.o
#        C:\Code\beifen\old\CYT4BB7_Library-master\Seekfree_CYT4BB_Opensource_Library\project\iar\Debug_m7_0\Obj\zf_driver_11922370083829174090.dir\zf_driver_soft_iic.o
#        C:\Code\beifen\old\CYT4BB7_Library-master\Seekfree_CYT4BB_Opensource_Library\project\iar\Debug_m7_0\Obj\zf_driver_11922370083829174090.dir\zf_driver_soft_spi.o
#        C:\Code\beifen\old\CYT4BB7_Library-master\Seekfree_CYT4BB_Opensource_Library\project\iar\Debug_m7_0\Obj\zf_driver_11922370083829174090.dir\zf_driver_spi.o
#        C:\Code\beifen\old\CYT4BB7_Library-master\Seekfree_CYT4BB_Opensource_Library\project\iar\Debug_m7_0\Obj\zf_driver_11922370083829174090.dir\zf_driver_timer.o
#        C:\Code\beifen\old\CYT4BB7_Library-master\Seekfree_CYT4BB_Opensource_Library\project\iar\Debug_m7_0\Obj\zf_driver_11922370083829174090.dir\zf_driver_uart.o
#        --no_out_extension -o
#        C:\Code\beifen\old\CYT4BB7_Library-master\Seekfree_CYT4BB_Opensource_Library\project\iar\project_config\Debug_m7_0\Exe\cyt4bb7_cm_7_0.out
#        --config_def _CORE_cm7_0_=0 --config_def _LINK_flash_=0 --map
#        C:\Code\beifen\old\CYT4BB7_Library-master\Seekfree_CYT4BB_Opensource_Library\project\iar\Debug_m7_0\List\cyt4bb7_cm_7_0.map
#        --config
#        C:\Code\beifen\old\CYT4BB7_Library-master\Seekfree_CYT4BB_Opensource_Library\project\iar\project_config\..\icf\linker_directives_tviibh.icf
#        --semihosting
#        C:\Code\beifen\old\CYT4BB7_Library-master\Seekfree_CYT4BB_Opensource_Library\project\iar\project_config\..\..\..\libraries\sdk\tviibh4m\src\drivers\crypto\libs\libcrypto_server_cm0plus_iar.a
#        C:\Code\beifen\old\CYT4BB7_Library-master\Seekfree_CYT4BB_Opensource_Library\project\iar\project_config\..\..\..\libraries\zf_device\zf_device_config.a
#        C:\Code\beifen\old\CYT4BB7_Library-master\Seekfree_CYT4BB_Opensource_Library\project\iar\project_config\..\..\..\libraries\sdk\common\hdr\cmsis\dsp\iar_cortexM7lf_math.a
#        --entry __iar_program_start --vfe --text_out locale --cpu=Cortex-M7
#        --fpu=VFPv5_d16) --dependencies=n
#        C:\Code\beifen\old\CYT4BB7_Library-master\Seekfree_CYT4BB_Opensource_Library\project\iar\project_config\Debug_m7_0\Exe\cyt4bb7_cm_7_0.out.iar_deps
#
###############################################################################

*******************************************************************************
*** RUNTIME MODEL ATTRIBUTES
***

CppFlavor       = *
__CPP_Runtime   = 1
__Heap_Handler  = Basic
__SystemLibrary = DLib
__dlib_version  = 6


*******************************************************************************
*** HEAP SELECTION
***

The basic heap was selected because --advanced_heap
was not specified and the application did not appear to
be primarily optimized for speed.


*******************************************************************************
*** PLACEMENT SUMMARY
***

"A0":  place at start of [from 0x1008'0000 to 0x1027'ffff] { section .intvec };
"P1":  place in [from 0x1008'0000 to 0x1027'ffff] { ro };
"P2":  place in [from 0x2802'0000 to 0x2807'ffff] { rw };
define block HEAP with size = 1K, alignment = 8 { };
define block CSTACK with size = 8K, alignment = 8 { };
define block HEAP_STACK { block HEAP, last block CSTACK };
"A1":  place at end of [from 0x2802'0000 to 0x2807'ffff] { block HEAP_STACK };
do not initialize { section .intvec_ram };
initialize by copy { rw };

No sections matched the following patterns:

  ro section .sflash_app_prot  in "P6"
  ro section .sflash_nar       in "P4"
  ro section .sflash_pkey      in "P5"
  ro section .sflash_toc2      in "P7"
  ro section .sflash_uf_rows   in "P3"
  ro section .work_flash       in "P8"
  section .global_ram_data     in "P9"


  Section            Kind         Address      Size  Object
  -------            ----         -------      ----  ------
"A0":                                          0x80
  .intvec            ro code  0x1008'0000      0x80  startup_cm7.o [31]
                            - 0x1008'0080      0x80

"P1":                                      0x2'00a5
  .rodata            const    0x1008'0080  0x1'5000  vl53l8cx_api.o [5]
  .text              ro code  0x1009'5080    0x11e0  vl53l8cx_api.o [5]
  .text              ro code  0x1009'6260     0x5d6  vl53l8cx_platform.o [5]
  .text              ro code  0x1009'6836      0x7e  lz77_init_single.o [52]
  .text              ro code  0x1009'68b4      0xa6  ABImemcpy.o [52]
  .text              ro code  0x1009'695a       0xa  xsprout.o [50]
  .text              ro code  0x1009'6964      0x66  ABImemset.o [52]
  .text              ro code  0x1009'69cc     0x778  cy_scb_i2c.o [24]
  .text              ro code  0x1009'7144     0x194  cy_gpio.o [14]
  .text              ro code  0x1009'72d8     0x284  zf_driver_delay.o [49]
  .text              ro code  0x1009'755c      0xbc  cy_syslib.o [36]
  .text              ro code  0x1009'7618     0x1ae  cy_tcpwm_counter.o [43]
  .text              ro code  0x1009'77c6       0xc  cy_tcpwm.o [43]
  .text              ro code  0x1009'77e0      0x1e  cy_syslib_iar.o [36]
  .text              ro code  0x1009'77fe       0x2  cy_syslib.o [36]
  .text              ro code  0x1009'7800     0xeb8  cm7_0_isr.o [45]
  .text              ro code  0x1009'86b8     0x398  zf_driver_pit.o [49]
  .text              ro code  0x1009'8a50     0x5fc  zf_device_imu660rc.o [48]
  .text              ro code  0x1009'904c     0x124  pid.o [45]
  .text              ro code  0x1009'9170     0x174  adrc.o [45]
  .text              ro code  0x1009'92e4     0x1d0  cos_sin32.o [51]
  .text              ro code  0x1009'94b4      0xfa  small_driver_uart_control.o [45]
  .text              ro code  0x1009'95b0      0x7c  zf_device_tsl1401.o [48]
  .text              ro code  0x1009'962c     0xaec  zf_driver_uart.o [49]
  .text              ro code  0x1009'a118     0x454  zf_common_debug.o [46]
  .text              ro code  0x1009'a56c     0x114  zf_device_gnss.o [48]
  .text              ro code  0x1009'a680      0xdc  zf_driver_exti.o [49]
  .text              ro code  0x1009'a75c      0xe2  zf_common_interrupt.o [46]
  .text              ro code  0x1009'a840     0xaa0  zf_driver_spi.o [49]
  .text              ro code  0x1009'b2e0      0x1e  sqrtf.o [51]
  .text              ro code  0x1009'b300      0x6a  atan2f.o [51]
  .text              ro code  0x1009'b36c      0x5c  asinf.o [51]
  .text              ro code  0x1009'b3c8      0xe4  zf_driver_gpio.o [49]
  .text              ro code  0x1009'b4ac     0x564  zf_driver_adc.o [49]
  .text              ro code  0x1009'ba10       0x6  ABImemclr4.o [52]
  .text              ro code  0x1009'ba18     0x314  cy_scb_uart.o [24]
  .text              ro code  0x1009'bd2c      0x36  strlen.o [52]
  .text              ro code  0x1009'bd64      0x40  sprintf.o [50]
  .text              ro code  0x1009'bda4     0x448  zf_common_fifo.o [46]
  .text              ro code  0x1009'c1ec      0x2a  strncmp.o [50]
  .text              ro code  0x1009'c218      0x20  zf_driver_pwm.o [49]
  .text              ro code  0x1009'c238      0xac  cy_sysint.o [35]
  .text              ro code  0x1009'c2e4     0x1f0  cy_scb_spi.o [24]
  .text              ro code  0x1009'c4d4      0xa4  xatanf.o [51]
  .text              ro code  0x1009'c578     0x2d0  cy_adc.o [1]
  .text              ro code  0x1009'c848     0x230  I64DivMod.o [52]
  .text              ro code  0x1009'ca78      0x32  ABImemset48.o [52]
  .text              ro code  0x1009'caac     0xeae  xprintffull_nomb.o [50]
  .text              ro code  0x1009'd95c       0x2  I64DivZer.o [52]
  .text              ro code  0x1009'd960      0x16  strchr.o [52]
  .text              ro code  0x1009'd978      0x40  xfail_s.o [50]
  .text              ro code  0x1009'd9b8      0x58  memchr.o [52]
  .text              ro code  0x1009'da10      0x70  frexp.o [51]
  .text              ro code  0x1009'da80      0x34  DblCmpLe.o [51]
  .text              ro code  0x1009'dab4      0x34  DblCmpGe.o [51]
  .text              ro code  0x1009'dae8     0x104  ldexp.o [51]
  .text              ro code  0x1009'dbec       0xe  DblToS32.o [51]
  .text              ro code  0x1009'dbfa       0xe  S32ToDbl.o [51]
  .text              ro code  0x1009'dc08      0x12  DblSub.o [51]
  .text              ro code  0x1009'dc1a      0x12  DblDiv.o [51]
  .text              ro code  0x1009'dc2c       0xe  DblToU32.o [51]
  .text              ro code  0x1009'dc3a       0xe  U32ToDbl.o [51]
  .text              ro code  0x1009'dc48      0x12  DblMul.o [51]
  .text              ro code  0x1009'dc5a       0x6  abort.o [50]
  .text              ro code  0x1009'dc60      0x14  exit.o [53]
  .text              ro code  0x1009'dc74     0x8e8  cy_sysclk.o [33]
  .text              ro code  0x1009'e55c      0x70  strncpy.o [52]
  .rodata            const    0x1009'e5cc     0x3cc  vl53l8cx_api.o [5]
  .rodata            const    0x1009'e998     0x308  vl53l8cx_api.o [5]
  .text              ro code  0x1009'eca0     0x294  vl53l8cx.o [5]
  .text              ro code  0x1009'ef34     0x204  startup.o [31]
  .text              ro code  0x1009'f138     0x150  system_tviibh4m_cm7.o [22]
  .text              ro code  0x1009'f288       0x8  startup_cm7.o [31]
  .text              ro code  0x1009'f290       0x6  startup_cm7.o [31]
  .text              ro code  0x1009'f298     0x198  cy_interrupt_map.o [23]
  .text              ro code  0x1009'f430      0xc4  zf_device_lora3a22.o [48]
  .text              ro code  0x1009'f4f4      0x44  zf_device_type.o [48]
  .text              ro code  0x1009'f538      0xb0  startup_cm7.o [31]
  .rodata            const    0x1009'f5e8      0x88  system_tviibh4m_cm7.o [22]
  .rodata            const    0x1009'f670      0x84  cy_sysclk.o [33]
  .rodata            const    0x1009'f6f4      0x84  cy_sysclk.o [33]
  .rodata            const    0x1009'f778      0x78  zf_device_imu660rc.o [48]
  .rodata            const    0x1009'f7f0      0x74  zf_common_fifo.o [46]
  .rodata            const    0x1009'f864      0x74  zf_driver_spi.o [49]
  .rodata            const    0x1009'f8d8      0x74  zf_driver_uart.o [49]
  .text              ro code  0x1009'f94c      0x74  main_cm7_0.o [45]
  .text              ro code  0x1009'f9c0      0x1c  zf_common_clock.o [46]
  .text              ro code  0x1009'f9dc      0x28  printf.o [50]
  .rodata            const    0x1009'fa04      0x68  vl53l8cx.o [5]
  .text              ro code  0x1009'fa6c      0x38  zero_init3.o [52]
  .rodata            const    0x1009'faa4      0x30  vl53l8cx_api.o [5]
  .rodata            const    0x1009'fad4      0x28  vl53l8cx.o [5]
  .rodata            const    0x1009'fafc      0x28  vl53l8cx.o [5]
  .rodata            const    0x1009'fb24      0x28  vl53l8cx_api.o [5]
  .text              ro code  0x1009'fb4c      0x28  data_init.o [52]
  .rodata            const    0x1009'fb74      0x24  vl53l8cx.o [5]
  .text              ro code  0x1009'fb98      0x22  fpinit_M.o [51]
  .iar.init_table    const    0x1009'fbbc      0x20  - Linker created -
  .rodata            const    0x1009'fbdc      0x20  vl53l8cx.o [5]
  .rodata            const    0x1009'fbfc      0x20  vl53l8cx.o [5]
  .rodata            const    0x1009'fc1c      0x20  vl53l8cx.o [5]
  .text              ro code  0x1009'fc3c      0x20  startup_cm7.o [31]
  .text              ro code  0x1009'fc5c      0x20  putchar.o [50]
  .text              ro code  0x1009'fc7c      0x1e  cmain.o [52]
  .text              ro code  0x1009'fc9c       0x4  startup_cm7.o [31]
  .text              ro code  0x1009'fca0       0x4  exit.o [50]
  .text              ro code  0x1009'fca4       0xa  cexit.o [52]
  .rodata            const    0x1009'fcb0      0x1c  main_cm7_0.o [45]
  .rodata            const    0x1009'fccc      0x1c  zf_common_debug.o [46]
  .rodata            const    0x1009'fce8      0x1c  zf_device_imu660rc.o [48]
  .text              ro code  0x1009'fd04      0x1c  startup_cm7.o [31]
  .text              ro code  0x1009'fd20      0x1c  cstartup_M.o [52]
  .rodata            const    0x1009'fd3c      0x18  startup.o [31]
  .rodata            const    0x1009'fd54      0x18  system_tviibh4m_cm7.o [22]
  .rodata            const    0x1009'fd6c      0x18  zf_common_debug.o [46]
  .text              ro code  0x1009'fd84      0x16  xprout.o [50]
  .rodata            const    0x1009'fd9c      0x10  vl53l8cx_api.o [5]
  .rodata            const    0x1009'fdac      0x10  zf_common_debug.o [46]
  .rodata            const    0x1009'fdbc      0x10  zf_common_debug.o [46]
  .rodata            const    0x1009'fdcc       0xc  vl53l8cx_api.o [5]
  .rodata            const    0x1009'fdd8       0xc  zf_common_debug.o [46]
  .rodata            const    0x1009'fde4       0xc  zf_common_debug.o [46]
  .rodata            const    0x1009'fdf0       0xc  zf_common_debug.o [46]
  .text              ro code  0x1009'fdfc       0xc  cy_syslib.o [36]
  .rodata            const    0x1009'fe08       0x8  cy_sysclk.o [33]
  .rodata            const    0x1009'fe10       0x8  vl53l8cx_api.o [5]
  .rodata            const    0x1009'fe18       0x8  vl53l8cx_api.o [5]
  .rodata            const    0x1009'fe20       0x8  vl53l8cx_api.o [5]
  .rodata            const    0x1009'fe28       0x8  vl53l8cx_api.o [5]
  .rodata            const    0x1009'fe30       0x8  vl53l8cx_api.o [5]
  .rodata            const    0x1009'fe38       0x4  cy_adc.o [1]
  .rodata            const    0x1009'fe3c       0x4  cy_adc.o [1]
  .rodata            const    0x1009'fe40       0x4  cy_adc.o [1]
  .rodata            const    0x1009'fe44       0x4  cy_adc.o [1]
  .rodata            const    0x1009'fe48       0x4  cy_adc.o [1]
  .rodata            const    0x1009'fe4c       0x4  cy_adc.o [1]
  .rodata            const    0x1009'fe50       0x4  cy_adc.o [1]
  .rodata            const    0x1009'fe54       0x4  cy_adc.o [1]
  .rodata            const    0x1009'fe58       0x4  cy_interrupt_map.o [23]
  .rodata            const    0x1009'fe5c       0x4  cy_interrupt_map.o [23]
  .rodata            const    0x1009'fe60       0x4  cy_interrupt_map.o [23]
  .rodata            const    0x1009'fe64       0x4  cy_interrupt_map.o [23]
  .rodata            const    0x1009'fe68       0x4  cy_interrupt_map.o [23]
  .rodata            const    0x1009'fe6c       0x4  cy_interrupt_map.o [23]
  .rodata            const    0x1009'fe70       0x4  cy_interrupt_map.o [23]
  .rodata            const    0x1009'fe74       0x4  cy_interrupt_map.o [23]
  .rodata            const    0x1009'fe78       0x4  cy_scb_i2c.o [24]
  .rodata            const    0x1009'fe7c       0x4  cy_scb_i2c.o [24]
  .rodata            const    0x1009'fe80       0x4  cy_scb_i2c.o [24]
  .rodata            const    0x1009'fe84       0x4  cy_scb_i2c.o [24]
  .rodata            const    0x1009'fe88       0x4  cy_scb_i2c.o [24]
  .rodata            const    0x1009'fe8c       0x4  cy_scb_spi.o [24]
  .rodata            const    0x1009'fe90       0x4  cy_scb_spi.o [24]
  .rodata            const    0x1009'fe94       0x4  cy_scb_spi.o [24]
  .rodata            const    0x1009'fe98       0x4  cy_scb_spi.o [24]
  .rodata            const    0x1009'fe9c       0x4  cy_scb_uart.o [24]
  .rodata            const    0x1009'fea0       0x4  cy_scb_uart.o [24]
  .rodata            const    0x1009'fea4       0x4  cy_scb_uart.o [24]
  .rodata            const    0x1009'fea8       0x4  cy_scb_uart.o [24]
  .rodata            const    0x1009'feac       0x4  cy_scb_uart.o [24]
  .rodata            const    0x1009'feb0       0x4  cy_scb_uart.o [24]
  .rodata            const    0x1009'feb4       0x4  cy_scb_uart.o [24]
  .rodata            const    0x1009'feb8       0x4  cy_scb_uart.o [24]
  .rodata            const    0x1009'febc       0x4  cy_scb_uart.o [24]
  .rodata            const    0x1009'fec0       0x4  cy_scb_uart.o [24]
  .rodata            const    0x1009'fec4       0x4  cy_sysint.o [35]
  .rodata            const    0x1009'fec8       0x4  cy_sysint.o [35]
  .rodata            const    0x1009'fecc       0x4  cy_tcpwm_counter.o [43]
  .rodata            const    0x1009'fed0       0x4  cy_tcpwm_counter.o [43]
  .rodata            const    0x1009'fed4       0x4  cy_tcpwm_counter.o [43]
  .rodata            const    0x1009'fed8       0x4  cy_tcpwm_counter.o [43]
  .rodata            const    0x1009'fedc       0x4  cy_tcpwm_counter.o [43]
  .rodata            const    0x1009'fee0       0x4  vl53l8cx_api.o [5]
  .rodata            const    0x1009'fee4       0x4  vl53l8cx_api.o [5]
  .rodata            const    0x1009'fee8       0x4  vl53l8cx_api.o [5]
  .text              ro code  0x1009'feec       0x4  startup_cm7.o [31]
  .text              ro code  0x1009'fef0       0x4  startup_cm7.o [31]
  .text              ro code  0x1009'fef4       0x4  startup_cm7.o [31]
  .text              ro code  0x1009'fef8       0x4  startup_cm7.o [31]
  .text              ro code  0x1009'fefc       0x4  startup_cm7.o [31]
  .text              ro code  0x1009'ff00       0x4  startup_cm7.o [31]
  .text              ro code  0x1009'ff04       0x4  startup_cm7.o [31]
  .text              ro code  0x1009'ff08       0x4  startup_cm7.o [31]
  .text              ro code  0x1009'ff0c       0x4  startup_cm7.o [31]
  .text              ro code  0x1009'ff10       0x4  startup_cm7.o [31]
  .text              ro code  0x1009'ff14       0x4  startup_cm7.o [31]
  .text              ro code  0x1009'ff18       0x4  startup_cm7.o [31]
  .text              ro code  0x1009'ff1c       0x4  startup_cm7.o [31]
  .text              ro code  0x1009'ff20       0x4  startup_cm7.o [31]
  .text              ro code  0x1009'ff24       0x4  startup_cm7.o [31]
  .rodata            const    0x1009'ff28       0x0  zero_init3.o [52]
  .rodata            const    0x1009'ff28       0x0  lz77_init_single.o [52]
  Initializer bytes  const    0x1009'ff28     0x181  <for P2-1>
                            - 0x100a'00a9  0x2'0029

Absolute sections:                             0x10
  .noinit            uninit   0x2800'1014      0x10  cm7_0_isr.o [45]
                            - 0x2800'1024      0x10

"P2", part 1 of 3:                            0x98f
  P2-1                        0x2802'0000     0x98f  <Init block>
    .data            inited   0x2802'0000       0x4  cm7_0_isr.o [45]
    .data            inited   0x2802'0004      0x30  cm7_0_isr.o [45]
    .data            inited   0x2802'0034      0x30  cm7_0_isr.o [45]
    .data            inited   0x2802'0064      0x30  cm7_0_isr.o [45]
    .data            inited   0x2802'0094      0x30  cm7_0_isr.o [45]
    .data            inited   0x2802'00c4      0x30  cm7_0_isr.o [45]
    .data            inited   0x2802'00f4      0x30  cm7_0_isr.o [45]
    .data            inited   0x2802'0124      0x30  cm7_0_isr.o [45]
    .data            inited   0x2802'0154      0x18  cm7_0_isr.o [45]
    .data            inited   0x2802'016c      0x18  cm7_0_isr.o [45]
    .data            inited   0x2802'0184      0x18  cm7_0_isr.o [45]
    .data            inited   0x2802'019c     0x6ec  cy_interrupt_map.o [23]
    .data            inited   0x2802'0888       0x4  cy_interrupt_map.o [23]
    .data            inited   0x2802'088c       0x4  zf_device_type.o [48]
    .data            inited   0x2802'0890       0x4  zf_device_type.o [48]
    .data            inited   0x2802'0894       0xc  zf_driver_adc.o [49]
    .data            inited   0x2802'08a0      0x60  zf_driver_exti.o [49]
    .data            inited   0x2802'0900      0x3c  zf_driver_pit.o [49]
    .data            inited   0x2802'093c      0x10  zf_driver_spi.o [49]
    .data            inited   0x2802'094c      0x1c  zf_driver_uart.o [49]
    .data            inited   0x2802'0968      0x1c  zf_driver_uart.o [49]
    .data            inited   0x2802'0984       0x2  zf_driver_delay.o [49]
    .data            inited   0x2802'0986       0x1  cm7_0_isr.o [45]
    .data            inited   0x2802'0987       0x1  cm7_0_isr.o [45]
    .data            inited   0x2802'0988       0x1  cm7_0_isr.o [45]
    .data            inited   0x2802'0989       0x1  cm7_0_isr.o [45]
    .data            inited   0x2802'098a       0x1  cm7_0_isr.o [45]
    .data            inited   0x2802'098b       0x1  vl53l8cx.o [5]
    .data            inited   0x2802'098c       0x1  zf_common_debug.o [46]
    .data            inited   0x2802'098d       0x1  zf_device_lora3a22.o [48]
    .data            inited   0x2802'098e       0x1  zf_driver_delay.o [49]
                            - 0x2802'098f     0x98f

"P2", part 2 of 3:                           0x120c
  .bss               zero     0x2802'0990     0x904  vl53l8cx.o [5]
  .bss               zero     0x2802'1294     0x200  zf_device_tsl1401.o [48]
  .bss               zero     0x2802'1494     0x188  zf_driver_uart.o [49]
  .bss               zero     0x2802'161c      0xc4  vl53l8cx.o [5]
  .bss               zero     0x2802'16e0      0x80  zf_device_gnss.o [48]
  .bss               zero     0x2802'1760      0x80  zf_device_gnss.o [48]
  .bss               zero     0x2802'17e0      0x80  zf_device_gnss.o [48]
  .bss               zero     0x2802'1860      0x70  cy_syslib.o [36]
  .bss               zero     0x2802'18d0      0x70  zf_driver_uart.o [49]
  .bss               zero     0x2802'1940      0x4c  vl53l8cx_platform.o [5]
  .bss               zero     0x2802'198c      0x48  zf_driver_adc.o [49]
  .bss               zero     0x2802'19d4      0x40  zf_common_debug.o [46]
  .bss               zero     0x2802'1a14      0x20  small_driver_uart_control.o [45]
  .bss               zero     0x2802'1a34      0x18  cy_sysclk.o [33]
  .bss               zero     0x2802'1a4c      0x18  cy_syslib.o [36]
  .bss               zero     0x2802'1a64      0x18  zf_common_debug.o [46]
  .bss               zero     0x2802'1a7c      0x18  zf_device_gnss.o [48]
  .bss               zero     0x2802'1a94      0x14  zf_common_debug.o [46]
  .bss               zero     0x2802'1aa8      0x14  zf_device_lora3a22.o [48]
  .bss               zero     0x2802'1abc      0x14  zf_device_lora3a22.o [48]
  .bss               zero     0x2802'1ad0      0x10  zf_device_imu660rc.o [48]
  .bss               zero     0x2802'1ae0       0x8  zf_device_imu660rc.o [48]
  .bss               zero     0x2802'1ae8       0x8  zf_driver_uart.o [49]
  .bss               zero     0x2802'1af0       0x8  zf_driver_uart.o [49]
  .bss               zero     0x2802'1af8       0x4  cm7_0_isr.o [45]
  .bss               zero     0x2802'1afc       0x4  cm7_0_isr.o [45]
  .bss               zero     0x2802'1b00       0x4  cm7_0_isr.o [45]
  .bss               zero     0x2802'1b04       0x4  cm7_0_isr.o [45]
  .bss               zero     0x2802'1b08       0x4  cm7_0_isr.o [45]
  .bss               zero     0x2802'1b0c       0x4  cm7_0_isr.o [45]
  .bss               zero     0x2802'1b10       0x4  cm7_0_isr.o [45]
  .bss               zero     0x2802'1b14       0x4  cm7_0_isr.o [45]
  .bss               zero     0x2802'1b18       0x4  cm7_0_isr.o [45]
  .bss               zero     0x2802'1b1c       0x4  cm7_0_isr.o [45]
  .bss               zero     0x2802'1b20       0x4  cm7_0_isr.o [45]
  .bss               zero     0x2802'1b24       0x4  cm7_0_isr.o [45]
  .bss               zero     0x2802'1b28       0x4  cy_syslib.o [36]
  .bss               zero     0x2802'1b2c       0x4  system_tviibh4m_cm7.o [22]
  .bss               zero     0x2802'1b30       0x4  system_tviibh4m_cm7.o [22]
  .bss               zero     0x2802'1b34       0x4  system_tviibh4m_cm7.o [22]
  .bss               zero     0x2802'1b38       0x4  system_tviibh4m_cm7.o [22]
  .bss               zero     0x2802'1b3c       0x4  system_tviibh4m_cm7.o [22]
  .bss               zero     0x2802'1b40       0x4  zf_common_clock.o [46]
  .bss               zero     0x2802'1b44       0x4  zf_common_interrupt.o [46]
  .bss               zero     0x2802'1b48       0x4  zf_device_imu660rc.o [48]
  .bss               zero     0x2802'1b4c       0x4  zf_device_imu660rc.o [48]
  .bss               zero     0x2802'1b50       0x4  zf_device_imu660rc.o [48]
  .bss               zero     0x2802'1b54       0x4  zf_driver_spi.o [49]
  .bss               zero     0x2802'1b58       0x4  xfail_s.o [50]
  .bss               zero     0x2802'1b5c       0x2  cm7_0_isr.o [45]
  .bss               zero     0x2802'1b5e       0x2  cm7_0_isr.o [45]
  .bss               zero     0x2802'1b60       0x2  cm7_0_isr.o [45]
  .bss               zero     0x2802'1b62       0x2  cm7_0_isr.o [45]
  .bss               zero     0x2802'1b64       0x2  cm7_0_isr.o [45]
  .bss               zero     0x2802'1b66       0x2  cm7_0_isr.o [45]
  .bss               zero     0x2802'1b68       0x2  cm7_0_isr.o [45]
  .bss               zero     0x2802'1b6a       0x2  cm7_0_isr.o [45]
  .bss               zero     0x2802'1b6c       0x2  cm7_0_isr.o [45]
  .bss               zero     0x2802'1b6e       0x2  vl53l8cx.o [5]
  .bss               zero     0x2802'1b70       0x2  zf_device_imu660rc.o [48]
  .bss               zero     0x2802'1b72       0x2  zf_device_imu660rc.o [48]
  .bss               zero     0x2802'1b74       0x2  zf_device_imu660rc.o [48]
  .bss               zero     0x2802'1b76       0x2  zf_device_imu660rc.o [48]
  .bss               zero     0x2802'1b78       0x2  zf_device_imu660rc.o [48]
  .bss               zero     0x2802'1b7a       0x2  zf_device_imu660rc.o [48]
  .bss               zero     0x2802'1b7c       0x2  zf_device_imu660rc.o [48]
  .bss               zero     0x2802'1b7e       0x2  zf_device_imu660rc.o [48]
  .bss               zero     0x2802'1b80       0x2  zf_device_imu660rc.o [48]
  .bss               zero     0x2802'1b82       0x2  zf_device_lora3a22.o [48]
  .bss               zero     0x2802'1b84       0x1  cm7_0_isr.o [45]
  .bss               zero     0x2802'1b85       0x1  cm7_0_isr.o [45]
  .bss               zero     0x2802'1b86       0x1  cm7_0_isr.o [45]
  .bss               zero     0x2802'1b87       0x1  cm7_0_isr.o [45]
  .bss               zero     0x2802'1b88       0x1  cm7_0_isr.o [45]
  .bss               zero     0x2802'1b89       0x1  cm7_0_isr.o [45]
  .bss               zero     0x2802'1b8a       0x1  cy_sysclk.o [33]
  .bss               zero     0x2802'1b8b       0x1  vl53l8cx.o [5]
  .bss               zero     0x2802'1b8c       0x1  vl53l8cx.o [5]
  .bss               zero     0x2802'1b8d       0x1  zf_common_debug.o [46]
  .bss               zero     0x2802'1b8e       0x1  zf_common_debug.o [46]
  .bss               zero     0x2802'1b8f       0x1  zf_common_debug.o [46]
  .bss               zero     0x2802'1b90       0x1  zf_device_gnss.o [48]
  .bss               zero     0x2802'1b91       0x1  zf_device_gnss.o [48]
  .bss               zero     0x2802'1b92       0x1  zf_device_gnss.o [48]
  .bss               zero     0x2802'1b93       0x1  zf_device_gnss.o [48]
  .bss               zero     0x2802'1b94       0x1  zf_device_gnss.o [48]
  .bss               zero     0x2802'1b95       0x1  zf_device_imu660rc.o [48]
  .bss               zero     0x2802'1b96       0x1  zf_device_lora3a22.o [48]
  .bss               zero     0x2802'1b97       0x1  zf_device_lora3a22.o [48]
  .bss               zero     0x2802'1b98       0x1  zf_device_tsl1401.o [48]
  .bss               zero     0x2802'1b99       0x1  zf_device_tsl1401.o [48]
  .bss               zero     0x2802'1b9a       0x1  zf_device_type.o [48]
                            - 0x2802'1b9b    0x120b

"P2", part 3 of 3:                             0x80
  .intvec_ram        uninit   0x2802'1c00      0x80  startup_cm7.o [31]
                            - 0x2802'1c80      0x80

"A1":                                        0x2000
  HEAP_STACK                  0x2807'e000    0x2000  <Block>
    CSTACK                    0x2807'e000    0x2000  <Block>
      CSTACK         uninit   0x2807'e000    0x2000  <Block tail>
                            - 0x2808'0000    0x2000

Unused ranges:

         From           To       Size
         ----           --       ----
  0x100a'0125  0x1027'ffff  0x1d'fedb
  0x2802'098f  0x2802'098f        0x1
  0x2802'1b9c  0x2802'1bff       0x64
  0x2802'1c80  0x2807'dfff   0x5'c380


*******************************************************************************
*** INIT TABLE
***

          Address      Size
          -------      ----
Zero (__iar_zero_init3)
    1 destination range, total size 0x120b:
          0x2802'0990  0x120b

Copy/lz77 (__iar_lz77_init_single3)
    1 source range, total size 0x181 (15% of destination):
          0x1009'ff28   0x181
    1 destination range, total size 0x98f:
          0x2802'0000   0x98f



*******************************************************************************
*** MODULE SUMMARY
***

    Module                       ro code  ro data  rw data  rw data
                                                             (abs)
    ------                       -------  -------  -------  -------
command line/config:
    ---------------------------------------------------------------
    Total:

C:\Code\beifen\old\CYT4BB7_Library-master\Seekfree_CYT4BB_Opensource_Library\project\iar\Debug_m7_0\Obj\adc_11722776235721520015.dir: [1]
    cy_adc.o                         720       32
    ---------------------------------------------------------------
    Total:                           720       32

C:\Code\beifen\old\CYT4BB7_Library-master\Seekfree_CYT4BB_Opensource_Library\project\iar\Debug_m7_0\Obj\audioss_1346650047966882938.dir: [2]
    ---------------------------------------------------------------
    Total:

C:\Code\beifen\old\CYT4BB7_Library-master\Seekfree_CYT4BB_Opensource_Library\project\iar\Debug_m7_0\Obj\button_4990804375159372270.dir: [3]
    ---------------------------------------------------------------
    Total:

C:\Code\beifen\old\CYT4BB7_Library-master\Seekfree_CYT4BB_Opensource_Library\project\iar\Debug_m7_0\Obj\canfd_1800690984773873875.dir: [4]
    ---------------------------------------------------------------
    Total:

C:\Code\beifen\old\CYT4BB7_Library-master\Seekfree_CYT4BB_Opensource_Library\project\iar\Debug_m7_0\Obj\code_17896468042025673432.dir: [5]
    vl53l8cx.o                       660      316    2'509
    vl53l8cx_api.o                 4'576   87'932
    vl53l8cx_platform.o            1'494                76
    ---------------------------------------------------------------
    Total:                         6'730   88'248    2'585

C:\Code\beifen\old\CYT4BB7_Library-master\Seekfree_CYT4BB_Opensource_Library\project\iar\Debug_m7_0\Obj\cpu_15938736945165268644.dir: [6]
    ---------------------------------------------------------------
    Total:

C:\Code\beifen\old\CYT4BB7_Library-master\Seekfree_CYT4BB_Opensource_Library\project\iar\Debug_m7_0\Obj\crypto_1190170608956581615.dir: [7]
    ---------------------------------------------------------------
    Total:

C:\Code\beifen\old\CYT4BB7_Library-master\Seekfree_CYT4BB_Opensource_Library\project\iar\Debug_m7_0\Obj\dma_12106025507578611576.dir: [8]
    ---------------------------------------------------------------
    Total:

C:\Code\beifen\old\CYT4BB7_Library-master\Seekfree_CYT4BB_Opensource_Library\project\iar\Debug_m7_0\Obj\eth_phy_18133017486186456677.dir: [9]
    ---------------------------------------------------------------
    Total:

C:\Code\beifen\old\CYT4BB7_Library-master\Seekfree_CYT4BB_Opensource_Library\project\iar\Debug_m7_0\Obj\ethernet_6029839089178797009.dir: [10]
    ---------------------------------------------------------------
    Total:

C:\Code\beifen\old\CYT4BB7_Library-master\Seekfree_CYT4BB_Opensource_Library\project\iar\Debug_m7_0\Obj\evtgen_3404189088603873129.dir: [11]
    ---------------------------------------------------------------
    Total:

C:\Code\beifen\old\CYT4BB7_Library-master\Seekfree_CYT4BB_Opensource_Library\project\iar\Debug_m7_0\Obj\flash_8529866181315662935.dir: [12]
    ---------------------------------------------------------------
    Total:

C:\Code\beifen\old\CYT4BB7_Library-master\Seekfree_CYT4BB_Opensource_Library\project\iar\Debug_m7_0\Obj\flash_864493325053435817.dir: [13]
    ---------------------------------------------------------------
    Total:

C:\Code\beifen\old\CYT4BB7_Library-master\Seekfree_CYT4BB_Opensource_Library\project\iar\Debug_m7_0\Obj\gpio_3999404635324069351.dir: [14]
    cy_gpio.o                        404
    ---------------------------------------------------------------
    Total:                           404

C:\Code\beifen\old\CYT4BB7_Library-master\Seekfree_CYT4BB_Opensource_Library\project\iar\Debug_m7_0\Obj\ipc_10145506163450686023.dir: [15]
    ---------------------------------------------------------------
    Total:

C:\Code\beifen\old\CYT4BB7_Library-master\Seekfree_CYT4BB_Opensource_Library\project\iar\Debug_m7_0\Obj\lin_18429031207028094880.dir: [16]
    ---------------------------------------------------------------
    Total:

C:\Code\beifen\old\CYT4BB7_Library-master\Seekfree_CYT4BB_Opensource_Library\project\iar\Debug_m7_0\Obj\lvd_6353935867039560245.dir: [17]
    ---------------------------------------------------------------
    Total:

C:\Code\beifen\old\CYT4BB7_Library-master\Seekfree_CYT4BB_Opensource_Library\project\iar\Debug_m7_0\Obj\mcwdt_4052485907822033969.dir: [18]
    ---------------------------------------------------------------
    Total:

C:\Code\beifen\old\CYT4BB7_Library-master\Seekfree_CYT4BB_Opensource_Library\project\iar\Debug_m7_0\Obj\mpu_5663187252346826382.dir: [19]
    ---------------------------------------------------------------
    Total:

C:\Code\beifen\old\CYT4BB7_Library-master\Seekfree_CYT4BB_Opensource_Library\project\iar\Debug_m7_0\Obj\power_14453085144426420577.dir: [20]
    ---------------------------------------------------------------
    Total:

C:\Code\beifen\old\CYT4BB7_Library-master\Seekfree_CYT4BB_Opensource_Library\project\iar\Debug_m7_0\Obj\prot_10722960861768657883.dir: [21]
    ---------------------------------------------------------------
    Total:

C:\Code\beifen\old\CYT4BB7_Library-master\Seekfree_CYT4BB_Opensource_Library\project\iar\Debug_m7_0\Obj\rev_b_4986922561640112550.dir: [22]
    system_tviibh4m_cm7.o            336      160       20
    ---------------------------------------------------------------
    Total:                           336      160       20

C:\Code\beifen\old\CYT4BB7_Library-master\Seekfree_CYT4BB_Opensource_Library\project\iar\Debug_m7_0\Obj\rev_b_6162237342861132223.dir: [23]
    cy_interrupt_map.o               408      312    1'776
    ---------------------------------------------------------------
    Total:                           408      312    1'776

C:\Code\beifen\old\CYT4BB7_Library-master\Seekfree_CYT4BB_Opensource_Library\project\iar\Debug_m7_0\Obj\scb_15490842639181808494.dir: [24]
    cy_scb_i2c.o                   1'912       20
    cy_scb_spi.o                     496       16
    cy_scb_uart.o                    788       40
    ---------------------------------------------------------------
    Total:                         3'196       76

C:\Code\beifen\old\CYT4BB7_Library-master\Seekfree_CYT4BB_Opensource_Library\project\iar\Debug_m7_0\Obj\sd_host_2982766354293506895.dir: [25]
    ---------------------------------------------------------------
    Total:

C:\Code\beifen\old\CYT4BB7_Library-master\Seekfree_CYT4BB_Opensource_Library\project\iar\Debug_m7_0\Obj\semihosting_143864889731838620.dir: [26]
    ---------------------------------------------------------------
    Total:

C:\Code\beifen\old\CYT4BB7_Library-master\Seekfree_CYT4BB_Opensource_Library\project\iar\Debug_m7_0\Obj\smartio_5451710003740070188.dir: [27]
    ---------------------------------------------------------------
    Total:

C:\Code\beifen\old\CYT4BB7_Library-master\Seekfree_CYT4BB_Opensource_Library\project\iar\Debug_m7_0\Obj\smif_427648126384146252.dir: [28]
    ---------------------------------------------------------------
    Total:

C:\Code\beifen\old\CYT4BB7_Library-master\Seekfree_CYT4BB_Opensource_Library\project\iar\Debug_m7_0\Obj\smif_mem_6470536964353725183.dir: [29]
    ---------------------------------------------------------------
    Total:

C:\Code\beifen\old\CYT4BB7_Library-master\Seekfree_CYT4BB_Opensource_Library\project\iar\Debug_m7_0\Obj\srom_13018798572330080582.dir: [30]
    ---------------------------------------------------------------
    Total:

C:\Code\beifen\old\CYT4BB7_Library-master\Seekfree_CYT4BB_Opensource_Library\project\iar\Debug_m7_0\Obj\startup_479057977785470282.dir: [31]
    startup.o                        516       24
    startup_cm7.o                    442               128
    ---------------------------------------------------------------
    Total:                           958       24      128

C:\Code\beifen\old\CYT4BB7_Library-master\Seekfree_CYT4BB_Opensource_Library\project\iar\Debug_m7_0\Obj\sw_timer_4215635015939382130.dir: [32]
    ---------------------------------------------------------------
    Total:

C:\Code\beifen\old\CYT4BB7_Library-master\Seekfree_CYT4BB_Opensource_Library\project\iar\Debug_m7_0\Obj\sysclk_16149231235676103872.dir: [33]
    cy_sysclk.o                    2'280      272       25
    ---------------------------------------------------------------
    Total:                         2'280      272       25

C:\Code\beifen\old\CYT4BB7_Library-master\Seekfree_CYT4BB_Opensource_Library\project\iar\Debug_m7_0\Obj\sysflt_12293435975120599261.dir: [34]
    ---------------------------------------------------------------
    Total:

C:\Code\beifen\old\CYT4BB7_Library-master\Seekfree_CYT4BB_Opensource_Library\project\iar\Debug_m7_0\Obj\sysint_7435970359207984181.dir: [35]
    cy_sysint.o                      172        8
    ---------------------------------------------------------------
    Total:                           172        8

C:\Code\beifen\old\CYT4BB7_Library-master\Seekfree_CYT4BB_Opensource_Library\project\iar\Debug_m7_0\Obj\syslib_16330585751512546975.dir: [36]
    cy_syslib.o                      202               140
    cy_syslib_iar.o                   30
    ---------------------------------------------------------------
    Total:                           232               140

C:\Code\beifen\old\CYT4BB7_Library-master\Seekfree_CYT4BB_Opensource_Library\project\iar\Debug_m7_0\Obj\syspm_10887939769544754770.dir: [37]
    ---------------------------------------------------------------
    Total:

C:\Code\beifen\old\CYT4BB7_Library-master\Seekfree_CYT4BB_Opensource_Library\project\iar\Debug_m7_0\Obj\sysreghc_17676636058511625587.dir: [38]
    ---------------------------------------------------------------
    Total:

C:\Code\beifen\old\CYT4BB7_Library-master\Seekfree_CYT4BB_Opensource_Library\project\iar\Debug_m7_0\Obj\sysreset_14586141425677365288.dir: [39]
    ---------------------------------------------------------------
    Total:

C:\Code\beifen\old\CYT4BB7_Library-master\Seekfree_CYT4BB_Opensource_Library\project\iar\Debug_m7_0\Obj\sysrtc_10747768817563771611.dir: [40]
    ---------------------------------------------------------------
    Total:

C:\Code\beifen\old\CYT4BB7_Library-master\Seekfree_CYT4BB_Opensource_Library\project\iar\Debug_m7_0\Obj\systick_16016591671695740695.dir: [41]
    ---------------------------------------------------------------
    Total:

C:\Code\beifen\old\CYT4BB7_Library-master\Seekfree_CYT4BB_Opensource_Library\project\iar\Debug_m7_0\Obj\syswdt_9118657615806274156.dir: [42]
    ---------------------------------------------------------------
    Total:

C:\Code\beifen\old\CYT4BB7_Library-master\Seekfree_CYT4BB_Opensource_Library\project\iar\Debug_m7_0\Obj\tcpwm_422923530147891246.dir: [43]
    cy_tcpwm.o                        12
    cy_tcpwm_counter.o               430       20
    ---------------------------------------------------------------
    Total:                           442       20

C:\Code\beifen\old\CYT4BB7_Library-master\Seekfree_CYT4BB_Opensource_Library\project\iar\Debug_m7_0\Obj\trigmux_9729677290734583340.dir: [44]
    ---------------------------------------------------------------
    Total:

C:\Code\beifen\old\CYT4BB7_Library-master\Seekfree_CYT4BB_Opensource_Library\project\iar\Debug_m7_0\Obj\user_8514941877209965082.dir: [45]
    adrc.o                           372
    cm7_0_isr.o                    3'768       65      489       16
    main_cm7_0.o                     116       28
    pid.o                            292
    small_driver_uart_control.o      250                32
    ---------------------------------------------------------------
    Total:                         4'798       93      521       16

C:\Code\beifen\old\CYT4BB7_Library-master\Seekfree_CYT4BB_Opensource_Library\project\iar\Debug_m7_0\Obj\zf_common_1201165462030747823.dir: [46]
    zf_common_clock.o                 28                 4
    zf_common_debug.o              1'108      120      112
    zf_common_fifo.o               1'096      116
    zf_common_interrupt.o            226                 4
    ---------------------------------------------------------------
    Total:                         2'458      236      120

C:\Code\beifen\old\CYT4BB7_Library-master\Seekfree_CYT4BB_Opensource_Library\project\iar\Debug_m7_0\Obj\zf_components_14936052685886095442.dir: [47]
    ---------------------------------------------------------------
    Total:

C:\Code\beifen\old\CYT4BB7_Library-master\Seekfree_CYT4BB_Opensource_Library\project\iar\Debug_m7_0\Obj\zf_device_6570275422786408770.dir: [48]
    zf_device_gnss.o                 276               413
    zf_device_imu660rc.o           1'532      148       55
    zf_device_lora3a22.o             196                45
    zf_device_tsl1401.o              124               514
    zf_device_type.o                  68        1        9
    ---------------------------------------------------------------
    Total:                         2'196      149    1'036

C:\Code\beifen\old\CYT4BB7_Library-master\Seekfree_CYT4BB_Opensource_Library\project\iar\Debug_m7_0\Obj\zf_driver_11922370083829174090.dir: [49]
    zf_driver_adc.o                1'380        2       84
    zf_driver_delay.o                644        1        3
    zf_driver_exti.o                 220       15       96
    zf_driver_gpio.o                 228
    zf_driver_pit.o                  920        9       60
    zf_driver_pwm.o                   32
    zf_driver_spi.o                2'720      119       20
    zf_driver_uart.o               2'796      125      576
    ---------------------------------------------------------------
    Total:                         8'940      271      839

dl7M_tln.a: [50]
    abort.o                            6
    exit.o                             4
    printf.o                          40
    putchar.o                         32
    sprintf.o                         64
    strncmp.o                         42
    xfail_s.o                         64                 4
    xprintffull_nomb.o             3'758
    xprout.o                          22
    xsprout.o                         10
    ---------------------------------------------------------------
    Total:                         4'042                 4

m7M_tlv.a: [51]
    DblCmpGe.o                        52
    DblCmpLe.o                        52
    DblDiv.o                          18
    DblMul.o                          18
    DblSub.o                          18
    DblToS32.o                        14
    DblToU32.o                        14
    S32ToDbl.o                        14
    U32ToDbl.o                        14
    asinf.o                           92
    atan2f.o                         106
    cos_sin32.o                      464
    fpinit_M.o                        34
    frexp.o                          112
    ldexp.o                          260
    sqrtf.o                           30
    xatanf.o                         164
    ---------------------------------------------------------------
    Total:                         1'476

rt7M_tl.a: [52]
    ABImemclr4.o                       6
    ABImemcpy.o                      166
    ABImemset.o                      102
    ABImemset48.o                     50
    I64DivMod.o                      560
    I64DivZer.o                        2
    cexit.o                           10
    cmain.o                           30
    cstartup_M.o                      28
    data_init.o                       40
    lz77_init_single.o               126
    memchr.o                          88
    strchr.o                          22
    strlen.o                          54
    strncpy.o                        112
    zero_init3.o                      56
    ---------------------------------------------------------------
    Total:                         1'452

shb_l.a: [53]
    exit.o                            20
    ---------------------------------------------------------------
    Total:                            20

    Gaps                              42        6
    Linker created                             32    8'192
-------------------------------------------------------------------
    Grand Total:                  41'302   89'939   15'386       16


*******************************************************************************
*** ENTRY LIST
***

Entry                       Address      Size  Type      Object
-----                       -------      ----  ----      ------
.iar.init_table$$Base   0x1009'fbbc             --   Gb  - Linker created -
.iar.init_table$$Limit  0x1009'fbdc             --   Gb  - Linker created -
?main                   0x1009'fc7d            Code  Gb  cmain.o [52]
BusFault_Handler        0x1009'fef5            Code  Wk  startup_cm7.o [31]
CSTACK$$Base            0x2807'e000             --   Gb  - Linker created -
CSTACK$$Limit           0x2808'0000             --   Gb  - Linker created -
CopyVectorTable         0x1009'f0d5      0x34  Code  Lc  startup.o [31]
CpuUserInt0_Handler     0x1009'f2b7      0x26  Code  Gb  cy_interrupt_map.o [23]
CpuUserInt10_Handler    0x1009'ff11            Code  Wk  startup_cm7.o [31]
CpuUserInt11_Handler    0x1009'ff15            Code  Wk  startup_cm7.o [31]
CpuUserInt12_Handler    0x1009'ff19            Code  Wk  startup_cm7.o [31]
CpuUserInt13_Handler    0x1009'ff1d            Code  Wk  startup_cm7.o [31]
CpuUserInt14_Handler    0x1009'ff21            Code  Wk  startup_cm7.o [31]
CpuUserInt15_Handler    0x1009'ff25            Code  Wk  startup_cm7.o [31]
CpuUserInt1_Handler     0x1009'f2dd      0x26  Code  Gb  cy_interrupt_map.o [23]
CpuUserInt2_Handler     0x1009'f303      0x26  Code  Gb  cy_interrupt_map.o [23]
CpuUserInt3_Handler     0x1009'f329      0x26  Code  Gb  cy_interrupt_map.o [23]
CpuUserInt4_Handler     0x1009'f34f      0x26  Code  Gb  cy_interrupt_map.o [23]
CpuUserInt5_Handler     0x1009'f375      0x26  Code  Gb  cy_interrupt_map.o [23]
CpuUserInt6_Handler     0x1009'f39b      0x26  Code  Gb  cy_interrupt_map.o [23]
CpuUserInt7_Handler     0x1009'f3c1      0x26  Code  Gb  cy_interrupt_map.o [23]
CpuUserInt8_Handler     0x1009'ff09            Code  Wk  startup_cm7.o [31]
CpuUserInt9_Handler     0x1009'ff0d            Code  Wk  startup_cm7.o [31]
Cy_Adc_Channel_DeInit   0x1009'c759      0x2c  Code  Gb  cy_adc.o [1]
Cy_Adc_Channel_Disable  0x1009'c791       0xc  Code  Gb  cy_adc.o [1]
Cy_Adc_Channel_Enable   0x1009'c785       0xc  Code  Gb  cy_adc.o [1]
Cy_Adc_Channel_Init     0x1009'c605     0x154  Code  Gb  cy_adc.o [1]
Cy_Adc_Channel_SetInterruptMask
                        0x1009'c7a9      0x7c  Code  Gb  cy_adc.o [1]
Cy_Adc_Channel_SoftwareTrigger
                        0x1009'c79d       0xc  Code  Gb  cy_adc.o [1]
Cy_Adc_Init             0x1009'c579      0x8c  Code  Gb  cy_adc.o [1]
Cy_DefaultUserHandler   0x1009'f2b5       0x2  Code  Gb  cy_interrupt_map.o [23]
Cy_GPIO_ClearInterrupt  0x1009'7217       0xe  Code  Lc  cy_gpio.o [14]
Cy_GPIO_ClearInterrupt  0x1009'a681       0xe  Code  Lc  zf_driver_exti.o [49]
Cy_GPIO_Clr             0x1009'b3d3       0xa  Code  Lc  zf_driver_gpio.o [49]
Cy_GPIO_GetInterruptStatusMasked
                        0x1009'a68f       0xa  Code  Lc  zf_driver_exti.o [49]
Cy_GPIO_Pin_Init        0x1009'725b      0x72  Code  Gb  cy_gpio.o [14]
Cy_GPIO_Set             0x1009'b3c9       0xa  Code  Lc  zf_driver_gpio.o [49]
Cy_GPIO_SetDriveSel     0x1009'71f9      0x1e  Code  Lc  cy_gpio.o [14]
Cy_GPIO_SetDrivemode    0x1009'71a9      0x1c  Code  Lc  cy_gpio.o [14]
Cy_GPIO_SetHSIOM        0x1009'7145      0x4c  Code  Lc  cy_gpio.o [14]
Cy_GPIO_SetInterruptEdge
                        0x1009'723f      0x1c  Code  Lc  cy_gpio.o [14]
Cy_GPIO_SetInterruptMask
                        0x1009'7225      0x1a  Code  Lc  cy_gpio.o [14]
Cy_GPIO_SetSlewRate     0x1009'71df      0x1a  Code  Lc  cy_gpio.o [14]
Cy_GPIO_SetVtrip        0x1009'71c5      0x1a  Code  Lc  cy_gpio.o [14]
Cy_GPIO_Write           0x1009'7191      0x18  Code  Lc  cy_gpio.o [14]
Cy_RestoreIRQ           0x1009'f291            Code  Gb  startup_cm7.o [31]
Cy_SCB_ClearMasterInterrupt
                        0x1009'6a0d       0xa  Code  Lc  cy_scb_i2c.o [24]
Cy_SCB_ClearRxFifo      0x1009'a84b      0x1e  Code  Lc  zf_driver_spi.o [49]
Cy_SCB_ClearRxFifo      0x1009'97e1      0x1e  Code  Lc  zf_driver_uart.o [49]
Cy_SCB_ClearRxInterrupt
                        0x1009'69fd       0xa  Code  Lc  cy_scb_i2c.o [24]
Cy_SCB_ClearRxInterrupt
                        0x1009'9847       0xa  Code  Lc  zf_driver_uart.o [49]
Cy_SCB_ClearTxFifo      0x1009'69d9      0x1e  Code  Lc  cy_scb_i2c.o [24]
Cy_SCB_ClearTxInterrupt
                        0x1009'985d       0xa  Code  Lc  zf_driver_uart.o [49]
Cy_SCB_FwBlockReset     0x1009'6a23      0x20  Code  Lc  cy_scb_i2c.o [24]
Cy_SCB_GetFifoSize      0x1009'a8a5      0x12  Code  Lc  zf_driver_spi.o [49]
Cy_SCB_GetMasterInterruptStatus
                        0x1009'6a07       0x6  Code  Lc  cy_scb_i2c.o [24]
Cy_SCB_GetNumInRxFifo   0x1009'a841       0xa  Code  Lc  zf_driver_spi.o [49]
Cy_SCB_GetNumInRxFifo   0x1009'97d7       0xa  Code  Lc  zf_driver_uart.o [49]
Cy_SCB_GetNumInTxFifo   0x1009'a86f       0xa  Code  Lc  zf_driver_spi.o [49]
Cy_SCB_GetNumInTxFifo   0x1009'9805       0xa  Code  Lc  zf_driver_uart.o [49]
Cy_SCB_GetRxInterruptMask
                        0x1009'9841       0x6  Code  Lc  zf_driver_uart.o [49]
Cy_SCB_GetRxInterruptStatus
                        0x1009'69f7       0x6  Code  Lc  cy_scb_i2c.o [24]
Cy_SCB_GetSlaveInterruptStatus
                        0x1009'6a17       0x6  Code  Lc  cy_scb_i2c.o [24]
Cy_SCB_GetTxInterruptMask
                        0x1009'9857       0x6  Code  Lc  zf_driver_uart.o [49]
Cy_SCB_GetTxSrValid     0x1009'a879       0xa  Code  Lc  zf_driver_spi.o [49]
Cy_SCB_GetTxSrValid     0x1009'980f       0xa  Code  Lc  zf_driver_uart.o [49]
Cy_SCB_I2C_DeInit       0x1009'6baf      0x56  Code  Gb  cy_scb_i2c.o [24]
Cy_SCB_I2C_Enable       0x1009'6261       0xa  Code  Lc  vl53l8cx_platform.o [5]
Cy_SCB_I2C_GetDataRate  0x1009'6d2f      0x72  Code  Gb  cy_scb_i2c.o [24]
Cy_SCB_I2C_Init         0x1009'6a5f     0x150  Code  Gb  cy_scb_i2c.o [24]
Cy_SCB_I2C_MasterReadByte
                        0x1009'6f17      0x90  Code  Gb  cy_scb_i2c.o [24]
Cy_SCB_I2C_MasterSendReStart
                        0x1009'6e55      0x7a  Code  Gb  cy_scb_i2c.o [24]
Cy_SCB_I2C_MasterSendStart
                        0x1009'6da1      0xb4  Code  Gb  cy_scb_i2c.o [24]
Cy_SCB_I2C_MasterSendStop
                        0x1009'6ecf      0x48  Code  Gb  cy_scb_i2c.o [24]
Cy_SCB_I2C_MasterSetHighPhaseDutyCycle
                        0x1009'6a51       0xe  Code  Lc  cy_scb_i2c.o [24]
Cy_SCB_I2C_MasterSetLowPhaseDutyCycle
                        0x1009'6a43       0xe  Code  Lc  cy_scb_i2c.o [24]
Cy_SCB_I2C_MasterWriteByte
                        0x1009'6fa7      0x46  Code  Gb  cy_scb_i2c.o [24]
Cy_SCB_I2C_SetDataRate  0x1009'6c05     0x12a  Code  Gb  cy_scb_i2c.o [24]
Cy_SCB_IsTxComplete     0x1009'a883      0x22  Code  Lc  zf_driver_spi.o [49]
Cy_SCB_IsTxComplete     0x1009'9819      0x22  Code  Lc  zf_driver_uart.o [49]
Cy_SCB_ReadRxFifo       0x1009'69cd       0x6  Code  Lc  cy_scb_i2c.o [24]
Cy_SCB_ReadRxFifo       0x1009'97d1       0x6  Code  Lc  zf_driver_uart.o [49]
Cy_SCB_SPI_ClearRxFifo  0x1009'a8d5       0x8  Code  Lc  zf_driver_spi.o [49]
Cy_SCB_SPI_Enable       0x1009'a8b7       0xa  Code  Lc  zf_driver_spi.o [49]
Cy_SCB_SPI_GetNumInRxFifo
                        0x1009'a8cd       0x8  Code  Lc  zf_driver_spi.o [49]
Cy_SCB_SPI_Init         0x1009'c2e5     0x1d8  Code  Gb  cy_scb_spi.o [24]
Cy_SCB_SPI_SetActiveSlaveSelect
                        0x1009'a8c1       0xc  Code  Lc  zf_driver_spi.o [49]
Cy_SCB_SetRxInterruptMask
                        0x1009'983b       0x6  Code  Lc  zf_driver_uart.o [49]
Cy_SCB_SetSlaveInterruptMask
                        0x1009'6a1d       0x6  Code  Lc  cy_scb_i2c.o [24]
Cy_SCB_SetTxInterruptMask
                        0x1009'9851       0x6  Code  Lc  zf_driver_uart.o [49]
Cy_SCB_UART_DeInit      0x1009'bc9d      0x5c  Code  Gb  cy_scb_uart.o [24]
Cy_SCB_UART_Enable      0x1009'9867       0xa  Code  Lc  zf_driver_uart.o [49]
Cy_SCB_UART_Init        0x1009'ba19     0x284  Code  Gb  cy_scb_uart.o [24]
Cy_SCB_WriteTxFifo      0x1009'69d3       0x6  Code  Lc  cy_scb_i2c.o [24]
Cy_SCB_WriteTxFifo      0x1009'a869       0x6  Code  Lc  zf_driver_spi.o [49]
Cy_SCB_WriteTxFifo      0x1009'97ff       0x6  Code  Lc  zf_driver_uart.o [49]
Cy_SaveIRQ              0x1009'f289            Code  Gb  startup_cm7.o [31]
Cy_SysClk_CheckDividerExisting
                        0x1009'626b      0x2c  Code  Lc  vl53l8cx_platform.o [5]
Cy_SysClk_CheckDividerExisting
                        0x1009'b4ad      0x2c  Code  Lc  zf_driver_adc.o [49]
Cy_SysClk_CheckDividerExisting
                        0x1009'72d9      0x2a  Code  Lc  zf_driver_delay.o [49]
Cy_SysClk_CheckDividerExisting
                        0x1009'86b9      0x2c  Code  Lc  zf_driver_pit.o [49]
Cy_SysClk_CheckDividerExisting
                        0x1009'a8dd      0x2c  Code  Lc  zf_driver_spi.o [49]
Cy_SysClk_CheckDividerExisting
                        0x1009'962d      0x2c  Code  Lc  zf_driver_uart.o [49]
Cy_SysClk_ClkPathGetSource
                        0x1009'dde9      0x54  Code  Gb  cy_sysclk.o [33]
Cy_SysClk_EcoGetStatus  0x1009'dc75      0x1a  Code  Lc  cy_sysclk.o [33]
Cy_SysClk_Fast0ClkGetDivider
                        0x1009'ddbd      0x16  Code  Lc  cy_sysclk.o [33]
Cy_SysClk_Fast1ClkGetDivider
                        0x1009'ddd3      0x16  Code  Lc  cy_sysclk.o [33]
Cy_SysClk_FllGetConfiguration
                        0x1009'de45      0x7e  Code  Gb  cy_sysclk.o [33]
Cy_SysClk_FllGetLockStatus
                        0x1009'dc8f       0xc  Code  Lc  cy_sysclk.o [33]
Cy_SysClk_GetClockGroup
                        0x1009'634f       0x8  Code  Lc  vl53l8cx_platform.o [5]
Cy_SysClk_GetClockGroup
                        0x1009'b55b       0x8  Code  Lc  zf_driver_adc.o [49]
Cy_SysClk_GetClockGroup
                        0x1009'7381       0x8  Code  Lc  zf_driver_delay.o [49]
Cy_SysClk_GetClockGroup
                        0x1009'8767       0x8  Code  Lc  zf_driver_pit.o [49]
Cy_SysClk_GetClockGroup
                        0x1009'a9c1       0x8  Code  Lc  zf_driver_spi.o [49]
Cy_SysClk_GetClockGroup
                        0x1009'9711       0x8  Code  Lc  zf_driver_uart.o [49]
Cy_SysClk_GetCoreFrequency
                        0x1009'e509      0x2a  Code  Gb  cy_sysclk.o [33]
Cy_SysClk_GetEcoFrequency
                        0x1009'e011      0x32  Code  Gb  cy_sysclk.o [33]
Cy_SysClk_GetExtFrequency
                        0x1009'e045      0x1e  Code  Gb  cy_sysclk.o [33]
Cy_SysClk_GetFast0Frequency
                        0x1009'e45d      0x56  Code  Gb  cy_sysclk.o [33]
Cy_SysClk_GetFast1Frequency
                        0x1009'e4b3      0x56  Code  Gb  cy_sysclk.o [33]
Cy_SysClk_GetFllInputFrequency
                        0x1009'e165       0xc  Code  Gb  cy_sysclk.o [33]
Cy_SysClk_GetFllOutputFrequency
                        0x1009'e18d      0x78  Code  Gb  cy_sysclk.o [33]
Cy_SysClk_GetHfClkFrequency
                        0x1009'e3df      0x7a  Code  Gb  cy_sysclk.o [33]
Cy_SysClk_GetIlo0Frequency
                        0x1009'e063      0x32  Code  Gb  cy_sysclk.o [33]
Cy_SysClk_GetIlo1Frequency
                        0x1009'e095      0x32  Code  Gb  cy_sysclk.o [33]
Cy_SysClk_GetImoFrequency
                        0x1009'dfdf      0x32  Code  Gb  cy_sysclk.o [33]
Cy_SysClk_GetPathFrequency
                        0x1009'e3ad      0x32  Code  Gb  cy_sysclk.o [33]
Cy_SysClk_GetPathSourceFrequency
                        0x1009'e101      0x64  Code  Gb  cy_sysclk.o [33]
Cy_SysClk_GetPll400MNo  0x1009'dcd9      0x14  Code  Lc  cy_sysclk.o [33]
Cy_SysClk_GetPllInputFrequency
                        0x1009'e171      0x1c  Code  Gb  cy_sysclk.o [33]
Cy_SysClk_GetPllNo      0x1009'dc9d      0x12  Code  Lc  cy_sysclk.o [33]
Cy_SysClk_GetPllOutputFrequency
                        0x1009'e209     0x1a0  Code  Gb  cy_sysclk.o [33]
Cy_SysClk_GetWcoFrequency
                        0x1009'e0c7      0x32  Code  Gb  cy_sysclk.o [33]
Cy_SysClk_HfClockGetDivider
                        0x1009'dd7b      0x42  Code  Lc  cy_sysclk.o [33]
Cy_SysClk_HfClockGetSource
                        0x1009'dd27      0x54  Code  Lc  cy_sysclk.o [33]
Cy_SysClk_InitGetFreqParams
                        0x1009'dfc5      0x1a  Code  Gb  cy_sysclk.o [33]
Cy_SysClk_PeriphAssignDivider
                        0x1009'6357      0x6a  Code  Lc  vl53l8cx_platform.o [5]
Cy_SysClk_PeriphAssignDivider
                        0x1009'b563      0x6a  Code  Lc  zf_driver_adc.o [49]
Cy_SysClk_PeriphAssignDivider
                        0x1009'7389      0x68  Code  Lc  zf_driver_delay.o [49]
Cy_SysClk_PeriphAssignDivider
                        0x1009'876f      0x68  Code  Lc  zf_driver_pit.o [49]
Cy_SysClk_PeriphAssignDivider
                        0x1009'a9c9      0x6a  Code  Lc  zf_driver_spi.o [49]
Cy_SysClk_PeriphAssignDivider
                        0x1009'9719      0x6a  Code  Lc  zf_driver_uart.o [49]
Cy_SysClk_PeriphEnableDivider
                        0x1009'63c1      0x4e  Code  Lc  vl53l8cx_platform.o [5]
Cy_SysClk_PeriphEnableDivider
                        0x1009'b5cd      0x4e  Code  Lc  zf_driver_adc.o [49]
Cy_SysClk_PeriphEnableDivider
                        0x1009'73f1      0x4c  Code  Lc  zf_driver_delay.o [49]
Cy_SysClk_PeriphEnableDivider
                        0x1009'87d7      0x4c  Code  Lc  zf_driver_pit.o [49]
Cy_SysClk_PeriphEnableDivider
                        0x1009'aa33      0x4e  Code  Lc  zf_driver_spi.o [49]
Cy_SysClk_PeriphEnableDivider
                        0x1009'9783      0x4e  Code  Lc  zf_driver_uart.o [49]
Cy_SysClk_PeriphSetDivider
                        0x1009'b4d9      0x82  Code  Lc  zf_driver_adc.o [49]
Cy_SysClk_PeriphSetDivider
                        0x1009'7303      0x7e  Code  Lc  zf_driver_delay.o [49]
Cy_SysClk_PeriphSetDivider
                        0x1009'86e5      0x82  Code  Lc  zf_driver_pit.o [49]
Cy_SysClk_PeriphSetFracDivider
                        0x1009'6297      0xb8  Code  Lc  vl53l8cx_platform.o [5]
Cy_SysClk_PeriphSetFracDivider
                        0x1009'a909      0xb8  Code  Lc  zf_driver_spi.o [49]
Cy_SysClk_PeriphSetFracDivider
                        0x1009'9659      0xb8  Code  Lc  zf_driver_uart.o [49]
Cy_SysClk_Pll400MGetConfiguration
                        0x1009'df31      0x84  Code  Gb  cy_sysclk.o [33]
Cy_SysClk_Pll400MGetLockStatus
                        0x1009'dced      0x2a  Code  Lc  cy_sysclk.o [33]
Cy_SysClk_PllGetConfiguration
                        0x1009'dedd      0x48  Code  Gb  cy_sysclk.o [33]
Cy_SysClk_PllGetLockStatus
                        0x1009'dcaf      0x28  Code  Lc  cy_sysclk.o [33]
Cy_SysClk_WcoOkay       0x1009'dd19       0xe  Code  Lc  cy_sysclk.o [33]
Cy_SysInt_InitIRQ       0x1009'c239      0x7e  Code  Gb  cy_sysint.o [35]
Cy_SysInt_SetSystemIrqVector
                        0x1009'c2b7      0x12  Code  Gb  cy_sysint.o [35]
Cy_SysInt_SystemIrqUserTableRamPointer
                        0x2802'0888       0x4  Data  Gb  cy_interrupt_map.o [23]
Cy_SysLib_DelayCycles   0x1009'77e1            Code  Gb  cy_syslib_iar.o [36]
[...]
lora3a22_uart_callback  0x1009'f431      0x84  Code  Gb  zf_device_lora3a22.o [48]
lora3a22_uart_callback::length
                        0x2802'1b97       0x1  Data  Lc  zf_device_lora3a22.o [48]
lora3a22_uart_data      0x2802'1aa8      0x14  Data  Gb  zf_device_lora3a22.o [48]
lora3a22_uart_transfer  0x2802'1abc      0x14  Data  Gb  zf_device_lora3a22.o [48]
main                    0x1009'f94d      0x74  Code  Gb  main_cm7_0.o [45]
memchr                  0x1009'd9b9            Code  Gb  memchr.o [52]
motor_value             0x2802'1a14      0x20  Data  Gb  small_driver_uart_control.o [45]
out_pitch               0x2802'1afc       0x4  Data  Gb  cm7_0_isr.o [45]
out_roll                0x2802'1b00       0x4  Data  Gb  cm7_0_isr.o [45]
out_yaw                 0x2802'1b04       0x4  Data  Gb  cm7_0_isr.o [45]
output_duty1            0x2802'1b5c       0x2  Data  Gb  cm7_0_isr.o [45]
output_duty2            0x2802'1b5e       0x2  Data  Gb  cm7_0_isr.o [45]
output_duty3            0x2802'1b60       0x2  Data  Gb  cm7_0_isr.o [45]
output_duty4            0x2802'1b62       0x2  Data  Gb  cm7_0_isr.o [45]
pit0_ch0_isr            0x1009'7801     0xb38  Code  Gb  cm7_0_isr.o [45]
pit0_ch0_isr{1}{2}::base_search_yaw
                        0x2802'1b20       0x4  Data  Lc  cm7_0_isr.o [45]
pit0_ch0_isr{1}{2}::beacon_real_loast
                        0x2802'1b68       0x2  Data  Lc  cm7_0_isr.o [45]
pit0_ch0_isr{1}{2}::beacon_timer
                        0x2802'1b66       0x2  Data  Lc  cm7_0_isr.o [45]
pit0_ch0_isr{1}{2}::distance_count
                        0x2802'1b88       0x1  Data  Lc  cm7_0_isr.o [45]
pit0_ch0_isr{1}{2}::filtered_gyro_distance_mm
                        0x2802'1b1c       0x4  Data  Lc  cm7_0_isr.o [45]
pit0_ch0_isr{1}{2}::land_start
                        0x2802'1b87       0x1  Data  Lc  cm7_0_isr.o [45]
pit0_ch0_isr{1}{2}::land_timer
                        0x2802'1b6c       0x2  Data  Lc  cm7_0_isr.o [45]
pit0_ch0_isr{1}{2}::last_beacon_status
                        0x2802'098a       0x1  Data  Lc  cm7_0_isr.o [45]
pit0_ch0_isr{1}{2}::lost_timer
                        0x2802'1b6a       0x2  Data  Lc  cm7_0_isr.o [45]
pit0_ch0_isr{1}{2}::search_start
                        0x2802'1b85       0x1  Data  Lc  cm7_0_isr.o [45]
pit0_ch0_isr{1}{2}::search_state
                        0x2802'1b86       0x1  Data  Lc  cm7_0_isr.o [45]
pit0_ch0_isr{1}{2}::search_timer
                        0x2802'1b64       0x2  Data  Lc  cm7_0_isr.o [45]
pit0_ch0_isr{1}{2}{27}{28}::distance_count
                        0x2802'1b89       0x1  Data  Lc  cm7_0_isr.o [45]
pit0_ch0_isr{1}{2}{27}{28}::filtered_gyro_distance_mm
                        0x2802'1b24       0x4  Data  Lc  cm7_0_isr.o [45]
pit0_ch10_isr           0x1009'8371       0xa  Code  Gb  cm7_0_isr.o [45]
pit0_ch11_isr           0x1009'837b       0xa  Code  Gb  cm7_0_isr.o [45]
pit0_ch12_isr           0x1009'8385       0xa  Code  Gb  cm7_0_isr.o [45]
pit0_ch13_isr           0x1009'838f       0xa  Code  Gb  cm7_0_isr.o [45]
pit0_ch14_isr           0x1009'8399       0xa  Code  Gb  cm7_0_isr.o [45]
pit0_ch15_isr           0x1009'83a3       0xa  Code  Gb  cm7_0_isr.o [45]
pit0_ch16_isr           0x1009'83ad       0xa  Code  Gb  cm7_0_isr.o [45]
pit0_ch17_isr           0x1009'83b7       0xa  Code  Gb  cm7_0_isr.o [45]
pit0_ch18_isr           0x1009'83c1       0xa  Code  Gb  cm7_0_isr.o [45]
pit0_ch19_isr           0x1009'83cb       0xa  Code  Gb  cm7_0_isr.o [45]
pit0_ch1_isr            0x1009'835d       0xa  Code  Gb  cm7_0_isr.o [45]
pit0_ch20_isr           0x1009'83d5       0xa  Code  Gb  cm7_0_isr.o [45]
pit0_ch21_isr           0x1009'83df       0xe  Code  Gb  cm7_0_isr.o [45]
pit0_ch2_isr            0x1009'8367       0xa  Code  Gb  cm7_0_isr.o [45]
pit_init                0x1009'884d     0x1ee  Code  Gb  zf_driver_pit.o [49]
pit_isr_flag_clear      0x1009'8823      0x2a  Code  Gb  zf_driver_pit.o [49]
pit_isr_func            0x2802'0900      0x3c  Data  Gb  zf_driver_pit.o [49]
pitch_pid               0x2802'0004      0x30  Data  Gb  cm7_0_isr.o [45]
position_x_pid          0x2802'00f4      0x30  Data  Gb  cm7_0_isr.o [45]
position_y_pid          0x2802'0124      0x30  Data  Gb  cm7_0_isr.o [45]
printf                  0x1009'f9dd      0x28  Code  Gb  printf.o [50]
putchar                 0x1009'fc5d      0x20  Code  Gb  putchar.o [50]
pwm_all_channel_close   0x1009'c219      0x1a  Code  Gb  zf_driver_pwm.o [49]
quarternion_normalize   0x1009'8b31      0xb4  Code  Lc  zf_device_imu660rc.o [48]
quarternion_to_euler    0x1009'8be5     0x14c  Code  Lc  zf_device_imu660rc.o [48]
roll_pid                0x2802'0034      0x30  Data  Gb  cm7_0_isr.o [45]
sar_adc                 0x2802'0894       0xc  Data  Lc  zf_driver_adc.o [49]
scalbln                 0x1009'dafd            Code  Gb  ldexp.o [51]
scalblnl                0x1009'dafd            Code  Gb  ldexp.o [51]
scalbn                  0x1009'dafd            Code  Gb  ldexp.o [51]
scalbnl                 0x1009'dafd            Code  Gb  ldexp.o [51]
scale                   0x1009'd88d      0x46  Code  Lc  xprintffull_nomb.o [50]
scb_module              0x2802'0968      0x1c  Data  Gb  zf_driver_uart.o [49]
sec_hand                0x2802'1b58       0x4  Data  Lc  xfail_s.o [50]
send_uart_motol         0x1009'851d      0xf8  Code  Gb  cm7_0_isr.o [45]
set_wireless_type       0x1009'f4f7      0x32  Code  Gb  zf_device_type.o [48]
small_driver_get_speed  0x1009'950b      0x3a  Code  Gb  small_driver_uart_control.o [45]
small_driver_init       0x1009'9545      0x36  Code  Gb  small_driver_uart_control.o [45]
small_driver_set_duty   0x1009'94b5      0x56  Code  Gb  small_driver_uart_control.o [45]
small_driver_uart_init  0x1009'9581      0x2e  Code  Gb  small_driver_uart_control.o [45]
spi_get_clk_hsiom       0x1009'ab3d      0x28  Code  Lc  zf_driver_spi.o [49]
spi_get_clk_pin         0x1009'aa81      0x28  Code  Lc  zf_driver_spi.o [49]
spi_get_cs_hsiom        0x1009'abb5      0x44  Code  Lc  zf_driver_spi.o [49]
spi_get_cs_pin          0x1009'aaf9      0x44  Code  Lc  zf_driver_spi.o [49]
spi_get_miso_hsiom      0x1009'ab8d      0x28  Code  Lc  zf_driver_spi.o [49]
spi_get_miso_pin        0x1009'aad1      0x28  Code  Lc  zf_driver_spi.o [49]
spi_get_mosi_hsiom      0x1009'ab65      0x28  Code  Lc  zf_driver_spi.o [49]
spi_get_mosi_pin        0x1009'aaa9      0x28  Code  Lc  zf_driver_spi.o [49]
spi_init                0x1009'b019     0x2b2  Code  Gb  zf_driver_spi.o [49]
spi_module              0x2802'093c      0x10  Data  Gb  zf_driver_spi.o [49]
spi_read_8bit_register  0x1009'ae1d      0xea  Code  Gb  zf_driver_spi.o [49]
spi_read_8bit_registers
                        0x1009'af07      0xfe  Code  Gb  zf_driver_spi.o [49]
spi_write_8bit_register
                        0x1009'ad35      0xde  Code  Gb  zf_driver_spi.o [49]
sprintf                 0x1009'bd65      0x40  Code  Gb  sprintf.o [50]
sqrtf                   0x1009'b2e1            Code  Gb  sqrtf.o [51]
strchr                  0x1009'd961            Code  Gb  strchr.o [52]
strlen                  0x1009'bd2d            Code  Gb  strlen.o [52]
strncmp                 0x1009'c1ed      0x2a  Code  Gb  strncmp.o [50]
strncpy                 0x1009'e55d            Code  Gb  strncpy.o [52]
switch_transition_length
                        0x1009'abf9     0x13c  Code  Lc  zf_driver_spi.o [49]
system_clock            0x2802'1b40       0x4  Data  Gb  zf_common_clock.o [46]
system_delay_init       0x1009'749b      0xa6  Code  Gb  zf_driver_delay.o [49]
system_delay_ms         0x1009'743d      0x5e  Code  Gb  zf_driver_delay.o [49]
timer_ch                0x2802'098e       0x1  Data  Lc  zf_driver_delay.o [49]
tof_new_flag            0x2802'1b84       0x1  Data  Gb  cm7_0_isr.o [45]
tsl1401_collect_pit_handler
                        0x1009'95b1      0x68  Code  Gb  zf_device_tsl1401.o [48]
tsl1401_data            0x2802'1294     0x200  Data  Gb  zf_device_tsl1401.o [48]
tsl1401_finish_flag     0x2802'1b99       0x1  Data  Gb  zf_device_tsl1401.o [48]
tsl1401_init_state      0x2802'1b98       0x1  Data  Lc  zf_device_tsl1401.o [48]
type_default_callback   0x1009'f4f5       0x2  Code  Lc  zf_device_type.o [48]
uart0_isr               0x1009'83ed      0x12  Code  Gb  cm7_0_isr.o [45]
uart1_isr               0x1009'83ff      0x14  Code  Gb  cm7_0_isr.o [45]
uart2_isr               0x1009'8429      0x12  Code  Gb  cm7_0_isr.o [45]
uart3_isr               0x1009'843b       0xa  Code  Gb  cm7_0_isr.o [45]
uart4_isr               0x1009'8445      0x14  Code  Gb  cm7_0_isr.o [45]
uart5_isr               0x1009'8469       0xa  Code  Gb  cm7_0_isr.o [45]
uart6_isr               0x1009'8473      0x14  Code  Gb  cm7_0_isr.o [45]
uart_context            0x2802'1494     0x188  Data  Gb  zf_driver_uart.o [49]
uart_data_buffer        0x2802'18d0      0x70  Data  Lc  zf_driver_uart.o [49]
uart_data_buffer_count  0x2802'1ae8       0x8  Data  Lc  zf_driver_uart.o [49]
uart_data_refresh       0x2802'1af0       0x8  Data  Lc  zf_driver_uart.o [49]
uart_init               0x1009'9f19     0x1c0  Code  Gb  zf_driver_uart.o [49]
uart_isr_func           0x2802'094c      0x1c  Data  Gb  zf_driver_uart.o [49]
uart_isr_mask           0x1009'9871      0xfa  Code  Gb  zf_driver_uart.o [49]
uart_query_byte         0x1009'9bd7      0x74  Code  Gb  zf_driver_uart.o [49]
uart_receiver_handler   0x2802'0890       0x4  Data  Gb  zf_device_type.o [48]
uart_rx_interrupt       0x1009'9d67     0x1a8  Code  Gb  zf_driver_uart.o [49]
uart_tx_interrupt       0x1009'9c4b     0x11c  Code  Gb  zf_driver_uart.o [49]
uart_write_buffer       0x1009'9b9d      0x1e  Code  Gb  zf_driver_uart.o [49]
uart_write_byte         0x1009'9b75      0x28  Code  Gb  zf_driver_uart.o [49]
uart_write_string       0x1009'9bbb      0x1c  Code  Gb  zf_driver_uart.o [49]
velocity_pid            0x2802'00c4      0x30  Data  Gb  cm7_0_isr.o [45]
vl53l8cx_check_data_ready
                        0x1009'5cf5      0x6a  Code  Gb  vl53l8cx_api.o [5]
vl53l8cx_dci_read_data  0x1009'6025      0xc4  Code  Gb  vl53l8cx_api.o [5]
vl53l8cx_dci_replace_data
                        0x1009'6211      0x50  Code  Gb  vl53l8cx_api.o [5]
vl53l8cx_dci_write_data
                        0x1009'60ed     0x102  Code  Gb  vl53l8cx_api.o [5]
vl53l8cx_dev            0x2802'0990     0x904  Data  Lc  vl53l8cx.o [5]
vl53l8cx_device_init    0x1009'edeb     0x10a  Code  Gb  vl53l8cx.o [5]
vl53l8cx_distance_median
                        0x1009'eca1      0x9a  Code  Lc  vl53l8cx.o [5]
vl53l8cx_distance_mm    0x2802'1b6e       0x2  Data  Gb  vl53l8cx.o [5]
vl53l8cx_finsh_flag     0x2802'1b8b       0x1  Data  Gb  vl53l8cx.o [5]
vl53l8cx_get_distance   0x1009'ed3b      0xb0  Code  Gb  vl53l8cx.o [5]
vl53l8cx_get_ranging_data
                        0x1009'5d5f     0x110  Code  Gb  vl53l8cx_api.o [5]
vl53l8cx_get_resolution
                        0x1009'5e6f      0x2e  Code  Gb  vl53l8cx_api.o [5]
vl53l8cx_i2c_context    0x2802'1940      0x4c  Data  Lc  vl53l8cx_platform.o [5]
vl53l8cx_i2c_send_stop  0x1009'6419      0x12  Code  Lc  vl53l8cx_platform.o [5]
vl53l8cx_i2c_slave_address
                        0x1009'640f       0xa  Code  Lc  vl53l8cx_platform.o [5]
vl53l8cx_iic_hardware_init
                        0x1009'6719      0xb0  Code  Gb  vl53l8cx_platform.o [5]
vl53l8cx_init           0x1009'55c3     0x52e  Code  Gb  vl53l8cx_api.o [5]
vl53l8cx_init_flag      0x2802'1b8c       0x1  Data  Lc  vl53l8cx.o [5]
vl53l8cx_is_alive       0x1009'5565      0x5e  Code  Gb  vl53l8cx_api.o [5]
vl53l8cx_resolution     0x2802'098b       0x1  Data  Lc  vl53l8cx.o [5]
vl53l8cx_results        0x2802'161c      0xc4  Data  Lc  vl53l8cx.o [5]
vl53l8cx_set_ranging_frequency_hz
                        0x1009'5fbb      0x2a  Code  Gb  vl53l8cx_api.o [5]
vl53l8cx_set_resolution
                        0x1009'5e9d     0x11e  Code  Gb  vl53l8cx_api.o [5]
vl53l8cx_set_target_order
                        0x1009'5fe5      0x40  Code  Gb  vl53l8cx_api.o [5]
vl53l8cx_start_ranging  0x1009'5af1     0x1e2  Code  Gb  vl53l8cx_api.o [5]
wireless_module_uart_handler
                        0x2802'088c       0x4  Data  Gb  zf_device_type.o [48]
wireless_type           0x2802'1b9a       0x1  Data  Gb  zf_device_type.o [48]
x_zero                  0x2802'1b7c       0x2  Data  Gb  zf_device_imu660rc.o [48]
y_zero                  0x2802'1b7e       0x2  Data  Gb  zf_device_imu660rc.o [48]
yaw_pid                 0x2802'0064      0x30  Data  Gb  cm7_0_isr.o [45]
z_zero                  0x2802'1b80       0x2  Data  Gb  zf_device_imu660rc.o [48]
zf_debug_assert_enable  0x2802'098c       0x1  Data  Lc  zf_common_debug.o [46]
zf_debug_init_flag      0x2802'1b8d       0x1  Data  Lc  zf_common_debug.o [46]


[1] = C:\Code\beifen\old\CYT4BB7_Library-master\Seekfree_CYT4BB_Opensource_Library\project\iar\Debug_m7_0\Obj\adc_11722776235721520015.dir
[2] = C:\Code\beifen\old\CYT4BB7_Library-master\Seekfree_CYT4BB_Opensource_Library\project\iar\Debug_m7_0\Obj\audioss_1346650047966882938.dir
[3] = C:\Code\beifen\old\CYT4BB7_Library-master\Seekfree_CYT4BB_Opensource_Library\project\iar\Debug_m7_0\Obj\button_4990804375159372270.dir
[4] = C:\Code\beifen\old\CYT4BB7_Library-master\Seekfree_CYT4BB_Opensource_Library\project\iar\Debug_m7_0\Obj\canfd_1800690984773873875.dir
[5] = C:\Code\beifen\old\CYT4BB7_Library-master\Seekfree_CYT4BB_Opensource_Library\project\iar\Debug_m7_0\Obj\code_17896468042025673432.dir
[6] = C:\Code\beifen\old\CYT4BB7_Library-master\Seekfree_CYT4BB_Opensource_Library\project\iar\Debug_m7_0\Obj\cpu_15938736945165268644.dir
[7] = C:\Code\beifen\old\CYT4BB7_Library-master\Seekfree_CYT4BB_Opensource_Library\project\iar\Debug_m7_0\Obj\crypto_1190170608956581615.dir
[8] = C:\Code\beifen\old\CYT4BB7_Library-master\Seekfree_CYT4BB_Opensource_Library\project\iar\Debug_m7_0\Obj\dma_12106025507578611576.dir
[9] = C:\Code\beifen\old\CYT4BB7_Library-master\Seekfree_CYT4BB_Opensource_Library\project\iar\Debug_m7_0\Obj\eth_phy_18133017486186456677.dir
[10] = C:\Code\beifen\old\CYT4BB7_Library-master\Seekfree_CYT4BB_Opensource_Library\project\iar\Debug_m7_0\Obj\ethernet_6029839089178797009.dir
[11] = C:\Code\beifen\old\CYT4BB7_Library-master\Seekfree_CYT4BB_Opensource_Library\project\iar\Debug_m7_0\Obj\evtgen_3404189088603873129.dir
[12] = C:\Code\beifen\old\CYT4BB7_Library-master\Seekfree_CYT4BB_Opensource_Library\project\iar\Debug_m7_0\Obj\flash_8529866181315662935.dir
[13] = C:\Code\beifen\old\CYT4BB7_Library-master\Seekfree_CYT4BB_Opensource_Library\project\iar\Debug_m7_0\Obj\flash_864493325053435817.dir
[14] = C:\Code\beifen\old\CYT4BB7_Library-master\Seekfree_CYT4BB_Opensource_Library\project\iar\Debug_m7_0\Obj\gpio_3999404635324069351.dir
[15] = C:\Code\beifen\old\CYT4BB7_Library-master\Seekfree_CYT4BB_Opensource_Library\project\iar\Debug_m7_0\Obj\ipc_10145506163450686023.dir
[16] = C:\Code\beifen\old\CYT4BB7_Library-master\Seekfree_CYT4BB_Opensource_Library\project\iar\Debug_m7_0\Obj\lin_18429031207028094880.dir
[17] = C:\Code\beifen\old\CYT4BB7_Library-master\Seekfree_CYT4BB_Opensource_Library\project\iar\Debug_m7_0\Obj\lvd_6353935867039560245.dir
[18] = C:\Code\beifen\old\CYT4BB7_Library-master\Seekfree_CYT4BB_Opensource_Library\project\iar\Debug_m7_0\Obj\mcwdt_4052485907822033969.dir
[19] = C:\Code\beifen\old\CYT4BB7_Library-master\Seekfree_CYT4BB_Opensource_Library\project\iar\Debug_m7_0\Obj\mpu_5663187252346826382.dir
[20] = C:\Code\beifen\old\CYT4BB7_Library-master\Seekfree_CYT4BB_Opensource_Library\project\iar\Debug_m7_0\Obj\power_14453085144426420577.dir
[21] = C:\Code\beifen\old\CYT4BB7_Library-master\Seekfree_CYT4BB_Opensource_Library\project\iar\Debug_m7_0\Obj\prot_10722960861768657883.dir
[22] = C:\Code\beifen\old\CYT4BB7_Library-master\Seekfree_CYT4BB_Opensource_Library\project\iar\Debug_m7_0\Obj\rev_b_4986922561640112550.dir
[23] = C:\Code\beifen\old\CYT4BB7_Library-master\Seekfree_CYT4BB_Opensource_Library\project\iar\Debug_m7_0\Obj\rev_b_6162237342861132223.dir
[24] = C:\Code\beifen\old\CYT4BB7_Library-master\Seekfree_CYT4BB_Opensource_Library\project\iar\Debug_m7_0\Obj\scb_15490842639181808494.dir
[25] = C:\Code\beifen\old\CYT4BB7_Library-master\Seekfree_CYT4BB_Opensource_Library\project\iar\Debug_m7_0\Obj\sd_host_2982766354293506895.dir
[26] = C:\Code\beifen\old\CYT4BB7_Library-master\Seekfree_CYT4BB_Opensource_Library\project\iar\Debug_m7_0\Obj\semihosting_143864889731838620.dir
[27] = C:\Code\beifen\old\CYT4BB7_Library-master\Seekfree_CYT4BB_Opensource_Library\project\iar\Debug_m7_0\Obj\smartio_5451710003740070188.dir
[28] = C:\Code\beifen\old\CYT4BB7_Library-master\Seekfree_CYT4BB_Opensource_Library\project\iar\Debug_m7_0\Obj\smif_427648126384146252.dir
[29] = C:\Code\beifen\old\CYT4BB7_Library-master\Seekfree_CYT4BB_Opensource_Library\project\iar\Debug_m7_0\Obj\smif_mem_6470536964353725183.dir
[30] = C:\Code\beifen\old\CYT4BB7_Library-master\Seekfree_CYT4BB_Opensource_Library\project\iar\Debug_m7_0\Obj\srom_13018798572330080582.dir
[31] = C:\Code\beifen\old\CYT4BB7_Library-master\Seekfree_CYT4BB_Opensource_Library\project\iar\Debug_m7_0\Obj\startup_479057977785470282.dir
[32] = C:\Code\beifen\old\CYT4BB7_Library-master\Seekfree_CYT4BB_Opensource_Library\project\iar\Debug_m7_0\Obj\sw_timer_4215635015939382130.dir
[33] = C:\Code\beifen\old\CYT4BB7_Library-master\Seekfree_CYT4BB_Opensource_Library\project\iar\Debug_m7_0\Obj\sysclk_16149231235676103872.dir
[34] = C:\Code\beifen\old\CYT4BB7_Library-master\Seekfree_CYT4BB_Opensource_Library\project\iar\Debug_m7_0\Obj\sysflt_12293435975120599261.dir
[35] = C:\Code\beifen\old\CYT4BB7_Library-master\Seekfree_CYT4BB_Opensource_Library\project\iar\Debug_m7_0\Obj\sysint_7435970359207984181.dir
[36] = C:\Code\beifen\old\CYT4BB7_Library-master\Seekfree_CYT4BB_Opensource_Library\project\iar\Debug_m7_0\Obj\syslib_16330585751512546975.dir
[37] = C:\Code\beifen\old\CYT4BB7_Library-master\Seekfree_CYT4BB_Opensource_Library\project\iar\Debug_m7_0\Obj\syspm_10887939769544754770.dir
[38] = C:\Code\beifen\old\CYT4BB7_Library-master\Seekfree_CYT4BB_Opensource_Library\project\iar\Debug_m7_0\Obj\sysreghc_17676636058511625587.dir
[39] = C:\Code\beifen\old\CYT4BB7_Library-master\Seekfree_CYT4BB_Opensource_Library\project\iar\Debug_m7_0\Obj\sysreset_14586141425677365288.dir
[40] = C:\Code\beifen\old\CYT4BB7_Library-master\Seekfree_CYT4BB_Opensource_Library\project\iar\Debug_m7_0\Obj\sysrtc_10747768817563771611.dir
[41] = C:\Code\beifen\old\CYT4BB7_Library-master\Seekfree_CYT4BB_Opensource_Library\project\iar\Debug_m7_0\Obj\systick_16016591671695740695.dir
[42] = C:\Code\beifen\old\CYT4BB7_Library-master\Seekfree_CYT4BB_Opensource_Library\project\iar\Debug_m7_0\Obj\syswdt_9118657615806274156.dir
[43] = C:\Code\beifen\old\CYT4BB7_Library-master\Seekfree_CYT4BB_Opensource_Library\project\iar\Debug_m7_0\Obj\tcpwm_422923530147891246.dir
[44] = C:\Code\beifen\old\CYT4BB7_Library-master\Seekfree_CYT4BB_Opensource_Library\project\iar\Debug_m7_0\Obj\trigmux_9729677290734583340.dir
[45] = C:\Code\beifen\old\CYT4BB7_Library-master\Seekfree_CYT4BB_Opensource_Library\project\iar\Debug_m7_0\Obj\user_8514941877209965082.dir
[46] = C:\Code\beifen\old\CYT4BB7_Library-master\Seekfree_CYT4BB_Opensource_Library\project\iar\Debug_m7_0\Obj\zf_common_1201165462030747823.dir
[47] = C:\Code\beifen\old\CYT4BB7_Library-master\Seekfree_CYT4BB_Opensource_Library\project\iar\Debug_m7_0\Obj\zf_components_14936052685886095442.dir
[48] = C:\Code\beifen\old\CYT4BB7_Library-master\Seekfree_CYT4BB_Opensource_Library\project\iar\Debug_m7_0\Obj\zf_device_6570275422786408770.dir
[49] = C:\Code\beifen\old\CYT4BB7_Library-master\Seekfree_CYT4BB_Opensource_Library\project\iar\Debug_m7_0\Obj\zf_driver_11922370083829174090.dir
[50] = dl7M_tln.a
[51] = m7M_tlv.a
[52] = rt7M_tl.a
[53] = shb_l.a
[54] = zf_device_config.a

  41'302 bytes of readonly  code memory
  89'939 bytes of readonly  data memory
  15'386 bytes of readwrite data memory (+ 16 absolute)

Errors: none
Warnings: none
