###############################################################################
#
# IAR ELF Linker V9.40.1.364/W64 for ARM                  12/Jul/2026  05:34:41
# Copyright 2007-2023 IAR Systems AB.
#
#    Output file  =
#        C:\Code\beifen\old\CYT4BB7_Library-master\Seekfree_CYT4BB_Opensource_Library\project\iar\project_config\Debug_m7_0\Exe\cyt4bb7_cm_7_0.out
#    Map file     =
#        C:\Code\beifen\old\CYT4BB7_Library-master\Seekfree_CYT4BB_Opensource_Library\project\iar\Debug_m7_0\List\cyt4bb7_cm_7_0.map
#    Command line =
#        -f
#        C:\Code\beifen\old\CYT4BB7_Library-master\Seekfree_CYT4BB_Opensource_Library\project\iar\project_config\Debug_m7_0\Exe\cyt4bb7_cm_7_0.out.rsp
#        (C:\Code\beifen\old\CYT4BB7_Library-master\Seekfree_CYT4BB_Opensource_Library\project\iar\Debug_m7_0\Obj\user_8514941877209965082.dir\adrc.o
#        C:\Code\beifen\old\CYT4BB7_Library-master\Seekfree_CYT4BB_Opensource_Library\project\iar\Debug_m7_0\Obj\user_8514941877209965082.dir\cm7_0_isr.o
#        C:\Code\beifen\old\CYT4BB7_Library-master\Seekfree_CYT4BB_Opensource_Library\project\iar\Debug_m7_0\Obj\adc_11722776235721520015.dir\cy_adc.o
#        C:\Code\beifen\old\CYT4BB7_Library-master\Seekfree_CYT4BB_Opensource_Library\project\iar\Debug_m7_0\Obj\button_4990804375159372270.dir\cy_button.o
#        C:\Code\beifen\old\CYT4BB7_Library-master\Seekfree_CYT4BB_Opensource_Library\project\iar\Debug_m7_0\Obj\canfd_1800690984773873875.dir\cy_canfd.o
#        C:\Code\beifen\old\CYT4BB7_Library-master\Seekfree_CYT4BB_Opensource_Library\project\iar\Debug_m7_0\Obj\cpu_15938736945165268644.dir\cy_cpu.o
#        C:\Code\beifen\old\CYT4BB7_Library-master\Seekfree_CYT4BB_Opensource_Library\project\iar\Debug_m7_0\Obj\crypto_1190170608956581615.dir\cy_crypto_config.o
#        C:\Code\beifen\old\CYT4BB7_Library-master\Seekfree_CYT4BB_Opensource_Library\project\iar\Debug_m7_0\Obj\eth_phy_18133017486186456677.dir\cy_dp83867.o
#        C:\Code\beifen\old\CYT4BB7_Library-master\Seekfree_CYT4BB_Opensource_Library\project\iar\Debug_m7_0\Obj\ethernet_6029839089178797009.dir\cy_ethif.o
#        C:\Code\beifen\old\CYT4BB7_Library-master\Seekfree_CYT4BB_Opensource_Library\project\iar\Debug_m7_0\Obj\evtgen_3404189088603873129.dir\cy_evtgen.o
#        C:\Code\beifen\old\CYT4BB7_Library-master\Seekfree_CYT4BB_Opensource_Library\project\iar\Debug_m7_0\Obj\flash_8529866181315662935.dir\cy_flash.o
#        C:\Code\beifen\old\CYT4BB7_Library-master\Seekfree_CYT4BB_Opensource_Library\project\iar\Debug_m7_0\Obj\gpio_3999404635324069351.dir\cy_gpio.o
#        C:\Code\beifen\old\CYT4BB7_Library-master\Seekfree_CYT4BB_Opensource_Library\project\iar\Debug_m7_0\Obj\audioss_1346650047966882938.dir\cy_i2s.o
#        C:\Code\beifen\old\CYT4BB7_Library-master\Seekfree_CYT4BB_Opensource_Library\project\iar\Debug_m7_0\Obj\rev_b_6162237342861132223.dir\cy_interrupt_map.o
#        C:\Code\beifen\old\CYT4BB7_Library-master\Seekfree_CYT4BB_Opensource_Library\project\iar\Debug_m7_0\Obj\ipc_10145506163450686023.dir\cy_ipc_drv.o
#        C:\Code\beifen\old\CYT4BB7_Library-master\Seekfree_CYT4BB_Opensource_Library\project\iar\Debug_m7_0\Obj\ipc_10145506163450686023.dir\cy_ipc_pipe.o
#        C:\Code\beifen\old\CYT4BB7_Library-master\Seekfree_CYT4BB_Opensource_Library\project\iar\Debug_m7_0\Obj\ipc_10145506163450686023.dir\cy_ipc_sema.o
#        C:\Code\beifen\old\CYT4BB7_Library-master\Seekfree_CYT4BB_Opensource_Library\project\iar\Debug_m7_0\Obj\lin_18429031207028094880.dir\cy_lin.o
#        C:\Code\beifen\old\CYT4BB7_Library-master\Seekfree_CYT4BB_Opensource_Library\project\iar\Debug_m7_0\Obj\lvd_6353935867039560245.dir\cy_lvd.o
#        C:\Code\beifen\old\CYT4BB7_Library-master\Seekfree_CYT4BB_Opensource_Library\project\iar\Debug_m7_0\Obj\mcwdt_4052485907822033969.dir\cy_mcwdt.o
#        C:\Code\beifen\old\CYT4BB7_Library-master\Seekfree_CYT4BB_Opensource_Library\project\iar\Debug_m7_0\Obj\dma_12106025507578611576.dir\cy_mdma.o
#        C:\Code\beifen\old\CYT4BB7_Library-master\Seekfree_CYT4BB_Opensource_Library\project\iar\Debug_m7_0\Obj\mpu_5663187252346826382.dir\cy_mpu.o
#        C:\Code\beifen\old\CYT4BB7_Library-master\Seekfree_CYT4BB_Opensource_Library\project\iar\Debug_m7_0\Obj\flash_864493325053435817.dir\cy_mw_flash.o
#        C:\Code\beifen\old\CYT4BB7_Library-master\Seekfree_CYT4BB_Opensource_Library\project\iar\Debug_m7_0\Obj\dma_12106025507578611576.dir\cy_pdma.o
#        C:\Code\beifen\old\CYT4BB7_Library-master\Seekfree_CYT4BB_Opensource_Library\project\iar\Debug_m7_0\Obj\power_14453085144426420577.dir\cy_power.o
#        C:\Code\beifen\old\CYT4BB7_Library-master\Seekfree_CYT4BB_Opensource_Library\project\iar\Debug_m7_0\Obj\prot_10722960861768657883.dir\cy_prot.o
#        C:\Code\beifen\old\CYT4BB7_Library-master\Seekfree_CYT4BB_Opensource_Library\project\iar\Debug_m7_0\Obj\scb_15490842639181808494.dir\cy_scb_common.o
#        C:\Code\beifen\old\CYT4BB7_Library-master\Seekfree_CYT4BB_Opensource_Library\project\iar\Debug_m7_0\Obj\scb_15490842639181808494.dir\cy_scb_ezi2c.o
#        C:\Code\beifen\old\CYT4BB7_Library-master\Seekfree_CYT4BB_Opensource_Library\project\iar\Debug_m7_0\Obj\scb_15490842639181808494.dir\cy_scb_i2c.o
#        C:\Code\beifen\old\CYT4BB7_Library-master\Seekfree_CYT4BB_Opensource_Library\project\iar\Debug_m7_0\Obj\scb_15490842639181808494.dir\cy_scb_spi.o
#        C:\Code\beifen\old\CYT4BB7_Library-master\Seekfree_CYT4BB_Opensource_Library\project\iar\Debug_m7_0\Obj\scb_15490842639181808494.dir\cy_scb_uart.o
#        C:\Code\beifen\old\CYT4BB7_Library-master\Seekfree_CYT4BB_Opensource_Library\project\iar\Debug_m7_0\Obj\sd_host_2982766354293506895.dir\cy_sd_host.o
#        C:\Code\beifen\old\CYT4BB7_Library-master\Seekfree_CYT4BB_Opensource_Library\project\iar\Debug_m7_0\Obj\semihosting_143864889731838620.dir\cy_semihosting.o
#        C:\Code\beifen\old\CYT4BB7_Library-master\Seekfree_CYT4BB_Opensource_Library\project\iar\Debug_m7_0\Obj\smartio_5451710003740070188.dir\cy_smartio.o
#        C:\Code\beifen\old\CYT4BB7_Library-master\Seekfree_CYT4BB_Opensource_Library\project\iar\Debug_m7_0\Obj\smif_427648126384146252.dir\cy_smif.o
#        C:\Code\beifen\old\CYT4BB7_Library-master\Seekfree_CYT4BB_Opensource_Library\project\iar\Debug_m7_0\Obj\smif_mem_6470536964353725183.dir\cy_smif_device_common.o
#        C:\Code\beifen\old\CYT4BB7_Library-master\Seekfree_CYT4BB_Opensource_Library\project\iar\Debug_m7_0\Obj\smif_mem_6470536964353725183.dir\cy_smif_hb_flash.o
#        C:\Code\beifen\old\CYT4BB7_Library-master\Seekfree_CYT4BB_Opensource_Library\project\iar\Debug_m7_0\Obj\smif_427648126384146252.dir\cy_smif_memslot.o
#        C:\Code\beifen\old\CYT4BB7_Library-master\Seekfree_CYT4BB_Opensource_Library\project\iar\Debug_m7_0\Obj\smif_mem_6470536964353725183.dir\cy_smif_s25fl.o
#        C:\Code\beifen\old\CYT4BB7_Library-master\Seekfree_CYT4BB_Opensource_Library\project\iar\Debug_m7_0\Obj\smif_mem_6470536964353725183.dir\cy_smif_s25fs.o
#        C:\Code\beifen\old\CYT4BB7_Library-master\Seekfree_CYT4BB_Opensource_Library\project\iar\Debug_m7_0\Obj\smif_mem_6470536964353725183.dir\cy_smif_semp.o
#        C:\Code\beifen\old\CYT4BB7_Library-master\Seekfree_CYT4BB_Opensource_Library\project\iar\Debug_m7_0\Obj\smif_427648126384146252.dir\cy_smif_ver_specific.o
#        C:\Code\beifen\old\CYT4BB7_Library-master\Seekfree_CYT4BB_Opensource_Library\project\iar\Debug_m7_0\Obj\srom_13018798572330080582.dir\cy_srom.o
#        C:\Code\beifen\old\CYT4BB7_Library-master\Seekfree_CYT4BB_Opensource_Library\project\iar\Debug_m7_0\Obj\sw_timer_4215635015939382130.dir\cy_sw_tmr.o
#        C:\Code\beifen\old\CYT4BB7_Library-master\Seekfree_CYT4BB_Opensource_Library\project\iar\Debug_m7_0\Obj\sysclk_16149231235676103872.dir\cy_sysclk.o
#        C:\Code\beifen\old\CYT4BB7_Library-master\Seekfree_CYT4BB_Opensource_Library\project\iar\Debug_m7_0\Obj\sysflt_12293435975120599261.dir\cy_sysflt.o
#        C:\Code\beifen\old\CYT4BB7_Library-master\Seekfree_CYT4BB_Opensource_Library\project\iar\Debug_m7_0\Obj\sysint_7435970359207984181.dir\cy_sysint.o
#        C:\Code\beifen\old\CYT4BB7_Library-master\Seekfree_CYT4BB_Opensource_Library\project\iar\Debug_m7_0\Obj\syslib_16330585751512546975.dir\cy_syslib.o
#        C:\Code\beifen\old\CYT4BB7_Library-master\Seekfree_CYT4BB_Opensource_Library\project\iar\Debug_m7_0\Obj\syslib_16330585751512546975.dir\cy_syslib_iar.o
#        C:\Code\beifen\old\CYT4BB7_Library-master\Seekfree_CYT4BB_Opensource_Library\project\iar\Debug_m7_0\Obj\syspm_10887939769544754770.dir\cy_syspm.o
#        C:\Code\beifen\old\CYT4BB7_Library-master\Seekfree_CYT4BB_Opensource_Library\project\iar\Debug_m7_0\Obj\sysreghc_17676636058511625587.dir\cy_sysreghc.o
#        C:\Code\beifen\old\CYT4BB7_Library-master\Seekfree_CYT4BB_Opensource_Library\project\iar\Debug_m7_0\Obj\sysreset_14586141425677365288.dir\cy_sysreset.o
#        C:\Code\beifen\old\CYT4BB7_Library-master\Seekfree_CYT4BB_Opensource_Library\project\iar\Debug_m7_0\Obj\sysrtc_10747768817563771611.dir\cy_sysrtc.o
#        C:\Code\beifen\old\CYT4BB7_Library-master\Seekfree_CYT4BB_Opensource_Library\project\iar\Debug_m7_0\Obj\systick_16016591671695740695.dir\cy_systick.o
#        C:\Code\beifen\old\CYT4BB7_Library-master\Seekfree_CYT4BB_Opensource_Library\project\iar\Debug_m7_0\Obj\syswdt_9118657615806274156.dir\cy_syswdt.o
#        C:\Code\beifen\old\CYT4BB7_Library-master\Seekfree_CYT4BB_Opensource_Library\project\iar\Debug_m7_0\Obj\tcpwm_422923530147891246.dir\cy_tcpwm.o
#        C:\Code\beifen\old\CYT4BB7_Library-master\Seekfree_CYT4BB_Opensource_Library\project\iar\Debug_m7_0\Obj\tcpwm_422923530147891246.dir\cy_tcpwm_counter.o
#        C:\Code\beifen\old\CYT4BB7_Library-master\Seekfree_CYT4BB_Opensource_Library\project\iar\Debug_m7_0\Obj\tcpwm_422923530147891246.dir\cy_tcpwm_pwm.o
#        C:\Code\beifen\old\CYT4BB7_Library-master\Seekfree_CYT4BB_Opensource_Library\project\iar\Debug_m7_0\Obj\tcpwm_422923530147891246.dir\cy_tcpwm_quaddec.o
#        C:\Code\beifen\old\CYT4BB7_Library-master\Seekfree_CYT4BB_Opensource_Library\project\iar\Debug_m7_0\Obj\tcpwm_422923530147891246.dir\cy_tcpwm_sr.o
#        C:\Code\beifen\old\CYT4BB7_Library-master\Seekfree_CYT4BB_Opensource_Library\project\iar\Debug_m7_0\Obj\trigmux_9729677290734583340.dir\cy_trigmux.o
#        C:\Code\beifen\old\CYT4BB7_Library-master\Seekfree_CYT4BB_Opensource_Library\project\iar\Debug_m7_0\Obj\ethernet_6029839089178797009.dir\edd.o
#        C:\Code\beifen\old\CYT4BB7_Library-master\Seekfree_CYT4BB_Opensource_Library\project\iar\Debug_m7_0\Obj\ethernet_6029839089178797009.dir\edd_rx.o
#        C:\Code\beifen\old\CYT4BB7_Library-master\Seekfree_CYT4BB_Opensource_Library\project\iar\Debug_m7_0\Obj\ethernet_6029839089178797009.dir\edd_tx.o
#        C:\Code\beifen\old\CYT4BB7_Library-master\Seekfree_CYT4BB_Opensource_Library\project\iar\Debug_m7_0\Obj\user_8514941877209965082.dir\main_cm7_0.o
#        C:\Code\beifen\old\CYT4BB7_Library-master\Seekfree_CYT4BB_Opensource_Library\project\iar\Debug_m7_0\Obj\user_8514941877209965082.dir\pid.o
#        C:\Code\beifen\old\CYT4BB7_Library-master\Seekfree_CYT4BB_Opensource_Library\project\iar\Debug_m7_0\Obj\zf_components_14936052685886095442.dir\seekfree_assistant.o
#        C:\Code\beifen\old\CYT4BB7_Library-master\Seekfree_CYT4BB_Opensource_Library\project\iar\Debug_m7_0\Obj\zf_components_14936052685886095442.dir\seekfree_assistant_interface.o
#        C:\Code\beifen\old\CYT4BB7_Library-master\Seekfree_CYT4BB_Opensource_Library\project\iar\Debug_m7_0\Obj\user_8514941877209965082.dir\small_driver_uart_control.o
#        C:\Code\beifen\old\CYT4BB7_Library-master\Seekfree_CYT4BB_Opensource_Library\project\iar\Debug_m7_0\Obj\startup_479057977785470282.dir\startup.o
#        C:\Code\beifen\old\CYT4BB7_Library-master\Seekfree_CYT4BB_Opensource_Library\project\iar\Debug_m7_0\Obj\startup_479057977785470282.dir\startup_cm7.o
#        C:\Code\beifen\old\CYT4BB7_Library-master\Seekfree_CYT4BB_Opensource_Library\project\iar\Debug_m7_0\Obj\rev_b_4986922561640112550.dir\system_tviibh4m_cm7.o
#        C:\Code\beifen\old\CYT4BB7_Library-master\Seekfree_CYT4BB_Opensource_Library\project\iar\Debug_m7_0\Obj\code_17896468042025673432.dir\vl53l8cx.o
#        C:\Code\beifen\old\CYT4BB7_Library-master\Seekfree_CYT4BB_Opensource_Library\project\iar\Debug_m7_0\Obj\code_17896468042025673432.dir\vl53l8cx_api.o
#        C:\Code\beifen\old\CYT4BB7_Library-master\Seekfree_CYT4BB_Opensource_Library\project\iar\Debug_m7_0\Obj\code_17896468042025673432.dir\vl53l8cx_platform.o
#        C:\Code\beifen\old\CYT4BB7_Library-master\Seekfree_CYT4BB_Opensource_Library\project\iar\Debug_m7_0\Obj\zf_common_1201165462030747823.dir\zf_common_clock.o
#        C:\Code\beifen\old\CYT4BB7_Library-master\Seekfree_CYT4BB_Opensource_Library\project\iar\Debug_m7_0\Obj\zf_common_1201165462030747823.dir\zf_common_debug.o
#        C:\Code\beifen\old\CYT4BB7_Library-master\Seekfree_CYT4BB_Opensource_Library\project\iar\Debug_m7_0\Obj\zf_common_1201165462030747823.dir\zf_common_fifo.o
#        C:\Code\beifen\old\CYT4BB7_Library-master\Seekfree_CYT4BB_Opensource_Library\project\iar\Debug_m7_0\Obj\zf_common_1201165462030747823.dir\zf_common_font.o
#        C:\Code\beifen\old\CYT4BB7_Library-master\Seekfree_CYT4BB_Opensource_Library\project\iar\Debug_m7_0\Obj\zf_common_1201165462030747823.dir\zf_common_function.o
#        C:\Code\beifen\old\CYT4BB7_Library-master\Seekfree_CYT4BB_Opensource_Library\project\iar\Debug_m7_0\Obj\zf_common_1201165462030747823.dir\zf_common_interrupt.o
#        C:\Code\beifen\old\CYT4BB7_Library-master\Seekfree_CYT4BB_Opensource_Library\project\iar\Debug_m7_0\Obj\zf_device_6570275422786408770.dir\zf_device_ble6a20.o
#        C:\Code\beifen\old\CYT4BB7_Library-master\Seekfree_CYT4BB_Opensource_Library\project\iar\Debug_m7_0\Obj\zf_device_6570275422786408770.dir\zf_device_dl1a.o
#        C:\Code\beifen\old\CYT4BB7_Library-master\Seekfree_CYT4BB_Opensource_Library\project\iar\Debug_m7_0\Obj\zf_device_6570275422786408770.dir\zf_device_dl1b.o
#        C:\Code\beifen\old\CYT4BB7_Library-master\Seekfree_CYT4BB_Opensource_Library\project\iar\Debug_m7_0\Obj\zf_device_6570275422786408770.dir\zf_device_gnss.o
#        C:\Code\beifen\old\CYT4BB7_Library-master\Seekfree_CYT4BB_Opensource_Library\project\iar\Debug_m7_0\Obj\zf_device_6570275422786408770.dir\zf_device_icm20602.o
#        C:\Code\beifen\old\CYT4BB7_Library-master\Seekfree_CYT4BB_Opensource_Library\project\iar\Debug_m7_0\Obj\zf_device_6570275422786408770.dir\zf_device_imu660ra.o
#        C:\Code\beifen\old\CYT4BB7_Library-master\Seekfree_CYT4BB_Opensource_Library\project\iar\Debug_m7_0\Obj\zf_device_6570275422786408770.dir\zf_device_imu660rb.o
#        C:\Code\beifen\old\CYT4BB7_Library-master\Seekfree_CYT4BB_Opensource_Library\project\iar\Debug_m7_0\Obj\zf_device_6570275422786408770.dir\zf_device_imu660rc.o
#        C:\Code\beifen\old\CYT4BB7_Library-master\Seekfree_CYT4BB_Opensource_Library\project\iar\Debug_m7_0\Obj\zf_device_6570275422786408770.dir\zf_device_imu963ra.o
#        C:\Code\beifen\old\CYT4BB7_Library-master\Seekfree_CYT4BB_Opensource_Library\project\iar\Debug_m7_0\Obj\zf_device_6570275422786408770.dir\zf_device_ips114.o
#        C:\Code\beifen\old\CYT4BB7_Library-master\Seekfree_CYT4BB_Opensource_Library\project\iar\Debug_m7_0\Obj\zf_device_6570275422786408770.dir\zf_device_ips200.o
#        C:\Code\beifen\old\CYT4BB7_Library-master\Seekfree_CYT4BB_Opensource_Library\project\iar\Debug_m7_0\Obj\zf_device_6570275422786408770.dir\zf_device_ips200pro.o
#        C:\Code\beifen\old\CYT4BB7_Library-master\Seekfree_CYT4BB_Opensource_Library\project\iar\Debug_m7_0\Obj\zf_device_6570275422786408770.dir\zf_device_key.o
#        C:\Code\beifen\old\CYT4BB7_Library-master\Seekfree_CYT4BB_Opensource_Library\project\iar\Debug_m7_0\Obj\zf_device_6570275422786408770.dir\zf_device_lora3a22.o
#        C:\Code\beifen\old\CYT4BB7_Library-master\Seekfree_CYT4BB_Opensource_Library\project\iar\Debug_m7_0\Obj\zf_device_6570275422786408770.dir\zf_device_menc15a.o
#        C:\Code\beifen\old\CYT4BB7_Library-master\Seekfree_CYT4BB_Opensource_Library\project\iar\Debug_m7_0\Obj\zf_device_6570275422786408770.dir\zf_device_mt9v03x.o
#        C:\Code\beifen\old\CYT4BB7_Library-master\Seekfree_CYT4BB_Opensource_Library\project\iar\Debug_m7_0\Obj\zf_device_6570275422786408770.dir\zf_device_oled.o
#        C:\Code\beifen\old\CYT4BB7_Library-master\Seekfree_CYT4BB_Opensource_Library\project\iar\Debug_m7_0\Obj\zf_device_6570275422786408770.dir\zf_device_pmw3901.o
#        C:\Code\beifen\old\CYT4BB7_Library-master\Seekfree_CYT4BB_Opensource_Library\project\iar\Debug_m7_0\Obj\zf_device_6570275422786408770.dir\zf_device_tft180.o
#        C:\Code\beifen\old\CYT4BB7_Library-master\Seekfree_CYT4BB_Opensource_Library\project\iar\Debug_m7_0\Obj\zf_device_6570275422786408770.dir\zf_device_tsl1401.o
#        C:\Code\beifen\old\CYT4BB7_Library-master\Seekfree_CYT4BB_Opensource_Library\project\iar\Debug_m7_0\Obj\zf_device_6570275422786408770.dir\zf_device_type.o
#        C:\Code\beifen\old\CYT4BB7_Library-master\Seekfree_CYT4BB_Opensource_Library\project\iar\Debug_m7_0\Obj\zf_device_6570275422786408770.dir\zf_device_uart_receiver.o
#        C:\Code\beifen\old\CYT4BB7_Library-master\Seekfree_CYT4BB_Opensource_Library\project\iar\Debug_m7_0\Obj\zf_device_6570275422786408770.dir\zf_device_upflow302.o
#        C:\Code\beifen\old\CYT4BB7_Library-master\Seekfree_CYT4BB_Opensource_Library\project\iar\Debug_m7_0\Obj\zf_device_6570275422786408770.dir\zf_device_wifi_spi.o
#        C:\Code\beifen\old\CYT4BB7_Library-master\Seekfree_CYT4BB_Opensource_Library\project\iar\Debug_m7_0\Obj\zf_device_6570275422786408770.dir\zf_device_wifi_uart.o
#        C:\Code\beifen\old\CYT4BB7_Library-master\Seekfree_CYT4BB_Opensource_Library\project\iar\Debug_m7_0\Obj\zf_device_6570275422786408770.dir\zf_device_wireless_uart.o
#        C:\Code\beifen\old\CYT4BB7_Library-master\Seekfree_CYT4BB_Opensource_Library\project\iar\Debug_m7_0\Obj\zf_driver_11922370083829174090.dir\zf_driver_adc.o
#        C:\Code\beifen\old\CYT4BB7_Library-master\Seekfree_CYT4BB_Opensource_Library\project\iar\Debug_m7_0\Obj\zf_driver_11922370083829174090.dir\zf_driver_delay.o
#        C:\Code\beifen\old\CYT4BB7_Library-master\Seekfree_CYT4BB_Opensource_Library\project\iar\Debug_m7_0\Obj\zf_driver_11922370083829174090.dir\zf_driver_dma.o
#        C:\Code\beifen\old\CYT4BB7_Library-master\Seekfree_CYT4BB_Opensource_Library\project\iar\Debug_m7_0\Obj\zf_driver_11922370083829174090.dir\zf_driver_encoder.o
#        C:\Code\beifen\old\CYT4BB7_Library-master\Seekfree_CYT4BB_Opensource_Library\project\iar\Debug_m7_0\Obj\zf_driver_11922370083829174090.dir\zf_driver_exti.o
#        C:\Code\beifen\old\CYT4BB7_Library-master\Seekfree_CYT4BB_Opensource_Library\project\iar\Debug_m7_0\Obj\zf_driver_11922370083829174090.dir\zf_driver_flash.o
#        C:\Code\beifen\old\CYT4BB7_Library-master\Seekfree_CYT4BB_Opensource_Library\project\iar\Debug_m7_0\Obj\zf_driver_11922370083829174090.dir\zf_driver_gpio.o
#        C:\Code\beifen\old\CYT4BB7_Library-master\Seekfree_CYT4BB_Opensource_Library\project\iar\Debug_m7_0\Obj\zf_driver_11922370083829174090.dir\zf_driver_ipc.o
#        C:\Code\beifen\old\CYT4BB7_Library-master\Seekfree_CYT4BB_Opensource_Library\project\iar\Debug_m7_0\Obj\zf_driver_11922370083829174090.dir\zf_driver_pit.o
#        C:\Code\beifen\old\CYT4BB7_Library-master\Seekfree_CYT4BB_Opensource_Library\project\iar\Debug_m7_0\Obj\zf_driver_11922370083829174090.dir\zf_driver_pwm.o
#        C:\Code\beifen\old\CYT4BB7_Library-master\Seekfree_CYT4BB_Opensource_Library\project\iar\Debug_m7_0\Obj\zf_driver_11922370083829174090.dir\zf_driver_soft_iic.o
#        C:\Code\beifen\old\CYT4BB7_Library-master\Seekfree_CYT4BB_Opensource_Library\project\iar\Debug_m7_0\Obj\zf_driver_11922370083829174090.dir\zf_driver_soft_spi.o
#        C:\Code\beifen\old\CYT4BB7_Library-master\Seekfree_CYT4BB_Opensource_Library\project\iar\Debug_m7_0\Obj\zf_driver_11922370083829174090.dir\zf_driver_spi.o
#        C:\Code\beifen\old\CYT4BB7_Library-master\Seekfree_CYT4BB_Opensource_Library\project\iar\Debug_m7_0\Obj\zf_driver_11922370083829174090.dir\zf_driver_timer.o
#        C:\Code\beifen\old\CYT4BB7_Library-master\Seekfree_CYT4BB_Opensource_Library\project\iar\Debug_m7_0\Obj\zf_driver_11922370083829174090.dir\zf_driver_uart.o
#        --no_out_extension -o
#        C:\Code\beifen\old\CYT4BB7_Library-master\Seekfree_CYT4BB_Opensource_Library\project\iar\project_config\Debug_m7_0\Exe\cyt4bb7_cm_7_0.out
#        --config_def _CORE_cm7_0_=0 --config_def _LINK_flash_=0 --map
#        C:\Code\beifen\old\CYT4BB7_Library-master\Seekfree_CYT4BB_Opensource_Library\project\iar\Debug_m7_0\List\cyt4bb7_cm_7_0.map
#        --config
#        C:\Code\beifen\old\CYT4BB7_Library-master\Seekfree_CYT4BB_Opensource_Library\project\iar\project_config\..\icf\linker_directives_tviibh.icf
#        --semihosting
#        C:\Code\beifen\old\CYT4BB7_Library-master\Seekfree_CYT4BB_Opensource_Library\project\iar\project_config\..\..\..\libraries\sdk\tviibh4m\src\drivers\crypto\libs\libcrypto_server_cm0plus_iar.a
#        C:\Code\beifen\old\CYT4BB7_Library-master\Seekfree_CYT4BB_Opensource_Library\project\iar\project_config\..\..\..\libraries\zf_device\zf_device_config.a
#        C:\Code\beifen\old\CYT4BB7_Library-master\Seekfree_CYT4BB_Opensource_Library\project\iar\project_config\..\..\..\libraries\sdk\common\hdr\cmsis\dsp\iar_cortexM7lf_math.a
#        --entry __iar_program_start --vfe --text_out locale --cpu=Cortex-M7
#        --fpu=VFPv5_d16) --dependencies=n
#        C:\Code\beifen\old\CYT4BB7_Library-master\Seekfree_CYT4BB_Opensource_Library\project\iar\project_config\Debug_m7_0\Exe\cyt4bb7_cm_7_0.out.iar_deps
#
###############################################################################

*******************************************************************************
*** RUNTIME MODEL ATTRIBUTES
***

CppFlavor       = *
__CPP_Runtime   = 1
__Heap_Handler  = Basic
__SystemLibrary = DLib
__dlib_version  = 6


*******************************************************************************
*** HEAP SELECTION
***

The basic heap was selected because --advanced_heap
was not specified and the application did not appear to
be primarily optimized for speed.


*******************************************************************************
*** PLACEMENT SUMMARY
***

"A0":  place at start of [from 0x1008'0000 to 0x1027'ffff] { section .intvec };
"P1":  place in [from 0x1008'0000 to 0x1027'ffff] { ro };
"P2":  place in [from 0x2802'0000 to 0x2807'ffff] { rw };
define block HEAP with size = 1K, alignment = 8 { };
define block CSTACK with size = 8K, alignment = 8 { };
define block HEAP_STACK { block HEAP, last block CSTACK };
"A1":  place at end of [from 0x2802'0000 to 0x2807'ffff] { block HEAP_STACK };
do not initialize { section .intvec_ram };
initialize by copy { rw };

No sections matched the following patterns:

  ro section .sflash_app_prot  in "P6"
  ro section .sflash_nar       in "P4"
  ro section .sflash_pkey      in "P5"
  ro section .sflash_toc2      in "P7"
  ro section .sflash_uf_rows   in "P3"
  ro section .work_flash       in "P8"
  section .global_ram_data     in "P9"


  Section            Kind         Address      Size  Object
  -------            ----         -------      ----  ------
"A0":                                          0x80
  .intvec            ro code  0x1008'0000      0x80  startup_cm7.o [31]
                            - 0x1008'0080      0x80

"P1":                                      0x1'fb57
  .rodata            const    0x1008'0080  0x1'5000  vl53l8cx_api.o [5]
  .text              ro code  0x1009'5080    0x11e0  vl53l8cx_api.o [5]
  .text              ro code  0x1009'6260     0x5d6  vl53l8cx_platform.o [5]
  .text              ro code  0x1009'6836      0x7e  lz77_init_single.o [52]
  .text              ro code  0x1009'68b4      0xa6  ABImemcpy.o [52]
  .text              ro code  0x1009'695a       0xa  xsprout.o [50]
  .text              ro code  0x1009'6964      0x66  ABImemset.o [52]
  .text              ro code  0x1009'69cc     0x778  cy_scb_i2c.o [24]
  .text              ro code  0x1009'7144     0x194  cy_gpio.o [14]
  .text              ro code  0x1009'72d8     0x284  zf_driver_delay.o [49]
  .text              ro code  0x1009'755c      0xbc  cy_syslib.o [36]
  .text              ro code  0x1009'7618     0x1ae  cy_tcpwm_counter.o [43]
  .text              ro code  0x1009'77c6       0xc  cy_tcpwm.o [43]
  .text              ro code  0x1009'77e0      0x1e  cy_syslib_iar.o [36]
  .text              ro code  0x1009'77fe       0x2  cy_syslib.o [36]
  .text              ro code  0x1009'7800     0xeae  xprintffull_nomb.o [50]
  .text              ro code  0x1009'86b0      0x16  strchr.o [52]
  .text              ro code  0x1009'86c8      0x40  xfail_s.o [50]
  .text              ro code  0x1009'8708      0x36  strlen.o [52]
  .text              ro code  0x1009'8740      0x58  memchr.o [52]
  .text              ro code  0x1009'8798      0x70  frexp.o [51]
  .text              ro code  0x1009'8808      0x34  DblCmpLe.o [51]
  .text              ro code  0x1009'883c      0x34  DblCmpGe.o [51]
  .text              ro code  0x1009'8870     0x104  ldexp.o [51]
  .text              ro code  0x1009'8974       0xe  DblToS32.o [51]
  .text              ro code  0x1009'8982       0xe  S32ToDbl.o [51]
  .text              ro code  0x1009'8990      0x12  DblSub.o [51]
  .text              ro code  0x1009'89a2      0x12  DblDiv.o [51]
  .text              ro code  0x1009'89b4       0xe  DblToU32.o [51]
  .text              ro code  0x1009'89c2       0xe  U32ToDbl.o [51]
  .text              ro code  0x1009'89d0      0x12  DblMul.o [51]
  .text              ro code  0x1009'89e4     0x230  I64DivMod.o [52]
  .text              ro code  0x1009'8c14       0x6  abort.o [50]
  .text              ro code  0x1009'8c1c       0x2  I64DivZer.o [52]
  .text              ro code  0x1009'8c20      0x14  exit.o [53]
  .text              ro code  0x1009'8c34     0xaec  zf_driver_uart.o [49]
  .text              ro code  0x1009'9720     0x454  zf_common_debug.o [46]
  .text              ro code  0x1009'9b74       0x6  ABImemclr4.o [52]
  .text              ro code  0x1009'9b7c     0x314  cy_scb_uart.o [24]
  .text              ro code  0x1009'9e90      0xe2  zf_common_interrupt.o [46]
  .text              ro code  0x1009'9f74      0x40  sprintf.o [50]
  .text              ro code  0x1009'9fb4     0x448  zf_common_fifo.o [46]
  .text              ro code  0x1009'a3fc      0x32  ABImemset48.o [52]
  .text              ro code  0x1009'a430      0x20  zf_driver_pwm.o [49]
  .text              ro code  0x1009'a450      0xac  cy_sysint.o [35]
  .text              ro code  0x1009'a4fc     0xaa0  zf_driver_spi.o [49]
  .text              ro code  0x1009'af9c     0x1f0  cy_scb_spi.o [24]
  .text              ro code  0x1009'b18c     0x8e8  cy_sysclk.o [33]
  .text              ro code  0x1009'ba74      0x70  strncpy.o [52]
  .text              ro code  0x1009'bae4     0x830  cm7_0_isr.o [45]
  .text              ro code  0x1009'c314     0x398  zf_driver_pit.o [49]
  .text              ro code  0x1009'c6ac     0x5fc  zf_device_imu660rc.o [48]
  .text              ro code  0x1009'cca8     0x1d0  cos_sin32.o [51]
  .text              ro code  0x1009'ce78     0x174  adrc.o [45]
  .text              ro code  0x1009'cfec     0x128  pid.o [45]
  .text              ro code  0x1009'd114      0xfa  small_driver_uart_control.o [45]
  .text              ro code  0x1009'd210      0x7c  zf_device_tsl1401.o [48]
  .text              ro code  0x1009'd28c     0x114  zf_device_gnss.o [48]
  .text              ro code  0x1009'd3a0      0xdc  zf_driver_exti.o [49]
  .text              ro code  0x1009'd47c      0x1e  sqrtf.o [51]
  .text              ro code  0x1009'd49c      0x6a  atan2f.o [51]
  .text              ro code  0x1009'd508      0x5c  asinf.o [51]
  .text              ro code  0x1009'd564      0xe4  zf_driver_gpio.o [49]
  .text              ro code  0x1009'd648     0x5a4  zf_driver_adc.o [49]
  .text              ro code  0x1009'dbec      0x2a  strncmp.o [50]
  .text              ro code  0x1009'dc18      0xa4  xatanf.o [51]
  .text              ro code  0x1009'dcbc     0x2d0  cy_adc.o [1]
  .rodata            const    0x1009'df8c     0x3cc  vl53l8cx_api.o [5]
  .rodata            const    0x1009'e358     0x308  vl53l8cx_api.o [5]
  .text              ro code  0x1009'e660     0x294  vl53l8cx.o [5]
  .text              ro code  0x1009'e8f4     0x204  startup.o [31]
  .text              ro code  0x1009'eaf8     0x150  system_tviibh4m_cm7.o [22]
  .text              ro code  0x1009'ec48       0x8  startup_cm7.o [31]
  .text              ro code  0x1009'ec50       0x6  startup_cm7.o [31]
  .text              ro code  0x1009'ec58     0x198  cy_interrupt_map.o [23]
  .text              ro code  0x1009'edf0      0xf8  main_cm7_0.o [45]
  .text              ro code  0x1009'eee8      0x1c  zf_common_clock.o [46]
  .text              ro code  0x1009'ef04      0xc4  zf_device_lora3a22.o [48]
  .text              ro code  0x1009'efc8      0x28  printf.o [50]
  .text              ro code  0x1009'eff0      0x44  zf_device_type.o [48]
  .text              ro code  0x1009'f034      0xb0  startup_cm7.o [31]
  .rodata            const    0x1009'f0e4      0x88  system_tviibh4m_cm7.o [22]
  .rodata            const    0x1009'f16c      0x84  cy_sysclk.o [33]
  .rodata            const    0x1009'f1f0      0x84  cy_sysclk.o [33]
  .rodata            const    0x1009'f274      0x78  zf_device_imu660rc.o [48]
  .rodata            const    0x1009'f2ec      0x74  zf_common_fifo.o [46]
  .rodata            const    0x1009'f360      0x74  zf_driver_adc.o [49]
  .rodata            const    0x1009'f3d4      0x74  zf_driver_spi.o [49]
  .rodata            const    0x1009'f448      0x74  zf_driver_uart.o [49]
  .rodata            const    0x1009'f4bc      0x68  vl53l8cx.o [5]
  .text              ro code  0x1009'f524      0x38  zero_init3.o [52]
  .rodata            const    0x1009'f55c      0x30  vl53l8cx_api.o [5]
  .rodata            const    0x1009'f58c      0x28  vl53l8cx.o [5]
  .rodata            const    0x1009'f5b4      0x28  vl53l8cx.o [5]
  .rodata            const    0x1009'f5dc      0x28  vl53l8cx_api.o [5]
  .text              ro code  0x1009'f604      0x28  data_init.o [52]
  .rodata            const    0x1009'f62c      0x24  vl53l8cx.o [5]
  .text              ro code  0x1009'f650      0x22  fpinit_M.o [51]
  .iar.init_table    const    0x1009'f674      0x20  - Linker created -
  .rodata            const    0x1009'f694      0x20  main_cm7_0.o [45]
  .rodata            const    0x1009'f6b4      0x20  vl53l8cx.o [5]
  .rodata            const    0x1009'f6d4      0x20  vl53l8cx.o [5]
  .rodata            const    0x1009'f6f4      0x20  vl53l8cx.o [5]
  .text              ro code  0x1009'f714      0x20  startup_cm7.o [31]
  .text              ro code  0x1009'f734      0x20  putchar.o [50]
  .text              ro code  0x1009'f754      0x1e  cmain.o [52]
  .text              ro code  0x1009'f774       0x4  startup_cm7.o [31]
  .text              ro code  0x1009'f778       0x4  exit.o [50]
  .text              ro code  0x1009'f77c       0xa  cexit.o [52]
  .rodata            const    0x1009'f788      0x1c  main_cm7_0.o [45]
  .rodata            const    0x1009'f7a4      0x1c  zf_common_debug.o [46]
  .rodata            const    0x1009'f7c0      0x1c  zf_device_imu660rc.o [48]
  .text              ro code  0x1009'f7dc      0x1c  startup_cm7.o [31]
  .text              ro code  0x1009'f7f8      0x1c  cstartup_M.o [52]
  .rodata            const    0x1009'f814      0x18  startup.o [31]
  .rodata            const    0x1009'f82c      0x18  system_tviibh4m_cm7.o [22]
  .rodata            const    0x1009'f844      0x18  zf_common_debug.o [46]
  .text              ro code  0x1009'f85c      0x16  xprout.o [50]
  .rodata            const    0x1009'f874      0x10  vl53l8cx_api.o [5]
  .rodata            const    0x1009'f884      0x10  zf_common_debug.o [46]
  .rodata            const    0x1009'f894      0x10  zf_common_debug.o [46]
  .rodata            const    0x1009'f8a4       0xc  vl53l8cx_api.o [5]
  .rodata            const    0x1009'f8b0       0xc  zf_common_debug.o [46]
  .rodata            const    0x1009'f8bc       0xc  zf_common_debug.o [46]
  .rodata            const    0x1009'f8c8       0xc  zf_common_debug.o [46]
  .text              ro code  0x1009'f8d4       0xc  cy_syslib.o [36]
  .rodata            const    0x1009'f8e0       0x8  cy_sysclk.o [33]
  .rodata            const    0x1009'f8e8       0x8  vl53l8cx_api.o [5]
  .rodata            const    0x1009'f8f0       0x8  vl53l8cx_api.o [5]
  .rodata            const    0x1009'f8f8       0x8  vl53l8cx_api.o [5]
  .rodata            const    0x1009'f900       0x8  vl53l8cx_api.o [5]
  .rodata            const    0x1009'f908       0x8  vl53l8cx_api.o [5]
  .rodata            const    0x1009'f910       0x4  cy_adc.o [1]
  .rodata            const    0x1009'f914       0x4  cy_adc.o [1]
  .rodata            const    0x1009'f918       0x4  cy_adc.o [1]
  .rodata            const    0x1009'f91c       0x4  cy_adc.o [1]
  .rodata            const    0x1009'f920       0x4  cy_adc.o [1]
  .rodata            const    0x1009'f924       0x4  cy_adc.o [1]
  .rodata            const    0x1009'f928       0x4  cy_adc.o [1]
  .rodata            const    0x1009'f92c       0x4  cy_adc.o [1]
  .rodata            const    0x1009'f930       0x4  cy_interrupt_map.o [23]
  .rodata            const    0x1009'f934       0x4  cy_interrupt_map.o [23]
  .rodata            const    0x1009'f938       0x4  cy_interrupt_map.o [23]
  .rodata            const    0x1009'f93c       0x4  cy_interrupt_map.o [23]
  .rodata            const    0x1009'f940       0x4  cy_interrupt_map.o [23]
  .rodata            const    0x1009'f944       0x4  cy_interrupt_map.o [23]
  .rodata            const    0x1009'f948       0x4  cy_interrupt_map.o [23]
  .rodata            const    0x1009'f94c       0x4  cy_interrupt_map.o [23]
  .rodata            const    0x1009'f950       0x4  cy_scb_i2c.o [24]
  .rodata            const    0x1009'f954       0x4  cy_scb_i2c.o [24]
  .rodata            const    0x1009'f958       0x4  cy_scb_i2c.o [24]
  .rodata            const    0x1009'f95c       0x4  cy_scb_i2c.o [24]
  .rodata            const    0x1009'f960       0x4  cy_scb_i2c.o [24]
  .rodata            const    0x1009'f964       0x4  cy_scb_spi.o [24]
  .rodata            const    0x1009'f968       0x4  cy_scb_spi.o [24]
  .rodata            const    0x1009'f96c       0x4  cy_scb_spi.o [24]
  .rodata            const    0x1009'f970       0x4  cy_scb_spi.o [24]
  .rodata            const    0x1009'f974       0x4  cy_scb_uart.o [24]
  .rodata            const    0x1009'f978       0x4  cy_scb_uart.o [24]
  .rodata            const    0x1009'f97c       0x4  cy_scb_uart.o [24]
  .rodata            const    0x1009'f980       0x4  cy_scb_uart.o [24]
  .rodata            const    0x1009'f984       0x4  cy_scb_uart.o [24]
  .rodata            const    0x1009'f988       0x4  cy_scb_uart.o [24]
  .rodata            const    0x1009'f98c       0x4  cy_scb_uart.o [24]
  .rodata            const    0x1009'f990       0x4  cy_scb_uart.o [24]
  .rodata            const    0x1009'f994       0x4  cy_scb_uart.o [24]
  .rodata            const    0x1009'f998       0x4  cy_scb_uart.o [24]
  .rodata            const    0x1009'f99c       0x4  cy_sysint.o [35]
  .rodata            const    0x1009'f9a0       0x4  cy_sysint.o [35]
  .rodata            const    0x1009'f9a4       0x4  cy_tcpwm_counter.o [43]
  .rodata            const    0x1009'f9a8       0x4  cy_tcpwm_counter.o [43]
  .rodata            const    0x1009'f9ac       0x4  cy_tcpwm_counter.o [43]
  .rodata            const    0x1009'f9b0       0x4  cy_tcpwm_counter.o [43]
  .rodata            const    0x1009'f9b4       0x4  cy_tcpwm_counter.o [43]
  .rodata            const    0x1009'f9b8       0x4  vl53l8cx_api.o [5]
  .rodata            const    0x1009'f9bc       0x4  vl53l8cx_api.o [5]
  .rodata            const    0x1009'f9c0       0x4  vl53l8cx_api.o [5]
  .text              ro code  0x1009'f9c4       0x4  startup_cm7.o [31]
  .text              ro code  0x1009'f9c8       0x4  startup_cm7.o [31]
  .text              ro code  0x1009'f9cc       0x4  startup_cm7.o [31]
  .text              ro code  0x1009'f9d0       0x4  startup_cm7.o [31]
  .text              ro code  0x1009'f9d4       0x4  startup_cm7.o [31]
  .text              ro code  0x1009'f9d8       0x4  startup_cm7.o [31]
  .text              ro code  0x1009'f9dc       0x4  startup_cm7.o [31]
  .text              ro code  0x1009'f9e0       0x4  startup_cm7.o [31]
  .text              ro code  0x1009'f9e4       0x4  startup_cm7.o [31]
  .text              ro code  0x1009'f9e8       0x4  startup_cm7.o [31]
  .text              ro code  0x1009'f9ec       0x4  startup_cm7.o [31]
  .text              ro code  0x1009'f9f0       0x4  startup_cm7.o [31]
  .text              ro code  0x1009'f9f4       0x4  startup_cm7.o [31]
  .text              ro code  0x1009'f9f8       0x4  startup_cm7.o [31]
  .text              ro code  0x1009'f9fc       0x4  startup_cm7.o [31]
  .rodata            const    0x1009'fa00       0x0  zero_init3.o [52]
  .rodata            const    0x1009'fa00       0x0  lz77_init_single.o [52]
  Initializer bytes  const    0x1009'fa00     0x159  <for P2-1>
                            - 0x1009'fb59  0x1'fad9

"P2", part 1 of 3:                            0x91c
  P2-1                        0x2802'0000     0x91c  <Init block>
    .data            inited   0x2802'0000       0x4  cm7_0_isr.o [45]
    .data            inited   0x2802'0004      0x2c  cm7_0_isr.o [45]
    .data            inited   0x2802'0030      0x2c  cm7_0_isr.o [45]
    .data            inited   0x2802'005c      0x2c  cm7_0_isr.o [45]
    .data            inited   0x2802'0088      0x2c  cm7_0_isr.o [45]
    .data            inited   0x2802'00b4      0x2c  cm7_0_isr.o [45]
    .data            inited   0x2802'00e0      0x18  cm7_0_isr.o [45]
    .data            inited   0x2802'00f8      0x18  cm7_0_isr.o [45]
    .data            inited   0x2802'0110      0x18  cm7_0_isr.o [45]
    .data            inited   0x2802'0128     0x6ec  cy_interrupt_map.o [23]
    .data            inited   0x2802'0814       0x4  cy_interrupt_map.o [23]
    .data            inited   0x2802'0818       0x4  zf_device_type.o [48]
    .data            inited   0x2802'081c       0x4  zf_device_type.o [48]
    .data            inited   0x2802'0820       0xc  zf_driver_adc.o [49]
    .data            inited   0x2802'082c      0x60  zf_driver_exti.o [49]
    .data            inited   0x2802'088c      0x3c  zf_driver_pit.o [49]
    .data            inited   0x2802'08c8      0x10  zf_driver_spi.o [49]
    .data            inited   0x2802'08d8      0x1c  zf_driver_uart.o [49]
    .data            inited   0x2802'08f4      0x1c  zf_driver_uart.o [49]
    .data            inited   0x2802'0910       0x2  zf_device_dl1a.o [48]
    .data            inited   0x2802'0912       0x2  zf_driver_delay.o [49]
    .data            inited   0x2802'0914       0x1  cm7_0_isr.o [45]
    .data            inited   0x2802'0915       0x1  cm7_0_isr.o [45]
    .data            inited   0x2802'0916       0x1  cm7_0_isr.o [45]
    .data            inited   0x2802'0917       0x1  cm7_0_isr.o [45]
    .data            inited   0x2802'0918       0x1  vl53l8cx.o [5]
    .data            inited   0x2802'0919       0x1  zf_common_debug.o [46]
    .data            inited   0x2802'091a       0x1  zf_device_lora3a22.o [48]
    .data            inited   0x2802'091b       0x1  zf_driver_delay.o [49]
                            - 0x2802'091c     0x91c

"P2", part 2 of 3:                           0x11f0
  .bss               zero     0x2802'091c     0x904  vl53l8cx.o [5]
  .bss               zero     0x2802'1220     0x200  zf_device_tsl1401.o [48]
  .bss               zero     0x2802'1420     0x188  zf_driver_uart.o [49]
  .bss               zero     0x2802'15a8      0xc4  vl53l8cx.o [5]
  .bss               zero     0x2802'166c      0x80  zf_device_gnss.o [48]
  .bss               zero     0x2802'16ec      0x80  zf_device_gnss.o [48]
  .bss               zero     0x2802'176c      0x80  zf_device_gnss.o [48]
  .bss               zero     0x2802'17ec      0x70  cy_syslib.o [36]
  .bss               zero     0x2802'185c      0x70  zf_driver_uart.o [49]
  .bss               zero     0x2802'18cc      0x4c  vl53l8cx_platform.o [5]
  .bss               zero     0x2802'1918      0x48  zf_driver_adc.o [49]
  .bss               zero     0x2802'1960      0x40  zf_common_debug.o [46]
  .bss               zero     0x2802'19a0      0x20  small_driver_uart_control.o [45]
  .bss               zero     0x2802'19c0      0x18  cy_sysclk.o [33]
  .bss               zero     0x2802'19d8      0x18  cy_syslib.o [36]
  .bss               zero     0x2802'19f0      0x18  zf_common_debug.o [46]
  .bss               zero     0x2802'1a08      0x18  zf_device_gnss.o [48]
  .bss               zero     0x2802'1a20      0x14  zf_common_debug.o [46]
  .bss               zero     0x2802'1a34      0x14  zf_device_lora3a22.o [48]
  .bss               zero     0x2802'1a48      0x14  zf_device_lora3a22.o [48]
  .bss               zero     0x2802'1a5c      0x10  zf_device_imu660rc.o [48]
  .bss               zero     0x2802'1a6c       0x8  zf_device_imu660rc.o [48]
  .bss               zero     0x2802'1a74       0x8  zf_driver_uart.o [49]
  .bss               zero     0x2802'1a7c       0x8  zf_driver_uart.o [49]
  .bss               zero     0x2802'1a84       0x4  cm7_0_isr.o [45]
  .bss               zero     0x2802'1a88       0x4  cm7_0_isr.o [45]
  .bss               zero     0x2802'1a8c       0x4  cm7_0_isr.o [45]
  .bss               zero     0x2802'1a90       0x4  cm7_0_isr.o [45]
  .bss               zero     0x2802'1a94       0x4  cm7_0_isr.o [45]
  .bss               zero     0x2802'1a98       0x4  cm7_0_isr.o [45]
  .bss               zero     0x2802'1a9c       0x4  cm7_0_isr.o [45]
  .bss               zero     0x2802'1aa0       0x4  cm7_0_isr.o [45]
  .bss               zero     0x2802'1aa4       0x4  cy_syslib.o [36]
  .bss               zero     0x2802'1aa8       0x4  system_tviibh4m_cm7.o [22]
  .bss               zero     0x2802'1aac       0x4  system_tviibh4m_cm7.o [22]
  .bss               zero     0x2802'1ab0       0x4  system_tviibh4m_cm7.o [22]
  .bss               zero     0x2802'1ab4       0x4  system_tviibh4m_cm7.o [22]
  .bss               zero     0x2802'1ab8       0x4  system_tviibh4m_cm7.o [22]
  .bss               zero     0x2802'1abc       0x4  zf_common_clock.o [46]
  .bss               zero     0x2802'1ac0       0x4  zf_common_interrupt.o [46]
  .bss               zero     0x2802'1ac4       0x4  zf_device_imu660rc.o [48]
  .bss               zero     0x2802'1ac8       0x4  zf_device_imu660rc.o [48]
  .bss               zero     0x2802'1acc       0x4  zf_device_imu660rc.o [48]
  .bss               zero     0x2802'1ad0       0x4  zf_driver_spi.o [49]
  .bss               zero     0x2802'1ad4       0x4  xfail_s.o [50]
  .bss               zero     0x2802'1ad8       0x2  cm7_0_isr.o [45]
  .bss               zero     0x2802'1ada       0x2  cm7_0_isr.o [45]
  .bss               zero     0x2802'1adc       0x2  cm7_0_isr.o [45]
  .bss               zero     0x2802'1ade       0x2  cm7_0_isr.o [45]
  .bss               zero     0x2802'1ae0       0x2  vl53l8cx.o [5]
  .bss               zero     0x2802'1ae2       0x2  zf_device_imu660rc.o [48]
  .bss               zero     0x2802'1ae4       0x2  zf_device_imu660rc.o [48]
  .bss               zero     0x2802'1ae6       0x2  zf_device_imu660rc.o [48]
  .bss               zero     0x2802'1ae8       0x2  zf_device_imu660rc.o [48]
  .bss               zero     0x2802'1aea       0x2  zf_device_imu660rc.o [48]
  .bss               zero     0x2802'1aec       0x2  zf_device_imu660rc.o [48]
  .bss               zero     0x2802'1aee       0x2  zf_device_imu660rc.o [48]
  .bss               zero     0x2802'1af0       0x2  zf_device_imu660rc.o [48]
  .bss               zero     0x2802'1af2       0x2  zf_device_imu660rc.o [48]
  .bss               zero     0x2802'1af4       0x2  zf_device_lora3a22.o [48]
  .bss               zero     0x2802'1af6       0x1  cm7_0_isr.o [45]
  .bss               zero     0x2802'1af7       0x1  cm7_0_isr.o [45]
  .bss               zero     0x2802'1af8       0x1  cy_sysclk.o [33]
  .bss               zero     0x2802'1af9       0x1  main_cm7_0.o [45]
  .bss               zero     0x2802'1afa       0x1  vl53l8cx.o [5]
  .bss               zero     0x2802'1afb       0x1  vl53l8cx.o [5]
  .bss               zero     0x2802'1afc       0x1  zf_common_debug.o [46]
  .bss               zero     0x2802'1afd       0x1  zf_common_debug.o [46]
  .bss               zero     0x2802'1afe       0x1  zf_common_debug.o [46]
  .bss               zero     0x2802'1aff       0x1  zf_device_gnss.o [48]
  .bss               zero     0x2802'1b00       0x1  zf_device_gnss.o [48]
  .bss               zero     0x2802'1b01       0x1  zf_device_gnss.o [48]
  .bss               zero     0x2802'1b02       0x1  zf_device_gnss.o [48]
  .bss               zero     0x2802'1b03       0x1  zf_device_gnss.o [48]
  .bss               zero     0x2802'1b04       0x1  zf_device_imu660rc.o [48]
  .bss               zero     0x2802'1b05       0x1  zf_device_lora3a22.o [48]
  .bss               zero     0x2802'1b06       0x1  zf_device_lora3a22.o [48]
  .bss               zero     0x2802'1b07       0x1  zf_device_tsl1401.o [48]
  .bss               zero     0x2802'1b08       0x1  zf_device_tsl1401.o [48]
  .bss               zero     0x2802'1b09       0x1  zf_device_type.o [48]
                            - 0x2802'1b0a    0x11ee

"P2", part 3 of 3:                             0x80
  .intvec_ram        uninit   0x2802'1b80      0x80  startup_cm7.o [31]
                            - 0x2802'1c00      0x80

"A1":                                        0x2000
  HEAP_STACK                  0x2807'e000    0x2000  <Block>
    CSTACK                    0x2807'e000    0x2000  <Block>
      CSTACK         uninit   0x2807'e000    0x2000  <Block tail>
                            - 0x2808'0000    0x2000

Unused ranges:

         From           To       Size
         ----           --       ----
  0x1009'fbd7  0x1027'ffff  0x1e'0429
  0x2802'1b0c  0x2802'1b7f       0x74
  0x2802'1c00  0x2807'dfff   0x5'c400


*******************************************************************************
*** INIT TABLE
***

          Address      Size
          -------      ----
Zero (__iar_zero_init3)
    1 destination range, total size 0x11ee:
          0x2802'091c  0x11ee

Copy/lz77 (__iar_lz77_init_single3)
    1 source range, total size 0x159 (14% of destination):
          0x1009'fa00   0x159
    1 destination range, total size 0x91c:
          0x2802'0000   0x91c



*******************************************************************************
*** MODULE SUMMARY
***

    Module                       ro code  ro data  rw data
    ------                       -------  -------  -------
command line/config:
    ------------------------------------------------------
    Total:

C:\Code\beifen\old\CYT4BB7_Library-master\Seekfree_CYT4BB_Opensource_Library\project\iar\Debug_m7_0\Obj\adc_11722776235721520015.dir: [1]
    cy_adc.o                         720       32
    ------------------------------------------------------
    Total:                           720       32

C:\Code\beifen\old\CYT4BB7_Library-master\Seekfree_CYT4BB_Opensource_Library\project\iar\Debug_m7_0\Obj\audioss_1346650047966882938.dir: [2]
    ------------------------------------------------------
    Total:

C:\Code\beifen\old\CYT4BB7_Library-master\Seekfree_CYT4BB_Opensource_Library\project\iar\Debug_m7_0\Obj\button_4990804375159372270.dir: [3]
    ------------------------------------------------------
    Total:

C:\Code\beifen\old\CYT4BB7_Library-master\Seekfree_CYT4BB_Opensource_Library\project\iar\Debug_m7_0\Obj\canfd_1800690984773873875.dir: [4]
    ------------------------------------------------------
    Total:

C:\Code\beifen\old\CYT4BB7_Library-master\Seekfree_CYT4BB_Opensource_Library\project\iar\Debug_m7_0\Obj\code_17896468042025673432.dir: [5]
    vl53l8cx.o                       660      316    2'509
    vl53l8cx_api.o                 4'576   87'932
    vl53l8cx_platform.o            1'494                76
    ------------------------------------------------------
    Total:                         6'730   88'248    2'585

C:\Code\beifen\old\CYT4BB7_Library-master\Seekfree_CYT4BB_Opensource_Library\project\iar\Debug_m7_0\Obj\cpu_15938736945165268644.dir: [6]
    ------------------------------------------------------
    Total:

C:\Code\beifen\old\CYT4BB7_Library-master\Seekfree_CYT4BB_Opensource_Library\project\iar\Debug_m7_0\Obj\crypto_1190170608956581615.dir: [7]
    ------------------------------------------------------
    Total:

C:\Code\beifen\old\CYT4BB7_Library-master\Seekfree_CYT4BB_Opensource_Library\project\iar\Debug_m7_0\Obj\dma_12106025507578611576.dir: [8]
    ------------------------------------------------------
    Total:

C:\Code\beifen\old\CYT4BB7_Library-master\Seekfree_CYT4BB_Opensource_Library\project\iar\Debug_m7_0\Obj\eth_phy_18133017486186456677.dir: [9]
    ------------------------------------------------------
    Total:

C:\Code\beifen\old\CYT4BB7_Library-master\Seekfree_CYT4BB_Opensource_Library\project\iar\Debug_m7_0\Obj\ethernet_6029839089178797009.dir: [10]
    ------------------------------------------------------
    Total:

C:\Code\beifen\old\CYT4BB7_Library-master\Seekfree_CYT4BB_Opensource_Library\project\iar\Debug_m7_0\Obj\evtgen_3404189088603873129.dir: [11]
    ------------------------------------------------------
    Total:

C:\Code\beifen\old\CYT4BB7_Library-master\Seekfree_CYT4BB_Opensource_Library\project\iar\Debug_m7_0\Obj\flash_8529866181315662935.dir: [12]
    ------------------------------------------------------
    Total:

C:\Code\beifen\old\CYT4BB7_Library-master\Seekfree_CYT4BB_Opensource_Library\project\iar\Debug_m7_0\Obj\flash_864493325053435817.dir: [13]
    ------------------------------------------------------
    Total:

C:\Code\beifen\old\CYT4BB7_Library-master\Seekfree_CYT4BB_Opensource_Library\project\iar\Debug_m7_0\Obj\gpio_3999404635324069351.dir: [14]
    cy_gpio.o                        404
    ------------------------------------------------------
    Total:                           404

C:\Code\beifen\old\CYT4BB7_Library-master\Seekfree_CYT4BB_Opensource_Library\project\iar\Debug_m7_0\Obj\ipc_10145506163450686023.dir: [15]
    ------------------------------------------------------
    Total:

C:\Code\beifen\old\CYT4BB7_Library-master\Seekfree_CYT4BB_Opensource_Library\project\iar\Debug_m7_0\Obj\lin_18429031207028094880.dir: [16]
    ------------------------------------------------------
    Total:

C:\Code\beifen\old\CYT4BB7_Library-master\Seekfree_CYT4BB_Opensource_Library\project\iar\Debug_m7_0\Obj\lvd_6353935867039560245.dir: [17]
    ------------------------------------------------------
    Total:

C:\Code\beifen\old\CYT4BB7_Library-master\Seekfree_CYT4BB_Opensource_Library\project\iar\Debug_m7_0\Obj\mcwdt_4052485907822033969.dir: [18]
    ------------------------------------------------------
    Total:

C:\Code\beifen\old\CYT4BB7_Library-master\Seekfree_CYT4BB_Opensource_Library\project\iar\Debug_m7_0\Obj\mpu_5663187252346826382.dir: [19]
    ------------------------------------------------------
    Total:

C:\Code\beifen\old\CYT4BB7_Library-master\Seekfree_CYT4BB_Opensource_Library\project\iar\Debug_m7_0\Obj\power_14453085144426420577.dir: [20]
    ------------------------------------------------------
    Total:

C:\Code\beifen\old\CYT4BB7_Library-master\Seekfree_CYT4BB_Opensource_Library\project\iar\Debug_m7_0\Obj\prot_10722960861768657883.dir: [21]
    ------------------------------------------------------
    Total:

C:\Code\beifen\old\CYT4BB7_Library-master\Seekfree_CYT4BB_Opensource_Library\project\iar\Debug_m7_0\Obj\rev_b_4986922561640112550.dir: [22]
    system_tviibh4m_cm7.o            336      160       20
    ------------------------------------------------------
    Total:                           336      160       20

C:\Code\beifen\old\CYT4BB7_Library-master\Seekfree_CYT4BB_Opensource_Library\project\iar\Debug_m7_0\Obj\rev_b_6162237342861132223.dir: [23]
    cy_interrupt_map.o               408      295    1'776
    ------------------------------------------------------
    Total:                           408      295    1'776

C:\Code\beifen\old\CYT4BB7_Library-master\Seekfree_CYT4BB_Opensource_Library\project\iar\Debug_m7_0\Obj\scb_15490842639181808494.dir: [24]
    cy_scb_i2c.o                   1'912       20
    cy_scb_spi.o                     496       16
    cy_scb_uart.o                    788       40
    ------------------------------------------------------
    Total:                         3'196       76

C:\Code\beifen\old\CYT4BB7_Library-master\Seekfree_CYT4BB_Opensource_Library\project\iar\Debug_m7_0\Obj\sd_host_2982766354293506895.dir: [25]
    ------------------------------------------------------
    Total:

C:\Code\beifen\old\CYT4BB7_Library-master\Seekfree_CYT4BB_Opensource_Library\project\iar\Debug_m7_0\Obj\semihosting_143864889731838620.dir: [26]
    ------------------------------------------------------
    Total:

C:\Code\beifen\old\CYT4BB7_Library-master\Seekfree_CYT4BB_Opensource_Library\project\iar\Debug_m7_0\Obj\smartio_5451710003740070188.dir: [27]
    ------------------------------------------------------
    Total:

C:\Code\beifen\old\CYT4BB7_Library-master\Seekfree_CYT4BB_Opensource_Library\project\iar\Debug_m7_0\Obj\smif_427648126384146252.dir: [28]
    ------------------------------------------------------
    Total:

C:\Code\beifen\old\CYT4BB7_Library-master\Seekfree_CYT4BB_Opensource_Library\project\iar\Debug_m7_0\Obj\smif_mem_6470536964353725183.dir: [29]
    ------------------------------------------------------
    Total:

C:\Code\beifen\old\CYT4BB7_Library-master\Seekfree_CYT4BB_Opensource_Library\project\iar\Debug_m7_0\Obj\srom_13018798572330080582.dir: [30]
    ------------------------------------------------------
    Total:

C:\Code\beifen\old\CYT4BB7_Library-master\Seekfree_CYT4BB_Opensource_Library\project\iar\Debug_m7_0\Obj\startup_479057977785470282.dir: [31]
    startup.o                        516       24
    startup_cm7.o                    442               128
    ------------------------------------------------------
    Total:                           958       24      128

C:\Code\beifen\old\CYT4BB7_Library-master\Seekfree_CYT4BB_Opensource_Library\project\iar\Debug_m7_0\Obj\sw_timer_4215635015939382130.dir: [32]
    ------------------------------------------------------
    Total:

C:\Code\beifen\old\CYT4BB7_Library-master\Seekfree_CYT4BB_Opensource_Library\project\iar\Debug_m7_0\Obj\sysclk_16149231235676103872.dir: [33]
    cy_sysclk.o                    2'280      272       25
    ------------------------------------------------------
    Total:                         2'280      272       25

C:\Code\beifen\old\CYT4BB7_Library-master\Seekfree_CYT4BB_Opensource_Library\project\iar\Debug_m7_0\Obj\sysflt_12293435975120599261.dir: [34]
    ------------------------------------------------------
    Total:

C:\Code\beifen\old\CYT4BB7_Library-master\Seekfree_CYT4BB_Opensource_Library\project\iar\Debug_m7_0\Obj\sysint_7435970359207984181.dir: [35]
    cy_sysint.o                      172        8
    ------------------------------------------------------
    Total:                           172        8

C:\Code\beifen\old\CYT4BB7_Library-master\Seekfree_CYT4BB_Opensource_Library\project\iar\Debug_m7_0\Obj\syslib_16330585751512546975.dir: [36]
    cy_syslib.o                      202               140
    cy_syslib_iar.o                   30
    ------------------------------------------------------
    Total:                           232               140

C:\Code\beifen\old\CYT4BB7_Library-master\Seekfree_CYT4BB_Opensource_Library\project\iar\Debug_m7_0\Obj\syspm_10887939769544754770.dir: [37]
    ------------------------------------------------------
    Total:

C:\Code\beifen\old\CYT4BB7_Library-master\Seekfree_CYT4BB_Opensource_Library\project\iar\Debug_m7_0\Obj\sysreghc_17676636058511625587.dir: [38]
    ------------------------------------------------------
    Total:

C:\Code\beifen\old\CYT4BB7_Library-master\Seekfree_CYT4BB_Opensource_Library\project\iar\Debug_m7_0\Obj\sysreset_14586141425677365288.dir: [39]
    ------------------------------------------------------
    Total:

C:\Code\beifen\old\CYT4BB7_Library-master\Seekfree_CYT4BB_Opensource_Library\project\iar\Debug_m7_0\Obj\sysrtc_10747768817563771611.dir: [40]
    ------------------------------------------------------
    Total:

C:\Code\beifen\old\CYT4BB7_Library-master\Seekfree_CYT4BB_Opensource_Library\project\iar\Debug_m7_0\Obj\systick_16016591671695740695.dir: [41]
    ------------------------------------------------------
    Total:

C:\Code\beifen\old\CYT4BB7_Library-master\Seekfree_CYT4BB_Opensource_Library\project\iar\Debug_m7_0\Obj\syswdt_9118657615806274156.dir: [42]
    ------------------------------------------------------
    Total:

C:\Code\beifen\old\CYT4BB7_Library-master\Seekfree_CYT4BB_Opensource_Library\project\iar\Debug_m7_0\Obj\tcpwm_422923530147891246.dir: [43]
    cy_tcpwm.o                        12
    cy_tcpwm_counter.o               430       20
    ------------------------------------------------------
    Total:                           442       20

C:\Code\beifen\old\CYT4BB7_Library-master\Seekfree_CYT4BB_Opensource_Library\project\iar\Debug_m7_0\Obj\trigmux_9729677290734583340.dir: [44]
    ------------------------------------------------------
    Total:

C:\Code\beifen\old\CYT4BB7_Library-master\Seekfree_CYT4BB_Opensource_Library\project\iar\Debug_m7_0\Obj\user_8514941877209965082.dir: [45]
    adrc.o                           372
    cm7_0_isr.o                    2'096       44      342
    main_cm7_0.o                     248       60        1
    pid.o                            296
    small_driver_uart_control.o      250                32
    ------------------------------------------------------
    Total:                         3'262      104      375

C:\Code\beifen\old\CYT4BB7_Library-master\Seekfree_CYT4BB_Opensource_Library\project\iar\Debug_m7_0\Obj\zf_common_1201165462030747823.dir: [46]
    zf_common_clock.o                 28                 4
    zf_common_debug.o              1'108      120      112
    zf_common_fifo.o               1'096      116
    zf_common_interrupt.o            226                 4
    ------------------------------------------------------
    Total:                         2'458      236      120

C:\Code\beifen\old\CYT4BB7_Library-master\Seekfree_CYT4BB_Opensource_Library\project\iar\Debug_m7_0\Obj\zf_components_14936052685886095442.dir: [47]
    ------------------------------------------------------
    Total:

C:\Code\beifen\old\CYT4BB7_Library-master\Seekfree_CYT4BB_Opensource_Library\project\iar\Debug_m7_0\Obj\zf_device_6570275422786408770.dir: [48]
    zf_device_dl1a.o                                     2
    zf_device_gnss.o                 276               413
    zf_device_imu660rc.o           1'532      148       55
    zf_device_lora3a22.o             196                45
    zf_device_tsl1401.o              124               514
    zf_device_type.o                  68        1        9
    ------------------------------------------------------
    Total:                         2'196      149    1'038

C:\Code\beifen\old\CYT4BB7_Library-master\Seekfree_CYT4BB_Opensource_Library\project\iar\Debug_m7_0\Obj\zf_driver_11922370083829174090.dir: [49]
    zf_driver_adc.o                1'444      118       84
    zf_driver_delay.o                644        1        3
    zf_driver_exti.o                 220       14       96
    zf_driver_gpio.o                 228
    zf_driver_pit.o                  920        9       60
    zf_driver_pwm.o                   32
    zf_driver_spi.o                2'720      118       20
    zf_driver_uart.o               2'796      125      576
    ------------------------------------------------------
    Total:                         9'004      385      839

dl7M_tln.a: [50]
    abort.o                            6
    exit.o                             4
    printf.o                          40
    putchar.o                         32
    sprintf.o                         64
    strncmp.o                         42
    xfail_s.o                         64                 4
    xprintffull_nomb.o             3'758
    xprout.o                          22
    xsprout.o                         10
    ------------------------------------------------------
    Total:                         4'042                 4

m7M_tlv.a: [51]
    DblCmpGe.o                        52
    DblCmpLe.o                        52
    DblDiv.o                          18
    DblMul.o                          18
    DblSub.o                          18
    DblToS32.o                        14
    DblToU32.o                        14
    S32ToDbl.o                        14
    U32ToDbl.o                        14
    asinf.o                           92
    atan2f.o                         106
    cos_sin32.o                      464
    fpinit_M.o                        34
    frexp.o                          112
    ldexp.o                          260
    sqrtf.o                           30
    xatanf.o                         164
    ------------------------------------------------------
    Total:                         1'476

rt7M_tl.a: [52]
    ABImemclr4.o                       6
    ABImemcpy.o                      166
    ABImemset.o                      102
    ABImemset48.o                     50
    I64DivMod.o                      560
    I64DivZer.o                        2
    cexit.o                           10
    cmain.o                           30
    cstartup_M.o                      28
    data_init.o                       40
    lz77_init_single.o               126
    memchr.o                          88
    strchr.o                          22
    strlen.o                          54
    strncpy.o                        112
    zero_init3.o                      56
    ------------------------------------------------------
    Total:                         1'452

shb_l.a: [53]
    exit.o                            20
    ------------------------------------------------------
    Total:                            20

    Gaps                              46        6
    Linker created                             32    8'192
----------------------------------------------------------
    Grand Total:                  39'834   90'047   15'242


*******************************************************************************
*** ENTRY LIST
***

Entry                       Address      Size  Type      Object
-----                       -------      ----  ----      ------
.iar.init_table$$Base   0x1009'f674             --   Gb  - Linker created -
.iar.init_table$$Limit  0x1009'f694             --   Gb  - Linker created -
?main                   0x1009'f755            Code  Gb  cmain.o [52]
BusFault_Handler        0x1009'f9cd            Code  Wk  startup_cm7.o [31]
CSTACK$$Base            0x2807'e000             --   Gb  - Linker created -
CSTACK$$Limit           0x2808'0000             --   Gb  - Linker created -
CopyVectorTable         0x1009'ea95      0x34  Code  Lc  startup.o [31]
CpuUserInt0_Handler     0x1009'ec77      0x26  Code  Gb  cy_interrupt_map.o [23]
CpuUserInt10_Handler    0x1009'f9e9            Code  Wk  startup_cm7.o [31]
CpuUserInt11_Handler    0x1009'f9ed            Code  Wk  startup_cm7.o [31]
CpuUserInt12_Handler    0x1009'f9f1            Code  Wk  startup_cm7.o [31]
CpuUserInt13_Handler    0x1009'f9f5            Code  Wk  startup_cm7.o [31]
CpuUserInt14_Handler    0x1009'f9f9            Code  Wk  startup_cm7.o [31]
CpuUserInt15_Handler    0x1009'f9fd            Code  Wk  startup_cm7.o [31]
CpuUserInt1_Handler     0x1009'ec9d      0x26  Code  Gb  cy_interrupt_map.o [23]
CpuUserInt2_Handler     0x1009'ecc3      0x26  Code  Gb  cy_interrupt_map.o [23]
CpuUserInt3_Handler     0x1009'ece9      0x26  Code  Gb  cy_interrupt_map.o [23]
CpuUserInt4_Handler     0x1009'ed0f      0x26  Code  Gb  cy_interrupt_map.o [23]
CpuUserInt5_Handler     0x1009'ed35      0x26  Code  Gb  cy_interrupt_map.o [23]
CpuUserInt6_Handler     0x1009'ed5b      0x26  Code  Gb  cy_interrupt_map.o [23]
CpuUserInt7_Handler     0x1009'ed81      0x26  Code  Gb  cy_interrupt_map.o [23]
CpuUserInt8_Handler     0x1009'f9e1            Code  Wk  startup_cm7.o [31]
CpuUserInt9_Handler     0x1009'f9e5            Code  Wk  startup_cm7.o [31]
Cy_Adc_Channel_DeInit   0x1009'de9d      0x2c  Code  Gb  cy_adc.o [1]
Cy_Adc_Channel_Disable  0x1009'ded5       0xc  Code  Gb  cy_adc.o [1]
Cy_Adc_Channel_Enable   0x1009'dec9       0xc  Code  Gb  cy_adc.o [1]
Cy_Adc_Channel_Init     0x1009'dd49     0x154  Code  Gb  cy_adc.o [1]
Cy_Adc_Channel_SetInterruptMask
                        0x1009'deed      0x7c  Code  Gb  cy_adc.o [1]
Cy_Adc_Channel_SoftwareTrigger
                        0x1009'dee1       0xc  Code  Gb  cy_adc.o [1]
Cy_Adc_Init             0x1009'dcbd      0x8c  Code  Gb  cy_adc.o [1]
Cy_DefaultUserHandler   0x1009'ec75       0x2  Code  Gb  cy_interrupt_map.o [23]
Cy_GPIO_ClearInterrupt  0x1009'7217       0xe  Code  Lc  cy_gpio.o [14]
Cy_GPIO_ClearInterrupt  0x1009'd3a1       0xe  Code  Lc  zf_driver_exti.o [49]
Cy_GPIO_Clr             0x1009'd56f       0xa  Code  Lc  zf_driver_gpio.o [49]
Cy_GPIO_GetInterruptStatusMasked
                        0x1009'd3af       0xa  Code  Lc  zf_driver_exti.o [49]
Cy_GPIO_Pin_Init        0x1009'725b      0x72  Code  Gb  cy_gpio.o [14]
Cy_GPIO_Set             0x1009'd565       0xa  Code  Lc  zf_driver_gpio.o [49]
Cy_GPIO_SetDriveSel     0x1009'71f9      0x1e  Code  Lc  cy_gpio.o [14]
Cy_GPIO_SetDrivemode    0x1009'71a9      0x1c  Code  Lc  cy_gpio.o [14]
Cy_GPIO_SetHSIOM        0x1009'7145      0x4c  Code  Lc  cy_gpio.o [14]
Cy_GPIO_SetInterruptEdge
                        0x1009'723f      0x1c  Code  Lc  cy_gpio.o [14]
Cy_GPIO_SetInterruptMask
                        0x1009'7225      0x1a  Code  Lc  cy_gpio.o [14]
Cy_GPIO_SetSlewRate     0x1009'71df      0x1a  Code  Lc  cy_gpio.o [14]
Cy_GPIO_SetVtrip        0x1009'71c5      0x1a  Code  Lc  cy_gpio.o [14]
Cy_GPIO_Write           0x1009'7191      0x18  Code  Lc  cy_gpio.o [14]
Cy_RestoreIRQ           0x1009'ec51            Code  Gb  startup_cm7.o [31]
Cy_SCB_ClearMasterInterrupt
                        0x1009'6a0d       0xa  Code  Lc  cy_scb_i2c.o [24]
Cy_SCB_ClearRxFifo      0x1009'a507      0x1e  Code  Lc  zf_driver_spi.o [49]
Cy_SCB_ClearRxFifo      0x1009'8de9      0x1e  Code  Lc  zf_driver_uart.o [49]
Cy_SCB_ClearRxInterrupt
                        0x1009'69fd       0xa  Code  Lc  cy_scb_i2c.o [24]
Cy_SCB_ClearRxInterrupt
                        0x1009'8e4f       0xa  Code  Lc  zf_driver_uart.o [49]
Cy_SCB_ClearTxFifo      0x1009'69d9      0x1e  Code  Lc  cy_scb_i2c.o [24]
Cy_SCB_ClearTxInterrupt
                        0x1009'8e65       0xa  Code  Lc  zf_driver_uart.o [49]
Cy_SCB_FwBlockReset     0x1009'6a23      0x20  Code  Lc  cy_scb_i2c.o [24]
Cy_SCB_GetFifoSize      0x1009'a561      0x12  Code  Lc  zf_driver_spi.o [49]
Cy_SCB_GetMasterInterruptStatus
                        0x1009'6a07       0x6  Code  Lc  cy_scb_i2c.o [24]
Cy_SCB_GetNumInRxFifo   0x1009'a4fd       0xa  Code  Lc  zf_driver_spi.o [49]
Cy_SCB_GetNumInRxFifo   0x1009'8ddf       0xa  Code  Lc  zf_driver_uart.o [49]
Cy_SCB_GetNumInTxFifo   0x1009'a52b       0xa  Code  Lc  zf_driver_spi.o [49]
Cy_SCB_GetNumInTxFifo   0x1009'8e0d       0xa  Code  Lc  zf_driver_uart.o [49]
Cy_SCB_GetRxInterruptMask
                        0x1009'8e49       0x6  Code  Lc  zf_driver_uart.o [49]
Cy_SCB_GetRxInterruptStatus
                        0x1009'69f7       0x6  Code  Lc  cy_scb_i2c.o [24]
Cy_SCB_GetSlaveInterruptStatus
                        0x1009'6a17       0x6  Code  Lc  cy_scb_i2c.o [24]
Cy_SCB_GetTxInterruptMask
                        0x1009'8e5f       0x6  Code  Lc  zf_driver_uart.o [49]
Cy_SCB_GetTxSrValid     0x1009'a535       0xa  Code  Lc  zf_driver_spi.o [49]
Cy_SCB_GetTxSrValid     0x1009'8e17       0xa  Code  Lc  zf_driver_uart.o [49]
Cy_SCB_I2C_DeInit       0x1009'6baf      0x56  Code  Gb  cy_scb_i2c.o [24]
Cy_SCB_I2C_Enable       0x1009'6261       0xa  Code  Lc  vl53l8cx_platform.o [5]
Cy_SCB_I2C_GetDataRate  0x1009'6d2f      0x72  Code  Gb  cy_scb_i2c.o [24]
Cy_SCB_I2C_Init         0x1009'6a5f     0x150  Code  Gb  cy_scb_i2c.o [24]
Cy_SCB_I2C_MasterReadByte
                        0x1009'6f17      0x90  Code  Gb  cy_scb_i2c.o [24]
Cy_SCB_I2C_MasterSendReStart
                        0x1009'6e55      0x7a  Code  Gb  cy_scb_i2c.o [24]
Cy_SCB_I2C_MasterSendStart
                        0x1009'6da1      0xb4  Code  Gb  cy_scb_i2c.o [24]
Cy_SCB_I2C_MasterSendStop
                        0x1009'6ecf      0x48  Code  Gb  cy_scb_i2c.o [24]
Cy_SCB_I2C_MasterSetHighPhaseDutyCycle
                        0x1009'6a51       0xe  Code  Lc  cy_scb_i2c.o [24]
Cy_SCB_I2C_MasterSetLowPhaseDutyCycle
                        0x1009'6a43       0xe  Code  Lc  cy_scb_i2c.o [24]
Cy_SCB_I2C_MasterWriteByte
                        0x1009'6fa7      0x46  Code  Gb  cy_scb_i2c.o [24]
Cy_SCB_I2C_SetDataRate  0x1009'6c05     0x12a  Code  Gb  cy_scb_i2c.o [24]
Cy_SCB_IsTxComplete     0x1009'a53f      0x22  Code  Lc  zf_driver_spi.o [49]
Cy_SCB_IsTxComplete     0x1009'8e21      0x22  Code  Lc  zf_driver_uart.o [49]
Cy_SCB_ReadRxFifo       0x1009'69cd       0x6  Code  Lc  cy_scb_i2c.o [24]
Cy_SCB_ReadRxFifo       0x1009'8dd9       0x6  Code  Lc  zf_driver_uart.o [49]
Cy_SCB_SPI_ClearRxFifo  0x1009'a591       0x8  Code  Lc  zf_driver_spi.o [49]
Cy_SCB_SPI_Enable       0x1009'a573       0xa  Code  Lc  zf_driver_spi.o [49]
Cy_SCB_SPI_GetNumInRxFifo
                        0x1009'a589       0x8  Code  Lc  zf_driver_spi.o [49]
Cy_SCB_SPI_Init         0x1009'af9d     0x1d8  Code  Gb  cy_scb_spi.o [24]
Cy_SCB_SPI_SetActiveSlaveSelect
                        0x1009'a57d       0xc  Code  Lc  zf_driver_spi.o [49]
Cy_SCB_SetRxInterruptMask
                        0x1009'8e43       0x6  Code  Lc  zf_driver_uart.o [49]
Cy_SCB_SetSlaveInterruptMask
                        0x1009'6a1d       0x6  Code  Lc  cy_scb_i2c.o [24]
Cy_SCB_SetTxInterruptMask
                        0x1009'8e59       0x6  Code  Lc  zf_driver_uart.o [49]
Cy_SCB_UART_DeInit      0x1009'9e01      0x5c  Code  Gb  cy_scb_uart.o [24]
Cy_SCB_UART_Enable      0x1009'8e6f       0xa  Code  Lc  zf_driver_uart.o [49]
Cy_SCB_UART_Init        0x1009'9b7d     0x284  Code  Gb  cy_scb_uart.o [24]
Cy_SCB_WriteTxFifo      0x1009'69d3       0x6  Code  Lc  cy_scb_i2c.o [24]
Cy_SCB_WriteTxFifo      0x1009'a525       0x6  Code  Lc  zf_driver_spi.o [49]
Cy_SCB_WriteTxFifo      0x1009'8e07       0x6  Code  Lc  zf_driver_uart.o [49]
Cy_SaveIRQ              0x1009'ec49            Code  Gb  startup_cm7.o [31]
Cy_SysClk_CheckDividerExisting
                        0x1009'626b      0x2c  Code  Lc  vl53l8cx_platform.o [5]
Cy_SysClk_CheckDividerExisting
                        0x1009'd649      0x2c  Code  Lc  zf_driver_adc.o [49]
Cy_SysClk_CheckDividerExisting
                        0x1009'72d9      0x2a  Code  Lc  zf_driver_delay.o [49]
Cy_SysClk_CheckDividerExisting
                        0x1009'c315      0x2c  Code  Lc  zf_driver_pit.o [49]
Cy_SysClk_CheckDividerExisting
                        0x1009'a599      0x2c  Code  Lc  zf_driver_spi.o [49]
Cy_SysClk_CheckDividerExisting
                        0x1009'8c35      0x2c  Code  Lc  zf_driver_uart.o [49]
Cy_SysClk_ClkPathGetSource
                        0x1009'b301      0x54  Code  Gb  cy_sysclk.o [33]
Cy_SysClk_EcoGetStatus  0x1009'b18d      0x1a  Code  Lc  cy_sysclk.o [33]
Cy_SysClk_Fast0ClkGetDivider
                        0x1009'b2d5      0x16  Code  Lc  cy_sysclk.o [33]
Cy_SysClk_Fast1ClkGetDivider
                        0x1009'b2eb      0x16  Code  Lc  cy_sysclk.o [33]
Cy_SysClk_FllGetConfiguration
                        0x1009'b35d      0x7e  Code  Gb  cy_sysclk.o [33]
Cy_SysClk_FllGetLockStatus
                        0x1009'b1a7       0xc  Code  Lc  cy_sysclk.o [33]
Cy_SysClk_GetClockGroup
                        0x1009'634f       0x8  Code  Lc  vl53l8cx_platform.o [5]
Cy_SysClk_GetClockGroup
                        0x1009'd6f7       0x8  Code  Lc  zf_driver_adc.o [49]
Cy_SysClk_GetClockGroup
                        0x1009'7381       0x8  Code  Lc  zf_driver_delay.o [49]
Cy_SysClk_GetClockGroup
                        0x1009'c3c3       0x8  Code  Lc  zf_driver_pit.o [49]
Cy_SysClk_GetClockGroup
                        0x1009'a67d       0x8  Code  Lc  zf_driver_spi.o [49]
Cy_SysClk_GetClockGroup
                        0x1009'8d19       0x8  Code  Lc  zf_driver_uart.o [49]
Cy_SysClk_GetCoreFrequency
                        0x1009'ba21      0x2a  Code  Gb  cy_sysclk.o [33]
Cy_SysClk_GetEcoFrequency
                        0x1009'b529      0x32  Code  Gb  cy_sysclk.o [33]
Cy_SysClk_GetExtFrequency
                        0x1009'b55d      0x1e  Code  Gb  cy_sysclk.o [33]
Cy_SysClk_GetFast0Frequency
                        0x1009'b975      0x56  Code  Gb  cy_sysclk.o [33]
Cy_SysClk_GetFast1Frequency
                        0x1009'b9cb      0x56  Code  Gb  cy_sysclk.o [33]
Cy_SysClk_GetFllInputFrequency
                        0x1009'b67d       0xc  Code  Gb  cy_sysclk.o [33]
Cy_SysClk_GetFllOutputFrequency
                        0x1009'b6a5      0x78  Code  Gb  cy_sysclk.o [33]
Cy_SysClk_GetHfClkFrequency
                        0x1009'b8f7      0x7a  Code  Gb  cy_sysclk.o [33]
Cy_SysClk_GetIlo0Frequency
                        0x1009'b57b      0x32  Code  Gb  cy_sysclk.o [33]
Cy_SysClk_GetIlo1Frequency
                        0x1009'b5ad      0x32  Code  Gb  cy_sysclk.o [33]
Cy_SysClk_GetImoFrequency
                        0x1009'b4f7      0x32  Code  Gb  cy_sysclk.o [33]
Cy_SysClk_GetPathFrequency
                        0x1009'b8c5      0x32  Code  Gb  cy_sysclk.o [33]
Cy_SysClk_GetPathSourceFrequency
                        0x1009'b619      0x64  Code  Gb  cy_sysclk.o [33]
Cy_SysClk_GetPll400MNo  0x1009'b1f1      0x14  Code  Lc  cy_sysclk.o [33]
Cy_SysClk_GetPllInputFrequency
                        0x1009'b689      0x1c  Code  Gb  cy_sysclk.o [33]
Cy_SysClk_GetPllNo      0x1009'b1b5      0x12  Code  Lc  cy_sysclk.o [33]
Cy_SysClk_GetPllOutputFrequency
                        0x1009'b721     0x1a0  Code  Gb  cy_sysclk.o [33]
Cy_SysClk_GetWcoFrequency
                        0x1009'b5df      0x32  Code  Gb  cy_sysclk.o [33]
Cy_SysClk_HfClockGetDivider
                        0x1009'b293      0x42  Code  Lc  cy_sysclk.o [33]
Cy_SysClk_HfClockGetSource
                        0x1009'b23f      0x54  Code  Lc  cy_sysclk.o [33]
Cy_SysClk_InitGetFreqParams
                        0x1009'b4dd      0x1a  Code  Gb  cy_sysclk.o [33]
Cy_SysClk_PeriphAssignDivider
                        0x1009'6357      0x6a  Code  Lc  vl53l8cx_platform.o [5]
Cy_SysClk_PeriphAssignDivider
                        0x1009'd6ff      0x6a  Code  Lc  zf_driver_adc.o [49]
Cy_SysClk_PeriphAssignDivider
                        0x1009'7389      0x68  Code  Lc  zf_driver_delay.o [49]
Cy_SysClk_PeriphAssignDivider
                        0x1009'c3cb      0x68  Code  Lc  zf_driver_pit.o [49]
Cy_SysClk_PeriphAssignDivider
                        0x1009'a685      0x6a  Code  Lc  zf_driver_spi.o [49]
Cy_SysClk_PeriphAssignDivider
                        0x1009'8d21      0x6a  Code  Lc  zf_driver_uart.o [49]
Cy_SysClk_PeriphEnableDivider
                        0x1009'63c1      0x4e  Code  Lc  vl53l8cx_platform.o [5]
Cy_SysClk_PeriphEnableDivider
                        0x1009'd769      0x4e  Code  Lc  zf_driver_adc.o [49]
Cy_SysClk_PeriphEnableDivider
                        0x1009'73f1      0x4c  Code  Lc  zf_driver_delay.o [49]
Cy_SysClk_PeriphEnableDivider
                        0x1009'c433      0x4c  Code  Lc  zf_driver_pit.o [49]
Cy_SysClk_PeriphEnableDivider
                        0x1009'a6ef      0x4e  Code  Lc  zf_driver_spi.o [49]
Cy_SysClk_PeriphEnableDivider
                        0x1009'8d8b      0x4e  Code  Lc  zf_driver_uart.o [49]
Cy_SysClk_PeriphSetDivider
                        0x1009'd675      0x82  Code  Lc  zf_driver_adc.o [49]
Cy_SysClk_PeriphSetDivider
                        0x1009'7303      0x7e  Code  Lc  zf_driver_delay.o [49]
Cy_SysClk_PeriphSetDivider
                        0x1009'c341      0x82  Code  Lc  zf_driver_pit.o [49]
Cy_SysClk_PeriphSetFracDivider
                        0x1009'6297      0xb8  Code  Lc  vl53l8cx_platform.o [5]
Cy_SysClk_PeriphSetFracDivider
                        0x1009'a5c5      0xb8  Code  Lc  zf_driver_spi.o [49]
Cy_SysClk_PeriphSetFracDivider
                        0x1009'8c61      0xb8  Code  Lc  zf_driver_uart.o [49]
Cy_SysClk_Pll400MGetConfiguration
                        0x1009'b449      0x84  Code  Gb  cy_sysclk.o [33]
Cy_SysClk_Pll400MGetLockStatus
                        0x1009'b205      0x2a  Code  Lc  cy_sysclk.o [33]
Cy_SysClk_PllGetConfiguration
                        0x1009'b3f5      0x48  Code  Gb  cy_sysclk.o [33]
Cy_SysClk_PllGetLockStatus
                        0x1009'b1c7      0x28  Code  Lc  cy_sysclk.o [33]
Cy_SysClk_WcoOkay       0x1009'b231       0xe  Code  Lc  cy_sysclk.o [33]
Cy_SysInt_InitIRQ       0x1009'a451      0x7e  Code  Gb  cy_sysint.o [35]
Cy_SysInt_SetSystemIrqVector
                        0x1009'a4cf      0x12  Code  Gb  cy_sysint.o [35]
Cy_SysInt_SystemIrqUserTableRamPointer
                        0x2802'0814       0x4  Data  Gb  cy_interrupt_map.o [23]
Cy_SysLib_DelayCycles   0x1009'77e1            Code  Gb  cy_syslib_iar.o [36]
Cy_SysLib_DelayUs       0x1009'755d      0x10  Code  Gb  cy_syslib.o [36]
Cy_SysLib_EnterCriticalSection
                        0x1009'77f1            Code  Gb  cy_syslib_iar.o [36]
Cy_SysLib_ExitCriticalSection
                        0x1009'77f9            Code  Gb  cy_syslib_iar.o [36]
Cy_SysLib_FaultHandler  0x1009'7571      0x90  Code  Gb  cy_syslib.o [36]
Cy_SysLib_Halt          0x1009'756d       0x4  Code  Gb  cy_syslib.o [36]
Cy_SysLib_ProcessingFault
                        0x1009'77ff       0x2  Code  Wk  cy_syslib.o [36]
Cy_SysLib_SvcHandler    0x1009'f8d5       0xc  Code  Wk  cy_syslib.o [36]
Cy_SystemInitFpuEnable  0x1009'ebe9      0x1e  Code  Gb  system_tviibh4m_cm7.o [22]
Cy_SystemIrqUserTable   0x2802'0128     0x6ec  Data  Gb  cy_interrupt_map.o [23]
Cy_Tcpwm_Counter_ClearTC_Intr
                        0x1009'77b7      0x10  Code  Gb  cy_tcpwm_counter.o [43]
Cy_Tcpwm_Counter_Enable
                        0x1009'7799       0xa  Code  Gb  cy_tcpwm_counter.o [43]
Cy_Tcpwm_Counter_GetCounter
                        0x1009'77a7       0x4  Code  Gb  cy_tcpwm_counter.o [43]
Cy_Tcpwm_Counter_Init   0x1009'7619     0x16c  Code  Gb  cy_tcpwm_counter.o [43]
Cy_Tcpwm_Counter_SetCounter
                        0x1009'77a3       0x4  Code  Gb  cy_tcpwm_counter.o [43]
Cy_Tcpwm_Counter_SetTC_IntrMask
                        0x1009'77ab       0xc  Code  Gb  cy_tcpwm_counter.o [43]
Cy_Tcpwm_TriggerStart   0x1009'77c7       0xc  Code  Gb  cy_tcpwm.o [43]
Cy_u32StartupStackEndAddress
                        0x1009'f0e0            Data  Gb  startup_cm7.o [31]
Cy_u32StartupStackStartAddress
[...]
imu660rc_yaw            0x2802'1acc       0x4  Data  Gb  zf_device_imu660rc.o [48]
intFreqInitialized      0x2802'1af8       0x1  Data  Gb  cy_sysclk.o [33]
internalBaseFreqInfo    0x2802'19c0      0x18  Data  Gb  cy_sysclk.o [33]
interrupt_global_disable
                        0x1009'9efd      0x14  Code  Gb  zf_common_interrupt.o [46]
interrupt_global_enable
                        0x1009'9eed      0x10  Code  Gb  zf_common_interrupt.o [46]
interrupt_global_flag   0x2802'1ac0       0x4  Data  Lc  zf_common_interrupt.o [46]
interrupt_init          0x1009'9f3d      0x36  Code  Gb  zf_common_interrupt.o [46]
interrupt_set_priority  0x1009'9f31       0xc  Code  Gb  zf_common_interrupt.o [46]
last_filtered_distance_mm
                        0x2802'1a98       0x4  Data  Gb  cm7_0_isr.o [45]
last_global_output      0x2802'1a88       0x4  Data  Gb  cm7_0_isr.o [45]
ldexp                   0x1009'8885            Code  Gb  ldexp.o [51]
ldexpl                  0x1009'8885            Code  Gb  ldexp.o [51]
lora3a22_finsh_flag     0x2802'1b05       0x1  Data  Gb  zf_device_lora3a22.o [48]
lora3a22_init           0x1009'ef89      0x22  Code  Gb  zf_device_lora3a22.o [48]
lora3a22_response_time  0x2802'1af4       0x2  Data  Gb  zf_device_lora3a22.o [48]
lora3a22_state_flag     0x2802'091a       0x1  Data  Gb  zf_device_lora3a22.o [48]
lora3a22_uart_callback  0x1009'ef05      0x84  Code  Gb  zf_device_lora3a22.o [48]
lora3a22_uart_callback::length
                        0x2802'1b06       0x1  Data  Lc  zf_device_lora3a22.o [48]
lora3a22_uart_data      0x2802'1a34      0x14  Data  Gb  zf_device_lora3a22.o [48]
lora3a22_uart_transfer  0x2802'1a48      0x14  Data  Gb  zf_device_lora3a22.o [48]
main                    0x1009'edf1      0xf8  Code  Gb  main_cm7_0.o [45]
main{1}{2}::adc_count   0x2802'1af9       0x1  Data  Lc  main_cm7_0.o [45]
memchr                  0x1009'8741            Code  Gb  memchr.o [52]
motor_value             0x2802'19a0      0x20  Data  Gb  small_driver_uart_control.o [45]
out_pitch               0x2802'1a8c       0x4  Data  Gb  cm7_0_isr.o [45]
out_roll                0x2802'1a90       0x4  Data  Gb  cm7_0_isr.o [45]
out_yaw                 0x2802'1a94       0x4  Data  Gb  cm7_0_isr.o [45]
output_duty1            0x2802'1ad8       0x2  Data  Gb  cm7_0_isr.o [45]
output_duty2            0x2802'1ada       0x2  Data  Gb  cm7_0_isr.o [45]
output_duty3            0x2802'1adc       0x2  Data  Gb  cm7_0_isr.o [45]
output_duty4            0x2802'1ade       0x2  Data  Gb  cm7_0_isr.o [45]
pit0_ch0_isr            0x1009'bae5     0x4dc  Code  Gb  cm7_0_isr.o [45]
pit0_ch0_isr{1}{2}::distance_count
                        0x2802'1af7       0x1  Data  Lc  cm7_0_isr.o [45]
pit0_ch0_isr{1}{2}::filtered_distance_mm
                        0x2802'1aa0       0x4  Data  Lc  cm7_0_isr.o [45]
pit0_ch0_isr{1}{2}::yaw_count
                        0x2802'1af6       0x1  Data  Lc  cm7_0_isr.o [45]
pit0_ch10_isr           0x1009'c009       0xa  Code  Gb  cm7_0_isr.o [45]
pit0_ch11_isr           0x1009'c013       0xa  Code  Gb  cm7_0_isr.o [45]
pit0_ch12_isr           0x1009'c01d       0xa  Code  Gb  cm7_0_isr.o [45]
pit0_ch13_isr           0x1009'c027       0xa  Code  Gb  cm7_0_isr.o [45]
pit0_ch14_isr           0x1009'c031       0xa  Code  Gb  cm7_0_isr.o [45]
pit0_ch15_isr           0x1009'c03b       0xa  Code  Gb  cm7_0_isr.o [45]
pit0_ch16_isr           0x1009'c045       0xa  Code  Gb  cm7_0_isr.o [45]
pit0_ch17_isr           0x1009'c04f       0xa  Code  Gb  cm7_0_isr.o [45]
pit0_ch18_isr           0x1009'c059       0xa  Code  Gb  cm7_0_isr.o [45]
pit0_ch19_isr           0x1009'c063       0xa  Code  Gb  cm7_0_isr.o [45]
pit0_ch1_isr            0x1009'bff5       0xa  Code  Gb  cm7_0_isr.o [45]
pit0_ch20_isr           0x1009'c06d       0xa  Code  Gb  cm7_0_isr.o [45]
pit0_ch21_isr           0x1009'c077       0xe  Code  Gb  cm7_0_isr.o [45]
pit0_ch2_isr            0x1009'bfff       0xa  Code  Gb  cm7_0_isr.o [45]
pit_init                0x1009'c4a9     0x1ee  Code  Gb  zf_driver_pit.o [49]
pit_isr_flag_clear      0x1009'c47f      0x2a  Code  Gb  zf_driver_pit.o [49]
pit_isr_func            0x2802'088c      0x3c  Data  Gb  zf_driver_pit.o [49]
pitch_pid               0x2802'0004      0x2c  Data  Gb  cm7_0_isr.o [45]
printf                  0x1009'efc9      0x28  Code  Gb  printf.o [50]
putchar                 0x1009'f735      0x20  Code  Gb  putchar.o [50]
pwm_all_channel_close   0x1009'a431      0x1a  Code  Gb  zf_driver_pwm.o [49]
quarternion_normalize   0x1009'c78d      0xb4  Code  Lc  zf_device_imu660rc.o [48]
quarternion_to_euler    0x1009'c841     0x14c  Code  Lc  zf_device_imu660rc.o [48]
roll_pid                0x2802'0030      0x2c  Data  Gb  cm7_0_isr.o [45]
sar_adc                 0x2802'0820       0xc  Data  Lc  zf_driver_adc.o [49]
scalbln                 0x1009'8885            Code  Gb  ldexp.o [51]
scalblnl                0x1009'8885            Code  Gb  ldexp.o [51]
scalbn                  0x1009'8885            Code  Gb  ldexp.o [51]
scalbnl                 0x1009'8885            Code  Gb  ldexp.o [51]
scale                   0x1009'85e1      0x46  Code  Lc  xprintffull_nomb.o [50]
scb_module              0x2802'08f4      0x1c  Data  Gb  zf_driver_uart.o [49]
sec_hand                0x2802'1ad4       0x4  Data  Lc  xfail_s.o [50]
send_uart_motol         0x1009'c16d      0xf8  Code  Gb  cm7_0_isr.o [45]
set_wireless_type       0x1009'eff3      0x32  Code  Gb  zf_device_type.o [48]
small_driver_get_speed  0x1009'd16b      0x3a  Code  Gb  small_driver_uart_control.o [45]
small_driver_init       0x1009'd1a5      0x36  Code  Gb  small_driver_uart_control.o [45]
small_driver_set_duty   0x1009'd115      0x56  Code  Gb  small_driver_uart_control.o [45]
small_driver_uart_init  0x1009'd1e1      0x2e  Code  Gb  small_driver_uart_control.o [45]
spi_get_clk_hsiom       0x1009'a7f9      0x28  Code  Lc  zf_driver_spi.o [49]
spi_get_clk_pin         0x1009'a73d      0x28  Code  Lc  zf_driver_spi.o [49]
spi_get_cs_hsiom        0x1009'a871      0x44  Code  Lc  zf_driver_spi.o [49]
spi_get_cs_pin          0x1009'a7b5      0x44  Code  Lc  zf_driver_spi.o [49]
spi_get_miso_hsiom      0x1009'a849      0x28  Code  Lc  zf_driver_spi.o [49]
spi_get_miso_pin        0x1009'a78d      0x28  Code  Lc  zf_driver_spi.o [49]
spi_get_mosi_hsiom      0x1009'a821      0x28  Code  Lc  zf_driver_spi.o [49]
spi_get_mosi_pin        0x1009'a765      0x28  Code  Lc  zf_driver_spi.o [49]
spi_init                0x1009'acd5     0x2b2  Code  Gb  zf_driver_spi.o [49]
spi_module              0x2802'08c8      0x10  Data  Gb  zf_driver_spi.o [49]
spi_read_8bit_register  0x1009'aad9      0xea  Code  Gb  zf_driver_spi.o [49]
spi_read_8bit_registers
                        0x1009'abc3      0xfe  Code  Gb  zf_driver_spi.o [49]
spi_write_8bit_register
                        0x1009'a9f1      0xde  Code  Gb  zf_driver_spi.o [49]
sprintf                 0x1009'9f75      0x40  Code  Gb  sprintf.o [50]
sqrtf                   0x1009'd47d            Code  Gb  sqrtf.o [51]
strchr                  0x1009'86b1            Code  Gb  strchr.o [52]
strlen                  0x1009'8709            Code  Gb  strlen.o [52]
strncmp                 0x1009'dbed      0x2a  Code  Gb  strncmp.o [50]
strncpy                 0x1009'ba75            Code  Gb  strncpy.o [52]
switch_transition_length
                        0x1009'a8b5     0x13c  Code  Lc  zf_driver_spi.o [49]
system_clock            0x2802'1abc       0x4  Data  Gb  zf_common_clock.o [46]
system_delay_init       0x1009'749b      0xa6  Code  Gb  zf_driver_delay.o [49]
system_delay_ms         0x1009'743d      0x5e  Code  Gb  zf_driver_delay.o [49]
timer_ch                0x2802'091b       0x1  Data  Lc  zf_driver_delay.o [49]
tsl1401_collect_pit_handler
                        0x1009'd211      0x68  Code  Gb  zf_device_tsl1401.o [48]
tsl1401_data            0x2802'1220     0x200  Data  Gb  zf_device_tsl1401.o [48]
tsl1401_finish_flag     0x2802'1b08       0x1  Data  Gb  zf_device_tsl1401.o [48]
tsl1401_init_state      0x2802'1b07       0x1  Data  Lc  zf_device_tsl1401.o [48]
type_default_callback   0x1009'eff1       0x2  Code  Lc  zf_device_type.o [48]
uart0_isr               0x1009'c085      0x12  Code  Gb  cm7_0_isr.o [45]
uart1_isr               0x1009'c097      0x14  Code  Gb  cm7_0_isr.o [45]
uart2_isr               0x1009'c0b1      0x12  Code  Gb  cm7_0_isr.o [45]
uart3_isr               0x1009'c0c3       0xa  Code  Gb  cm7_0_isr.o [45]
uart4_isr               0x1009'c0cd      0x14  Code  Gb  cm7_0_isr.o [45]
uart5_isr               0x1009'c0e1       0xa  Code  Gb  cm7_0_isr.o [45]
uart6_isr               0x1009'c0eb      0x14  Code  Gb  cm7_0_isr.o [45]
uart_context            0x2802'1420     0x188  Data  Gb  zf_driver_uart.o [49]
uart_data_buffer        0x2802'185c      0x70  Data  Lc  zf_driver_uart.o [49]
uart_data_buffer_count  0x2802'1a74       0x8  Data  Lc  zf_driver_uart.o [49]
uart_data_refresh       0x2802'1a7c       0x8  Data  Lc  zf_driver_uart.o [49]
uart_init               0x1009'9521     0x1c0  Code  Gb  zf_driver_uart.o [49]
uart_isr_func           0x2802'08d8      0x1c  Data  Gb  zf_driver_uart.o [49]
uart_isr_mask           0x1009'8e79      0xfa  Code  Gb  zf_driver_uart.o [49]
uart_query_byte         0x1009'91df      0x74  Code  Gb  zf_driver_uart.o [49]
uart_receiver_handler   0x2802'081c       0x4  Data  Gb  zf_device_type.o [48]
uart_rx_interrupt       0x1009'936f     0x1a8  Code  Gb  zf_driver_uart.o [49]
uart_tx_interrupt       0x1009'9253     0x11c  Code  Gb  zf_driver_uart.o [49]
uart_write_buffer       0x1009'91a5      0x1e  Code  Gb  zf_driver_uart.o [49]
uart_write_byte         0x1009'917d      0x28  Code  Gb  zf_driver_uart.o [49]
uart_write_string       0x1009'91c3      0x1c  Code  Gb  zf_driver_uart.o [49]
velocity_pid            0x2802'00b4      0x2c  Data  Gb  cm7_0_isr.o [45]
vl53l8cx_check_data_ready
                        0x1009'5cf5      0x6a  Code  Gb  vl53l8cx_api.o [5]
vl53l8cx_dci_read_data  0x1009'6025      0xc4  Code  Gb  vl53l8cx_api.o [5]
vl53l8cx_dci_replace_data
                        0x1009'6211      0x50  Code  Gb  vl53l8cx_api.o [5]
vl53l8cx_dci_write_data
                        0x1009'60ed     0x102  Code  Gb  vl53l8cx_api.o [5]
vl53l8cx_dev            0x2802'091c     0x904  Data  Lc  vl53l8cx.o [5]
vl53l8cx_device_init    0x1009'e7ab     0x10a  Code  Gb  vl53l8cx.o [5]
vl53l8cx_distance_median
                        0x1009'e661      0x9a  Code  Lc  vl53l8cx.o [5]
vl53l8cx_distance_mm    0x2802'1ae0       0x2  Data  Gb  vl53l8cx.o [5]
vl53l8cx_finsh_flag     0x2802'1afa       0x1  Data  Gb  vl53l8cx.o [5]
vl53l8cx_get_distance   0x1009'e6fb      0xb0  Code  Gb  vl53l8cx.o [5]
vl53l8cx_get_ranging_data
                        0x1009'5d5f     0x110  Code  Gb  vl53l8cx_api.o [5]
vl53l8cx_get_resolution
                        0x1009'5e6f      0x2e  Code  Gb  vl53l8cx_api.o [5]
vl53l8cx_i2c_context    0x2802'18cc      0x4c  Data  Lc  vl53l8cx_platform.o [5]
vl53l8cx_i2c_send_stop  0x1009'6419      0x12  Code  Lc  vl53l8cx_platform.o [5]
vl53l8cx_i2c_slave_address
                        0x1009'640f       0xa  Code  Lc  vl53l8cx_platform.o [5]
vl53l8cx_iic_hardware_init
                        0x1009'6719      0xb0  Code  Gb  vl53l8cx_platform.o [5]
vl53l8cx_init           0x1009'55c3     0x52e  Code  Gb  vl53l8cx_api.o [5]
vl53l8cx_init_flag      0x2802'1afb       0x1  Data  Lc  vl53l8cx.o [5]
vl53l8cx_is_alive       0x1009'5565      0x5e  Code  Gb  vl53l8cx_api.o [5]
vl53l8cx_resolution     0x2802'0918       0x1  Data  Lc  vl53l8cx.o [5]
vl53l8cx_results        0x2802'15a8      0xc4  Data  Lc  vl53l8cx.o [5]
vl53l8cx_set_ranging_frequency_hz
                        0x1009'5fbb      0x2a  Code  Gb  vl53l8cx_api.o [5]
vl53l8cx_set_resolution
                        0x1009'5e9d     0x11e  Code  Gb  vl53l8cx_api.o [5]
vl53l8cx_set_target_order
                        0x1009'5fe5      0x40  Code  Gb  vl53l8cx_api.o [5]
vl53l8cx_start_ranging  0x1009'5af1     0x1e2  Code  Gb  vl53l8cx_api.o [5]
wireless_module_uart_handler
                        0x2802'0818       0x4  Data  Gb  zf_device_type.o [48]
wireless_type           0x2802'1b09       0x1  Data  Gb  zf_device_type.o [48]
x_zero                  0x2802'1aee       0x2  Data  Gb  zf_device_imu660rc.o [48]
y_zero                  0x2802'1af0       0x2  Data  Gb  zf_device_imu660rc.o [48]
yaw_pid                 0x2802'005c      0x2c  Data  Gb  cm7_0_isr.o [45]
z_zero                  0x2802'1af2       0x2  Data  Gb  zf_device_imu660rc.o [48]
zf_debug_assert_enable  0x2802'0919       0x1  Data  Lc  zf_common_debug.o [46]
zf_debug_init_flag      0x2802'1afc       0x1  Data  Lc  zf_common_debug.o [46]


[1] = C:\Code\beifen\old\CYT4BB7_Library-master\Seekfree_CYT4BB_Opensource_Library\project\iar\Debug_m7_0\Obj\adc_11722776235721520015.dir
[2] = C:\Code\beifen\old\CYT4BB7_Library-master\Seekfree_CYT4BB_Opensource_Library\project\iar\Debug_m7_0\Obj\audioss_1346650047966882938.dir
[3] = C:\Code\beifen\old\CYT4BB7_Library-master\Seekfree_CYT4BB_Opensource_Library\project\iar\Debug_m7_0\Obj\button_4990804375159372270.dir
[4] = C:\Code\beifen\old\CYT4BB7_Library-master\Seekfree_CYT4BB_Opensource_Library\project\iar\Debug_m7_0\Obj\canfd_1800690984773873875.dir
[5] = C:\Code\beifen\old\CYT4BB7_Library-master\Seekfree_CYT4BB_Opensource_Library\project\iar\Debug_m7_0\Obj\code_17896468042025673432.dir
[6] = C:\Code\beifen\old\CYT4BB7_Library-master\Seekfree_CYT4BB_Opensource_Library\project\iar\Debug_m7_0\Obj\cpu_15938736945165268644.dir
[7] = C:\Code\beifen\old\CYT4BB7_Library-master\Seekfree_CYT4BB_Opensource_Library\project\iar\Debug_m7_0\Obj\crypto_1190170608956581615.dir
[8] = C:\Code\beifen\old\CYT4BB7_Library-master\Seekfree_CYT4BB_Opensource_Library\project\iar\Debug_m7_0\Obj\dma_12106025507578611576.dir
[9] = C:\Code\beifen\old\CYT4BB7_Library-master\Seekfree_CYT4BB_Opensource_Library\project\iar\Debug_m7_0\Obj\eth_phy_18133017486186456677.dir
[10] = C:\Code\beifen\old\CYT4BB7_Library-master\Seekfree_CYT4BB_Opensource_Library\project\iar\Debug_m7_0\Obj\ethernet_6029839089178797009.dir
[11] = C:\Code\beifen\old\CYT4BB7_Library-master\Seekfree_CYT4BB_Opensource_Library\project\iar\Debug_m7_0\Obj\evtgen_3404189088603873129.dir
[12] = C:\Code\beifen\old\CYT4BB7_Library-master\Seekfree_CYT4BB_Opensource_Library\project\iar\Debug_m7_0\Obj\flash_8529866181315662935.dir
[13] = C:\Code\beifen\old\CYT4BB7_Library-master\Seekfree_CYT4BB_Opensource_Library\project\iar\Debug_m7_0\Obj\flash_864493325053435817.dir
[14] = C:\Code\beifen\old\CYT4BB7_Library-master\Seekfree_CYT4BB_Opensource_Library\project\iar\Debug_m7_0\Obj\gpio_3999404635324069351.dir
[15] = C:\Code\beifen\old\CYT4BB7_Library-master\Seekfree_CYT4BB_Opensource_Library\project\iar\Debug_m7_0\Obj\ipc_10145506163450686023.dir
[16] = C:\Code\beifen\old\CYT4BB7_Library-master\Seekfree_CYT4BB_Opensource_Library\project\iar\Debug_m7_0\Obj\lin_18429031207028094880.dir
[17] = C:\Code\beifen\old\CYT4BB7_Library-master\Seekfree_CYT4BB_Opensource_Library\project\iar\Debug_m7_0\Obj\lvd_6353935867039560245.dir
[18] = C:\Code\beifen\old\CYT4BB7_Library-master\Seekfree_CYT4BB_Opensource_Library\project\iar\Debug_m7_0\Obj\mcwdt_4052485907822033969.dir
[19] = C:\Code\beifen\old\CYT4BB7_Library-master\Seekfree_CYT4BB_Opensource_Library\project\iar\Debug_m7_0\Obj\mpu_5663187252346826382.dir
[20] = C:\Code\beifen\old\CYT4BB7_Library-master\Seekfree_CYT4BB_Opensource_Library\project\iar\Debug_m7_0\Obj\power_14453085144426420577.dir
[21] = C:\Code\beifen\old\CYT4BB7_Library-master\Seekfree_CYT4BB_Opensource_Library\project\iar\Debug_m7_0\Obj\prot_10722960861768657883.dir
[22] = C:\Code\beifen\old\CYT4BB7_Library-master\Seekfree_CYT4BB_Opensource_Library\project\iar\Debug_m7_0\Obj\rev_b_4986922561640112550.dir
[23] = C:\Code\beifen\old\CYT4BB7_Library-master\Seekfree_CYT4BB_Opensource_Library\project\iar\Debug_m7_0\Obj\rev_b_6162237342861132223.dir
[24] = C:\Code\beifen\old\CYT4BB7_Library-master\Seekfree_CYT4BB_Opensource_Library\project\iar\Debug_m7_0\Obj\scb_15490842639181808494.dir
[25] = C:\Code\beifen\old\CYT4BB7_Library-master\Seekfree_CYT4BB_Opensource_Library\project\iar\Debug_m7_0\Obj\sd_host_2982766354293506895.dir
[26] = C:\Code\beifen\old\CYT4BB7_Library-master\Seekfree_CYT4BB_Opensource_Library\project\iar\Debug_m7_0\Obj\semihosting_143864889731838620.dir
[27] = C:\Code\beifen\old\CYT4BB7_Library-master\Seekfree_CYT4BB_Opensource_Library\project\iar\Debug_m7_0\Obj\smartio_5451710003740070188.dir
[28] = C:\Code\beifen\old\CYT4BB7_Library-master\Seekfree_CYT4BB_Opensource_Library\project\iar\Debug_m7_0\Obj\smif_427648126384146252.dir
[29] = C:\Code\beifen\old\CYT4BB7_Library-master\Seekfree_CYT4BB_Opensource_Library\project\iar\Debug_m7_0\Obj\smif_mem_6470536964353725183.dir
[30] = C:\Code\beifen\old\CYT4BB7_Library-master\Seekfree_CYT4BB_Opensource_Library\project\iar\Debug_m7_0\Obj\srom_13018798572330080582.dir
[31] = C:\Code\beifen\old\CYT4BB7_Library-master\Seekfree_CYT4BB_Opensource_Library\project\iar\Debug_m7_0\Obj\startup_479057977785470282.dir
[32] = C:\Code\beifen\old\CYT4BB7_Library-master\Seekfree_CYT4BB_Opensource_Library\project\iar\Debug_m7_0\Obj\sw_timer_4215635015939382130.dir
[33] = C:\Code\beifen\old\CYT4BB7_Library-master\Seekfree_CYT4BB_Opensource_Library\project\iar\Debug_m7_0\Obj\sysclk_16149231235676103872.dir
[34] = C:\Code\beifen\old\CYT4BB7_Library-master\Seekfree_CYT4BB_Opensource_Library\project\iar\Debug_m7_0\Obj\sysflt_12293435975120599261.dir
[35] = C:\Code\beifen\old\CYT4BB7_Library-master\Seekfree_CYT4BB_Opensource_Library\project\iar\Debug_m7_0\Obj\sysint_7435970359207984181.dir
[36] = C:\Code\beifen\old\CYT4BB7_Library-master\Seekfree_CYT4BB_Opensource_Library\project\iar\Debug_m7_0\Obj\syslib_16330585751512546975.dir
[37] = C:\Code\beifen\old\CYT4BB7_Library-master\Seekfree_CYT4BB_Opensource_Library\project\iar\Debug_m7_0\Obj\syspm_10887939769544754770.dir
[38] = C:\Code\beifen\old\CYT4BB7_Library-master\Seekfree_CYT4BB_Opensource_Library\project\iar\Debug_m7_0\Obj\sysreghc_17676636058511625587.dir
[39] = C:\Code\beifen\old\CYT4BB7_Library-master\Seekfree_CYT4BB_Opensource_Library\project\iar\Debug_m7_0\Obj\sysreset_14586141425677365288.dir
[40] = C:\Code\beifen\old\CYT4BB7_Library-master\Seekfree_CYT4BB_Opensource_Library\project\iar\Debug_m7_0\Obj\sysrtc_10747768817563771611.dir
[41] = C:\Code\beifen\old\CYT4BB7_Library-master\Seekfree_CYT4BB_Opensource_Library\project\iar\Debug_m7_0\Obj\systick_16016591671695740695.dir
[42] = C:\Code\beifen\old\CYT4BB7_Library-master\Seekfree_CYT4BB_Opensource_Library\project\iar\Debug_m7_0\Obj\syswdt_9118657615806274156.dir
[43] = C:\Code\beifen\old\CYT4BB7_Library-master\Seekfree_CYT4BB_Opensource_Library\project\iar\Debug_m7_0\Obj\tcpwm_422923530147891246.dir
[44] = C:\Code\beifen\old\CYT4BB7_Library-master\Seekfree_CYT4BB_Opensource_Library\project\iar\Debug_m7_0\Obj\trigmux_9729677290734583340.dir
[45] = C:\Code\beifen\old\CYT4BB7_Library-master\Seekfree_CYT4BB_Opensource_Library\project\iar\Debug_m7_0\Obj\user_8514941877209965082.dir
[46] = C:\Code\beifen\old\CYT4BB7_Library-master\Seekfree_CYT4BB_Opensource_Library\project\iar\Debug_m7_0\Obj\zf_common_1201165462030747823.dir
[47] = C:\Code\beifen\old\CYT4BB7_Library-master\Seekfree_CYT4BB_Opensource_Library\project\iar\Debug_m7_0\Obj\zf_components_14936052685886095442.dir
[48] = C:\Code\beifen\old\CYT4BB7_Library-master\Seekfree_CYT4BB_Opensource_Library\project\iar\Debug_m7_0\Obj\zf_device_6570275422786408770.dir
[49] = C:\Code\beifen\old\CYT4BB7_Library-master\Seekfree_CYT4BB_Opensource_Library\project\iar\Debug_m7_0\Obj\zf_driver_11922370083829174090.dir
[50] = dl7M_tln.a
[51] = m7M_tlv.a
[52] = rt7M_tl.a
[53] = shb_l.a
[54] = zf_device_config.a

  39'834 bytes of readonly  code memory
  90'047 bytes of readonly  data memory
  15'242 bytes of readwrite data memory

Errors: none
Warnings: none
