###############################################################################
#
# IAR ELF Linker V9.40.1.364/W64 for ARM                  16/Jul/2026  15:03:30
# Copyright 2007-2023 IAR Systems AB.
#
#    Output file  =
#        C:\Code\beifen\old\CYT4BB7_Library-master\Seekfree_CYT4BB_Opensource_Library\project\iar\project_config\Debug_m7_1\Exe\cyt4bb7_cm_7_1.out
#    Map file     =
#        C:\Code\beifen\old\CYT4BB7_Library-master\Seekfree_CYT4BB_Opensource_Library\project\iar\Debug_m7_1\List\cyt4bb7_cm_7_1.map
#    Command line =
#        -f
#        C:\Code\beifen\old\CYT4BB7_Library-master\Seekfree_CYT4BB_Opensource_Library\project\iar\project_config\Debug_m7_1\Exe\cyt4bb7_cm_7_1.out.rsp
#        (C:\Code\beifen\old\CYT4BB7_Library-master\Seekfree_CYT4BB_Opensource_Library\project\iar\Debug_m7_1\Obj\user_8514941877209965082.dir\cm7_1_isr.o
#        C:\Code\beifen\old\CYT4BB7_Library-master\Seekfree_CYT4BB_Opensource_Library\project\iar\Debug_m7_1\Obj\adc_11722776235721520015.dir\cy_adc.o
#        C:\Code\beifen\old\CYT4BB7_Library-master\Seekfree_CYT4BB_Opensource_Library\project\iar\Debug_m7_1\Obj\button_4990804375159372270.dir\cy_button.o
#        C:\Code\beifen\old\CYT4BB7_Library-master\Seekfree_CYT4BB_Opensource_Library\project\iar\Debug_m7_1\Obj\canfd_1800690984773873875.dir\cy_canfd.o
#        C:\Code\beifen\old\CYT4BB7_Library-master\Seekfree_CYT4BB_Opensource_Library\project\iar\Debug_m7_1\Obj\cpu_15938736945165268644.dir\cy_cpu.o
#        C:\Code\beifen\old\CYT4BB7_Library-master\Seekfree_CYT4BB_Opensource_Library\project\iar\Debug_m7_1\Obj\crypto_1190170608956581615.dir\cy_crypto_config.o
#        C:\Code\beifen\old\CYT4BB7_Library-master\Seekfree_CYT4BB_Opensource_Library\project\iar\Debug_m7_1\Obj\eth_phy_18133017486186456677.dir\cy_dp83867.o
#        C:\Code\beifen\old\CYT4BB7_Library-master\Seekfree_CYT4BB_Opensource_Library\project\iar\Debug_m7_1\Obj\ethernet_6029839089178797009.dir\cy_ethif.o
#        C:\Code\beifen\old\CYT4BB7_Library-master\Seekfree_CYT4BB_Opensource_Library\project\iar\Debug_m7_1\Obj\evtgen_3404189088603873129.dir\cy_evtgen.o
#        C:\Code\beifen\old\CYT4BB7_Library-master\Seekfree_CYT4BB_Opensource_Library\project\iar\Debug_m7_1\Obj\flash_8529866181315662935.dir\cy_flash.o
#        C:\Code\beifen\old\CYT4BB7_Library-master\Seekfree_CYT4BB_Opensource_Library\project\iar\Debug_m7_1\Obj\gpio_3999404635324069351.dir\cy_gpio.o
#        C:\Code\beifen\old\CYT4BB7_Library-master\Seekfree_CYT4BB_Opensource_Library\project\iar\Debug_m7_1\Obj\audioss_1346650047966882938.dir\cy_i2s.o
#        C:\Code\beifen\old\CYT4BB7_Library-master\Seekfree_CYT4BB_Opensource_Library\project\iar\Debug_m7_1\Obj\rev_b_6162237342861132223.dir\cy_interrupt_map.o
#        C:\Code\beifen\old\CYT4BB7_Library-master\Seekfree_CYT4BB_Opensource_Library\project\iar\Debug_m7_1\Obj\ipc_10145506163450686023.dir\cy_ipc_drv.o
#        C:\Code\beifen\old\CYT4BB7_Library-master\Seekfree_CYT4BB_Opensource_Library\project\iar\Debug_m7_1\Obj\ipc_10145506163450686023.dir\cy_ipc_pipe.o
#        C:\Code\beifen\old\CYT4BB7_Library-master\Seekfree_CYT4BB_Opensource_Library\project\iar\Debug_m7_1\Obj\ipc_10145506163450686023.dir\cy_ipc_sema.o
#        C:\Code\beifen\old\CYT4BB7_Library-master\Seekfree_CYT4BB_Opensource_Library\project\iar\Debug_m7_1\Obj\lin_18429031207028094880.dir\cy_lin.o
#        C:\Code\beifen\old\CYT4BB7_Library-master\Seekfree_CYT4BB_Opensource_Library\project\iar\Debug_m7_1\Obj\lvd_6353935867039560245.dir\cy_lvd.o
#        C:\Code\beifen\old\CYT4BB7_Library-master\Seekfree_CYT4BB_Opensource_Library\project\iar\Debug_m7_1\Obj\mcwdt_4052485907822033969.dir\cy_mcwdt.o
#        C:\Code\beifen\old\CYT4BB7_Library-master\Seekfree_CYT4BB_Opensource_Library\project\iar\Debug_m7_1\Obj\dma_12106025507578611576.dir\cy_mdma.o
#        C:\Code\beifen\old\CYT4BB7_Library-master\Seekfree_CYT4BB_Opensource_Library\project\iar\Debug_m7_1\Obj\mpu_5663187252346826382.dir\cy_mpu.o
#        C:\Code\beifen\old\CYT4BB7_Library-master\Seekfree_CYT4BB_Opensource_Library\project\iar\Debug_m7_1\Obj\flash_864493325053435817.dir\cy_mw_flash.o
#        C:\Code\beifen\old\CYT4BB7_Library-master\Seekfree_CYT4BB_Opensource_Library\project\iar\Debug_m7_1\Obj\dma_12106025507578611576.dir\cy_pdma.o
#        C:\Code\beifen\old\CYT4BB7_Library-master\Seekfree_CYT4BB_Opensource_Library\project\iar\Debug_m7_1\Obj\power_14453085144426420577.dir\cy_power.o
#        C:\Code\beifen\old\CYT4BB7_Library-master\Seekfree_CYT4BB_Opensource_Library\project\iar\Debug_m7_1\Obj\prot_10722960861768657883.dir\cy_prot.o
#        C:\Code\beifen\old\CYT4BB7_Library-master\Seekfree_CYT4BB_Opensource_Library\project\iar\Debug_m7_1\Obj\scb_15490842639181808494.dir\cy_scb_common.o
#        C:\Code\beifen\old\CYT4BB7_Library-master\Seekfree_CYT4BB_Opensource_Library\project\iar\Debug_m7_1\Obj\scb_15490842639181808494.dir\cy_scb_ezi2c.o
#        C:\Code\beifen\old\CYT4BB7_Library-master\Seekfree_CYT4BB_Opensource_Library\project\iar\Debug_m7_1\Obj\scb_15490842639181808494.dir\cy_scb_i2c.o
#        C:\Code\beifen\old\CYT4BB7_Library-master\Seekfree_CYT4BB_Opensource_Library\project\iar\Debug_m7_1\Obj\scb_15490842639181808494.dir\cy_scb_spi.o
#        C:\Code\beifen\old\CYT4BB7_Library-master\Seekfree_CYT4BB_Opensource_Library\project\iar\Debug_m7_1\Obj\scb_15490842639181808494.dir\cy_scb_uart.o
#        C:\Code\beifen\old\CYT4BB7_Library-master\Seekfree_CYT4BB_Opensource_Library\project\iar\Debug_m7_1\Obj\sd_host_2982766354293506895.dir\cy_sd_host.o
#        C:\Code\beifen\old\CYT4BB7_Library-master\Seekfree_CYT4BB_Opensource_Library\project\iar\Debug_m7_1\Obj\semihosting_143864889731838620.dir\cy_semihosting.o
#        C:\Code\beifen\old\CYT4BB7_Library-master\Seekfree_CYT4BB_Opensource_Library\project\iar\Debug_m7_1\Obj\smartio_5451710003740070188.dir\cy_smartio.o
#        C:\Code\beifen\old\CYT4BB7_Library-master\Seekfree_CYT4BB_Opensource_Library\project\iar\Debug_m7_1\Obj\smif_427648126384146252.dir\cy_smif.o
#        C:\Code\beifen\old\CYT4BB7_Library-master\Seekfree_CYT4BB_Opensource_Library\project\iar\Debug_m7_1\Obj\smif_mem_6470536964353725183.dir\cy_smif_device_common.o
#        C:\Code\beifen\old\CYT4BB7_Library-master\Seekfree_CYT4BB_Opensource_Library\project\iar\Debug_m7_1\Obj\smif_mem_6470536964353725183.dir\cy_smif_hb_flash.o
#        C:\Code\beifen\old\CYT4BB7_Library-master\Seekfree_CYT4BB_Opensource_Library\project\iar\Debug_m7_1\Obj\smif_427648126384146252.dir\cy_smif_memslot.o
#        C:\Code\beifen\old\CYT4BB7_Library-master\Seekfree_CYT4BB_Opensource_Library\project\iar\Debug_m7_1\Obj\smif_mem_6470536964353725183.dir\cy_smif_s25fl.o
#        C:\Code\beifen\old\CYT4BB7_Library-master\Seekfree_CYT4BB_Opensource_Library\project\iar\Debug_m7_1\Obj\smif_mem_6470536964353725183.dir\cy_smif_s25fs.o
#        C:\Code\beifen\old\CYT4BB7_Library-master\Seekfree_CYT4BB_Opensource_Library\project\iar\Debug_m7_1\Obj\smif_mem_6470536964353725183.dir\cy_smif_semp.o
#        C:\Code\beifen\old\CYT4BB7_Library-master\Seekfree_CYT4BB_Opensource_Library\project\iar\Debug_m7_1\Obj\smif_427648126384146252.dir\cy_smif_ver_specific.o
#        C:\Code\beifen\old\CYT4BB7_Library-master\Seekfree_CYT4BB_Opensource_Library\project\iar\Debug_m7_1\Obj\srom_13018798572330080582.dir\cy_srom.o
#        C:\Code\beifen\old\CYT4BB7_Library-master\Seekfree_CYT4BB_Opensource_Library\project\iar\Debug_m7_1\Obj\sw_timer_4215635015939382130.dir\cy_sw_tmr.o
#        C:\Code\beifen\old\CYT4BB7_Library-master\Seekfree_CYT4BB_Opensource_Library\project\iar\Debug_m7_1\Obj\sysclk_16149231235676103872.dir\cy_sysclk.o
#        C:\Code\beifen\old\CYT4BB7_Library-master\Seekfree_CYT4BB_Opensource_Library\project\iar\Debug_m7_1\Obj\sysflt_12293435975120599261.dir\cy_sysflt.o
#        C:\Code\beifen\old\CYT4BB7_Library-master\Seekfree_CYT4BB_Opensource_Library\project\iar\Debug_m7_1\Obj\sysint_7435970359207984181.dir\cy_sysint.o
#        C:\Code\beifen\old\CYT4BB7_Library-master\Seekfree_CYT4BB_Opensource_Library\project\iar\Debug_m7_1\Obj\syslib_16330585751512546975.dir\cy_syslib.o
#        C:\Code\beifen\old\CYT4BB7_Library-master\Seekfree_CYT4BB_Opensource_Library\project\iar\Debug_m7_1\Obj\syslib_16330585751512546975.dir\cy_syslib_iar.o
#        C:\Code\beifen\old\CYT4BB7_Library-master\Seekfree_CYT4BB_Opensource_Library\project\iar\Debug_m7_1\Obj\syspm_10887939769544754770.dir\cy_syspm.o
#        C:\Code\beifen\old\CYT4BB7_Library-master\Seekfree_CYT4BB_Opensource_Library\project\iar\Debug_m7_1\Obj\sysreghc_17676636058511625587.dir\cy_sysreghc.o
#        C:\Code\beifen\old\CYT4BB7_Library-master\Seekfree_CYT4BB_Opensource_Library\project\iar\Debug_m7_1\Obj\sysreset_14586141425677365288.dir\cy_sysreset.o
#        C:\Code\beifen\old\CYT4BB7_Library-master\Seekfree_CYT4BB_Opensource_Library\project\iar\Debug_m7_1\Obj\sysrtc_10747768817563771611.dir\cy_sysrtc.o
#        C:\Code\beifen\old\CYT4BB7_Library-master\Seekfree_CYT4BB_Opensource_Library\project\iar\Debug_m7_1\Obj\systick_16016591671695740695.dir\cy_systick.o
#        C:\Code\beifen\old\CYT4BB7_Library-master\Seekfree_CYT4BB_Opensource_Library\project\iar\Debug_m7_1\Obj\syswdt_9118657615806274156.dir\cy_syswdt.o
#        C:\Code\beifen\old\CYT4BB7_Library-master\Seekfree_CYT4BB_Opensource_Library\project\iar\Debug_m7_1\Obj\tcpwm_422923530147891246.dir\cy_tcpwm.o
#        C:\Code\beifen\old\CYT4BB7_Library-master\Seekfree_CYT4BB_Opensource_Library\project\iar\Debug_m7_1\Obj\tcpwm_422923530147891246.dir\cy_tcpwm_counter.o
#        C:\Code\beifen\old\CYT4BB7_Library-master\Seekfree_CYT4BB_Opensource_Library\project\iar\Debug_m7_1\Obj\tcpwm_422923530147891246.dir\cy_tcpwm_pwm.o
#        C:\Code\beifen\old\CYT4BB7_Library-master\Seekfree_CYT4BB_Opensource_Library\project\iar\Debug_m7_1\Obj\tcpwm_422923530147891246.dir\cy_tcpwm_quaddec.o
#        C:\Code\beifen\old\CYT4BB7_Library-master\Seekfree_CYT4BB_Opensource_Library\project\iar\Debug_m7_1\Obj\tcpwm_422923530147891246.dir\cy_tcpwm_sr.o
#        C:\Code\beifen\old\CYT4BB7_Library-master\Seekfree_CYT4BB_Opensource_Library\project\iar\Debug_m7_1\Obj\trigmux_9729677290734583340.dir\cy_trigmux.o
#        C:\Code\beifen\old\CYT4BB7_Library-master\Seekfree_CYT4BB_Opensource_Library\project\iar\Debug_m7_1\Obj\ethernet_6029839089178797009.dir\edd.o
#        C:\Code\beifen\old\CYT4BB7_Library-master\Seekfree_CYT4BB_Opensource_Library\project\iar\Debug_m7_1\Obj\ethernet_6029839089178797009.dir\edd_rx.o
#        C:\Code\beifen\old\CYT4BB7_Library-master\Seekfree_CYT4BB_Opensource_Library\project\iar\Debug_m7_1\Obj\ethernet_6029839089178797009.dir\edd_tx.o
#        C:\Code\beifen\old\CYT4BB7_Library-master\Seekfree_CYT4BB_Opensource_Library\project\iar\Debug_m7_1\Obj\user_8514941877209965082.dir\main_cm7_1.o
#        C:\Code\beifen\old\CYT4BB7_Library-master\Seekfree_CYT4BB_Opensource_Library\project\iar\Debug_m7_1\Obj\zf_components_14936052685886095442.dir\seekfree_assistant.o
#        C:\Code\beifen\old\CYT4BB7_Library-master\Seekfree_CYT4BB_Opensource_Library\project\iar\Debug_m7_1\Obj\zf_components_14936052685886095442.dir\seekfree_assistant_interface.o
#        C:\Code\beifen\old\CYT4BB7_Library-master\Seekfree_CYT4BB_Opensource_Library\project\iar\Debug_m7_1\Obj\startup_479057977785470282.dir\startup.o
#        C:\Code\beifen\old\CYT4BB7_Library-master\Seekfree_CYT4BB_Opensource_Library\project\iar\Debug_m7_1\Obj\startup_479057977785470282.dir\startup_cm7.o
#        C:\Code\beifen\old\CYT4BB7_Library-master\Seekfree_CYT4BB_Opensource_Library\project\iar\Debug_m7_1\Obj\rev_b_4986922561640112550.dir\system_tviibh4m_cm7.o
#        C:\Code\beifen\old\CYT4BB7_Library-master\Seekfree_CYT4BB_Opensource_Library\project\iar\Debug_m7_1\Obj\zf_common_1201165462030747823.dir\zf_common_clock.o
#        C:\Code\beifen\old\CYT4BB7_Library-master\Seekfree_CYT4BB_Opensource_Library\project\iar\Debug_m7_1\Obj\zf_common_1201165462030747823.dir\zf_common_debug.o
#        C:\Code\beifen\old\CYT4BB7_Library-master\Seekfree_CYT4BB_Opensource_Library\project\iar\Debug_m7_1\Obj\zf_common_1201165462030747823.dir\zf_common_fifo.o
#        C:\Code\beifen\old\CYT4BB7_Library-master\Seekfree_CYT4BB_Opensource_Library\project\iar\Debug_m7_1\Obj\zf_common_1201165462030747823.dir\zf_common_font.o
#        C:\Code\beifen\old\CYT4BB7_Library-master\Seekfree_CYT4BB_Opensource_Library\project\iar\Debug_m7_1\Obj\zf_common_1201165462030747823.dir\zf_common_function.o
#        C:\Code\beifen\old\CYT4BB7_Library-master\Seekfree_CYT4BB_Opensource_Library\project\iar\Debug_m7_1\Obj\zf_common_1201165462030747823.dir\zf_common_interrupt.o
#        C:\Code\beifen\old\CYT4BB7_Library-master\Seekfree_CYT4BB_Opensource_Library\project\iar\Debug_m7_1\Obj\zf_device_6570275422786408770.dir\zf_device_ble6a20.o
#        C:\Code\beifen\old\CYT4BB7_Library-master\Seekfree_CYT4BB_Opensource_Library\project\iar\Debug_m7_1\Obj\zf_device_6570275422786408770.dir\zf_device_dl1a.o
#        C:\Code\beifen\old\CYT4BB7_Library-master\Seekfree_CYT4BB_Opensource_Library\project\iar\Debug_m7_1\Obj\zf_device_6570275422786408770.dir\zf_device_dl1b.o
#        C:\Code\beifen\old\CYT4BB7_Library-master\Seekfree_CYT4BB_Opensource_Library\project\iar\Debug_m7_1\Obj\zf_device_6570275422786408770.dir\zf_device_gnss.o
#        C:\Code\beifen\old\CYT4BB7_Library-master\Seekfree_CYT4BB_Opensource_Library\project\iar\Debug_m7_1\Obj\zf_device_6570275422786408770.dir\zf_device_icm20602.o
#        C:\Code\beifen\old\CYT4BB7_Library-master\Seekfree_CYT4BB_Opensource_Library\project\iar\Debug_m7_1\Obj\zf_device_6570275422786408770.dir\zf_device_imu660ra.o
#        C:\Code\beifen\old\CYT4BB7_Library-master\Seekfree_CYT4BB_Opensource_Library\project\iar\Debug_m7_1\Obj\zf_device_6570275422786408770.dir\zf_device_imu660rb.o
#        C:\Code\beifen\old\CYT4BB7_Library-master\Seekfree_CYT4BB_Opensource_Library\project\iar\Debug_m7_1\Obj\zf_device_6570275422786408770.dir\zf_device_imu660rc.o
#        C:\Code\beifen\old\CYT4BB7_Library-master\Seekfree_CYT4BB_Opensource_Library\project\iar\Debug_m7_1\Obj\zf_device_6570275422786408770.dir\zf_device_imu963ra.o
#        C:\Code\beifen\old\CYT4BB7_Library-master\Seekfree_CYT4BB_Opensource_Library\project\iar\Debug_m7_1\Obj\zf_device_6570275422786408770.dir\zf_device_ips114.o
#        C:\Code\beifen\old\CYT4BB7_Library-master\Seekfree_CYT4BB_Opensource_Library\project\iar\Debug_m7_1\Obj\zf_device_6570275422786408770.dir\zf_device_ips200.o
#        C:\Code\beifen\old\CYT4BB7_Library-master\Seekfree_CYT4BB_Opensource_Library\project\iar\Debug_m7_1\Obj\zf_device_6570275422786408770.dir\zf_device_ips200pro.o
#        C:\Code\beifen\old\CYT4BB7_Library-master\Seekfree_CYT4BB_Opensource_Library\project\iar\Debug_m7_1\Obj\zf_device_6570275422786408770.dir\zf_device_key.o
#        C:\Code\beifen\old\CYT4BB7_Library-master\Seekfree_CYT4BB_Opensource_Library\project\iar\Debug_m7_1\Obj\zf_device_6570275422786408770.dir\zf_device_lora3a22.o
#        C:\Code\beifen\old\CYT4BB7_Library-master\Seekfree_CYT4BB_Opensource_Library\project\iar\Debug_m7_1\Obj\zf_device_6570275422786408770.dir\zf_device_menc15a.o
#        C:\Code\beifen\old\CYT4BB7_Library-master\Seekfree_CYT4BB_Opensource_Library\project\iar\Debug_m7_1\Obj\zf_device_6570275422786408770.dir\zf_device_mt9v03x.o
#        C:\Code\beifen\old\CYT4BB7_Library-master\Seekfree_CYT4BB_Opensource_Library\project\iar\Debug_m7_1\Obj\zf_device_6570275422786408770.dir\zf_device_oled.o
#        C:\Code\beifen\old\CYT4BB7_Library-master\Seekfree_CYT4BB_Opensource_Library\project\iar\Debug_m7_1\Obj\zf_device_6570275422786408770.dir\zf_device_pmw3901.o
#        C:\Code\beifen\old\CYT4BB7_Library-master\Seekfree_CYT4BB_Opensource_Library\project\iar\Debug_m7_1\Obj\zf_device_6570275422786408770.dir\zf_device_tft180.o
#        C:\Code\beifen\old\CYT4BB7_Library-master\Seekfree_CYT4BB_Opensource_Library\project\iar\Debug_m7_1\Obj\zf_device_6570275422786408770.dir\zf_device_tsl1401.o
#        C:\Code\beifen\old\CYT4BB7_Library-master\Seekfree_CYT4BB_Opensource_Library\project\iar\Debug_m7_1\Obj\zf_device_6570275422786408770.dir\zf_device_type.o
#        C:\Code\beifen\old\CYT4BB7_Library-master\Seekfree_CYT4BB_Opensource_Library\project\iar\Debug_m7_1\Obj\zf_device_6570275422786408770.dir\zf_device_uart_receiver.o
#        C:\Code\beifen\old\CYT4BB7_Library-master\Seekfree_CYT4BB_Opensource_Library\project\iar\Debug_m7_1\Obj\zf_device_6570275422786408770.dir\zf_device_upflow302.o
#        C:\Code\beifen\old\CYT4BB7_Library-master\Seekfree_CYT4BB_Opensource_Library\project\iar\Debug_m7_1\Obj\zf_device_6570275422786408770.dir\zf_device_wifi_spi.o
#        C:\Code\beifen\old\CYT4BB7_Library-master\Seekfree_CYT4BB_Opensource_Library\project\iar\Debug_m7_1\Obj\zf_device_6570275422786408770.dir\zf_device_wifi_uart.o
#        C:\Code\beifen\old\CYT4BB7_Library-master\Seekfree_CYT4BB_Opensource_Library\project\iar\Debug_m7_1\Obj\zf_device_6570275422786408770.dir\zf_device_wireless_uart.o
#        C:\Code\beifen\old\CYT4BB7_Library-master\Seekfree_CYT4BB_Opensource_Library\project\iar\Debug_m7_1\Obj\zf_driver_11922370083829174090.dir\zf_driver_adc.o
#        C:\Code\beifen\old\CYT4BB7_Library-master\Seekfree_CYT4BB_Opensource_Library\project\iar\Debug_m7_1\Obj\zf_driver_11922370083829174090.dir\zf_driver_delay.o
#        C:\Code\beifen\old\CYT4BB7_Library-master\Seekfree_CYT4BB_Opensource_Library\project\iar\Debug_m7_1\Obj\zf_driver_11922370083829174090.dir\zf_driver_dma.o
#        C:\Code\beifen\old\CYT4BB7_Library-master\Seekfree_CYT4BB_Opensource_Library\project\iar\Debug_m7_1\Obj\zf_driver_11922370083829174090.dir\zf_driver_encoder.o
#        C:\Code\beifen\old\CYT4BB7_Library-master\Seekfree_CYT4BB_Opensource_Library\project\iar\Debug_m7_1\Obj\zf_driver_11922370083829174090.dir\zf_driver_exti.o
#        C:\Code\beifen\old\CYT4BB7_Library-master\Seekfree_CYT4BB_Opensource_Library\project\iar\Debug_m7_1\Obj\zf_driver_11922370083829174090.dir\zf_driver_flash.o
#        C:\Code\beifen\old\CYT4BB7_Library-master\Seekfree_CYT4BB_Opensource_Library\project\iar\Debug_m7_1\Obj\zf_driver_11922370083829174090.dir\zf_driver_gpio.o
#        C:\Code\beifen\old\CYT4BB7_Library-master\Seekfree_CYT4BB_Opensource_Library\project\iar\Debug_m7_1\Obj\zf_driver_11922370083829174090.dir\zf_driver_ipc.o
#        C:\Code\beifen\old\CYT4BB7_Library-master\Seekfree_CYT4BB_Opensource_Library\project\iar\Debug_m7_1\Obj\zf_driver_11922370083829174090.dir\zf_driver_pit.o
#        C:\Code\beifen\old\CYT4BB7_Library-master\Seekfree_CYT4BB_Opensource_Library\project\iar\Debug_m7_1\Obj\zf_driver_11922370083829174090.dir\zf_driver_pwm.o
#        C:\Code\beifen\old\CYT4BB7_Library-master\Seekfree_CYT4BB_Opensource_Library\project\iar\Debug_m7_1\Obj\zf_driver_11922370083829174090.dir\zf_driver_soft_iic.o
#        C:\Code\beifen\old\CYT4BB7_Library-master\Seekfree_CYT4BB_Opensource_Library\project\iar\Debug_m7_1\Obj\zf_driver_11922370083829174090.dir\zf_driver_soft_spi.o
#        C:\Code\beifen\old\CYT4BB7_Library-master\Seekfree_CYT4BB_Opensource_Library\project\iar\Debug_m7_1\Obj\zf_driver_11922370083829174090.dir\zf_driver_spi.o
#        C:\Code\beifen\old\CYT4BB7_Library-master\Seekfree_CYT4BB_Opensource_Library\project\iar\Debug_m7_1\Obj\zf_driver_11922370083829174090.dir\zf_driver_timer.o
#        C:\Code\beifen\old\CYT4BB7_Library-master\Seekfree_CYT4BB_Opensource_Library\project\iar\Debug_m7_1\Obj\zf_driver_11922370083829174090.dir\zf_driver_uart.o
#        --no_out_extension -o
#        C:\Code\beifen\old\CYT4BB7_Library-master\Seekfree_CYT4BB_Opensource_Library\project\iar\project_config\Debug_m7_1\Exe\cyt4bb7_cm_7_1.out
#        --config_def _CORE_cm7_1_=0 --config_def _LINK_flash_=0 --map
#        C:\Code\beifen\old\CYT4BB7_Library-master\Seekfree_CYT4BB_Opensource_Library\project\iar\Debug_m7_1\List\cyt4bb7_cm_7_1.map
#        --config
#        C:\Code\beifen\old\CYT4BB7_Library-master\Seekfree_CYT4BB_Opensource_Library\project\iar\project_config\..\icf\linker_directives_tviibh.icf
#        --semihosting
#        C:\Code\beifen\old\CYT4BB7_Library-master\Seekfree_CYT4BB_Opensource_Library\project\iar\project_config\..\..\..\libraries\sdk\tviibh4m\src\drivers\crypto\libs\libcrypto_server_cm0plus_iar.a
#        C:\Code\beifen\old\CYT4BB7_Library-master\Seekfree_CYT4BB_Opensource_Library\project\iar\project_config\..\..\..\libraries\zf_device\zf_device_config.a
#        C:\Code\beifen\old\CYT4BB7_Library-master\Seekfree_CYT4BB_Opensource_Library\project\iar\project_config\..\..\..\libraries\sdk\common\hdr\cmsis\dsp\iar_cortexM7lf_math.a
#        --entry __iar_program_start --vfe --text_out locale --cpu=Cortex-M7
#        --fpu=VFPv5_d16) --dependencies=n
#        C:\Code\beifen\old\CYT4BB7_Library-master\Seekfree_CYT4BB_Opensource_Library\project\iar\project_config\Debug_m7_1\Exe\cyt4bb7_cm_7_1.out.iar_deps
#
###############################################################################

*******************************************************************************
*** RUNTIME MODEL ATTRIBUTES
***

CppFlavor       = *
__CPP_Runtime   = 1
__Heap_Handler  = Basic
__SystemLibrary = DLib
__dlib_version  = 6


*******************************************************************************
*** HEAP SELECTION
***

The basic heap was selected because --advanced_heap
was not specified and the application did not appear to
be primarily optimized for speed.


*******************************************************************************
*** PLACEMENT SUMMARY
***

"A0":  place at start of [from 0x1028'0000 to 0x1040'ffff] { section .intvec };
"P1":  place in [from 0x1028'0000 to 0x1040'ffff] { ro };
"P2":  place in [from 0x2808'0000 to 0x280b'ffff] { rw };
define block HEAP with size = 1K, alignment = 8 { };
define block CSTACK with size = 8K, alignment = 8 { };
define block HEAP_STACK { block HEAP, last block CSTACK };
"A1":  place at end of [from 0x2808'0000 to 0x280b'ffff] { block HEAP_STACK };
do not initialize { section .intvec_ram };
initialize by copy { rw };

No sections matched the following patterns:

  ro section .sflash_app_prot  in "P6"
  ro section .sflash_nar       in "P4"
  ro section .sflash_pkey      in "P5"
  ro section .sflash_toc2      in "P7"
  ro section .sflash_uf_rows   in "P3"
  ro section .work_flash       in "P8"
  section .global_ram_data     in "P9"


  Section            Kind         Address      Size  Object
  -------            ----         -------      ----  ------
"A0":                                          0x80
  .intvec            ro code  0x1028'0000      0x80  startup_cm7.o [30]
                            - 0x1028'0080      0x80

"P1":                                        0x72d8
  .text              ro code  0x1028'0080    0x1244  main_cm7_1.o [44]
  .text              ro code  0x1028'12c4       0x6  ABImemclr4.o [51]
  .text              ro code  0x1028'12ca      0x7e  lz77_init_single.o [51]
  .text              ro code  0x1028'1348      0xa6  ABImemcpy.o [51]
  .text              ro code  0x1028'13ee       0xa  xsprout.o [49]
  .text              ro code  0x1028'13f8      0x1e  sqrt.o [50]
  .text              ro code  0x1028'1418      0x5a  S64ToFlt.o [50]
  .text              ro code  0x1028'1474      0x1c  zf_common_clock.o [45]
  .text              ro code  0x1028'1490     0x3f0  zf_common_debug.o [45]
  .text              ro code  0x1028'1880     0x418  zf_device_mt9v03x.o [47]
  .text              ro code  0x1028'1c98     0xacc  zf_driver_uart.o [48]
  .text              ro code  0x1028'2764      0x66  ABImemset.o [51]
  .text              ro code  0x1028'27cc      0x40  sprintf.o [49]
  .text              ro code  0x1028'280c      0x32  ABImemset48.o [51]
  .text              ro code  0x1028'2840     0x150  system_tviibh4m_cm7.o [21]
  .text              ro code  0x1028'2990     0x220  zf_driver_delay.o [48]
  .text              ro code  0x1028'2bb0      0xe2  zf_common_interrupt.o [45]
  .text              ro code  0x1028'2c94      0x36  strlen.o [51]
  .text              ro code  0x1028'2ccc     0x410  zf_common_fifo.o [45]
  .text              ro code  0x1028'30dc     0x1aa  cy_tcpwm_counter.o [42]
  .text              ro code  0x1028'3286       0xc  cy_tcpwm.o [42]
  .text              ro code  0x1028'3294     0x5fc  zf_driver_soft_iic.o [48]
  .text              ro code  0x1028'3890     0x858  zf_device_config_mt9v03x.o [53]
  .text              ro code  0x1028'40e8     0x194  cy_gpio.o [13]
  .text              ro code  0x1028'427c     0x314  cy_scb_uart.o [23]
  .text              ro code  0x1028'4590     0xeae  xprintffull_nomb.o [49]
  .text              ro code  0x1028'5440     0x8e8  cy_sysclk.o [32]
  .text              ro code  0x1028'5d28      0x70  strncpy.o [51]
  .text              ro code  0x1028'5d98      0xa8  cy_syslib.o [35]
  .text              ro code  0x1028'5e40       0x8  startup_cm7.o [30]
  .text              ro code  0x1028'5e48       0x6  startup_cm7.o [30]
  .text              ro code  0x1028'5e50      0x20  zf_driver_pwm.o [48]
  .text              ro code  0x1028'5e70      0xac  cy_sysint.o [34]
  .text              ro code  0x1028'5f1c     0x17c  zf_driver_gpio.o [48]
  .text              ro code  0x1028'6098      0x16  strchr.o [51]
  .text              ro code  0x1028'60b0      0x40  xfail_s.o [49]
  .text              ro code  0x1028'60f0      0x58  memchr.o [51]
  .text              ro code  0x1028'6148      0x70  frexp.o [50]
  .text              ro code  0x1028'61b8      0x34  DblCmpLe.o [50]
  .text              ro code  0x1028'61ec      0x34  DblCmpGe.o [50]
  .text              ro code  0x1028'6220     0x104  ldexp.o [50]
  .text              ro code  0x1028'6324       0xe  DblToS32.o [50]
  .text              ro code  0x1028'6332       0xe  S32ToDbl.o [50]
  .text              ro code  0x1028'6340      0x12  DblSub.o [50]
  .text              ro code  0x1028'6352      0x12  DblDiv.o [50]
  .text              ro code  0x1028'6364       0xe  DblToU32.o [50]
  .text              ro code  0x1028'6372       0xe  U32ToDbl.o [50]
  .text              ro code  0x1028'6380      0x12  DblMul.o [50]
  .text              ro code  0x1028'6394     0x230  I64DivMod.o [51]
  .text              ro code  0x1028'65c4       0x2  cy_syslib.o [35]
  .text              ro code  0x1028'65c6       0x6  abort.o [49]
  .text              ro code  0x1028'65cc       0x2  I64DivZer.o [51]
  .text              ro code  0x1028'65d0      0x14  exit.o [52]
  .text              ro code  0x1028'65e4     0x204  startup.o [30]
  .text              ro code  0x1028'67e8     0x198  cy_interrupt_map.o [22]
  .text              ro code  0x1028'6980     0x114  zf_device_gnss.o [47]
  .text              ro code  0x1028'6a94      0x2a  strncmp.o [49]
  .text              ro code  0x1028'6ac0      0xb0  startup_cm7.o [30]
  .rodata            const    0x1028'6b70      0x88  system_tviibh4m_cm7.o [21]
  .rodata            const    0x1028'6bf8      0x84  cy_sysclk.o [32]
  .rodata            const    0x1028'6c7c      0x84  cy_sysclk.o [32]
  .rodata            const    0x1028'6d00      0x78  zf_driver_soft_iic.o [48]
  .rodata            const    0x1028'6d78      0x74  zf_common_fifo.o [45]
  .rodata            const    0x1028'6dec      0x74  zf_driver_uart.o [48]
  .text              ro code  0x1028'6e60      0x74  cm7_1_isr.o [44]
  .text              ro code  0x1028'6ed4      0x38  zero_init3.o [51]
  .rodata            const    0x1028'6f0c      0x28  main_cm7_1.o [44]
  .rodata            const    0x1028'6f34      0x28  main_cm7_1.o [44]
  .rodata            const    0x1028'6f5c      0x28  zf_device_mt9v03x.o [47]
  .text              ro code  0x1028'6f84      0x28  data_init.o [51]
  .text              ro code  0x1028'6fac      0x22  fpinit_M.o [50]
  .iar.init_table    const    0x1028'6fd0      0x28  - Linker created -
  .text              ro code  0x1028'6ff8      0x20  startup_cm7.o [30]
  .text              ro code  0x1028'7020      0x1e  cy_syslib_iar.o [35]
  .text              ro code  0x1028'7040      0x1e  cmain.o [51]
  .text              ro code  0x1028'7060       0x4  startup_cm7.o [30]
  .text              ro code  0x1028'7064       0x4  exit.o [49]
  .text              ro code  0x1028'7068       0xa  cexit.o [51]
  .rodata            const    0x1028'7074      0x1c  zf_common_debug.o [45]
  .text              ro code  0x1028'7090      0x1c  startup_cm7.o [30]
  .text              ro code  0x1028'70ac      0x1c  cstartup_M.o [51]
  .rodata            const    0x1028'70c8      0x18  startup.o [30]
  .rodata            const    0x1028'70e0      0x18  system_tviibh4m_cm7.o [21]
  .rodata            const    0x1028'70f8      0x18  zf_common_debug.o [45]
  .rodata            const    0x1028'7110      0x10  main_cm7_1.o [44]
  .rodata            const    0x1028'7120      0x10  zf_common_debug.o [45]
  .rodata            const    0x1028'7130      0x10  zf_common_debug.o [45]
  .rodata            const    0x1028'7140       0xc  zf_common_debug.o [45]
  .rodata            const    0x1028'714c       0xc  zf_common_debug.o [45]
  .text              ro code  0x1028'7158       0xc  cy_syslib.o [35]
  .rodata            const    0x1028'7164       0x8  cy_sysclk.o [32]
  .rodata            const    0x1028'716c       0x4  cy_interrupt_map.o [22]
  .rodata            const    0x1028'7170       0x4  cy_interrupt_map.o [22]
  .rodata            const    0x1028'7174       0x4  cy_interrupt_map.o [22]
  .rodata            const    0x1028'7178       0x4  cy_interrupt_map.o [22]
  .rodata            const    0x1028'717c       0x4  cy_interrupt_map.o [22]
  .rodata            const    0x1028'7180       0x4  cy_interrupt_map.o [22]
  .rodata            const    0x1028'7184       0x4  cy_interrupt_map.o [22]
  .rodata            const    0x1028'7188       0x4  cy_interrupt_map.o [22]
  .rodata            const    0x1028'718c       0x4  cy_scb_uart.o [23]
  .rodata            const    0x1028'7190       0x4  cy_scb_uart.o [23]
  .rodata            const    0x1028'7194       0x4  cy_scb_uart.o [23]
  .rodata            const    0x1028'7198       0x4  cy_scb_uart.o [23]
  .rodata            const    0x1028'719c       0x4  cy_scb_uart.o [23]
  .rodata            const    0x1028'71a0       0x4  cy_scb_uart.o [23]
  .rodata            const    0x1028'71a4       0x4  cy_scb_uart.o [23]
  .rodata            const    0x1028'71a8       0x4  cy_scb_uart.o [23]
  .rodata            const    0x1028'71ac       0x4  cy_scb_uart.o [23]
  .rodata            const    0x1028'71b0       0x4  cy_scb_uart.o [23]
  .rodata            const    0x1028'71b4       0x4  cy_sysint.o [34]
  .rodata            const    0x1028'71b8       0x4  cy_sysint.o [34]
  .rodata            const    0x1028'71bc       0x4  cy_tcpwm_counter.o [42]
  .rodata            const    0x1028'71c0       0x4  cy_tcpwm_counter.o [42]
  .rodata            const    0x1028'71c4       0x4  cy_tcpwm_counter.o [42]
  .rodata            const    0x1028'71c8       0x4  cy_tcpwm_counter.o [42]
  .rodata            const    0x1028'71cc       0x4  cy_tcpwm_counter.o [42]
  .text              ro code  0x1028'71d0       0x4  startup_cm7.o [30]
  .text              ro code  0x1028'71d4       0x4  startup_cm7.o [30]
  .text              ro code  0x1028'71d8       0x4  startup_cm7.o [30]
  .text              ro code  0x1028'71dc       0x4  startup_cm7.o [30]
  .text              ro code  0x1028'71e0       0x4  startup_cm7.o [30]
  .text              ro code  0x1028'71e4       0x4  startup_cm7.o [30]
  .text              ro code  0x1028'71e8       0x4  startup_cm7.o [30]
  .text              ro code  0x1028'71ec       0x4  startup_cm7.o [30]
  .text              ro code  0x1028'71f0       0x4  startup_cm7.o [30]
  .text              ro code  0x1028'71f4       0x4  startup_cm7.o [30]
  .text              ro code  0x1028'71f8       0x4  startup_cm7.o [30]
  .text              ro code  0x1028'71fc       0x4  startup_cm7.o [30]
  .text              ro code  0x1028'7200       0x4  startup_cm7.o [30]
  .text              ro code  0x1028'7204       0x4  startup_cm7.o [30]
  .text              ro code  0x1028'7208       0x4  startup_cm7.o [30]
  .text              ro code  0x1028'720c       0x2  zf_device_type.o [47]
  .rodata            const    0x1028'720e       0x0  zero_init3.o [51]
  .rodata            const    0x1028'720e       0x0  lz77_init_single.o [51]
  Initializer bytes  const    0x1028'720e      0x5a  <for P2-1>
                            - 0x1028'7268    0x71e8

Absolute sections, part 1 of 3:                 0xc
  .bss               zero     0x2800'1014       0xc  main_cm7_1.o [44]
                            - 0x2800'1020       0xc

Absolute sections, part 2 of 3:                 0x4
  .noinit            uninit   0x2800'6bf0       0x2  zf_device_mt9v03x.o [47]
  .noinit            uninit   0x2800'6bf2       0x2  zf_device_mt9v03x.o [47]
                            - 0x2800'6bf4       0x4

Absolute sections, part 3 of 3:              0x5820
  .noinit            uninit   0x2802'6024    0x5820  zf_device_mt9v03x.o [47]
                            - 0x2802'b844    0x5820

"P2", part 1 of 3:                            0x734
  P2-1                        0x2808'0000     0x734  <Init block>
    .data            inited   0x2808'0000     0x6ec  cy_interrupt_map.o [22]
    .data            inited   0x2808'06ec       0x4  cy_interrupt_map.o [22]
    .data            inited   0x2808'06f0       0x4  zf_device_type.o [47]
    .data            inited   0x2808'06f4       0x4  zf_device_type.o [47]
    .data            inited   0x2808'06f8      0x1c  zf_driver_uart.o [48]
    .data            inited   0x2808'0714      0x1c  zf_driver_uart.o [48]
    .data            inited   0x2808'0730       0x2  zf_driver_delay.o [48]
    .data            inited   0x2808'0732       0x1  zf_common_debug.o [45]
    .data            inited   0x2808'0733       0x1  zf_driver_delay.o [48]
                            - 0x2808'0734     0x734

"P2", part 2 of 3:                         0x1'0d20
  .bss               zero     0x2808'0734    0x5820  main_cm7_1.o [44]
  .bss               zero     0x2808'5f54    0x5820  main_cm7_1.o [44]
  .bss               zero     0x2808'b774    0x5820  zf_device_mt9v03x.o [47]
  .bss               zero     0x2809'0f94     0x188  zf_driver_uart.o [48]
  .bss               zero     0x2809'111c      0x80  zf_device_gnss.o [47]
  .bss               zero     0x2809'119c      0x80  zf_device_gnss.o [47]
  .bss               zero     0x2809'121c      0x80  zf_device_gnss.o [47]
  .bss               zero     0x2809'129c      0x70  cy_syslib.o [35]
  .bss               zero     0x2809'130c      0x70  zf_driver_uart.o [48]
  .bss               zero     0x2809'137c      0x18  cy_sysclk.o [32]
  .bss               zero     0x2809'1394      0x18  cy_syslib.o [35]
  .bss               zero     0x2809'13ac      0x18  zf_common_debug.o [45]
  .bss               zero     0x2809'13c4      0x18  zf_device_gnss.o [47]
  .bss               zero     0x2809'13dc      0x14  zf_common_debug.o [45]
  .bss               zero     0x2809'13f0      0x10  zf_device_config_mt9v03x.o [53]
  .bss               zero     0x2809'1400       0x8  zf_driver_uart.o [48]
  .bss               zero     0x2809'1408       0x8  zf_driver_uart.o [48]
  .bss               zero     0x2809'1410       0x4  cy_syslib.o [35]
  .bss               zero     0x2809'1414       0x4  system_tviibh4m_cm7.o [21]
  .bss               zero     0x2809'1418       0x4  system_tviibh4m_cm7.o [21]
  .bss               zero     0x2809'141c       0x4  system_tviibh4m_cm7.o [21]
  .bss               zero     0x2809'1420       0x4  system_tviibh4m_cm7.o [21]
  .bss               zero     0x2809'1424       0x4  system_tviibh4m_cm7.o [21]
  .bss               zero     0x2809'1428       0x4  zf_common_clock.o [45]
  .bss               zero     0x2809'142c       0x4  zf_common_interrupt.o [45]
  .bss               zero     0x2809'1430       0x4  zf_device_config_mt9v03x.o [53]
  .bss               zero     0x2809'1434       0x4  zf_device_config_mt9v03x.o [53]
  .bss               zero     0x2809'1438       0x4  zf_device_config_mt9v03x.o [53]
  .bss               zero     0x2809'143c       0x4  zf_device_config_mt9v03x.o [53]
  .bss               zero     0x2809'1440       0x4  zf_device_config_mt9v03x.o [53]
  .bss               zero     0x2809'1444       0x4  xfail_s.o [49]
  .bss               zero     0x2809'1448       0x1  cy_sysclk.o [32]
  .bss               zero     0x2809'1449       0x1  zf_common_debug.o [45]
  .bss               zero     0x2809'144a       0x1  zf_common_debug.o [45]
  .bss               zero     0x2809'144b       0x1  zf_common_debug.o [45]
  .bss               zero     0x2809'144c       0x1  zf_device_gnss.o [47]
  .bss               zero     0x2809'144d       0x1  zf_device_gnss.o [47]
  .bss               zero     0x2809'144e       0x1  zf_device_gnss.o [47]
  .bss               zero     0x2809'144f       0x1  zf_device_gnss.o [47]
  .bss               zero     0x2809'1450       0x1  zf_device_gnss.o [47]
  .bss               zero     0x2809'1451       0x1  zf_device_mt9v03x.o [47]
  .bss               zero     0x2809'1452       0x1  zf_device_mt9v03x.o [47]
                            - 0x2809'1453  0x1'0d1f

"P2", part 3 of 3:                             0x80
  .intvec_ram        uninit   0x2809'1480      0x80  startup_cm7.o [30]
                            - 0x2809'1500      0x80

"A1":                                        0x2000
  HEAP_STACK                  0x280b'e000    0x2000  <Block>
    CSTACK                    0x280b'e000    0x2000  <Block>
      CSTACK         uninit   0x280b'e000    0x2000  <Block tail>
                            - 0x280c'0000    0x2000

Unused ranges:

         From           To       Size
         ----           --       ----
  0x1028'7358  0x1040'ffff  0x18'8ca8
  0x2809'1454  0x2809'147f       0x2c
  0x2809'1500  0x280b'dfff   0x2'cb00


*******************************************************************************
*** INIT TABLE
***

          Address      Size
          -------      ----
Zero (__iar_zero_init3)
    2 destination ranges, total size 0x1'0d2b:
          0x2800'1014       0xc
          0x2808'0734  0x1'0d1f

Copy/lz77 (__iar_lz77_init_single3)
    1 source range, total size 0x5a (4% of destination):
          0x1028'720e      0x5a
    1 destination range, total size 0x734:
          0x2808'0000     0x734



*******************************************************************************
*** MODULE SUMMARY
***

    Module                      ro code  ro data  rw data  rw data
                                                            (abs)
    ------                      -------  -------  -------  -------
command line/config:
    --------------------------------------------------------------
    Total:

C:\Code\beifen\old\CYT4BB7_Library-master\Seekfree_CYT4BB_Opensource_Library\project\iar\Debug_m7_1\Obj\adc_11722776235721520015.dir: [1]
    --------------------------------------------------------------
    Total:

C:\Code\beifen\old\CYT4BB7_Library-master\Seekfree_CYT4BB_Opensource_Library\project\iar\Debug_m7_1\Obj\audioss_1346650047966882938.dir: [2]
    --------------------------------------------------------------
    Total:

C:\Code\beifen\old\CYT4BB7_Library-master\Seekfree_CYT4BB_Opensource_Library\project\iar\Debug_m7_1\Obj\button_4990804375159372270.dir: [3]
    --------------------------------------------------------------
    Total:

C:\Code\beifen\old\CYT4BB7_Library-master\Seekfree_CYT4BB_Opensource_Library\project\iar\Debug_m7_1\Obj\canfd_1800690984773873875.dir: [4]
    --------------------------------------------------------------
    Total:

C:\Code\beifen\old\CYT4BB7_Library-master\Seekfree_CYT4BB_Opensource_Library\project\iar\Debug_m7_1\Obj\cpu_15938736945165268644.dir: [5]
    --------------------------------------------------------------
    Total:

C:\Code\beifen\old\CYT4BB7_Library-master\Seekfree_CYT4BB_Opensource_Library\project\iar\Debug_m7_1\Obj\crypto_1190170608956581615.dir: [6]
    --------------------------------------------------------------
    Total:

C:\Code\beifen\old\CYT4BB7_Library-master\Seekfree_CYT4BB_Opensource_Library\project\iar\Debug_m7_1\Obj\dma_12106025507578611576.dir: [7]
    --------------------------------------------------------------
    Total:

C:\Code\beifen\old\CYT4BB7_Library-master\Seekfree_CYT4BB_Opensource_Library\project\iar\Debug_m7_1\Obj\eth_phy_18133017486186456677.dir: [8]
    --------------------------------------------------------------
    Total:

C:\Code\beifen\old\CYT4BB7_Library-master\Seekfree_CYT4BB_Opensource_Library\project\iar\Debug_m7_1\Obj\ethernet_6029839089178797009.dir: [9]
    --------------------------------------------------------------
    Total:

C:\Code\beifen\old\CYT4BB7_Library-master\Seekfree_CYT4BB_Opensource_Library\project\iar\Debug_m7_1\Obj\evtgen_3404189088603873129.dir: [10]
    --------------------------------------------------------------
    Total:

C:\Code\beifen\old\CYT4BB7_Library-master\Seekfree_CYT4BB_Opensource_Library\project\iar\Debug_m7_1\Obj\flash_8529866181315662935.dir: [11]
    --------------------------------------------------------------
    Total:

C:\Code\beifen\old\CYT4BB7_Library-master\Seekfree_CYT4BB_Opensource_Library\project\iar\Debug_m7_1\Obj\flash_864493325053435817.dir: [12]
    --------------------------------------------------------------
    Total:

C:\Code\beifen\old\CYT4BB7_Library-master\Seekfree_CYT4BB_Opensource_Library\project\iar\Debug_m7_1\Obj\gpio_3999404635324069351.dir: [13]
    cy_gpio.o                       404
    --------------------------------------------------------------
    Total:                          404

C:\Code\beifen\old\CYT4BB7_Library-master\Seekfree_CYT4BB_Opensource_Library\project\iar\Debug_m7_1\Obj\ipc_10145506163450686023.dir: [14]
    --------------------------------------------------------------
    Total:

C:\Code\beifen\old\CYT4BB7_Library-master\Seekfree_CYT4BB_Opensource_Library\project\iar\Debug_m7_1\Obj\lin_18429031207028094880.dir: [15]
    --------------------------------------------------------------
    Total:

C:\Code\beifen\old\CYT4BB7_Library-master\Seekfree_CYT4BB_Opensource_Library\project\iar\Debug_m7_1\Obj\lvd_6353935867039560245.dir: [16]
    --------------------------------------------------------------
    Total:

C:\Code\beifen\old\CYT4BB7_Library-master\Seekfree_CYT4BB_Opensource_Library\project\iar\Debug_m7_1\Obj\mcwdt_4052485907822033969.dir: [17]
    --------------------------------------------------------------
    Total:

C:\Code\beifen\old\CYT4BB7_Library-master\Seekfree_CYT4BB_Opensource_Library\project\iar\Debug_m7_1\Obj\mpu_5663187252346826382.dir: [18]
    --------------------------------------------------------------
    Total:

C:\Code\beifen\old\CYT4BB7_Library-master\Seekfree_CYT4BB_Opensource_Library\project\iar\Debug_m7_1\Obj\power_14453085144426420577.dir: [19]
    --------------------------------------------------------------
    Total:

C:\Code\beifen\old\CYT4BB7_Library-master\Seekfree_CYT4BB_Opensource_Library\project\iar\Debug_m7_1\Obj\prot_10722960861768657883.dir: [20]
    --------------------------------------------------------------
    Total:

C:\Code\beifen\old\CYT4BB7_Library-master\Seekfree_CYT4BB_Opensource_Library\project\iar\Debug_m7_1\Obj\rev_b_4986922561640112550.dir: [21]
    system_tviibh4m_cm7.o           336      160       20
    --------------------------------------------------------------
    Total:                          336      160       20

C:\Code\beifen\old\CYT4BB7_Library-master\Seekfree_CYT4BB_Opensource_Library\project\iar\Debug_m7_1\Obj\rev_b_6162237342861132223.dir: [22]
    cy_interrupt_map.o              408      118    1'776
    --------------------------------------------------------------
    Total:                          408      118    1'776

C:\Code\beifen\old\CYT4BB7_Library-master\Seekfree_CYT4BB_Opensource_Library\project\iar\Debug_m7_1\Obj\scb_15490842639181808494.dir: [23]
    cy_scb_uart.o                   788       40
    --------------------------------------------------------------
    Total:                          788       40

C:\Code\beifen\old\CYT4BB7_Library-master\Seekfree_CYT4BB_Opensource_Library\project\iar\Debug_m7_1\Obj\sd_host_2982766354293506895.dir: [24]
    --------------------------------------------------------------
    Total:

C:\Code\beifen\old\CYT4BB7_Library-master\Seekfree_CYT4BB_Opensource_Library\project\iar\Debug_m7_1\Obj\semihosting_143864889731838620.dir: [25]
    --------------------------------------------------------------
    Total:

C:\Code\beifen\old\CYT4BB7_Library-master\Seekfree_CYT4BB_Opensource_Library\project\iar\Debug_m7_1\Obj\smartio_5451710003740070188.dir: [26]
    --------------------------------------------------------------
    Total:

C:\Code\beifen\old\CYT4BB7_Library-master\Seekfree_CYT4BB_Opensource_Library\project\iar\Debug_m7_1\Obj\smif_427648126384146252.dir: [27]
    --------------------------------------------------------------
    Total:

C:\Code\beifen\old\CYT4BB7_Library-master\Seekfree_CYT4BB_Opensource_Library\project\iar\Debug_m7_1\Obj\smif_mem_6470536964353725183.dir: [28]
    --------------------------------------------------------------
    Total:

C:\Code\beifen\old\CYT4BB7_Library-master\Seekfree_CYT4BB_Opensource_Library\project\iar\Debug_m7_1\Obj\srom_13018798572330080582.dir: [29]
    --------------------------------------------------------------
    Total:

C:\Code\beifen\old\CYT4BB7_Library-master\Seekfree_CYT4BB_Opensource_Library\project\iar\Debug_m7_1\Obj\startup_479057977785470282.dir: [30]
    startup.o                       516       24
    startup_cm7.o                   442               128
    --------------------------------------------------------------
    Total:                          958       24      128

C:\Code\beifen\old\CYT4BB7_Library-master\Seekfree_CYT4BB_Opensource_Library\project\iar\Debug_m7_1\Obj\sw_timer_4215635015939382130.dir: [31]
    --------------------------------------------------------------
    Total:

C:\Code\beifen\old\CYT4BB7_Library-master\Seekfree_CYT4BB_Opensource_Library\project\iar\Debug_m7_1\Obj\sysclk_16149231235676103872.dir: [32]
    cy_sysclk.o                   2'280      272       25
    --------------------------------------------------------------
    Total:                        2'280      272       25

C:\Code\beifen\old\CYT4BB7_Library-master\Seekfree_CYT4BB_Opensource_Library\project\iar\Debug_m7_1\Obj\sysflt_12293435975120599261.dir: [33]
    --------------------------------------------------------------
    Total:

C:\Code\beifen\old\CYT4BB7_Library-master\Seekfree_CYT4BB_Opensource_Library\project\iar\Debug_m7_1\Obj\sysint_7435970359207984181.dir: [34]
    cy_sysint.o                     172        8
    --------------------------------------------------------------
    Total:                          172        8

C:\Code\beifen\old\CYT4BB7_Library-master\Seekfree_CYT4BB_Opensource_Library\project\iar\Debug_m7_1\Obj\syslib_16330585751512546975.dir: [35]
    cy_syslib.o                     182               140
    cy_syslib_iar.o                  30
    --------------------------------------------------------------
    Total:                          212               140

C:\Code\beifen\old\CYT4BB7_Library-master\Seekfree_CYT4BB_Opensource_Library\project\iar\Debug_m7_1\Obj\syspm_10887939769544754770.dir: [36]
    --------------------------------------------------------------
    Total:

C:\Code\beifen\old\CYT4BB7_Library-master\Seekfree_CYT4BB_Opensource_Library\project\iar\Debug_m7_1\Obj\sysreghc_17676636058511625587.dir: [37]
    --------------------------------------------------------------
    Total:

C:\Code\beifen\old\CYT4BB7_Library-master\Seekfree_CYT4BB_Opensource_Library\project\iar\Debug_m7_1\Obj\sysreset_14586141425677365288.dir: [38]
    --------------------------------------------------------------
    Total:

C:\Code\beifen\old\CYT4BB7_Library-master\Seekfree_CYT4BB_Opensource_Library\project\iar\Debug_m7_1\Obj\sysrtc_10747768817563771611.dir: [39]
    --------------------------------------------------------------
    Total:

C:\Code\beifen\old\CYT4BB7_Library-master\Seekfree_CYT4BB_Opensource_Library\project\iar\Debug_m7_1\Obj\systick_16016591671695740695.dir: [40]
    --------------------------------------------------------------
    Total:

C:\Code\beifen\old\CYT4BB7_Library-master\Seekfree_CYT4BB_Opensource_Library\project\iar\Debug_m7_1\Obj\syswdt_9118657615806274156.dir: [41]
    --------------------------------------------------------------
    Total:

C:\Code\beifen\old\CYT4BB7_Library-master\Seekfree_CYT4BB_Opensource_Library\project\iar\Debug_m7_1\Obj\tcpwm_422923530147891246.dir: [42]
    cy_tcpwm.o                       12
    cy_tcpwm_counter.o              426       20
    --------------------------------------------------------------
    Total:                          438       20

C:\Code\beifen\old\CYT4BB7_Library-master\Seekfree_CYT4BB_Opensource_Library\project\iar\Debug_m7_1\Obj\trigmux_9729677290734583340.dir: [43]
    --------------------------------------------------------------
    Total:

C:\Code\beifen\old\CYT4BB7_Library-master\Seekfree_CYT4BB_Opensource_Library\project\iar\Debug_m7_1\Obj\user_8514941877209965082.dir: [44]
    cm7_1_isr.o                     116
    main_cm7_1.o                  4'676       96   45'120       12
    --------------------------------------------------------------
    Total:                        4'792       96   45'120       12

C:\Code\beifen\old\CYT4BB7_Library-master\Seekfree_CYT4BB_Opensource_Library\project\iar\Debug_m7_1\Obj\zf_common_1201165462030747823.dir: [45]
    zf_common_clock.o                28                 4
    zf_common_debug.o             1'008      108       48
    zf_common_fifo.o              1'040      116
    zf_common_interrupt.o           226                 4
    --------------------------------------------------------------
    Total:                        2'302      224       56

C:\Code\beifen\old\CYT4BB7_Library-master\Seekfree_CYT4BB_Opensource_Library\project\iar\Debug_m7_1\Obj\zf_components_14936052685886095442.dir: [46]
    --------------------------------------------------------------
    Total:

C:\Code\beifen\old\CYT4BB7_Library-master\Seekfree_CYT4BB_Opensource_Library\project\iar\Debug_m7_1\Obj\zf_device_6570275422786408770.dir: [47]
    zf_device_gnss.o                276               413
    zf_device_mt9v03x.o           1'048       40   22'562   22'564
    zf_device_type.o                  2        1        8
    --------------------------------------------------------------
    Total:                        1'326       41   22'983   22'564

C:\Code\beifen\old\CYT4BB7_Library-master\Seekfree_CYT4BB_Opensource_Library\project\iar\Debug_m7_1\Obj\zf_driver_11922370083829174090.dir: [48]
    zf_driver_delay.o               544        1        3
    zf_driver_gpio.o                380
    zf_driver_pwm.o                  32
    zf_driver_soft_iic.o          1'532      120
    zf_driver_uart.o              2'764      118      576
    --------------------------------------------------------------
    Total:                        5'252      239      579

dl7M_tln.a: [49]
    abort.o                           6
    exit.o                            4
    sprintf.o                        64
    strncmp.o                        42
    xfail_s.o                        64                 4
    xprintffull_nomb.o            3'758
    xsprout.o                        10
    --------------------------------------------------------------
    Total:                        3'948                 4

m7M_tlv.a: [50]
    DblCmpGe.o                       52
    DblCmpLe.o                       52
    DblDiv.o                         18
    DblMul.o                         18
    DblSub.o                         18
    DblToS32.o                       14
    DblToU32.o                       14
    S32ToDbl.o                       14
    S64ToFlt.o                       90
    U32ToDbl.o                       14
    fpinit_M.o                       34
    frexp.o                         112
    ldexp.o                         260
    sqrt.o                           30
    --------------------------------------------------------------
    Total:                          740

rt7M_tl.a: [51]
    ABImemclr4.o                      6
    ABImemcpy.o                     166
    ABImemset.o                     102
    ABImemset48.o                    50
    I64DivMod.o                     560
    I64DivZer.o                       2
    cexit.o                          10
    cmain.o                          30
    cstartup_M.o                     28
    data_init.o                      40
    lz77_init_single.o              126
    memchr.o                         88
    strchr.o                         22
    strlen.o                         54
    strncpy.o                       112
    zero_init3.o                     56
    --------------------------------------------------------------
    Total:                        1'452

shb_l.a: [52]
    exit.o                           20
    --------------------------------------------------------------
    Total:                           20

zf_device_config.a: [53]
    zf_device_config_mt9v03x.o    2'136                36
    --------------------------------------------------------------
    Total:                        2'136                36

    Gaps                             38        4
    Linker created                            40    8'192
------------------------------------------------------------------
    Grand Total:                 28'002    1'286   79'059   22'576


*******************************************************************************
*** ENTRY LIST
***

Entry                       Address    Size  Type      Object
-----                       -------    ----  ----      ------
.iar.init_table$$Base   0x1028'6fd0           --   Gb  - Linker created -
.iar.init_table$$Limit  0x1028'6ff8           --   Gb  - Linker created -
?main                   0x1028'7041          Code  Gb  cmain.o [51]
BusFault_Handler        0x1028'71d9          Code  Wk  startup_cm7.o [30]
CSTACK$$Base            0x280b'e000           --   Gb  - Linker created -
CSTACK$$Limit           0x280c'0000           --   Gb  - Linker created -
CopyVectorTable         0x1028'6785    0x34  Code  Lc  startup.o [30]
CpuUserInt0_Handler     0x1028'6807    0x26  Code  Gb  cy_interrupt_map.o [22]
CpuUserInt10_Handler    0x1028'71f5          Code  Wk  startup_cm7.o [30]
CpuUserInt11_Handler    0x1028'71f9          Code  Wk  startup_cm7.o [30]
CpuUserInt12_Handler    0x1028'71fd          Code  Wk  startup_cm7.o [30]
CpuUserInt13_Handler    0x1028'7201          Code  Wk  startup_cm7.o [30]
CpuUserInt14_Handler    0x1028'7205          Code  Wk  startup_cm7.o [30]
CpuUserInt15_Handler    0x1028'7209          Code  Wk  startup_cm7.o [30]
CpuUserInt1_Handler     0x1028'682d    0x26  Code  Gb  cy_interrupt_map.o [22]
CpuUserInt2_Handler     0x1028'6853    0x26  Code  Gb  cy_interrupt_map.o [22]
CpuUserInt3_Handler     0x1028'6879    0x26  Code  Gb  cy_interrupt_map.o [22]
CpuUserInt4_Handler     0x1028'689f    0x26  Code  Gb  cy_interrupt_map.o [22]
CpuUserInt5_Handler     0x1028'68c5    0x26  Code  Gb  cy_interrupt_map.o [22]
CpuUserInt6_Handler     0x1028'68eb    0x26  Code  Gb  cy_interrupt_map.o [22]
CpuUserInt7_Handler     0x1028'6911    0x26  Code  Gb  cy_interrupt_map.o [22]
CpuUserInt8_Handler     0x1028'71ed          Code  Wk  startup_cm7.o [30]
CpuUserInt9_Handler     0x1028'71f1          Code  Wk  startup_cm7.o [30]
Cy_DefaultUserHandler   0x1028'6805     0x2  Code  Gb  cy_interrupt_map.o [22]
Cy_GPIO_ClearInterrupt  0x1028'41bb     0xe  Code  Lc  cy_gpio.o [13]
Cy_GPIO_Clr             0x1028'5f31     0xa  Code  Lc  zf_driver_gpio.o [48]
Cy_GPIO_Pin_Init        0x1028'41ff    0x72  Code  Gb  cy_gpio.o [13]
Cy_GPIO_Read            0x1028'5f1d     0xa  Code  Lc  zf_driver_gpio.o [48]
Cy_GPIO_Set             0x1028'5f27     0xa  Code  Lc  zf_driver_gpio.o [48]
Cy_GPIO_SetDriveSel     0x1028'419d    0x1e  Code  Lc  cy_gpio.o [13]
Cy_GPIO_SetDrivemode    0x1028'414d    0x1c  Code  Lc  cy_gpio.o [13]
Cy_GPIO_SetDrivemode    0x1028'5f3b    0x1c  Code  Lc  zf_driver_gpio.o [48]
Cy_GPIO_SetHSIOM        0x1028'40e9    0x4c  Code  Lc  cy_gpio.o [13]
Cy_GPIO_SetInterruptEdge
                        0x1028'41e3    0x1c  Code  Lc  cy_gpio.o [13]
Cy_GPIO_SetInterruptMask
                        0x1028'41c9    0x1a  Code  Lc  cy_gpio.o [13]
Cy_GPIO_SetSlewRate     0x1028'4183    0x1a  Code  Lc  cy_gpio.o [13]
Cy_GPIO_SetVtrip        0x1028'4169    0x1a  Code  Lc  cy_gpio.o [13]
Cy_GPIO_Write           0x1028'4135    0x18  Code  Lc  cy_gpio.o [13]
Cy_RestoreIRQ           0x1028'5e49          Code  Gb  startup_cm7.o [30]
Cy_SCB_ClearRxFifo      0x1028'1e4d    0x1e  Code  Lc  zf_driver_uart.o [48]
Cy_SCB_ClearRxInterrupt
                        0x1028'1eb3     0xa  Code  Lc  zf_driver_uart.o [48]
Cy_SCB_ClearTxInterrupt
                        0x1028'1ec9     0xa  Code  Lc  zf_driver_uart.o [48]
Cy_SCB_GetNumInRxFifo   0x1028'1e43     0xa  Code  Lc  zf_driver_uart.o [48]
Cy_SCB_GetNumInTxFifo   0x1028'1e71     0xa  Code  Lc  zf_driver_uart.o [48]
Cy_SCB_GetRxInterruptMask
                        0x1028'1ead     0x6  Code  Lc  zf_driver_uart.o [48]
Cy_SCB_GetTxInterruptMask
                        0x1028'1ec3     0x6  Code  Lc  zf_driver_uart.o [48]
Cy_SCB_GetTxSrValid     0x1028'1e7b     0xa  Code  Lc  zf_driver_uart.o [48]
Cy_SCB_IsTxComplete     0x1028'1e85    0x22  Code  Lc  zf_driver_uart.o [48]
Cy_SCB_ReadRxFifo       0x1028'1e3d     0x6  Code  Lc  zf_driver_uart.o [48]
Cy_SCB_SetRxInterruptMask
                        0x1028'1ea7     0x6  Code  Lc  zf_driver_uart.o [48]
Cy_SCB_SetTxInterruptMask
                        0x1028'1ebd     0x6  Code  Lc  zf_driver_uart.o [48]
Cy_SCB_UART_DeInit      0x1028'4501    0x5c  Code  Gb  cy_scb_uart.o [23]
Cy_SCB_UART_Enable      0x1028'1ed3     0xa  Code  Lc  zf_driver_uart.o [48]
Cy_SCB_UART_Init        0x1028'427d   0x284  Code  Gb  cy_scb_uart.o [23]
Cy_SCB_WriteTxFifo      0x1028'1e6b     0x6  Code  Lc  zf_driver_uart.o [48]
Cy_SaveIRQ              0x1028'5e41          Code  Gb  startup_cm7.o [30]
Cy_SysClk_CheckDividerExisting
                        0x1028'1881    0x2c  Code  Lc  zf_device_mt9v03x.o [47]
Cy_SysClk_CheckDividerExisting
                        0x1028'2991    0x2a  Code  Lc  zf_driver_delay.o [48]
Cy_SysClk_CheckDividerExisting
                        0x1028'1c99    0x2c  Code  Lc  zf_driver_uart.o [48]
Cy_SysClk_ClkPathGetSource
                        0x1028'55b5    0x54  Code  Gb  cy_sysclk.o [32]
Cy_SysClk_EcoGetStatus  0x1028'5441    0x1a  Code  Lc  cy_sysclk.o [32]
Cy_SysClk_Fast0ClkGetDivider
                        0x1028'5589    0x16  Code  Lc  cy_sysclk.o [32]
Cy_SysClk_Fast1ClkGetDivider
                        0x1028'559f    0x16  Code  Lc  cy_sysclk.o [32]
Cy_SysClk_FllGetConfiguration
                        0x1028'5611    0x7e  Code  Gb  cy_sysclk.o [32]
Cy_SysClk_FllGetLockStatus
                        0x1028'545b     0xc  Code  Lc  cy_sysclk.o [32]
Cy_SysClk_GetClockGroup
                        0x1028'192d     0x8  Code  Lc  zf_device_mt9v03x.o [47]
Cy_SysClk_GetClockGroup
                        0x1028'2a39     0x8  Code  Lc  zf_driver_delay.o [48]
Cy_SysClk_GetClockGroup
                        0x1028'1d7d     0x8  Code  Lc  zf_driver_uart.o [48]
Cy_SysClk_GetCoreFrequency
                        0x1028'5cd5    0x2a  Code  Gb  cy_sysclk.o [32]
Cy_SysClk_GetEcoFrequency
                        0x1028'57dd    0x32  Code  Gb  cy_sysclk.o [32]
Cy_SysClk_GetExtFrequency
                        0x1028'5811    0x1e  Code  Gb  cy_sysclk.o [32]
Cy_SysClk_GetFast0Frequency
                        0x1028'5c29    0x56  Code  Gb  cy_sysclk.o [32]
Cy_SysClk_GetFast1Frequency
                        0x1028'5c7f    0x56  Code  Gb  cy_sysclk.o [32]
Cy_SysClk_GetFllInputFrequency
                        0x1028'5931     0xc  Code  Gb  cy_sysclk.o [32]
Cy_SysClk_GetFllOutputFrequency
                        0x1028'5959    0x78  Code  Gb  cy_sysclk.o [32]
Cy_SysClk_GetHfClkFrequency
                        0x1028'5bab    0x7a  Code  Gb  cy_sysclk.o [32]
Cy_SysClk_GetIlo0Frequency
                        0x1028'582f    0x32  Code  Gb  cy_sysclk.o [32]
Cy_SysClk_GetIlo1Frequency
                        0x1028'5861    0x32  Code  Gb  cy_sysclk.o [32]
Cy_SysClk_GetImoFrequency
                        0x1028'57ab    0x32  Code  Gb  cy_sysclk.o [32]
Cy_SysClk_GetPathFrequency
                        0x1028'5b79    0x32  Code  Gb  cy_sysclk.o [32]
Cy_SysClk_GetPathSourceFrequency
                        0x1028'58cd    0x64  Code  Gb  cy_sysclk.o [32]
Cy_SysClk_GetPll400MNo  0x1028'54a5    0x14  Code  Lc  cy_sysclk.o [32]
Cy_SysClk_GetPllInputFrequency
                        0x1028'593d    0x1c  Code  Gb  cy_sysclk.o [32]
Cy_SysClk_GetPllNo      0x1028'5469    0x12  Code  Lc  cy_sysclk.o [32]
Cy_SysClk_GetPllOutputFrequency
                        0x1028'59d5   0x1a0  Code  Gb  cy_sysclk.o [32]
Cy_SysClk_GetWcoFrequency
                        0x1028'5893    0x32  Code  Gb  cy_sysclk.o [32]
Cy_SysClk_HfClockGetDivider
                        0x1028'5547    0x42  Code  Lc  cy_sysclk.o [32]
Cy_SysClk_HfClockGetSource
                        0x1028'54f3    0x54  Code  Lc  cy_sysclk.o [32]
Cy_SysClk_InitGetFreqParams
                        0x1028'5791    0x1a  Code  Gb  cy_sysclk.o [32]
Cy_SysClk_PeriphAssignDivider
                        0x1028'1935    0x68  Code  Lc  zf_device_mt9v03x.o [47]
Cy_SysClk_PeriphAssignDivider
                        0x1028'2a41    0x68  Code  Lc  zf_driver_delay.o [48]
Cy_SysClk_PeriphAssignDivider
                        0x1028'1d85    0x6a  Code  Lc  zf_driver_uart.o [48]
Cy_SysClk_PeriphEnableDivider
                        0x1028'199d    0x4c  Code  Lc  zf_device_mt9v03x.o [47]
Cy_SysClk_PeriphEnableDivider
                        0x1028'2aa9    0x4c  Code  Lc  zf_driver_delay.o [48]
Cy_SysClk_PeriphEnableDivider
                        0x1028'1def    0x4e  Code  Lc  zf_driver_uart.o [48]
Cy_SysClk_PeriphSetDivider
                        0x1028'18ad    0x80  Code  Lc  zf_device_mt9v03x.o [47]
Cy_SysClk_PeriphSetDivider
                        0x1028'29bb    0x7e  Code  Lc  zf_driver_delay.o [48]
Cy_SysClk_PeriphSetFracDivider
                        0x1028'1cc5    0xb8  Code  Lc  zf_driver_uart.o [48]
Cy_SysClk_Pll400MGetConfiguration
                        0x1028'56fd    0x84  Code  Gb  cy_sysclk.o [32]
Cy_SysClk_Pll400MGetLockStatus
                        0x1028'54b9    0x2a  Code  Lc  cy_sysclk.o [32]
Cy_SysClk_PllGetConfiguration
                        0x1028'56a9    0x48  Code  Gb  cy_sysclk.o [32]
Cy_SysClk_PllGetLockStatus
                        0x1028'547b    0x28  Code  Lc  cy_sysclk.o [32]
Cy_SysClk_WcoOkay       0x1028'54e5     0xe  Code  Lc  cy_sysclk.o [32]
Cy_SysInt_InitIRQ       0x1028'5e71    0x7e  Code  Gb  cy_sysint.o [34]
Cy_SysInt_SetSystemIrqVector
                        0x1028'5eef    0x12  Code  Gb  cy_sysint.o [34]
Cy_SysInt_SystemIrqUserTableRamPointer
                        0x2808'06ec     0x4  Data  Gb  cy_interrupt_map.o [22]
Cy_SysLib_DelayCycles   0x1028'7021          Code  Gb  cy_syslib_iar.o [35]
Cy_SysLib_EnterCriticalSection
                        0x1028'7031          Code  Gb  cy_syslib_iar.o [35]
Cy_SysLib_ExitCriticalSection
                        0x1028'7039          Code  Gb  cy_syslib_iar.o [35]
Cy_SysLib_FaultHandler  0x1028'5d9d    0x90  Code  Gb  cy_syslib.o [35]
Cy_SysLib_Halt          0x1028'5d99     0x4  Code  Gb  cy_syslib.o [35]
Cy_SysLib_ProcessingFault
                        0x1028'65c5     0x2  Code  Wk  cy_syslib.o [35]
Cy_SysLib_SvcHandler    0x1028'7159     0xc  Code  Wk  cy_syslib.o [35]
Cy_SystemInitFpuEnable  0x1028'2931    0x1e  Code  Gb  system_tviibh4m_cm7.o [21]
Cy_SystemIrqUserTable   0x2808'0000   0x6ec  Data  Gb  cy_interrupt_map.o [22]
Cy_Tcpwm_Counter_ClearTC_Intr
                        0x1028'3277    0x10  Code  Gb  cy_tcpwm_counter.o [42]
Cy_Tcpwm_Counter_Enable
                        0x1028'325d     0xa  Code  Gb  cy_tcpwm_counter.o [42]
Cy_Tcpwm_Counter_Init   0x1028'30dd   0x16c  Code  Gb  cy_tcpwm_counter.o [42]
Cy_Tcpwm_Counter_SetCounter
                        0x1028'3267     0x4  Code  Gb  cy_tcpwm_counter.o [42]
Cy_Tcpwm_Counter_SetTC_IntrMask
                        0x1028'326b     0xc  Code  Gb  cy_tcpwm_counter.o [42]
Cy_Tcpwm_TriggerStart   0x1028'3287     0xc  Code  Gb  cy_tcpwm.o [42]
Cy_u32StartupStackEndAddress
                        0x1028'6b6c          Data  Gb  startup_cm7.o [30]
Cy_u32StartupStackStartAddress
                        0x1028'6b68          Data  Gb  startup_cm7.o [30]
DebugMon_Handler        0x1028'71e1          Code  Wk  startup_cm7.o [30]
HEAP_STACK$$Base        0x280b'e000           --   Gb  - Linker created -
HEAP_STACK$$Limit       0x280c'0000           --   Gb  - Linker created -
HardFault_Handler       0x1028'6ff9          Code  Wk  startup_cm7.o [30]
InitRamEcc              0x1028'6673   0x100  Code  Lc  startup.o [30]
InitRamEccClearArea     0x1028'6773    0x12  Code  Lc  startup.o [30]
MemManage_Handler       0x1028'71d5          Code  Wk  startup_cm7.o [30]
NMI_Handler             0x1028'71d1          Code  Wk  startup_cm7.o [30]
PendSV_Handler          0x1028'71e5          Code  Wk  startup_cm7.o [30]
Region$$Table$$Base     0x1028'6fd0           --   Gb  - Linker created -
Region$$Table$$Limit    0x1028'6ff8           --   Gb  - Linker created -
Reset_Handler           0x1028'6ac1          Code  Wk  startup_cm7.o [30]
SVC_Handler             0x1028'7091          Code  Wk  startup_cm7.o [30]
Startup_Init            0x1028'65e5    0x8e  Code  Gb  startup.o [30]
SysTick_Handler         0x1028'71e9          Code  Wk  startup_cm7.o [30]
SystemCoreClock         0x2809'1414     0x4  Data  Gb  system_tviibh4m_cm7.o [21]
SystemCoreClockUpdate   0x1028'289d    0x94  Code  Gb  system_tviibh4m_cm7.o [21]
SystemInit              0x1028'2841    0x5c  Code  Gb  system_tviibh4m_cm7.o [21]
UsageFault_Handler      0x1028'71dd          Code  Wk  startup_cm7.o [30]
_LC                     0x1028'4591     0x6  Code  Lc  xprintffull_nomb.o [49]
_LitobFullNoMb          0x1028'525d   0x114  Code  Lc  xprintffull_nomb.o [49]
_PrintfFullNoMb         0x1028'4597   0xc98  Code  Gb  xprintffull_nomb.o [49]
_PutcharsFullNoMb       0x1028'53c9    0x2e  Code  Lc  xprintffull_nomb.o [49]
_SProut                 0x1028'13ef     0xa  Code  Gb  xsprout.o [49]
__NVIC_ClearPendingIRQ  0x1028'67e9    0x1c  Code  Lc  cy_interrupt_map.o [22]
__NVIC_ClearPendingIRQ  0x1028'2bcd    0x1c  Code  Lc  zf_common_interrupt.o [45]
__NVIC_EnableIRQ        0x1028'2bb1    0x1c  Code  Lc  zf_common_interrupt.o [45]
__NVIC_SetPriority      0x1028'2be9    0x24  Code  Lc  zf_common_interrupt.o [45]
__Vectors               0x1028'0000           --   Gb  startup_cm7.o [30]
__Vectors_End           0x1028'0080          Data  Gb  startup_cm7.o [30]
__Vectors_Size {Abs}           0x80           --   Gb  startup_cm7.o [30]
__aeabi_cdcmple         0x1028'61b9          Code  Gb  DblCmpLe.o [50]
__aeabi_cdrcmple        0x1028'61ed          Code  Gb  DblCmpGe.o [50]
__aeabi_d2iz            0x1028'6325     0xe  Code  Gb  DblToS32.o [50]
__aeabi_d2uiz           0x1028'6365     0xe  Code  Gb  DblToU32.o [50]
__aeabi_ddiv            0x1028'6353    0x12  Code  Gb  DblDiv.o [50]
__aeabi_dmul            0x1028'6381    0x12  Code  Gb  DblMul.o [50]
__aeabi_dsub            0x1028'6341    0x12  Code  Gb  DblSub.o [50]
__aeabi_i2d             0x1028'6333     0xe  Code  Gb  S32ToDbl.o [50]
__aeabi_l2f             0x1028'1419          Code  Gb  S64ToFlt.o [50]
__aeabi_ldiv0           0x1028'65cd          Code  Gb  I64DivZer.o [51]
__aeabi_memclr4         0x1028'12c5          Code  Gb  ABImemclr4.o [51]
__aeabi_memcpy          0x1028'1349          Code  Gb  ABImemcpy.o [51]
__aeabi_memcpy4         0x1028'1369          Code  Gb  ABImemcpy.o [51]
__aeabi_memcpy8         0x1028'1369          Code  Gb  ABImemcpy.o [51]
__aeabi_memset          0x1028'2765          Code  Gb  ABImemset.o [51]
__aeabi_ui2d            0x1028'6373     0xe  Code  Gb  U32ToDbl.o [50]
__aeabi_uldivmod        0x1028'6395          Code  Gb  I64DivMod.o [51]
__cmain                 0x1028'7041          Code  Gb  cmain.o [51]
__ecc_init_dtcm_end_address {Abs}
                        0x2000'3fff          Data  Gb  <internal module>
__ecc_init_dtcm_start_address {Abs}
                        0x2000'0000          Data  Gb  <internal module>
__ecc_init_itcm_end_address {Abs}
                             0x3fff          Data  Gb  <internal module>
__ecc_init_itcm_start_address {Abs}
                                0x0          Data  Gb  <internal module>
__ecc_init_sram_end_address {Abs}
                        0x280b'ffff          Data  Gb  <internal module>
__ecc_init_sram_start_address {Abs}
                        0x2808'0000          Data  Gb  <internal module>
__exit                  0x1028'65d1    0x14  Code  Gb  exit.o [52]
__iar_Fail_s            0x1028'60b1    0x1c  Code  Gb  xfail_s.o [49]
__iar_Memchr            0x1028'60f1          Code  Gb  memchr.o [51]
__iar_Memset            0x1028'2765          Code  Gb  ABImemset.o [51]
__iar_Memset4_word      0x1028'280d          Code  Gb  ABImemset48.o [51]
__iar_Memset8_word      0x1028'280d          Code  Gb  ABImemset48.o [51]
__iar_Memset_word       0x1028'276d          Code  Gb  ABImemset.o [51]
__iar_Strchr            0x1028'6099          Code  Gb  strchr.o [51]
__iar_data_init3        0x1028'6f85    0x28  Code  Gb  data_init.o [51]
__iar_frexp             0x1028'6155          Code  Gb  frexp.o [50]
__iar_frexpl            0x1028'6155          Code  Gb  frexp.o [50]
__iar_init_vfp          0x1028'6fad          Code  Gb  fpinit_M.o [50]
__iar_ldexp64           0x1028'6235          Code  Gb  ldexp.o [50]
__iar_lz77_init_single3
                        0x1028'12cb    0x7e  Code  Gb  lz77_init_single.o [51]
__iar_program_start     0x1028'70ad          Code  Gb  cstartup_M.o [51]
__iar_scalbln64         0x1028'6235          Code  Gb  ldexp.o [50]
__iar_scalbn64          0x1028'6235          Code  Gb  ldexp.o [50]
__iar_softfp___iar_frexp64
                        0x1028'6149          Code  Gb  frexp.o [50]
__iar_softfp___iar_ldexp64
                        0x1028'6221          Code  Gb  ldexp.o [50]
__iar_softfp___iar_scalbln64
                        0x1028'6221          Code  Gb  ldexp.o [50]
__iar_softfp___iar_scalbn64
                        0x1028'6221          Code  Gb  ldexp.o [50]
__iar_softfp_frexp      0x1028'6149          Code  Gb  frexp.o [50]
__iar_softfp_frexpl     0x1028'6149          Code  Gb  frexp.o [50]
__iar_softfp_ldexp      0x1028'6221          Code  Gb  ldexp.o [50]
__iar_softfp_ldexpl     0x1028'6221          Code  Gb  ldexp.o [50]
__iar_softfp_scalbln    0x1028'6221          Code  Gb  ldexp.o [50]
__iar_softfp_scalblnl   0x1028'6221          Code  Gb  ldexp.o [50]
__iar_softfp_scalbn     0x1028'6221          Code  Gb  ldexp.o [50]
__iar_softfp_scalbnl    0x1028'6221          Code  Gb  ldexp.o [50]
__iar_sqrt64            0x1028'13f9          Code  Gb  sqrt.o [50]
__iar_zero_init3        0x1028'6ed5    0x38  Code  Gb  zero_init3.o [51]
__low_level_init        0x1028'7061          Code  Gb  startup_cm7.o [30]
__ramVectors            0x2809'1480          Data  Gb  startup_cm7.o [30]
__vector_table          0x1028'0000          Data  Gb  startup_cm7.o [30]
__vector_table_0x1c     0x1028'001c          Data  Gb  startup_cm7.o [30]
_call_main              0x1028'704d          Code  Gb  cmain.o [51]
_exit                   0x1028'7069          Code  Gb  cexit.o [51]
abort                   0x1028'65c7     0x6  Code  Gb  abort.o [49]
assert_interrupt_config
                        0x1028'2c45     0xc  Code  Gb  zf_common_interrupt.o [45]
calculate_pca           0x1028'0ced   0x1fc  Code  Gb  main_cm7_1.o [44]
camera_finish_callback  0x1028'19e9    0x44  Code  Gb  zf_device_mt9v03x.o [47]
clock_init              0x1028'1475    0x16  Code  Gb  zf_common_clock.o [45]
cy_assertFileName       0x2809'1394    0x18  Data  Gb  cy_syslib.o [35]
cy_assertLine           0x2809'1410     0x4  Data  Gb  cy_syslib.o [35]
cy_delay32kMs           0x2809'1424     0x4  Data  Gb  system_tviibh4m_cm7.o [21]
cy_delayFreqHz          0x2809'1418     0x4  Data  Gb  system_tviibh4m_cm7.o [21]
cy_delayFreqKhz         0x2809'141c     0x4  Data  Gb  system_tviibh4m_cm7.o [21]
cy_delayFreqMhz         0x2809'1420     0x4  Data  Gb  system_tviibh4m_cm7.o [21]
cy_faultFrame           0x2809'129c    0x70  Data  Gb  cy_syslib.o [35]
data_arr                0x2800'1014     0xc  Data  Gb  main_cm7_1.o [44]
debug_assert_handler    0x1028'17af    0x3c  Code  Gb  zf_common_debug.o [45]
debug_assert_handler::assert_nest_index
                        0x2809'144b     0x1  Data  Lc  zf_common_debug.o [45]
debug_delay             0x1028'1491    0x36  Code  Lc  zf_common_debug.o [45]
debug_info_init         0x1028'1835    0x18  Code  Gb  zf_common_debug.o [45]
debug_interrupr_handler
                        0x1028'178f    0x20  Code  Gb  zf_common_debug.o [45]
debug_output            0x1028'14d3   0x2bc  Code  Lc  zf_common_debug.o [45]
debug_output_info       0x2809'13dc    0x14  Data  Lc  zf_common_debug.o [45]
debug_output_init       0x1028'180b    0x2a  Code  Gb  zf_common_debug.o [45]
debug_output_struct_init
                        0x1028'17eb    0x20  Code  Gb  zf_common_debug.o [45]
debug_uart_data         0x2809'144a     0x1  Data  Gb  zf_common_debug.o [45]
debug_uart_fifo         0x2809'13ac    0x18  Data  Gb  zf_common_debug.o [45]
debug_uart_str_output   0x1028'14c7     0xc  Code  Lc  zf_common_debug.o [45]
delay_clk               0x2808'0730     0x2  Data  Lc  zf_driver_delay.o [48]
detect_beacon           0x1028'0869   0x36a  Code  Gb  main_cm7_1.o [44]
detect_car              0x1028'0be1   0x102  Code  Gb  main_cm7_1.o [44]
divNumLocator           0x1028'7164     0x8  Data  Gb  cy_sysclk.o [32]
exit                    0x1028'7065     0x4  Code  Gb  exit.o [49]
fifo_clear              0x1028'2d01    0x74  Code  Gb  zf_common_fifo.o [45]
fifo_end_offset         0x1028'2ce7    0x1a  Code  Lc  zf_common_fifo.o [45]
fifo_head_offset        0x1028'2ccd    0x1a  Code  Lc  zf_common_fifo.o [45]
fifo_read_buffer        0x1028'2f37   0x1a0  Code  Gb  zf_common_fifo.o [45]
fifo_used               0x1028'2d75    0x22  Code  Gb  zf_common_fifo.o [45]
fifo_write_buffer       0x1028'2d97   0x1a0  Code  Gb  zf_common_fifo.o [45]
find_blob               0x1028'0081   0x7e8  Code  Gb  main_cm7_1.o [44]
get_uart_config         0x1028'1fd7   0x20a  Code  Lc  zf_driver_uart.o [48]
gnss_flag               0x2809'144c     0x1  Data  Gb  zf_device_gnss.o [47]
gnss_gga_state          0x2809'144e     0x1  Data  Lc  zf_device_gnss.o [47]
gnss_receiver_fifo      0x2809'13c4    0x18  Data  Lc  zf_device_gnss.o [47]
gnss_rmc_state          0x2809'144f     0x1  Data  Lc  zf_device_gnss.o [47]
gnss_state              0x2809'144d     0x1  Data  Lc  zf_device_gnss.o [47]
gnss_ths_state          0x2809'1450     0x1  Data  Lc  zf_device_gnss.o [47]
gnss_uart_callback      0x1028'6981    0xe2  Code  Gb  zf_device_gnss.o [47]
gpio_get_level          0x1028'5f9b    0x22  Code  Gb  zf_driver_gpio.o [48]
gpio_init               0x1028'600b    0x88  Code  Gb  zf_driver_gpio.o [48]
gpio_set_dir            0x1028'5fbd    0x4e  Code  Gb  zf_driver_gpio.o [48]
gpio_set_level          0x1028'5f57    0x44  Code  Gb  zf_driver_gpio.o [48]
gps_gga_buffer          0x2809'111c    0x80  Data  Lc  zf_device_gnss.o [47]
gps_rmc_buffer          0x2809'119c    0x80  Data  Lc  zf_device_gnss.o [47]
gps_ths_buffer          0x2809'121c    0x80  Data  Lc  zf_device_gnss.o [47]
image_arr               0x2808'0734  0x5820  Data  Gb  main_cm7_1.o [44]
intFreqInitialized      0x2809'1448     0x1  Data  Gb  cy_sysclk.o [32]
internalBaseFreqInfo    0x2809'137c    0x18  Data  Gb  cy_sysclk.o [32]
interrupt_global_disable
                        0x1028'2c1d    0x14  Code  Gb  zf_common_interrupt.o [45]
interrupt_global_enable
                        0x1028'2c0d    0x10  Code  Gb  zf_common_interrupt.o [45]
interrupt_global_flag   0x2809'142c     0x4  Data  Lc  zf_common_interrupt.o [45]
interrupt_init          0x1028'2c5d    0x36  Code  Gb  zf_common_interrupt.o [45]
interrupt_set_priority  0x1028'2c51     0xc  Code  Gb  zf_common_interrupt.o [45]
ldexp                   0x1028'6235          Code  Gb  ldexp.o [50]
ldexpl                  0x1028'6235          Code  Gb  ldexp.o [50]
main                    0x1028'0f01   0x390  Code  Gb  main_cm7_1.o [44]
memchr                  0x1028'60f1          Code  Gb  memchr.o [51]
mt9v03x_auto_exp        0x2809'1438     0x4  Data  Lc  zf_device_config_mt9v03x.o [53]
mt9v03x_exp_time        0x2809'143c     0x4  Data  Lc  zf_device_config_mt9v03x.o [53]
mt9v03x_finish_flag     0x2809'1451     0x1  Data  Gb  zf_device_mt9v03x.o [47]
mt9v03x_h_blank         0x2809'1434     0x4  Data  Lc  zf_device_config_mt9v03x.o [53]
mt9v03x_h_num           0x2800'6bf0     0x2  Data  Wk  zf_device_mt9v03x.o [47]
mt9v03x_iic_inf_struct  0x2809'13f0    0x10  Data  Lc  zf_device_config_mt9v03x.o [53]
mt9v03x_image           0x2808'b774  0x5820  Data  Gb  zf_device_mt9v03x.o [47]
mt9v03x_image_temp      0x2802'6024  0x5820  Data  Wk  zf_device_mt9v03x.o [47]
mt9v03x_init            0x1028'1b37   0x112  Code  Gb  zf_device_mt9v03x.o [47]
mt9v03x_read_word_sccb  0x1028'394d    0x28  Code  Lc  zf_device_config_mt9v03x.o [53]
mt9v03x_row             0x2809'1440     0x4  Data  Lc  zf_device_config_mt9v03x.o [53]
mt9v03x_sccb_check_id   0x1028'3975    0x60  Code  Gb  zf_device_config_mt9v03x.o [53]
mt9v03x_sccb_init       0x1028'1add    0x5a  Code  Gb  zf_device_mt9v03x.o [47]
mt9v03x_sccb_set_config
                        0x1028'39d5   0x6f8  Code  Gb  zf_device_config_mt9v03x.o [53]
mt9v03x_trig_init       0x1028'1a2d    0xb0  Code  Lc  zf_device_mt9v03x.o [47]
mt9v03x_v_blank         0x2809'1430     0x4  Data  Lc  zf_device_config_mt9v03x.o [53]
mt9v03x_w_num           0x2800'6bf2     0x2  Data  Wk  zf_device_mt9v03x.o [47]
mt9v03x_write_and_check_word_sccb
                        0x1028'38bb    0x92  Code  Lc  zf_device_config_mt9v03x.o [53]
mt9v03x_write_word_sccb
                        0x1028'3891    0x2a  Code  Lc  zf_device_config_mt9v03x.o [53]
perfect_proportion      0x2809'1452     0x1  Data  Lc  zf_device_mt9v03x.o [47]
pwm_all_channel_close   0x1028'5e51    0x1a  Code  Gb  zf_driver_pwm.o [48]
scalbln                 0x1028'6235          Code  Gb  ldexp.o [50]
scalblnl                0x1028'6235          Code  Gb  ldexp.o [50]
scalbn                  0x1028'6235          Code  Gb  ldexp.o [50]
scalbnl                 0x1028'6235          Code  Gb  ldexp.o [50]
scale                   0x1028'5371    0x46  Code  Lc  xprintffull_nomb.o [49]
scb_module              0x2808'0714    0x1c  Data  Gb  zf_driver_uart.o [48]
sec_hand                0x2809'1444     0x4  Data  Lc  xfail_s.o [49]
soft_iic_init           0x1028'3815    0x78  Code  Gb  zf_driver_soft_iic.o [48]
soft_iic_read_data      0x1028'363f   0x10e  Code  Lc  zf_driver_soft_iic.o [48]
soft_iic_sccb_read_register
                        0x1028'37a9    0x6c  Code  Gb  zf_driver_soft_iic.o [48]
soft_iic_sccb_write_register
                        0x1028'3759    0x4c  Code  Gb  zf_driver_soft_iic.o [48]
soft_iic_send_ack       0x1028'33d1    0xc6  Code  Lc  zf_driver_soft_iic.o [48]
soft_iic_send_data      0x1028'3567    0xd8  Code  Lc  zf_driver_soft_iic.o [48]
soft_iic_start          0x1028'3295    0x9e  Code  Lc  zf_driver_soft_iic.o [48]
soft_iic_stop           0x1028'3333    0x9e  Code  Lc  zf_driver_soft_iic.o [48]
soft_iic_wait_ack       0x1028'3497    0xd0  Code  Lc  zf_driver_soft_iic.o [48]
sprintf                 0x1028'27cd    0x40  Code  Gb  sprintf.o [49]
sqrt                    0x1028'13f9          Code  Gb  sqrt.o [50]
sqrtl                   0x1028'13f9          Code  Gb  sqrt.o [50]
strchr                  0x1028'6099          Code  Gb  strchr.o [51]
strlen                  0x1028'2c95          Code  Gb  strlen.o [51]
strncmp                 0x1028'6a95    0x2a  Code  Gb  strncmp.o [49]
strncpy                 0x1028'5d29          Code  Gb  strncpy.o [51]
system_clock            0x2809'1428     0x4  Data  Gb  zf_common_clock.o [45]
system_delay_init       0x1028'2af5    0xa6  Code  Gb  zf_driver_delay.o [48]
timer_ch                0x2808'0733     0x1  Data  Lc  zf_driver_delay.o [48]
type_default_callback   0x1028'720d     0x2  Code  Lc  zf_device_type.o [47]
uart0_isr               0x1028'6e61    0x12  Code  Gb  cm7_1_isr.o [44]
uart1_isr               0x1028'6e73    0x14  Code  Gb  cm7_1_isr.o [44]
uart2_isr               0x1028'6e87    0x12  Code  Gb  cm7_1_isr.o [44]
uart3_isr               0x1028'6e99     0xa  Code  Gb  cm7_1_isr.o [44]
uart4_isr               0x1028'6ea3    0x14  Code  Gb  cm7_1_isr.o [44]
uart5_isr               0x1028'6ec1     0xa  Code  Gb  cm7_1_isr.o [44]
uart6_isr               0x1028'6ecb     0xa  Code  Gb  cm7_1_isr.o [44]
uart_context            0x2809'0f94   0x188  Data  Gb  zf_driver_uart.o [48]
uart_data_buffer        0x2809'130c    0x70  Data  Lc  zf_driver_uart.o [48]
uart_data_buffer_count  0x2809'1400     0x8  Data  Lc  zf_driver_uart.o [48]
uart_data_refresh       0x2809'1408     0x8  Data  Lc  zf_driver_uart.o [48]
uart_init               0x1028'2565   0x1c0  Code  Gb  zf_driver_uart.o [48]
uart_isr_func           0x2808'06f8    0x1c  Data  Gb  zf_driver_uart.o [48]
uart_isr_mask           0x1028'1edd    0xfa  Code  Gb  zf_driver_uart.o [48]
uart_query_byte         0x1028'2225    0x74  Code  Gb  zf_driver_uart.o [48]
uart_receiver_handler   0x2808'06f4     0x4  Data  Gb  zf_device_type.o [47]
uart_rx_interrupt       0x1028'23b5   0x1a8  Code  Gb  zf_driver_uart.o [48]
uart_tx_interrupt       0x1028'2299   0x11c  Code  Gb  zf_driver_uart.o [48]
uart_write_byte         0x1028'21e1    0x28  Code  Gb  zf_driver_uart.o [48]
uart_write_string       0x1028'2209    0x1c  Code  Gb  zf_driver_uart.o [48]
visited                 0x2808'5f54  0x5820  Data  Gb  main_cm7_1.o [44]
wireless_module_uart_handler
                        0x2808'06f0     0x4  Data  Gb  zf_device_type.o [47]
zf_debug_assert_enable  0x2808'0732     0x1  Data  Lc  zf_common_debug.o [45]
zf_debug_init_flag      0x2809'1449     0x1  Data  Lc  zf_common_debug.o [45]


[1] = C:\Code\beifen\old\CYT4BB7_Library-master\Seekfree_CYT4BB_Opensource_Library\project\iar\Debug_m7_1\Obj\adc_11722776235721520015.dir
[2] = C:\Code\beifen\old\CYT4BB7_Library-master\Seekfree_CYT4BB_Opensource_Library\project\iar\Debug_m7_1\Obj\audioss_1346650047966882938.dir
[3] = C:\Code\beifen\old\CYT4BB7_Library-master\Seekfree_CYT4BB_Opensource_Library\project\iar\Debug_m7_1\Obj\button_4990804375159372270.dir
[4] = C:\Code\beifen\old\CYT4BB7_Library-master\Seekfree_CYT4BB_Opensource_Library\project\iar\Debug_m7_1\Obj\canfd_1800690984773873875.dir
[5] = C:\Code\beifen\old\CYT4BB7_Library-master\Seekfree_CYT4BB_Opensource_Library\project\iar\Debug_m7_1\Obj\cpu_15938736945165268644.dir
[6] = C:\Code\beifen\old\CYT4BB7_Library-master\Seekfree_CYT4BB_Opensource_Library\project\iar\Debug_m7_1\Obj\crypto_1190170608956581615.dir
[7] = C:\Code\beifen\old\CYT4BB7_Library-master\Seekfree_CYT4BB_Opensource_Library\project\iar\Debug_m7_1\Obj\dma_12106025507578611576.dir
[8] = C:\Code\beifen\old\CYT4BB7_Library-master\Seekfree_CYT4BB_Opensource_Library\project\iar\Debug_m7_1\Obj\eth_phy_18133017486186456677.dir
[9] = C:\Code\beifen\old\CYT4BB7_Library-master\Seekfree_CYT4BB_Opensource_Library\project\iar\Debug_m7_1\Obj\ethernet_6029839089178797009.dir
[10] = C:\Code\beifen\old\CYT4BB7_Library-master\Seekfree_CYT4BB_Opensource_Library\project\iar\Debug_m7_1\Obj\evtgen_3404189088603873129.dir
[11] = C:\Code\beifen\old\CYT4BB7_Library-master\Seekfree_CYT4BB_Opensource_Library\project\iar\Debug_m7_1\Obj\flash_8529866181315662935.dir
[12] = C:\Code\beifen\old\CYT4BB7_Library-master\Seekfree_CYT4BB_Opensource_Library\project\iar\Debug_m7_1\Obj\flash_864493325053435817.dir
[13] = C:\Code\beifen\old\CYT4BB7_Library-master\Seekfree_CYT4BB_Opensource_Library\project\iar\Debug_m7_1\Obj\gpio_3999404635324069351.dir
[14] = C:\Code\beifen\old\CYT4BB7_Library-master\Seekfree_CYT4BB_Opensource_Library\project\iar\Debug_m7_1\Obj\ipc_10145506163450686023.dir
[15] = C:\Code\beifen\old\CYT4BB7_Library-master\Seekfree_CYT4BB_Opensource_Library\project\iar\Debug_m7_1\Obj\lin_18429031207028094880.dir
[16] = C:\Code\beifen\old\CYT4BB7_Library-master\Seekfree_CYT4BB_Opensource_Library\project\iar\Debug_m7_1\Obj\lvd_6353935867039560245.dir
[17] = C:\Code\beifen\old\CYT4BB7_Library-master\Seekfree_CYT4BB_Opensource_Library\project\iar\Debug_m7_1\Obj\mcwdt_4052485907822033969.dir
[18] = C:\Code\beifen\old\CYT4BB7_Library-master\Seekfree_CYT4BB_Opensource_Library\project\iar\Debug_m7_1\Obj\mpu_5663187252346826382.dir
[19] = C:\Code\beifen\old\CYT4BB7_Library-master\Seekfree_CYT4BB_Opensource_Library\project\iar\Debug_m7_1\Obj\power_14453085144426420577.dir
[20] = C:\Code\beifen\old\CYT4BB7_Library-master\Seekfree_CYT4BB_Opensource_Library\project\iar\Debug_m7_1\Obj\prot_10722960861768657883.dir
[21] = C:\Code\beifen\old\CYT4BB7_Library-master\Seekfree_CYT4BB_Opensource_Library\project\iar\Debug_m7_1\Obj\rev_b_4986922561640112550.dir
[22] = C:\Code\beifen\old\CYT4BB7_Library-master\Seekfree_CYT4BB_Opensource_Library\project\iar\Debug_m7_1\Obj\rev_b_6162237342861132223.dir
[23] = C:\Code\beifen\old\CYT4BB7_Library-master\Seekfree_CYT4BB_Opensource_Library\project\iar\Debug_m7_1\Obj\scb_15490842639181808494.dir
[24] = C:\Code\beifen\old\CYT4BB7_Library-master\Seekfree_CYT4BB_Opensource_Library\project\iar\Debug_m7_1\Obj\sd_host_2982766354293506895.dir
[25] = C:\Code\beifen\old\CYT4BB7_Library-master\Seekfree_CYT4BB_Opensource_Library\project\iar\Debug_m7_1\Obj\semihosting_143864889731838620.dir
[26] = C:\Code\beifen\old\CYT4BB7_Library-master\Seekfree_CYT4BB_Opensource_Library\project\iar\Debug_m7_1\Obj\smartio_5451710003740070188.dir
[27] = C:\Code\beifen\old\CYT4BB7_Library-master\Seekfree_CYT4BB_Opensource_Library\project\iar\Debug_m7_1\Obj\smif_427648126384146252.dir
[28] = C:\Code\beifen\old\CYT4BB7_Library-master\Seekfree_CYT4BB_Opensource_Library\project\iar\Debug_m7_1\Obj\smif_mem_6470536964353725183.dir
[29] = C:\Code\beifen\old\CYT4BB7_Library-master\Seekfree_CYT4BB_Opensource_Library\project\iar\Debug_m7_1\Obj\srom_13018798572330080582.dir
[30] = C:\Code\beifen\old\CYT4BB7_Library-master\Seekfree_CYT4BB_Opensource_Library\project\iar\Debug_m7_1\Obj\startup_479057977785470282.dir
[31] = C:\Code\beifen\old\CYT4BB7_Library-master\Seekfree_CYT4BB_Opensource_Library\project\iar\Debug_m7_1\Obj\sw_timer_4215635015939382130.dir
[32] = C:\Code\beifen\old\CYT4BB7_Library-master\Seekfree_CYT4BB_Opensource_Library\project\iar\Debug_m7_1\Obj\sysclk_16149231235676103872.dir
[33] = C:\Code\beifen\old\CYT4BB7_Library-master\Seekfree_CYT4BB_Opensource_Library\project\iar\Debug_m7_1\Obj\sysflt_12293435975120599261.dir
[34] = C:\Code\beifen\old\CYT4BB7_Library-master\Seekfree_CYT4BB_Opensource_Library\project\iar\Debug_m7_1\Obj\sysint_7435970359207984181.dir
[35] = C:\Code\beifen\old\CYT4BB7_Library-master\Seekfree_CYT4BB_Opensource_Library\project\iar\Debug_m7_1\Obj\syslib_16330585751512546975.dir
[36] = C:\Code\beifen\old\CYT4BB7_Library-master\Seekfree_CYT4BB_Opensource_Library\project\iar\Debug_m7_1\Obj\syspm_10887939769544754770.dir
[37] = C:\Code\beifen\old\CYT4BB7_Library-master\Seekfree_CYT4BB_Opensource_Library\project\iar\Debug_m7_1\Obj\sysreghc_17676636058511625587.dir
[38] = C:\Code\beifen\old\CYT4BB7_Library-master\Seekfree_CYT4BB_Opensource_Library\project\iar\Debug_m7_1\Obj\sysreset_14586141425677365288.dir
[39] = C:\Code\beifen\old\CYT4BB7_Library-master\Seekfree_CYT4BB_Opensource_Library\project\iar\Debug_m7_1\Obj\sysrtc_10747768817563771611.dir
[40] = C:\Code\beifen\old\CYT4BB7_Library-master\Seekfree_CYT4BB_Opensource_Library\project\iar\Debug_m7_1\Obj\systick_16016591671695740695.dir
[41] = C:\Code\beifen\old\CYT4BB7_Library-master\Seekfree_CYT4BB_Opensource_Library\project\iar\Debug_m7_1\Obj\syswdt_9118657615806274156.dir
[42] = C:\Code\beifen\old\CYT4BB7_Library-master\Seekfree_CYT4BB_Opensource_Library\project\iar\Debug_m7_1\Obj\tcpwm_422923530147891246.dir
[43] = C:\Code\beifen\old\CYT4BB7_Library-master\Seekfree_CYT4BB_Opensource_Library\project\iar\Debug_m7_1\Obj\trigmux_9729677290734583340.dir
[44] = C:\Code\beifen\old\CYT4BB7_Library-master\Seekfree_CYT4BB_Opensource_Library\project\iar\Debug_m7_1\Obj\user_8514941877209965082.dir
[45] = C:\Code\beifen\old\CYT4BB7_Library-master\Seekfree_CYT4BB_Opensource_Library\project\iar\Debug_m7_1\Obj\zf_common_1201165462030747823.dir
[46] = C:\Code\beifen\old\CYT4BB7_Library-master\Seekfree_CYT4BB_Opensource_Library\project\iar\Debug_m7_1\Obj\zf_components_14936052685886095442.dir
[47] = C:\Code\beifen\old\CYT4BB7_Library-master\Seekfree_CYT4BB_Opensource_Library\project\iar\Debug_m7_1\Obj\zf_device_6570275422786408770.dir
[48] = C:\Code\beifen\old\CYT4BB7_Library-master\Seekfree_CYT4BB_Opensource_Library\project\iar\Debug_m7_1\Obj\zf_driver_11922370083829174090.dir
[49] = dl7M_tln.a
[50] = m7M_tlv.a
[51] = rt7M_tl.a
[52] = shb_l.a
[53] = zf_device_config.a

  28'002 bytes of readonly  code memory
   1'286 bytes of readonly  data memory
  79'059 bytes of readwrite data memory (+ 22'576 absolute)

Errors: none
Warnings: none
