###############################################################################
#
# IAR ELF Linker V9.40.1.364/W64 for ARM                  11/Jul/2026  18:44:04
# Copyright 2007-2023 IAR Systems AB.
#
#    Output file  =
#        C:\Code\beifen\old\CYT4BB7_Library-master\Seekfree_CYT4BB_Opensource_Library\project\iar\project_config\Debug_m7_1\Exe\cyt4bb7_cm_7_1.out
#    Map file     =
#        C:\Code\beifen\old\CYT4BB7_Library-master\Seekfree_CYT4BB_Opensource_Library\project\iar\Debug_m7_1\List\cyt4bb7_cm_7_1.map
#    Command line =
#        -f
#        C:\Code\beifen\old\CYT4BB7_Library-master\Seekfree_CYT4BB_Opensource_Library\project\iar\project_config\Debug_m7_1\Exe\cyt4bb7_cm_7_1.out.rsp
#        (C:\Code\beifen\old\CYT4BB7_Library-master\Seekfree_CYT4BB_Opensource_Library\project\iar\Debug_m7_1\Obj\user_8514941877209965082.dir\cm7_1_isr.o
#        C:\Code\beifen\old\CYT4BB7_Library-master\Seekfree_CYT4BB_Opensource_Library\project\iar\Debug_m7_1\Obj\adc_11722776235721520015.dir\cy_adc.o
#        C:\Code\beifen\old\CYT4BB7_Library-master\Seekfree_CYT4BB_Opensource_Library\project\iar\Debug_m7_1\Obj\button_4990804375159372270.dir\cy_button.o
#        C:\Code\beifen\old\CYT4BB7_Library-master\Seekfree_CYT4BB_Opensource_Library\project\iar\Debug_m7_1\Obj\canfd_1800690984773873875.dir\cy_canfd.o
#        C:\Code\beifen\old\CYT4BB7_Library-master\Seekfree_CYT4BB_Opensource_Library\project\iar\Debug_m7_1\Obj\cpu_15938736945165268644.dir\cy_cpu.o
#        C:\Code\beifen\old\CYT4BB7_Library-master\Seekfree_CYT4BB_Opensource_Library\project\iar\Debug_m7_1\Obj\crypto_1190170608956581615.dir\cy_crypto_config.o
#        C:\Code\beifen\old\CYT4BB7_Library-master\Seekfree_CYT4BB_Opensource_Library\project\iar\Debug_m7_1\Obj\eth_phy_18133017486186456677.dir\cy_dp83867.o
#        C:\Code\beifen\old\CYT4BB7_Library-master\Seekfree_CYT4BB_Opensource_Library\project\iar\Debug_m7_1\Obj\ethernet_6029839089178797009.dir\cy_ethif.o
#        C:\Code\beifen\old\CYT4BB7_Library-master\Seekfree_CYT4BB_Opensource_Library\project\iar\Debug_m7_1\Obj\evtgen_3404189088603873129.dir\cy_evtgen.o
#        C:\Code\beifen\old\CYT4BB7_Library-master\Seekfree_CYT4BB_Opensource_Library\project\iar\Debug_m7_1\Obj\flash_8529866181315662935.dir\cy_flash.o
#        C:\Code\beifen\old\CYT4BB7_Library-master\Seekfree_CYT4BB_Opensource_Library\project\iar\Debug_m7_1\Obj\gpio_3999404635324069351.dir\cy_gpio.o
#        C:\Code\beifen\old\CYT4BB7_Library-master\Seekfree_CYT4BB_Opensource_Library\project\iar\Debug_m7_1\Obj\audioss_1346650047966882938.dir\cy_i2s.o
#        C:\Code\beifen\old\CYT4BB7_Library-master\Seekfree_CYT4BB_Opensource_Library\project\iar\Debug_m7_1\Obj\rev_b_6162237342861132223.dir\cy_interrupt_map.o
#        C:\Code\beifen\old\CYT4BB7_Library-master\Seekfree_CYT4BB_Opensource_Library\project\iar\Debug_m7_1\Obj\ipc_10145506163450686023.dir\cy_ipc_drv.o
#        C:\Code\beifen\old\CYT4BB7_Library-master\Seekfree_CYT4BB_Opensource_Library\project\iar\Debug_m7_1\Obj\ipc_10145506163450686023.dir\cy_ipc_pipe.o
#        C:\Code\beifen\old\CYT4BB7_Library-master\Seekfree_CYT4BB_Opensource_Library\project\iar\Debug_m7_1\Obj\ipc_10145506163450686023.dir\cy_ipc_sema.o
#        C:\Code\beifen\old\CYT4BB7_Library-master\Seekfree_CYT4BB_Opensource_Library\project\iar\Debug_m7_1\Obj\lin_18429031207028094880.dir\cy_lin.o
#        C:\Code\beifen\old\CYT4BB7_Library-master\Seekfree_CYT4BB_Opensource_Library\project\iar\Debug_m7_1\Obj\lvd_6353935867039560245.dir\cy_lvd.o
#        C:\Code\beifen\old\CYT4BB7_Library-master\Seekfree_CYT4BB_Opensource_Library\project\iar\Debug_m7_1\Obj\mcwdt_4052485907822033969.dir\cy_mcwdt.o
#        C:\Code\beifen\old\CYT4BB7_Library-master\Seekfree_CYT4BB_Opensource_Library\project\iar\Debug_m7_1\Obj\dma_12106025507578611576.dir\cy_mdma.o
#        C:\Code\beifen\old\CYT4BB7_Library-master\Seekfree_CYT4BB_Opensource_Library\project\iar\Debug_m7_1\Obj\mpu_5663187252346826382.dir\cy_mpu.o
#        C:\Code\beifen\old\CYT4BB7_Library-master\Seekfree_CYT4BB_Opensource_Library\project\iar\Debug_m7_1\Obj\flash_864493325053435817.dir\cy_mw_flash.o
#        C:\Code\beifen\old\CYT4BB7_Library-master\Seekfree_CYT4BB_Opensource_Library\project\iar\Debug_m7_1\Obj\dma_12106025507578611576.dir\cy_pdma.o
#        C:\Code\beifen\old\CYT4BB7_Library-master\Seekfree_CYT4BB_Opensource_Library\project\iar\Debug_m7_1\Obj\power_14453085144426420577.dir\cy_power.o
#        C:\Code\beifen\old\CYT4BB7_Library-master\Seekfree_CYT4BB_Opensource_Library\project\iar\Debug_m7_1\Obj\prot_10722960861768657883.dir\cy_prot.o
#        C:\Code\beifen\old\CYT4BB7_Library-master\Seekfree_CYT4BB_Opensource_Library\project\iar\Debug_m7_1\Obj\scb_15490842639181808494.dir\cy_scb_common.o
#        C:\Code\beifen\old\CYT4BB7_Library-master\Seekfree_CYT4BB_Opensource_Library\project\iar\Debug_m7_1\Obj\scb_15490842639181808494.dir\cy_scb_ezi2c.o
#        C:\Code\beifen\old\CYT4BB7_Library-master\Seekfree_CYT4BB_Opensource_Library\project\iar\Debug_m7_1\Obj\scb_15490842639181808494.dir\cy_scb_i2c.o
#        C:\Code\beifen\old\CYT4BB7_Library-master\Seekfree_CYT4BB_Opensource_Library\project\iar\Debug_m7_1\Obj\scb_15490842639181808494.dir\cy_scb_spi.o
#        C:\Code\beifen\old\CYT4BB7_Library-master\Seekfree_CYT4BB_Opensource_Library\project\iar\Debug_m7_1\Obj\scb_15490842639181808494.dir\cy_scb_uart.o
#        C:\Code\beifen\old\CYT4BB7_Library-master\Seekfree_CYT4BB_Opensource_Library\project\iar\Debug_m7_1\Obj\sd_host_2982766354293506895.dir\cy_sd_host.o
#        C:\Code\beifen\old\CYT4BB7_Library-master\Seekfree_CYT4BB_Opensource_Library\project\iar\Debug_m7_1\Obj\semihosting_143864889731838620.dir\cy_semihosting.o
#        C:\Code\beifen\old\CYT4BB7_Library-master\Seekfree_CYT4BB_Opensource_Library\project\iar\Debug_m7_1\Obj\smartio_5451710003740070188.dir\cy_smartio.o
#        C:\Code\beifen\old\CYT4BB7_Library-master\Seekfree_CYT4BB_Opensource_Library\project\iar\Debug_m7_1\Obj\smif_427648126384146252.dir\cy_smif.o
#        C:\Code\beifen\old\CYT4BB7_Library-master\Seekfree_CYT4BB_Opensource_Library\project\iar\Debug_m7_1\Obj\smif_mem_6470536964353725183.dir\cy_smif_device_common.o
#        C:\Code\beifen\old\CYT4BB7_Library-master\Seekfree_CYT4BB_Opensource_Library\project\iar\Debug_m7_1\Obj\smif_mem_6470536964353725183.dir\cy_smif_hb_flash.o
#        C:\Code\beifen\old\CYT4BB7_Library-master\Seekfree_CYT4BB_Opensource_Library\project\iar\Debug_m7_1\Obj\smif_427648126384146252.dir\cy_smif_memslot.o
#        C:\Code\beifen\old\CYT4BB7_Library-master\Seekfree_CYT4BB_Opensource_Library\project\iar\Debug_m7_1\Obj\smif_mem_6470536964353725183.dir\cy_smif_s25fl.o
#        C:\Code\beifen\old\CYT4BB7_Library-master\Seekfree_CYT4BB_Opensource_Library\project\iar\Debug_m7_1\Obj\smif_mem_6470536964353725183.dir\cy_smif_s25fs.o
#        C:\Code\beifen\old\CYT4BB7_Library-master\Seekfree_CYT4BB_Opensource_Library\project\iar\Debug_m7_1\Obj\smif_mem_6470536964353725183.dir\cy_smif_semp.o
#        C:\Code\beifen\old\CYT4BB7_Library-master\Seekfree_CYT4BB_Opensource_Library\project\iar\Debug_m7_1\Obj\smif_427648126384146252.dir\cy_smif_ver_specific.o
#        C:\Code\beifen\old\CYT4BB7_Library-master\Seekfree_CYT4BB_Opensource_Library\project\iar\Debug_m7_1\Obj\srom_13018798572330080582.dir\cy_srom.o
#        C:\Code\beifen\old\CYT4BB7_Library-master\Seekfree_CYT4BB_Opensource_Library\project\iar\Debug_m7_1\Obj\sw_timer_4215635015939382130.dir\cy_sw_tmr.o
#        C:\Code\beifen\old\CYT4BB7_Library-master\Seekfree_CYT4BB_Opensource_Library\project\iar\Debug_m7_1\Obj\sysclk_16149231235676103872.dir\cy_sysclk.o
#        C:\Code\beifen\old\CYT4BB7_Library-master\Seekfree_CYT4BB_Opensource_Library\project\iar\Debug_m7_1\Obj\sysflt_12293435975120599261.dir\cy_sysflt.o
#        C:\Code\beifen\old\CYT4BB7_Library-master\Seekfree_CYT4BB_Opensource_Library\project\iar\Debug_m7_1\Obj\sysint_7435970359207984181.dir\cy_sysint.o
#        C:\Code\beifen\old\CYT4BB7_Library-master\Seekfree_CYT4BB_Opensource_Library\project\iar\Debug_m7_1\Obj\syslib_16330585751512546975.dir\cy_syslib.o
#        C:\Code\beifen\old\CYT4BB7_Library-master\Seekfree_CYT4BB_Opensource_Library\project\iar\Debug_m7_1\Obj\syslib_16330585751512546975.dir\cy_syslib_iar.o
#        C:\Code\beifen\old\CYT4BB7_Library-master\Seekfree_CYT4BB_Opensource_Library\project\iar\Debug_m7_1\Obj\syspm_10887939769544754770.dir\cy_syspm.o
#        C:\Code\beifen\old\CYT4BB7_Library-master\Seekfree_CYT4BB_Opensource_Library\project\iar\Debug_m7_1\Obj\sysreghc_17676636058511625587.dir\cy_sysreghc.o
#        C:\Code\beifen\old\CYT4BB7_Library-master\Seekfree_CYT4BB_Opensource_Library\project\iar\Debug_m7_1\Obj\sysreset_14586141425677365288.dir\cy_sysreset.o
#        C:\Code\beifen\old\CYT4BB7_Library-master\Seekfree_CYT4BB_Opensource_Library\project\iar\Debug_m7_1\Obj\sysrtc_10747768817563771611.dir\cy_sysrtc.o
#        C:\Code\beifen\old\CYT4BB7_Library-master\Seekfree_CYT4BB_Opensource_Library\project\iar\Debug_m7_1\Obj\systick_16016591671695740695.dir\cy_systick.o
#        C:\Code\beifen\old\CYT4BB7_Library-master\Seekfree_CYT4BB_Opensource_Library\project\iar\Debug_m7_1\Obj\syswdt_9118657615806274156.dir\cy_syswdt.o
#        C:\Code\beifen\old\CYT4BB7_Library-master\Seekfree_CYT4BB_Opensource_Library\project\iar\Debug_m7_1\Obj\tcpwm_422923530147891246.dir\cy_tcpwm.o
#        C:\Code\beifen\old\CYT4BB7_Library-master\Seekfree_CYT4BB_Opensource_Library\project\iar\Debug_m7_1\Obj\tcpwm_422923530147891246.dir\cy_tcpwm_counter.o
#        C:\Code\beifen\old\CYT4BB7_Library-master\Seekfree_CYT4BB_Opensource_Library\project\iar\Debug_m7_1\Obj\tcpwm_422923530147891246.dir\cy_tcpwm_pwm.o
#        C:\Code\beifen\old\CYT4BB7_Library-master\Seekfree_CYT4BB_Opensource_Library\project\iar\Debug_m7_1\Obj\tcpwm_422923530147891246.dir\cy_tcpwm_quaddec.o
#        C:\Code\beifen\old\CYT4BB7_Library-master\Seekfree_CYT4BB_Opensource_Library\project\iar\Debug_m7_1\Obj\tcpwm_422923530147891246.dir\cy_tcpwm_sr.o
#        C:\Code\beifen\old\CYT4BB7_Library-master\Seekfree_CYT4BB_Opensource_Library\project\iar\Debug_m7_1\Obj\trigmux_9729677290734583340.dir\cy_trigmux.o
#        C:\Code\beifen\old\CYT4BB7_Library-master\Seekfree_CYT4BB_Opensource_Library\project\iar\Debug_m7_1\Obj\ethernet_6029839089178797009.dir\edd.o
#        C:\Code\beifen\old\CYT4BB7_Library-master\Seekfree_CYT4BB_Opensource_Library\project\iar\Debug_m7_1\Obj\ethernet_6029839089178797009.dir\edd_rx.o
#        C:\Code\beifen\old\CYT4BB7_Library-master\Seekfree_CYT4BB_Opensource_Library\project\iar\Debug_m7_1\Obj\ethernet_6029839089178797009.dir\edd_tx.o
#        C:\Code\beifen\old\CYT4BB7_Library-master\Seekfree_CYT4BB_Opensource_Library\project\iar\Debug_m7_1\Obj\user_8514941877209965082.dir\main_cm7_1.o
#        C:\Code\beifen\old\CYT4BB7_Library-master\Seekfree_CYT4BB_Opensource_Library\project\iar\Debug_m7_1\Obj\zf_components_14936052685886095442.dir\seekfree_assistant.o
#        C:\Code\beifen\old\CYT4BB7_Library-master\Seekfree_CYT4BB_Opensource_Library\project\iar\Debug_m7_1\Obj\zf_components_14936052685886095442.dir\seekfree_assistant_interface.o
#        C:\Code\beifen\old\CYT4BB7_Library-master\Seekfree_CYT4BB_Opensource_Library\project\iar\Debug_m7_1\Obj\startup_479057977785470282.dir\startup.o
#        C:\Code\beifen\old\CYT4BB7_Library-master\Seekfree_CYT4BB_Opensource_Library\project\iar\Debug_m7_1\Obj\startup_479057977785470282.dir\startup_cm7.o
#        C:\Code\beifen\old\CYT4BB7_Library-master\Seekfree_CYT4BB_Opensource_Library\project\iar\Debug_m7_1\Obj\rev_b_4986922561640112550.dir\system_tviibh4m_cm7.o
#        C:\Code\beifen\old\CYT4BB7_Library-master\Seekfree_CYT4BB_Opensource_Library\project\iar\Debug_m7_1\Obj\zf_common_1201165462030747823.dir\zf_common_clock.o
#        C:\Code\beifen\old\CYT4BB7_Library-master\Seekfree_CYT4BB_Opensource_Library\project\iar\Debug_m7_1\Obj\zf_common_1201165462030747823.dir\zf_common_debug.o
#        C:\Code\beifen\old\CYT4BB7_Library-master\Seekfree_CYT4BB_Opensource_Library\project\iar\Debug_m7_1\Obj\zf_common_1201165462030747823.dir\zf_common_fifo.o
#        C:\Code\beifen\old\CYT4BB7_Library-master\Seekfree_CYT4BB_Opensource_Library\project\iar\Debug_m7_1\Obj\zf_common_1201165462030747823.dir\zf_common_font.o
#        C:\Code\beifen\old\CYT4BB7_Library-master\Seekfree_CYT4BB_Opensource_Library\project\iar\Debug_m7_1\Obj\zf_common_1201165462030747823.dir\zf_common_function.o
#        C:\Code\beifen\old\CYT4BB7_Library-master\Seekfree_CYT4BB_Opensource_Library\project\iar\Debug_m7_1\Obj\zf_common_1201165462030747823.dir\zf_common_interrupt.o
#        C:\Code\beifen\old\CYT4BB7_Library-master\Seekfree_CYT4BB_Opensource_Library\project\iar\Debug_m7_1\Obj\zf_device_6570275422786408770.dir\zf_device_ble6a20.o
#        C:\Code\beifen\old\CYT4BB7_Library-master\Seekfree_CYT4BB_Opensource_Library\project\iar\Debug_m7_1\Obj\zf_device_6570275422786408770.dir\zf_device_dl1a.o
#        C:\Code\beifen\old\CYT4BB7_Library-master\Seekfree_CYT4BB_Opensource_Library\project\iar\Debug_m7_1\Obj\zf_device_6570275422786408770.dir\zf_device_dl1b.o
#        C:\Code\beifen\old\CYT4BB7_Library-master\Seekfree_CYT4BB_Opensource_Library\project\iar\Debug_m7_1\Obj\zf_device_6570275422786408770.dir\zf_device_gnss.o
#        C:\Code\beifen\old\CYT4BB7_Library-master\Seekfree_CYT4BB_Opensource_Library\project\iar\Debug_m7_1\Obj\zf_device_6570275422786408770.dir\zf_device_icm20602.o
#        C:\Code\beifen\old\CYT4BB7_Library-master\Seekfree_CYT4BB_Opensource_Library\project\iar\Debug_m7_1\Obj\zf_device_6570275422786408770.dir\zf_device_imu660ra.o
#        C:\Code\beifen\old\CYT4BB7_Library-master\Seekfree_CYT4BB_Opensource_Library\project\iar\Debug_m7_1\Obj\zf_device_6570275422786408770.dir\zf_device_imu660rb.o
#        C:\Code\beifen\old\CYT4BB7_Library-master\Seekfree_CYT4BB_Opensource_Library\project\iar\Debug_m7_1\Obj\zf_device_6570275422786408770.dir\zf_device_imu660rc.o
#        C:\Code\beifen\old\CYT4BB7_Library-master\Seekfree_CYT4BB_Opensource_Library\project\iar\Debug_m7_1\Obj\zf_device_6570275422786408770.dir\zf_device_imu963ra.o
#        C:\Code\beifen\old\CYT4BB7_Library-master\Seekfree_CYT4BB_Opensource_Library\project\iar\Debug_m7_1\Obj\zf_device_6570275422786408770.dir\zf_device_ips114.o
#        C:\Code\beifen\old\CYT4BB7_Library-master\Seekfree_CYT4BB_Opensource_Library\project\iar\Debug_m7_1\Obj\zf_device_6570275422786408770.dir\zf_device_ips200.o
#        C:\Code\beifen\old\CYT4BB7_Library-master\Seekfree_CYT4BB_Opensource_Library\project\iar\Debug_m7_1\Obj\zf_device_6570275422786408770.dir\zf_device_ips200pro.o
#        C:\Code\beifen\old\CYT4BB7_Library-master\Seekfree_CYT4BB_Opensource_Library\project\iar\Debug_m7_1\Obj\zf_device_6570275422786408770.dir\zf_device_key.o
#        C:\Code\beifen\old\CYT4BB7_Library-master\Seekfree_CYT4BB_Opensource_Library\project\iar\Debug_m7_1\Obj\zf_device_6570275422786408770.dir\zf_device_lora3a22.o
#        C:\Code\beifen\old\CYT4BB7_Library-master\Seekfree_CYT4BB_Opensource_Library\project\iar\Debug_m7_1\Obj\zf_device_6570275422786408770.dir\zf_device_menc15a.o
#        C:\Code\beifen\old\CYT4BB7_Library-master\Seekfree_CYT4BB_Opensource_Library\project\iar\Debug_m7_1\Obj\zf_device_6570275422786408770.dir\zf_device_mt9v03x.o
#        C:\Code\beifen\old\CYT4BB7_Library-master\Seekfree_CYT4BB_Opensource_Library\project\iar\Debug_m7_1\Obj\zf_device_6570275422786408770.dir\zf_device_oled.o
#        C:\Code\beifen\old\CYT4BB7_Library-master\Seekfree_CYT4BB_Opensource_Library\project\iar\Debug_m7_1\Obj\zf_device_6570275422786408770.dir\zf_device_pmw3901.o
#        C:\Code\beifen\old\CYT4BB7_Library-master\Seekfree_CYT4BB_Opensource_Library\project\iar\Debug_m7_1\Obj\zf_device_6570275422786408770.dir\zf_device_tft180.o
#        C:\Code\beifen\old\CYT4BB7_Library-master\Seekfree_CYT4BB_Opensource_Library\project\iar\Debug_m7_1\Obj\zf_device_6570275422786408770.dir\zf_device_tsl1401.o
#        C:\Code\beifen\old\CYT4BB7_Library-master\Seekfree_CYT4BB_Opensource_Library\project\iar\Debug_m7_1\Obj\zf_device_6570275422786408770.dir\zf_device_type.o
#        C:\Code\beifen\old\CYT4BB7_Library-master\Seekfree_CYT4BB_Opensource_Library\project\iar\Debug_m7_1\Obj\zf_device_6570275422786408770.dir\zf_device_uart_receiver.o
#        C:\Code\beifen\old\CYT4BB7_Library-master\Seekfree_CYT4BB_Opensource_Library\project\iar\Debug_m7_1\Obj\zf_device_6570275422786408770.dir\zf_device_upflow302.o
#        C:\Code\beifen\old\CYT4BB7_Library-master\Seekfree_CYT4BB_Opensource_Library\project\iar\Debug_m7_1\Obj\zf_device_6570275422786408770.dir\zf_device_wifi_spi.o
#        C:\Code\beifen\old\CYT4BB7_Library-master\Seekfree_CYT4BB_Opensource_Library\project\iar\Debug_m7_1\Obj\zf_device_6570275422786408770.dir\zf_device_wifi_uart.o
#        C:\Code\beifen\old\CYT4BB7_Library-master\Seekfree_CYT4BB_Opensource_Library\project\iar\Debug_m7_1\Obj\zf_device_6570275422786408770.dir\zf_device_wireless_uart.o
#        C:\Code\beifen\old\CYT4BB7_Library-master\Seekfree_CYT4BB_Opensource_Library\project\iar\Debug_m7_1\Obj\zf_driver_11922370083829174090.dir\zf_driver_adc.o
#        C:\Code\beifen\old\CYT4BB7_Library-master\Seekfree_CYT4BB_Opensource_Library\project\iar\Debug_m7_1\Obj\zf_driver_11922370083829174090.dir\zf_driver_delay.o
#        C:\Code\beifen\old\CYT4BB7_Library-master\Seekfree_CYT4BB_Opensource_Library\project\iar\Debug_m7_1\Obj\zf_driver_11922370083829174090.dir\zf_driver_dma.o
#        C:\Code\beifen\old\CYT4BB7_Library-master\Seekfree_CYT4BB_Opensource_Library\project\iar\Debug_m7_1\Obj\zf_driver_11922370083829174090.dir\zf_driver_encoder.o
#        C:\Code\beifen\old\CYT4BB7_Library-master\Seekfree_CYT4BB_Opensource_Library\project\iar\Debug_m7_1\Obj\zf_driver_11922370083829174090.dir\zf_driver_exti.o
#        C:\Code\beifen\old\CYT4BB7_Library-master\Seekfree_CYT4BB_Opensource_Library\project\iar\Debug_m7_1\Obj\zf_driver_11922370083829174090.dir\zf_driver_flash.o
#        C:\Code\beifen\old\CYT4BB7_Library-master\Seekfree_CYT4BB_Opensource_Library\project\iar\Debug_m7_1\Obj\zf_driver_11922370083829174090.dir\zf_driver_gpio.o
#        C:\Code\beifen\old\CYT4BB7_Library-master\Seekfree_CYT4BB_Opensource_Library\project\iar\Debug_m7_1\Obj\zf_driver_11922370083829174090.dir\zf_driver_ipc.o
#        C:\Code\beifen\old\CYT4BB7_Library-master\Seekfree_CYT4BB_Opensource_Library\project\iar\Debug_m7_1\Obj\zf_driver_11922370083829174090.dir\zf_driver_pit.o
#        C:\Code\beifen\old\CYT4BB7_Library-master\Seekfree_CYT4BB_Opensource_Library\project\iar\Debug_m7_1\Obj\zf_driver_11922370083829174090.dir\zf_driver_pwm.o
#        C:\Code\beifen\old\CYT4BB7_Library-master\Seekfree_CYT4BB_Opensource_Library\project\iar\Debug_m7_1\Obj\zf_driver_11922370083829174090.dir\zf_driver_soft_iic.o
#        C:\Code\beifen\old\CYT4BB7_Library-master\Seekfree_CYT4BB_Opensource_Library\project\iar\Debug_m7_1\Obj\zf_driver_11922370083829174090.dir\zf_driver_soft_spi.o
#        C:\Code\beifen\old\CYT4BB7_Library-master\Seekfree_CYT4BB_Opensource_Library\project\iar\Debug_m7_1\Obj\zf_driver_11922370083829174090.dir\zf_driver_spi.o
#        C:\Code\beifen\old\CYT4BB7_Library-master\Seekfree_CYT4BB_Opensource_Library\project\iar\Debug_m7_1\Obj\zf_driver_11922370083829174090.dir\zf_driver_timer.o
#        C:\Code\beifen\old\CYT4BB7_Library-master\Seekfree_CYT4BB_Opensource_Library\project\iar\Debug_m7_1\Obj\zf_driver_11922370083829174090.dir\zf_driver_uart.o
#        --no_out_extension -o
#        C:\Code\beifen\old\CYT4BB7_Library-master\Seekfree_CYT4BB_Opensource_Library\project\iar\project_config\Debug_m7_1\Exe\cyt4bb7_cm_7_1.out
#        --config_def _CORE_cm7_1_=0 --config_def _LINK_flash_=0 --map
#        C:\Code\beifen\old\CYT4BB7_Library-master\Seekfree_CYT4BB_Opensource_Library\project\iar\Debug_m7_1\List\cyt4bb7_cm_7_1.map
#        --config
#        C:\Code\beifen\old\CYT4BB7_Library-master\Seekfree_CYT4BB_Opensource_Library\project\iar\project_config\..\icf\linker_directives_tviibh.icf
#        --semihosting
#        C:\Code\beifen\old\CYT4BB7_Library-master\Seekfree_CYT4BB_Opensource_Library\project\iar\project_config\..\..\..\libraries\sdk\tviibh4m\src\drivers\crypto\libs\libcrypto_server_cm0plus_iar.a
#        C:\Code\beifen\old\CYT4BB7_Library-master\Seekfree_CYT4BB_Opensource_Library\project\iar\project_config\..\..\..\libraries\zf_device\zf_device_config.a
#        C:\Code\beifen\old\CYT4BB7_Library-master\Seekfree_CYT4BB_Opensource_Library\project\iar\project_config\..\..\..\libraries\sdk\common\hdr\cmsis\dsp\iar_cortexM7lf_math.a
#        --entry __iar_program_start --vfe --text_out locale --cpu=Cortex-M7
#        --fpu=VFPv5_d16) --dependencies=n
#        C:\Code\beifen\old\CYT4BB7_Library-master\Seekfree_CYT4BB_Opensource_Library\project\iar\project_config\Debug_m7_1\Exe\cyt4bb7_cm_7_1.out.iar_deps
#
###############################################################################

*******************************************************************************
*** RUNTIME MODEL ATTRIBUTES
***

CppFlavor       = *
__CPP_Runtime   = 1
__Heap_Handler  = Basic
__SystemLibrary = DLib
__dlib_version  = 6


*******************************************************************************
*** HEAP SELECTION
***

The basic heap was selected because --advanced_heap
was not specified and the application did not appear to
be primarily optimized for speed.


*******************************************************************************
*** PLACEMENT SUMMARY
***

"A0":  place at start of [from 0x1028'0000 to 0x1040'ffff] { section .intvec };
"P1":  place in [from 0x1028'0000 to 0x1040'ffff] { ro };
"P2":  place in [from 0x2808'0000 to 0x280b'ffff] { rw };
define block HEAP with size = 1K, alignment = 8 { };
define block CSTACK with size = 8K, alignment = 8 { };
define block HEAP_STACK { block HEAP, last block CSTACK };
"A1":  place at end of [from 0x2808'0000 to 0x280b'ffff] { block HEAP_STACK };
do not initialize { section .intvec_ram };
initialize by copy { rw };

No sections matched the following patterns:

  ro section .sflash_app_prot  in "P6"
  ro section .sflash_nar       in "P4"
  ro section .sflash_pkey      in "P5"
  ro section .sflash_toc2      in "P7"
  ro section .sflash_uf_rows   in "P3"
  ro section .work_flash       in "P8"
  section .global_ram_data     in "P9"


  Section            Kind         Address      Size  Object
  -------            ----         -------      ----  ------
"A0":                                          0x80
  .intvec            ro code  0x1028'0000      0x80  startup_cm7.o [30]
                            - 0x1028'0080      0x80

"P1":                                        0x923b
  .text              ro code  0x1028'0080    0x13dc  main_cm7_1.o [44]
  .text              ro code  0x1028'145c       0x6  ABImemclr4.o [51]
  .text              ro code  0x1028'1462      0x7e  lz77_init_single.o [51]
  .text              ro code  0x1028'14e0      0xa6  ABImemcpy.o [51]
  .text              ro code  0x1028'1586       0xa  xsprout.o [49]
  .text              ro code  0x1028'1590      0x1e  sqrt.o [50]
  .text              ro code  0x1028'15b0      0x5a  S64ToFlt.o [50]
  .text              ro code  0x1028'160c      0x1c  zf_common_clock.o [45]
  .text              ro code  0x1028'1628     0x424  zf_common_debug.o [45]
  .text              ro code  0x1028'1a4c     0x418  zf_device_mt9v03x.o [47]
  .text              ro code  0x1028'1e64     0xaec  zf_driver_uart.o [48]
  .text              ro code  0x1028'2950     0x534  zf_device_wifi_spi.o [47]
  .text              ro code  0x1028'2e84      0x28  printf.o [49]
  .text              ro code  0x1028'2eac     0x2d8  zf_driver_delay.o [48]
  .text              ro code  0x1028'3184      0x94  seekfree_assistant_interface.o [46]
  .text              ro code  0x1028'3218     0x16c  seekfree_assistant.o [46]
  .text              ro code  0x1028'3384      0x66  ABImemset.o [51]
  .text              ro code  0x1028'33ec      0x40  sprintf.o [49]
  .text              ro code  0x1028'342c      0x32  ABImemset48.o [51]
  .text              ro code  0x1028'3460     0x150  system_tviibh4m_cm7.o [21]
  .text              ro code  0x1028'35b0      0xe2  zf_common_interrupt.o [45]
  .text              ro code  0x1028'3694      0x36  strlen.o [51]
  .text              ro code  0x1028'36cc     0x610  zf_common_fifo.o [45]
  .text              ro code  0x1028'3cdc     0x1ae  cy_tcpwm_counter.o [42]
  .text              ro code  0x1028'3e8a       0xc  cy_tcpwm.o [42]
  .text              ro code  0x1028'3e98     0x5fc  zf_driver_soft_iic.o [48]
  .text              ro code  0x1028'4494     0x858  zf_device_config_mt9v03x.o [53]
  .text              ro code  0x1028'4cec     0x194  cy_gpio.o [13]
  .text              ro code  0x1028'4e80     0x314  cy_scb_uart.o [23]
  .text              ro code  0x1028'5194     0x17c  zf_driver_gpio.o [48]
  .text              ro code  0x1028'5310     0x96c  zf_driver_spi.o [48]
  .text              ro code  0x1028'5c7c     0xeae  xprintffull_nomb.o [49]
  .text              ro code  0x1028'6b2c     0x8e8  cy_sysclk.o [32]
  .text              ro code  0x1028'7414      0x70  strncpy.o [51]
  .text              ro code  0x1028'7484      0xa8  cy_syslib.o [35]
  .text              ro code  0x1028'752c       0x8  startup_cm7.o [30]
  .text              ro code  0x1028'7534       0x6  startup_cm7.o [30]
  .text              ro code  0x1028'753c      0x20  zf_driver_pwm.o [48]
  .text              ro code  0x1028'755c      0xac  cy_sysint.o [34]
  .text              ro code  0x1028'7608     0x1f0  cy_scb_spi.o [23]
  .text              ro code  0x1028'77f8      0x16  strchr.o [51]
  .text              ro code  0x1028'7810      0x40  xfail_s.o [49]
  .text              ro code  0x1028'7850      0x58  memchr.o [51]
  .text              ro code  0x1028'78a8      0x70  frexp.o [50]
  .text              ro code  0x1028'7918      0x34  DblCmpLe.o [50]
  .text              ro code  0x1028'794c      0x34  DblCmpGe.o [50]
  .text              ro code  0x1028'7980     0x104  ldexp.o [50]
  .text              ro code  0x1028'7a84       0xe  DblToS32.o [50]
  .text              ro code  0x1028'7a92       0xe  S32ToDbl.o [50]
  .text              ro code  0x1028'7aa0      0x12  DblSub.o [50]
  .text              ro code  0x1028'7ab2      0x12  DblDiv.o [50]
  .text              ro code  0x1028'7ac4       0xe  DblToU32.o [50]
  .text              ro code  0x1028'7ad2       0xe  U32ToDbl.o [50]
  .text              ro code  0x1028'7ae0      0x12  DblMul.o [50]
  .text              ro code  0x1028'7af4     0x230  I64DivMod.o [51]
  .text              ro code  0x1028'7d24       0x2  cy_syslib.o [35]
  .text              ro code  0x1028'7d26       0x6  abort.o [49]
  .text              ro code  0x1028'7d2c       0x2  I64DivZer.o [51]
  .text              ro code  0x1028'7d30      0x14  exit.o [52]
  .text              ro code  0x1028'7d44     0x204  startup.o [30]
  .text              ro code  0x1028'7f48     0x1cc  zf_device_wifi_uart.o [47]
  .text              ro code  0x1028'8114      0x2c  strstr.o [49]
  .text              ro code  0x1028'8140      0x8c  zf_common_function.o [45]
  .text              ro code  0x1028'81cc     0x198  cy_interrupt_map.o [22]
  .text              ro code  0x1028'8364     0x114  zf_device_gnss.o [47]
  .text              ro code  0x1028'8478      0x2a  strncmp.o [49]
  .text              ro code  0x1028'84a4      0xb0  startup_cm7.o [30]
  .text              ro code  0x1028'8554      0x98  zf_device_ble6a20.o [47]
  .text              ro code  0x1028'85ec      0x98  zf_device_wireless_uart.o [47]
  .rodata            const    0x1028'8684      0x88  system_tviibh4m_cm7.o [21]
  .rodata            const    0x1028'870c      0x84  cy_sysclk.o [32]
  .rodata            const    0x1028'8790      0x84  cy_sysclk.o [32]
  .rodata            const    0x1028'8814      0x7c  seekfree_assistant.o [46]
  .rodata            const    0x1028'8890      0x7c  zf_device_wireless_uart.o [47]
  .rodata            const    0x1028'890c      0x78  zf_common_function.o [45]
  .rodata            const    0x1028'8984      0x78  zf_device_ble6a20.o [47]
  .rodata            const    0x1028'89fc      0x78  zf_device_wifi_spi.o [47]
  .rodata            const    0x1028'8a74      0x78  zf_device_wifi_uart.o [47]
  .rodata            const    0x1028'8aec      0x78  zf_driver_soft_iic.o [48]
  .rodata            const    0x1028'8b64      0x74  zf_common_fifo.o [45]
  .rodata            const    0x1028'8bd8      0x74  zf_driver_spi.o [48]
  .rodata            const    0x1028'8c4c      0x74  zf_driver_uart.o [48]
  .text              ro code  0x1028'8cc0      0x74  cm7_1_isr.o [44]
  .text              ro code  0x1028'8d34      0x38  zero_init3.o [51]
  .rodata            const    0x1028'8d6c      0x2c  main_cm7_1.o [44]
  .rodata            const    0x1028'8d98      0x28  main_cm7_1.o [44]
  .rodata            const    0x1028'8dc0      0x28  main_cm7_1.o [44]
  .rodata            const    0x1028'8de8      0x28  zf_device_mt9v03x.o [47]
  .text              ro code  0x1028'8e10      0x28  data_init.o [51]
  .text              ro code  0x1028'8e38      0x22  fpinit_M.o [50]
  .iar.init_table    const    0x1028'8e5c      0x20  - Linker created -
  .text              ro code  0x1028'8e7c      0x20  startup_cm7.o [30]
  .text              ro code  0x1028'8e9c      0x20  putchar.o [49]
  .text              ro code  0x1028'8ec0      0x1e  cy_syslib_iar.o [35]
  .text              ro code  0x1028'8ee0      0x1e  cmain.o [51]
  .text              ro code  0x1028'8f00       0x4  startup_cm7.o [30]
  .text              ro code  0x1028'8f04       0x4  exit.o [49]
  .text              ro code  0x1028'8f08       0xa  cexit.o [51]
  .rodata            const    0x1028'8f14      0x1c  zf_common_debug.o [45]
  .text              ro code  0x1028'8f30      0x1c  startup_cm7.o [30]
  .text              ro code  0x1028'8f4c      0x1c  cstartup_M.o [51]
  .rodata            const    0x1028'8f68      0x18  startup.o [30]
  .rodata            const    0x1028'8f80      0x18  system_tviibh4m_cm7.o [21]
  .rodata            const    0x1028'8f98      0x18  zf_common_debug.o [45]
  .text              ro code  0x1028'8fb0      0x16  xprout.o [49]
  .rodata            const    0x1028'8fc8      0x14  zf_device_wifi_spi.o [47]
  .rodata            const    0x1028'8fdc      0x10  main_cm7_1.o [44]
  .rodata            const    0x1028'8fec      0x10  main_cm7_1.o [44]
  .rodata            const    0x1028'8ffc      0x10  zf_common_debug.o [45]
  .rodata            const    0x1028'900c      0x10  zf_common_debug.o [45]
  .rodata            const    0x1028'901c      0x10  zf_device_wifi_uart.o [47]
  .rodata            const    0x1028'902c       0xc  main_cm7_1.o [44]
  .rodata            const    0x1028'9038       0xc  zf_common_debug.o [45]
  .rodata            const    0x1028'9044       0xc  zf_common_debug.o [45]
  .rodata            const    0x1028'9050       0xc  zf_device_wifi_spi.o [47]
  .rodata            const    0x1028'905c       0xc  zf_device_wifi_uart.o [47]
  .text              ro code  0x1028'9068       0xc  cy_syslib.o [35]
  .rodata            const    0x1028'9074       0x8  cy_sysclk.o [32]
  .rodata            const    0x1028'907c       0x8  main_cm7_1.o [44]
  .rodata            const    0x1028'9084       0x8  main_cm7_1.o [44]
  .rodata            const    0x1028'908c       0x8  main_cm7_1.o [44]
  .rodata            const    0x1028'9094       0x8  zf_device_wifi_spi.o [47]
  .rodata            const    0x1028'909c       0x8  zf_device_wifi_uart.o [47]
  .rodata            const    0x1028'90a4       0x8  zf_device_wifi_uart.o [47]
  .rodata            const    0x1028'90ac       0x4  cy_interrupt_map.o [22]
  .rodata            const    0x1028'90b0       0x4  cy_interrupt_map.o [22]
  .rodata            const    0x1028'90b4       0x4  cy_interrupt_map.o [22]
  .rodata            const    0x1028'90b8       0x4  cy_interrupt_map.o [22]
  .rodata            const    0x1028'90bc       0x4  cy_interrupt_map.o [22]
  .rodata            const    0x1028'90c0       0x4  cy_interrupt_map.o [22]
  .rodata            const    0x1028'90c4       0x4  cy_interrupt_map.o [22]
  .rodata            const    0x1028'90c8       0x4  cy_interrupt_map.o [22]
  .rodata            const    0x1028'90cc       0x4  cy_scb_spi.o [23]
  .rodata            const    0x1028'90d0       0x4  cy_scb_spi.o [23]
  .rodata            const    0x1028'90d4       0x4  cy_scb_spi.o [23]
  .rodata            const    0x1028'90d8       0x4  cy_scb_spi.o [23]
  .rodata            const    0x1028'90dc       0x4  cy_scb_uart.o [23]
  .rodata            const    0x1028'90e0       0x4  cy_scb_uart.o [23]
  .rodata            const    0x1028'90e4       0x4  cy_scb_uart.o [23]
  .rodata            const    0x1028'90e8       0x4  cy_scb_uart.o [23]
  .rodata            const    0x1028'90ec       0x4  cy_scb_uart.o [23]
  .rodata            const    0x1028'90f0       0x4  cy_scb_uart.o [23]
  .rodata            const    0x1028'90f4       0x4  cy_scb_uart.o [23]
  .rodata            const    0x1028'90f8       0x4  cy_scb_uart.o [23]
  .rodata            const    0x1028'90fc       0x4  cy_scb_uart.o [23]
  .rodata            const    0x1028'9100       0x4  cy_scb_uart.o [23]
  .rodata            const    0x1028'9104       0x4  cy_sysint.o [34]
  .rodata            const    0x1028'9108       0x4  cy_sysint.o [34]
  .rodata            const    0x1028'910c       0x4  cy_tcpwm_counter.o [42]
  .rodata            const    0x1028'9110       0x4  cy_tcpwm_counter.o [42]
  .rodata            const    0x1028'9114       0x4  cy_tcpwm_counter.o [42]
  .rodata            const    0x1028'9118       0x4  cy_tcpwm_counter.o [42]
  .rodata            const    0x1028'911c       0x4  cy_tcpwm_counter.o [42]
  .text              ro code  0x1028'9120       0x4  seekfree_assistant_interface.o [46]
  .text              ro code  0x1028'9124       0x4  seekfree_assistant_interface.o [46]
  .text              ro code  0x1028'9128       0x4  startup_cm7.o [30]
  .text              ro code  0x1028'912c       0x4  startup_cm7.o [30]
  .text              ro code  0x1028'9130       0x4  startup_cm7.o [30]
  .text              ro code  0x1028'9134       0x4  startup_cm7.o [30]
  .text              ro code  0x1028'9138       0x4  startup_cm7.o [30]
  .text              ro code  0x1028'913c       0x4  startup_cm7.o [30]
  .text              ro code  0x1028'9140       0x4  startup_cm7.o [30]
  .text              ro code  0x1028'9144       0x4  startup_cm7.o [30]
  .text              ro code  0x1028'9148       0x4  startup_cm7.o [30]
  .text              ro code  0x1028'914c       0x4  startup_cm7.o [30]
  .text              ro code  0x1028'9150       0x4  startup_cm7.o [30]
  .text              ro code  0x1028'9154       0x4  startup_cm7.o [30]
  .text              ro code  0x1028'9158       0x4  startup_cm7.o [30]
  .text              ro code  0x1028'915c       0x4  startup_cm7.o [30]
  .text              ro code  0x1028'9160       0x4  startup_cm7.o [30]
  .text              ro code  0x1028'9164       0x2  zf_device_type.o [47]
  .rodata            const    0x1028'9166       0x0  zero_init3.o [51]
  .rodata            const    0x1028'9166       0x0  lz77_init_single.o [51]
  Initializer bytes  const    0x1028'9166      0x6c  <for P2-1>
                            - 0x1028'91d2    0x9152

Absolute sections, part 1 of 2:                 0x4
  .noinit            uninit   0x2800'6bf0       0x2  zf_device_mt9v03x.o [47]
  .noinit            uninit   0x2800'6bf2       0x2  zf_device_mt9v03x.o [47]
                            - 0x2800'6bf4       0x4

Absolute sections, part 2 of 2:              0x5820
  .noinit            uninit   0x2802'6024    0x5820  zf_device_mt9v03x.o [47]
                            - 0x2802'b844    0x5820

"P2", part 1 of 3:                            0x74c
  P2-1                        0x2808'0000     0x74c  <Init block>
    .data            inited   0x2808'0000     0x6ec  cy_interrupt_map.o [22]
    .data            inited   0x2808'06ec       0x4  cy_interrupt_map.o [22]
    .data            inited   0x2808'06f0       0x4  seekfree_assistant.o [46]
    .data            inited   0x2808'06f4       0x4  seekfree_assistant.o [46]
    .data            inited   0x2808'06f8       0x4  zf_device_type.o [47]
    .data            inited   0x2808'06fc       0x4  zf_device_type.o [47]
    .data            inited   0x2808'0700      0x10  zf_driver_spi.o [48]
    .data            inited   0x2808'0710      0x1c  zf_driver_uart.o [48]
    .data            inited   0x2808'072c      0x1c  zf_driver_uart.o [48]
    .data            inited   0x2808'0748       0x2  zf_driver_delay.o [48]
    .data            inited   0x2808'074a       0x1  zf_common_debug.o [45]
    .data            inited   0x2808'074b       0x1  zf_driver_delay.o [48]
                            - 0x2808'074c     0x74c

"P2", part 2 of 3:                         0x1'6ad4
  .bss               zero     0x2808'074c    0x5820  main_cm7_1.o [44]
  .bss               zero     0x2808'5f6c    0x5820  main_cm7_1.o [44]
  .bss               zero     0x2808'b78c    0x5820  main_cm7_1.o [44]
  .bss               zero     0x2809'0fac    0x5820  zf_device_mt9v03x.o [47]
  .bss               zero     0x2809'67cc     0x400  zf_device_wifi_spi.o [47]
  .bss               zero     0x2809'6bcc     0x188  zf_driver_uart.o [48]
  .bss               zero     0x2809'6d54      0x94  zf_device_wifi_uart.o [47]
  .bss               zero     0x2809'6de8      0x80  zf_device_gnss.o [47]
  .bss               zero     0x2809'6e68      0x80  zf_device_gnss.o [47]
  .bss               zero     0x2809'6ee8      0x80  zf_device_gnss.o [47]
  .bss               zero     0x2809'6f68      0x70  cy_syslib.o [35]
  .bss               zero     0x2809'6fd8      0x70  zf_driver_uart.o [48]
  .bss               zero     0x2809'7048      0x4c  seekfree_assistant.o [46]
  .bss               zero     0x2809'7094      0x1c  zf_device_wifi_spi.o [47]
  .bss               zero     0x2809'70b0      0x18  cy_sysclk.o [32]
  .bss               zero     0x2809'70c8      0x18  cy_syslib.o [35]
  .bss               zero     0x2809'70e0      0x18  zf_common_debug.o [45]
  .bss               zero     0x2809'70f8      0x18  zf_device_ble6a20.o [47]
  .bss               zero     0x2809'7110      0x18  zf_device_gnss.o [47]
  .bss               zero     0x2809'7128      0x18  zf_device_wifi_spi.o [47]
  .bss               zero     0x2809'7140      0x18  zf_device_wifi_uart.o [47]
  .bss               zero     0x2809'7158      0x18  zf_device_wireless_uart.o [47]
  .bss               zero     0x2809'7170      0x14  zf_common_debug.o [45]
  .bss               zero     0x2809'7184      0x14  zf_device_wifi_spi.o [47]
  .bss               zero     0x2809'7198      0x10  zf_device_config_mt9v03x.o [53]
  .bss               zero     0x2809'71a8       0xc  zf_device_wifi_spi.o [47]
  .bss               zero     0x2809'71b4       0x8  seekfree_assistant.o [46]
  .bss               zero     0x2809'71bc       0x8  seekfree_assistant.o [46]
  .bss               zero     0x2809'71c4       0x8  zf_driver_uart.o [48]
  .bss               zero     0x2809'71cc       0x8  zf_driver_uart.o [48]
  .bss               zero     0x2809'71d4       0x4  cy_syslib.o [35]
  .bss               zero     0x2809'71d8       0x4  system_tviibh4m_cm7.o [21]
  .bss               zero     0x2809'71dc       0x4  system_tviibh4m_cm7.o [21]
  .bss               zero     0x2809'71e0       0x4  system_tviibh4m_cm7.o [21]
  .bss               zero     0x2809'71e4       0x4  system_tviibh4m_cm7.o [21]
  .bss               zero     0x2809'71e8       0x4  system_tviibh4m_cm7.o [21]
  .bss               zero     0x2809'71ec       0x4  zf_common_clock.o [45]
  .bss               zero     0x2809'71f0       0x4  zf_common_interrupt.o [45]
  .bss               zero     0x2809'71f4       0x4  zf_driver_spi.o [48]
  .bss               zero     0x2809'71f8       0x4  zf_device_config_mt9v03x.o [53]
  .bss               zero     0x2809'71fc       0x4  zf_device_config_mt9v03x.o [53]
  .bss               zero     0x2809'7200       0x4  zf_device_config_mt9v03x.o [53]
  .bss               zero     0x2809'7204       0x4  zf_device_config_mt9v03x.o [53]
  .bss               zero     0x2809'7208       0x4  zf_device_config_mt9v03x.o [53]
  .bss               zero     0x2809'720c       0x4  xfail_s.o [49]
  .bss               zero     0x2809'7210       0x1  cy_sysclk.o [32]
  .bss               zero     0x2809'7211       0x1  main_cm7_1.o [44]
  .bss               zero     0x2809'7212       0x1  zf_common_debug.o [45]
  .bss               zero     0x2809'7213       0x1  zf_common_debug.o [45]
  .bss               zero     0x2809'7214       0x1  zf_common_debug.o [45]
  .bss               zero     0x2809'7215       0x1  zf_device_gnss.o [47]
  .bss               zero     0x2809'7216       0x1  zf_device_gnss.o [47]
  .bss               zero     0x2809'7217       0x1  zf_device_gnss.o [47]
  .bss               zero     0x2809'7218       0x1  zf_device_gnss.o [47]
  .bss               zero     0x2809'7219       0x1  zf_device_gnss.o [47]
  .bss               zero     0x2809'721a       0x1  zf_device_mt9v03x.o [47]
  .bss               zero     0x2809'721b       0x1  zf_device_mt9v03x.o [47]
  .bss               zero     0x2809'721c       0x1  zf_device_wifi_spi.o [47]
                            - 0x2809'721d  0x1'6ad1

"P2", part 3 of 3:                             0x80
  .intvec_ram        uninit   0x2809'7280      0x80  startup_cm7.o [30]
                            - 0x2809'7300      0x80

"A1":                                        0x2000
  HEAP_STACK                  0x280b'e000    0x2000  <Block>
    CSTACK                    0x280b'e000    0x2000  <Block>
      CSTACK         uninit   0x280b'e000    0x2000  <Block tail>
                            - 0x280c'0000    0x2000

Unused ranges:

         From           To       Size
         ----           --       ----
  0x1028'92bb  0x1040'ffff  0x18'6d45
  0x2809'7220  0x2809'727f       0x60
  0x2809'7300  0x280b'dfff   0x2'6d00


*******************************************************************************
*** INIT TABLE
***

          Address      Size
          -------      ----
Zero (__iar_zero_init3)
    1 destination range, total size 0x1'6ad1:
          0x2808'074c  0x1'6ad1

Copy/lz77 (__iar_lz77_init_single3)
    1 source range, total size 0x6c (5% of destination):
          0x1028'9166      0x6c
    1 destination range, total size 0x74c:
          0x2808'0000     0x74c



*******************************************************************************
*** MODULE SUMMARY
***

    Module                          ro code  ro data  rw data  rw data
                                                                (abs)
    ------                          -------  -------  -------  -------
command line/config:
    ------------------------------------------------------------------
    Total:

C:\Code\beifen\old\CYT4BB7_Library-master\Seekfree_CYT4BB_Opensource_Library\project\iar\Debug_m7_1\Obj\adc_11722776235721520015.dir: [1]
    ------------------------------------------------------------------
    Total:

C:\Code\beifen\old\CYT4BB7_Library-master\Seekfree_CYT4BB_Opensource_Library\project\iar\Debug_m7_1\Obj\audioss_1346650047966882938.dir: [2]
    ------------------------------------------------------------------
    Total:

C:\Code\beifen\old\CYT4BB7_Library-master\Seekfree_CYT4BB_Opensource_Library\project\iar\Debug_m7_1\Obj\button_4990804375159372270.dir: [3]
    ------------------------------------------------------------------
    Total:

C:\Code\beifen\old\CYT4BB7_Library-master\Seekfree_CYT4BB_Opensource_Library\project\iar\Debug_m7_1\Obj\canfd_1800690984773873875.dir: [4]
    ------------------------------------------------------------------
    Total:

C:\Code\beifen\old\CYT4BB7_Library-master\Seekfree_CYT4BB_Opensource_Library\project\iar\Debug_m7_1\Obj\cpu_15938736945165268644.dir: [5]
    ------------------------------------------------------------------
    Total:

C:\Code\beifen\old\CYT4BB7_Library-master\Seekfree_CYT4BB_Opensource_Library\project\iar\Debug_m7_1\Obj\crypto_1190170608956581615.dir: [6]
    ------------------------------------------------------------------
    Total:

C:\Code\beifen\old\CYT4BB7_Library-master\Seekfree_CYT4BB_Opensource_Library\project\iar\Debug_m7_1\Obj\dma_12106025507578611576.dir: [7]
    ------------------------------------------------------------------
    Total:

C:\Code\beifen\old\CYT4BB7_Library-master\Seekfree_CYT4BB_Opensource_Library\project\iar\Debug_m7_1\Obj\eth_phy_18133017486186456677.dir: [8]
    ------------------------------------------------------------------
    Total:

C:\Code\beifen\old\CYT4BB7_Library-master\Seekfree_CYT4BB_Opensource_Library\project\iar\Debug_m7_1\Obj\ethernet_6029839089178797009.dir: [9]
    ------------------------------------------------------------------
    Total:

C:\Code\beifen\old\CYT4BB7_Library-master\Seekfree_CYT4BB_Opensource_Library\project\iar\Debug_m7_1\Obj\evtgen_3404189088603873129.dir: [10]
    ------------------------------------------------------------------
    Total:

C:\Code\beifen\old\CYT4BB7_Library-master\Seekfree_CYT4BB_Opensource_Library\project\iar\Debug_m7_1\Obj\flash_8529866181315662935.dir: [11]
    ------------------------------------------------------------------
    Total:

C:\Code\beifen\old\CYT4BB7_Library-master\Seekfree_CYT4BB_Opensource_Library\project\iar\Debug_m7_1\Obj\flash_864493325053435817.dir: [12]
    ------------------------------------------------------------------
    Total:

C:\Code\beifen\old\CYT4BB7_Library-master\Seekfree_CYT4BB_Opensource_Library\project\iar\Debug_m7_1\Obj\gpio_3999404635324069351.dir: [13]
    cy_gpio.o                           404
    ------------------------------------------------------------------
    Total:                              404

C:\Code\beifen\old\CYT4BB7_Library-master\Seekfree_CYT4BB_Opensource_Library\project\iar\Debug_m7_1\Obj\ipc_10145506163450686023.dir: [14]
    ------------------------------------------------------------------
    Total:

C:\Code\beifen\old\CYT4BB7_Library-master\Seekfree_CYT4BB_Opensource_Library\project\iar\Debug_m7_1\Obj\lin_18429031207028094880.dir: [15]
    ------------------------------------------------------------------
    Total:

C:\Code\beifen\old\CYT4BB7_Library-master\Seekfree_CYT4BB_Opensource_Library\project\iar\Debug_m7_1\Obj\lvd_6353935867039560245.dir: [16]
    ------------------------------------------------------------------
    Total:

C:\Code\beifen\old\CYT4BB7_Library-master\Seekfree_CYT4BB_Opensource_Library\project\iar\Debug_m7_1\Obj\mcwdt_4052485907822033969.dir: [17]
    ------------------------------------------------------------------
    Total:

C:\Code\beifen\old\CYT4BB7_Library-master\Seekfree_CYT4BB_Opensource_Library\project\iar\Debug_m7_1\Obj\mpu_5663187252346826382.dir: [18]
    ------------------------------------------------------------------
    Total:

C:\Code\beifen\old\CYT4BB7_Library-master\Seekfree_CYT4BB_Opensource_Library\project\iar\Debug_m7_1\Obj\power_14453085144426420577.dir: [19]
    ------------------------------------------------------------------
    Total:

C:\Code\beifen\old\CYT4BB7_Library-master\Seekfree_CYT4BB_Opensource_Library\project\iar\Debug_m7_1\Obj\prot_10722960861768657883.dir: [20]
    ------------------------------------------------------------------
    Total:

C:\Code\beifen\old\CYT4BB7_Library-master\Seekfree_CYT4BB_Opensource_Library\project\iar\Debug_m7_1\Obj\rev_b_4986922561640112550.dir: [21]
    system_tviibh4m_cm7.o               336      160       20
    ------------------------------------------------------------------
    Total:                              336      160       20

C:\Code\beifen\old\CYT4BB7_Library-master\Seekfree_CYT4BB_Opensource_Library\project\iar\Debug_m7_1\Obj\rev_b_6162237342861132223.dir: [22]
    cy_interrupt_map.o                  408      134    1'776
    ------------------------------------------------------------------
    Total:                              408      134    1'776

C:\Code\beifen\old\CYT4BB7_Library-master\Seekfree_CYT4BB_Opensource_Library\project\iar\Debug_m7_1\Obj\scb_15490842639181808494.dir: [23]
    cy_scb_spi.o                        496       16
    cy_scb_uart.o                       788       40
    ------------------------------------------------------------------
    Total:                            1'284       56

C:\Code\beifen\old\CYT4BB7_Library-master\Seekfree_CYT4BB_Opensource_Library\project\iar\Debug_m7_1\Obj\sd_host_2982766354293506895.dir: [24]
    ------------------------------------------------------------------
    Total:

C:\Code\beifen\old\CYT4BB7_Library-master\Seekfree_CYT4BB_Opensource_Library\project\iar\Debug_m7_1\Obj\semihosting_143864889731838620.dir: [25]
    ------------------------------------------------------------------
    Total:

C:\Code\beifen\old\CYT4BB7_Library-master\Seekfree_CYT4BB_Opensource_Library\project\iar\Debug_m7_1\Obj\smartio_5451710003740070188.dir: [26]
    ------------------------------------------------------------------
    Total:

C:\Code\beifen\old\CYT4BB7_Library-master\Seekfree_CYT4BB_Opensource_Library\project\iar\Debug_m7_1\Obj\smif_427648126384146252.dir: [27]
    ------------------------------------------------------------------
    Total:

C:\Code\beifen\old\CYT4BB7_Library-master\Seekfree_CYT4BB_Opensource_Library\project\iar\Debug_m7_1\Obj\smif_mem_6470536964353725183.dir: [28]
    ------------------------------------------------------------------
    Total:

C:\Code\beifen\old\CYT4BB7_Library-master\Seekfree_CYT4BB_Opensource_Library\project\iar\Debug_m7_1\Obj\srom_13018798572330080582.dir: [29]
    ------------------------------------------------------------------
    Total:

C:\Code\beifen\old\CYT4BB7_Library-master\Seekfree_CYT4BB_Opensource_Library\project\iar\Debug_m7_1\Obj\startup_479057977785470282.dir: [30]
    startup.o                           516       24
    startup_cm7.o                       442               128
    ------------------------------------------------------------------
    Total:                              958       24      128

C:\Code\beifen\old\CYT4BB7_Library-master\Seekfree_CYT4BB_Opensource_Library\project\iar\Debug_m7_1\Obj\sw_timer_4215635015939382130.dir: [31]
    ------------------------------------------------------------------
    Total:

C:\Code\beifen\old\CYT4BB7_Library-master\Seekfree_CYT4BB_Opensource_Library\project\iar\Debug_m7_1\Obj\sysclk_16149231235676103872.dir: [32]
    cy_sysclk.o                       2'280      272       25
    ------------------------------------------------------------------
    Total:                            2'280      272       25

C:\Code\beifen\old\CYT4BB7_Library-master\Seekfree_CYT4BB_Opensource_Library\project\iar\Debug_m7_1\Obj\sysflt_12293435975120599261.dir: [33]
    ------------------------------------------------------------------
    Total:

C:\Code\beifen\old\CYT4BB7_Library-master\Seekfree_CYT4BB_Opensource_Library\project\iar\Debug_m7_1\Obj\sysint_7435970359207984181.dir: [34]
    cy_sysint.o                         172        8
    ------------------------------------------------------------------
    Total:                              172        8

C:\Code\beifen\old\CYT4BB7_Library-master\Seekfree_CYT4BB_Opensource_Library\project\iar\Debug_m7_1\Obj\syslib_16330585751512546975.dir: [35]
    cy_syslib.o                         182               140
    cy_syslib_iar.o                      30
    ------------------------------------------------------------------
    Total:                              212               140

C:\Code\beifen\old\CYT4BB7_Library-master\Seekfree_CYT4BB_Opensource_Library\project\iar\Debug_m7_1\Obj\syspm_10887939769544754770.dir: [36]
    ------------------------------------------------------------------
    Total:

C:\Code\beifen\old\CYT4BB7_Library-master\Seekfree_CYT4BB_Opensource_Library\project\iar\Debug_m7_1\Obj\sysreghc_17676636058511625587.dir: [37]
    ------------------------------------------------------------------
    Total:

C:\Code\beifen\old\CYT4BB7_Library-master\Seekfree_CYT4BB_Opensource_Library\project\iar\Debug_m7_1\Obj\sysreset_14586141425677365288.dir: [38]
    ------------------------------------------------------------------
    Total:

C:\Code\beifen\old\CYT4BB7_Library-master\Seekfree_CYT4BB_Opensource_Library\project\iar\Debug_m7_1\Obj\sysrtc_10747768817563771611.dir: [39]
    ------------------------------------------------------------------
    Total:

C:\Code\beifen\old\CYT4BB7_Library-master\Seekfree_CYT4BB_Opensource_Library\project\iar\Debug_m7_1\Obj\systick_16016591671695740695.dir: [40]
    ------------------------------------------------------------------
    Total:

C:\Code\beifen\old\CYT4BB7_Library-master\Seekfree_CYT4BB_Opensource_Library\project\iar\Debug_m7_1\Obj\syswdt_9118657615806274156.dir: [41]
    ------------------------------------------------------------------
    Total:

C:\Code\beifen\old\CYT4BB7_Library-master\Seekfree_CYT4BB_Opensource_Library\project\iar\Debug_m7_1\Obj\tcpwm_422923530147891246.dir: [42]
    cy_tcpwm.o                           12
    cy_tcpwm_counter.o                  430       20
    ------------------------------------------------------------------
    Total:                              442       20

C:\Code\beifen\old\CYT4BB7_Library-master\Seekfree_CYT4BB_Opensource_Library\project\iar\Debug_m7_1\Obj\trigmux_9729677290734583340.dir: [43]
    ------------------------------------------------------------------
    Total:

C:\Code\beifen\old\CYT4BB7_Library-master\Seekfree_CYT4BB_Opensource_Library\project\iar\Debug_m7_1\Obj\user_8514941877209965082.dir: [44]
    cm7_1_isr.o                         116
    main_cm7_1.o                      5'084      192   67'681
    ------------------------------------------------------------------
    Total:                            5'200      192   67'681

C:\Code\beifen\old\CYT4BB7_Library-master\Seekfree_CYT4BB_Opensource_Library\project\iar\Debug_m7_1\Obj\zf_common_1201165462030747823.dir: [45]
    zf_common_clock.o                    28                 4
    zf_common_debug.o                 1'060      108       48
    zf_common_fifo.o                  1'552      116
    zf_common_function.o                140      120
    zf_common_interrupt.o               226                 4
    ------------------------------------------------------------------
    Total:                            3'006      344       56

C:\Code\beifen\old\CYT4BB7_Library-master\Seekfree_CYT4BB_Opensource_Library\project\iar\Debug_m7_1\Obj\zf_components_14936052685886095442.dir: [46]
    seekfree_assistant.o                364      125      100
    seekfree_assistant_interface.o      156
    ------------------------------------------------------------------
    Total:                              520      125      100

C:\Code\beifen\old\CYT4BB7_Library-master\Seekfree_CYT4BB_Opensource_Library\project\iar\Debug_m7_1\Obj\zf_device_6570275422786408770.dir: [47]
    zf_device_ble6a20.o                 152      120       24
    zf_device_gnss.o                    276               413
    zf_device_mt9v03x.o               1'048       40   22'562   22'564
    zf_device_type.o                      2                 8
    zf_device_wifi_spi.o              1'332      160    1'109
    zf_device_wifi_uart.o               460      164      172
    zf_device_wireless_uart.o           152      124       24
    ------------------------------------------------------------------
    Total:                            3'422      608   24'312   22'564

C:\Code\beifen\old\CYT4BB7_Library-master\Seekfree_CYT4BB_Opensource_Library\project\iar\Debug_m7_1\Obj\zf_driver_11922370083829174090.dir: [48]
    zf_driver_delay.o                   728        1        3
    zf_driver_gpio.o                    380
    zf_driver_pwm.o                      32
    zf_driver_soft_iic.o              1'532      120
    zf_driver_spi.o                   2'412      117       20
    zf_driver_uart.o                  2'796      119      576
    ------------------------------------------------------------------
    Total:                            7'880      357      599

dl7M_tln.a: [49]
    abort.o                               6
    exit.o                                4
    printf.o                             40
    putchar.o                            32
    sprintf.o                            64
    strncmp.o                            42
    strstr.o                             44
    xfail_s.o                            64                 4
    xprintffull_nomb.o                3'758
    xprout.o                             22
    xsprout.o                            10
    ------------------------------------------------------------------
    Total:                            4'086                 4

m7M_tlv.a: [50]
    DblCmpGe.o                           52
    DblCmpLe.o                           52
    DblDiv.o                             18
    DblMul.o                             18
    DblSub.o                             18
    DblToS32.o                           14
    DblToU32.o                           14
    S32ToDbl.o                           14
    S64ToFlt.o                           90
    U32ToDbl.o                           14
    fpinit_M.o                           34
    frexp.o                             112
    ldexp.o                             260
    sqrt.o                               30
    ------------------------------------------------------------------
    Total:                              740

rt7M_tl.a: [51]
    ABImemclr4.o                          6
    ABImemcpy.o                         166
    ABImemset.o                         102
    ABImemset48.o                        50
    I64DivMod.o                         560
    I64DivZer.o                           2
    cexit.o                              10
    cmain.o                              30
    cstartup_M.o                         28
    data_init.o                          40
    lz77_init_single.o                  126
    memchr.o                             88
    strchr.o                             22
    strlen.o                             54
    strncpy.o                           112
    zero_init3.o                         56
    ------------------------------------------------------------------
    Total:                            1'452

shb_l.a: [52]
    exit.o                               20
    ------------------------------------------------------------------
    Total:                               20

zf_device_config.a: [53]
    zf_device_config_mt9v03x.o        2'136                36
    ------------------------------------------------------------------
    Total:                            2'136                36

    Gaps                                 34        6
    Linker created                                32    8'192
----------------------------------------------------------------------
    Grand Total:                     34'992    2'338  103'069   22'564


*******************************************************************************
*** ENTRY LIST
***

Entry                       Address    Size  Type      Object
-----                       -------    ----  ----      ------
.iar.init_table$$Base   0x1028'8e5c           --   Gb  - Linker created -
.iar.init_table$$Limit  0x1028'8e7c           --   Gb  - Linker created -
?main                   0x1028'8ee1          Code  Gb  cmain.o [51]
BusFault_Handler        0x1028'9131          Code  Wk  startup_cm7.o [30]
CSTACK$$Base            0x280b'e000           --   Gb  - Linker created -
CSTACK$$Limit           0x280c'0000           --   Gb  - Linker created -
CopyVectorTable         0x1028'7ee5    0x34  Code  Lc  startup.o [30]
CpuUserInt0_Handler     0x1028'81eb    0x26  Code  Gb  cy_interrupt_map.o [22]
CpuUserInt10_Handler    0x1028'914d          Code  Wk  startup_cm7.o [30]
CpuUserInt11_Handler    0x1028'9151          Code  Wk  startup_cm7.o [30]
CpuUserInt12_Handler    0x1028'9155          Code  Wk  startup_cm7.o [30]
CpuUserInt13_Handler    0x1028'9159          Code  Wk  startup_cm7.o [30]
CpuUserInt14_Handler    0x1028'915d          Code  Wk  startup_cm7.o [30]
CpuUserInt15_Handler    0x1028'9161          Code  Wk  startup_cm7.o [30]
CpuUserInt1_Handler     0x1028'8211    0x26  Code  Gb  cy_interrupt_map.o [22]
CpuUserInt2_Handler     0x1028'8237    0x26  Code  Gb  cy_interrupt_map.o [22]
CpuUserInt3_Handler     0x1028'825d    0x26  Code  Gb  cy_interrupt_map.o [22]
CpuUserInt4_Handler     0x1028'8283    0x26  Code  Gb  cy_interrupt_map.o [22]
CpuUserInt5_Handler     0x1028'82a9    0x26  Code  Gb  cy_interrupt_map.o [22]
CpuUserInt6_Handler     0x1028'82cf    0x26  Code  Gb  cy_interrupt_map.o [22]
CpuUserInt7_Handler     0x1028'82f5    0x26  Code  Gb  cy_interrupt_map.o [22]
CpuUserInt8_Handler     0x1028'9145          Code  Wk  startup_cm7.o [30]
CpuUserInt9_Handler     0x1028'9149          Code  Wk  startup_cm7.o [30]
Cy_DefaultUserHandler   0x1028'81e9     0x2  Code  Gb  cy_interrupt_map.o [22]
Cy_GPIO_ClearInterrupt  0x1028'4dbf     0xe  Code  Lc  cy_gpio.o [13]
Cy_GPIO_Clr             0x1028'51a9     0xa  Code  Lc  zf_driver_gpio.o [48]
Cy_GPIO_Pin_Init        0x1028'4e03    0x72  Code  Gb  cy_gpio.o [13]
Cy_GPIO_Read            0x1028'5195     0xa  Code  Lc  zf_driver_gpio.o [48]
Cy_GPIO_Set             0x1028'519f     0xa  Code  Lc  zf_driver_gpio.o [48]
Cy_GPIO_SetDriveSel     0x1028'4da1    0x1e  Code  Lc  cy_gpio.o [13]
Cy_GPIO_SetDrivemode    0x1028'4d51    0x1c  Code  Lc  cy_gpio.o [13]
Cy_GPIO_SetDrivemode    0x1028'51b3    0x1c  Code  Lc  zf_driver_gpio.o [48]
Cy_GPIO_SetHSIOM        0x1028'4ced    0x4c  Code  Lc  cy_gpio.o [13]
Cy_GPIO_SetInterruptEdge
                        0x1028'4de7    0x1c  Code  Lc  cy_gpio.o [13]
Cy_GPIO_SetInterruptMask
                        0x1028'4dcd    0x1a  Code  Lc  cy_gpio.o [13]
Cy_GPIO_SetSlewRate     0x1028'4d87    0x1a  Code  Lc  cy_gpio.o [13]
Cy_GPIO_SetVtrip        0x1028'4d6d    0x1a  Code  Lc  cy_gpio.o [13]
Cy_GPIO_Write           0x1028'4d39    0x18  Code  Lc  cy_gpio.o [13]
Cy_RestoreIRQ           0x1028'7535          Code  Gb  startup_cm7.o [30]
Cy_SCB_ClearRxFifo      0x1028'531b    0x1e  Code  Lc  zf_driver_spi.o [48]
Cy_SCB_ClearRxFifo      0x1028'2019    0x1e  Code  Lc  zf_driver_uart.o [48]
Cy_SCB_ClearRxInterrupt
                        0x1028'207f     0xa  Code  Lc  zf_driver_uart.o [48]
Cy_SCB_ClearTxInterrupt
                        0x1028'2095     0xa  Code  Lc  zf_driver_uart.o [48]
Cy_SCB_GetFifoSize      0x1028'5375    0x12  Code  Lc  zf_driver_spi.o [48]
Cy_SCB_GetNumInRxFifo   0x1028'5311     0xa  Code  Lc  zf_driver_spi.o [48]
Cy_SCB_GetNumInRxFifo   0x1028'200f     0xa  Code  Lc  zf_driver_uart.o [48]
Cy_SCB_GetNumInTxFifo   0x1028'533f     0xa  Code  Lc  zf_driver_spi.o [48]
Cy_SCB_GetNumInTxFifo   0x1028'203d     0xa  Code  Lc  zf_driver_uart.o [48]
Cy_SCB_GetRxInterruptMask
                        0x1028'2079     0x6  Code  Lc  zf_driver_uart.o [48]
Cy_SCB_GetTxInterruptMask
                        0x1028'208f     0x6  Code  Lc  zf_driver_uart.o [48]
Cy_SCB_GetTxSrValid     0x1028'5349     0xa  Code  Lc  zf_driver_spi.o [48]
Cy_SCB_GetTxSrValid     0x1028'2047     0xa  Code  Lc  zf_driver_uart.o [48]
Cy_SCB_IsTxComplete     0x1028'5353    0x22  Code  Lc  zf_driver_spi.o [48]
Cy_SCB_IsTxComplete     0x1028'2051    0x22  Code  Lc  zf_driver_uart.o [48]
Cy_SCB_ReadRxFifo       0x1028'2009     0x6  Code  Lc  zf_driver_uart.o [48]
Cy_SCB_SPI_ClearRxFifo  0x1028'53a5     0x8  Code  Lc  zf_driver_spi.o [48]
Cy_SCB_SPI_Enable       0x1028'5387     0xa  Code  Lc  zf_driver_spi.o [48]
Cy_SCB_SPI_GetNumInRxFifo
                        0x1028'539d     0x8  Code  Lc  zf_driver_spi.o [48]
Cy_SCB_SPI_Init         0x1028'7609   0x1d8  Code  Gb  cy_scb_spi.o [23]
Cy_SCB_SPI_SetActiveSlaveSelect
                        0x1028'5391     0xc  Code  Lc  zf_driver_spi.o [48]
Cy_SCB_SetRxInterruptMask
                        0x1028'2073     0x6  Code  Lc  zf_driver_uart.o [48]
Cy_SCB_SetTxInterruptMask
                        0x1028'2089     0x6  Code  Lc  zf_driver_uart.o [48]
Cy_SCB_UART_DeInit      0x1028'5105    0x5c  Code  Gb  cy_scb_uart.o [23]
Cy_SCB_UART_Enable      0x1028'209f     0xa  Code  Lc  zf_driver_uart.o [48]
Cy_SCB_UART_Init        0x1028'4e81   0x284  Code  Gb  cy_scb_uart.o [23]
Cy_SCB_WriteTxFifo      0x1028'5339     0x6  Code  Lc  zf_driver_spi.o [48]
Cy_SCB_WriteTxFifo      0x1028'2037     0x6  Code  Lc  zf_driver_uart.o [48]
Cy_SaveIRQ              0x1028'752d          Code  Gb  startup_cm7.o [30]
Cy_SysClk_CheckDividerExisting
                        0x1028'1a4d    0x2c  Code  Lc  zf_device_mt9v03x.o [47]
Cy_SysClk_CheckDividerExisting
                        0x1028'2ead    0x2a  Code  Lc  zf_driver_delay.o [48]
Cy_SysClk_CheckDividerExisting
                        0x1028'53ad    0x2c  Code  Lc  zf_driver_spi.o [48]
Cy_SysClk_CheckDividerExisting
                        0x1028'1e65    0x2c  Code  Lc  zf_driver_uart.o [48]
Cy_SysClk_ClkPathGetSource
                        0x1028'6ca1    0x54  Code  Gb  cy_sysclk.o [32]
Cy_SysClk_EcoGetStatus  0x1028'6b2d    0x1a  Code  Lc  cy_sysclk.o [32]
Cy_SysClk_Fast0ClkGetDivider
                        0x1028'6c75    0x16  Code  Lc  cy_sysclk.o [32]
Cy_SysClk_Fast1ClkGetDivider
                        0x1028'6c8b    0x16  Code  Lc  cy_sysclk.o [32]
Cy_SysClk_FllGetConfiguration
                        0x1028'6cfd    0x7e  Code  Gb  cy_sysclk.o [32]
Cy_SysClk_FllGetLockStatus
                        0x1028'6b47     0xc  Code  Lc  cy_sysclk.o [32]
Cy_SysClk_GetClockGroup
                        0x1028'1af9     0x8  Code  Lc  zf_device_mt9v03x.o [47]
Cy_SysClk_GetClockGroup
                        0x1028'2f55     0x8  Code  Lc  zf_driver_delay.o [48]
Cy_SysClk_GetClockGroup
                        0x1028'5491     0x8  Code  Lc  zf_driver_spi.o [48]
Cy_SysClk_GetClockGroup
                        0x1028'1f49     0x8  Code  Lc  zf_driver_uart.o [48]
Cy_SysClk_GetCoreFrequency
                        0x1028'73c1    0x2a  Code  Gb  cy_sysclk.o [32]
Cy_SysClk_GetEcoFrequency
                        0x1028'6ec9    0x32  Code  Gb  cy_sysclk.o [32]
Cy_SysClk_GetExtFrequency
                        0x1028'6efd    0x1e  Code  Gb  cy_sysclk.o [32]
Cy_SysClk_GetFast0Frequency
                        0x1028'7315    0x56  Code  Gb  cy_sysclk.o [32]
Cy_SysClk_GetFast1Frequency
                        0x1028'736b    0x56  Code  Gb  cy_sysclk.o [32]
Cy_SysClk_GetFllInputFrequency
                        0x1028'701d     0xc  Code  Gb  cy_sysclk.o [32]
Cy_SysClk_GetFllOutputFrequency
                        0x1028'7045    0x78  Code  Gb  cy_sysclk.o [32]
Cy_SysClk_GetHfClkFrequency
                        0x1028'7297    0x7a  Code  Gb  cy_sysclk.o [32]
Cy_SysClk_GetIlo0Frequency
                        0x1028'6f1b    0x32  Code  Gb  cy_sysclk.o [32]
Cy_SysClk_GetIlo1Frequency
                        0x1028'6f4d    0x32  Code  Gb  cy_sysclk.o [32]
Cy_SysClk_GetImoFrequency
                        0x1028'6e97    0x32  Code  Gb  cy_sysclk.o [32]
Cy_SysClk_GetPathFrequency
                        0x1028'7265    0x32  Code  Gb  cy_sysclk.o [32]
Cy_SysClk_GetPathSourceFrequency
                        0x1028'6fb9    0x64  Code  Gb  cy_sysclk.o [32]
Cy_SysClk_GetPll400MNo  0x1028'6b91    0x14  Code  Lc  cy_sysclk.o [32]
Cy_SysClk_GetPllInputFrequency
                        0x1028'7029    0x1c  Code  Gb  cy_sysclk.o [32]
Cy_SysClk_GetPllNo      0x1028'6b55    0x12  Code  Lc  cy_sysclk.o [32]
Cy_SysClk_GetPllOutputFrequency
                        0x1028'70c1   0x1a0  Code  Gb  cy_sysclk.o [32]
Cy_SysClk_GetWcoFrequency
                        0x1028'6f7f    0x32  Code  Gb  cy_sysclk.o [32]
Cy_SysClk_HfClockGetDivider
                        0x1028'6c33    0x42  Code  Lc  cy_sysclk.o [32]
Cy_SysClk_HfClockGetSource
                        0x1028'6bdf    0x54  Code  Lc  cy_sysclk.o [32]
Cy_SysClk_InitGetFreqParams
                        0x1028'6e7d    0x1a  Code  Gb  cy_sysclk.o [32]
Cy_SysClk_PeriphAssignDivider
                        0x1028'1b01    0x68  Code  Lc  zf_device_mt9v03x.o [47]
Cy_SysClk_PeriphAssignDivider
                        0x1028'2f5d    0x68  Code  Lc  zf_driver_delay.o [48]
Cy_SysClk_PeriphAssignDivider
                        0x1028'5499    0x6a  Code  Lc  zf_driver_spi.o [48]
Cy_SysClk_PeriphAssignDivider
                        0x1028'1f51    0x6a  Code  Lc  zf_driver_uart.o [48]
Cy_SysClk_PeriphEnableDivider
                        0x1028'1b69    0x4c  Code  Lc  zf_device_mt9v03x.o [47]
Cy_SysClk_PeriphEnableDivider
                        0x1028'2fc5    0x4c  Code  Lc  zf_driver_delay.o [48]
Cy_SysClk_PeriphEnableDivider
                        0x1028'5503    0x4e  Code  Lc  zf_driver_spi.o [48]
Cy_SysClk_PeriphEnableDivider
                        0x1028'1fbb    0x4e  Code  Lc  zf_driver_uart.o [48]
Cy_SysClk_PeriphSetDivider
                        0x1028'1a79    0x80  Code  Lc  zf_device_mt9v03x.o [47]
Cy_SysClk_PeriphSetDivider
                        0x1028'2ed7    0x7e  Code  Lc  zf_driver_delay.o [48]
Cy_SysClk_PeriphSetFracDivider
                        0x1028'53d9    0xb8  Code  Lc  zf_driver_spi.o [48]
Cy_SysClk_PeriphSetFracDivider
                        0x1028'1e91    0xb8  Code  Lc  zf_driver_uart.o [48]
Cy_SysClk_Pll400MGetConfiguration
                        0x1028'6de9    0x84  Code  Gb  cy_sysclk.o [32]
Cy_SysClk_Pll400MGetLockStatus
                        0x1028'6ba5    0x2a  Code  Lc  cy_sysclk.o [32]
Cy_SysClk_PllGetConfiguration
                        0x1028'6d95    0x48  Code  Gb  cy_sysclk.o [32]
Cy_SysClk_PllGetLockStatus
                        0x1028'6b67    0x28  Code  Lc  cy_sysclk.o [32]
Cy_SysClk_WcoOkay       0x1028'6bd1     0xe  Code  Lc  cy_sysclk.o [32]
Cy_SysInt_InitIRQ       0x1028'755d    0x7e  Code  Gb  cy_sysint.o [34]
Cy_SysInt_SetSystemIrqVector
                        0x1028'75db    0x12  Code  Gb  cy_sysint.o [34]
Cy_SysInt_SystemIrqUserTableRamPointer
                        0x2808'06ec     0x4  Data  Gb  cy_interrupt_map.o [22]
Cy_SysLib_DelayCycles   0x1028'8ec1          Code  Gb  cy_syslib_iar.o [35]
Cy_SysLib_EnterCriticalSection
                        0x1028'8ed1          Code  Gb  cy_syslib_iar.o [35]
Cy_SysLib_ExitCriticalSection
                        0x1028'8ed9          Code  Gb  cy_syslib_iar.o [35]
Cy_SysLib_FaultHandler  0x1028'7489    0x90  Code  Gb  cy_syslib.o [35]
Cy_SysLib_Halt          0x1028'7485     0x4  Code  Gb  cy_syslib.o [35]
Cy_SysLib_ProcessingFault
                        0x1028'7d25     0x2  Code  Wk  cy_syslib.o [35]
Cy_SysLib_SvcHandler    0x1028'9069     0xc  Code  Wk  cy_syslib.o [35]
Cy_SystemInitFpuEnable  0x1028'3551    0x1e  Code  Gb  system_tviibh4m_cm7.o [21]
Cy_SystemIrqUserTable   0x2808'0000   0x6ec  Data  Gb  cy_interrupt_map.o [22]
Cy_Tcpwm_Counter_ClearTC_Intr
                        0x1028'3e7b    0x10  Code  Gb  cy_tcpwm_counter.o [42]
Cy_Tcpwm_Counter_Enable
                        0x1028'3e5d     0xa  Code  Gb  cy_tcpwm_counter.o [42]
Cy_Tcpwm_Counter_GetCounter
                        0x1028'3e6b     0x4  Code  Gb  cy_tcpwm_counter.o [42]
Cy_Tcpwm_Counter_Init   0x1028'3cdd   0x16c  Code  Gb  cy_tcpwm_counter.o [42]
Cy_Tcpwm_Counter_SetCounter
                        0x1028'3e67     0x4  Code  Gb  cy_tcpwm_counter.o [42]
Cy_Tcpwm_Counter_SetTC_IntrMask
                        0x1028'3e6f     0xc  Code  Gb  cy_tcpwm_counter.o [42]
Cy_Tcpwm_TriggerStart   0x1028'3e8b     0xc  Code  Gb  cy_tcpwm.o [42]
Cy_u32StartupStackEndAddress
                        0x1028'8550          Data  Gb  startup_cm7.o [30]
Cy_u32StartupStackStartAddress
                        0x1028'854c          Data  Gb  startup_cm7.o [30]
DebugMon_Handler        0x1028'9139          Code  Wk  startup_cm7.o [30]
HEAP_STACK$$Base        0x280b'e000           --   Gb  - Linker created -
HEAP_STACK$$Limit       0x280c'0000           --   Gb  - Linker created -
HardFault_Handler       0x1028'8e7d          Code  Wk  startup_cm7.o [30]
InitRamEcc              0x1028'7dd3   0x100  Code  Lc  startup.o [30]
InitRamEccClearArea     0x1028'7ed3    0x12  Code  Lc  startup.o [30]
MemManage_Handler       0x1028'912d          Code  Wk  startup_cm7.o [30]
NMI_Handler             0x1028'9129          Code  Wk  startup_cm7.o [30]
PendSV_Handler          0x1028'913d          Code  Wk  startup_cm7.o [30]
Region$$Table$$Base     0x1028'8e5c           --   Gb  - Linker created -
Region$$Table$$Limit    0x1028'8e7c           --   Gb  - Linker created -
Reset_Handler           0x1028'84a5          Code  Wk  startup_cm7.o [30]
SVC_Handler             0x1028'8f31          Code  Wk  startup_cm7.o [30]
Startup_Init            0x1028'7d45    0x8e  Code  Gb  startup.o [30]
SysTick_Handler         0x1028'9141          Code  Wk  startup_cm7.o [30]
SystemCoreClock         0x2809'71d8     0x4  Data  Gb  system_tviibh4m_cm7.o [21]
SystemCoreClockUpdate   0x1028'34bd    0x94  Code  Gb  system_tviibh4m_cm7.o [21]
SystemInit              0x1028'3461    0x5c  Code  Gb  system_tviibh4m_cm7.o [21]
UsageFault_Handler      0x1028'9135          Code  Wk  startup_cm7.o [30]
_LC                     0x1028'5c7d     0x6  Code  Lc  xprintffull_nomb.o [49]
_LitobFullNoMb          0x1028'6949   0x114  Code  Lc  xprintffull_nomb.o [49]
_PrintfFullNoMb         0x1028'5c83   0xc98  Code  Gb  xprintffull_nomb.o [49]
_Prout                  0x1028'8fb1    0x16  Code  Gb  xprout.o [49]
_PutcharsFullNoMb       0x1028'6ab5    0x2e  Code  Lc  xprintffull_nomb.o [49]
_SProut                 0x1028'1587     0xa  Code  Gb  xsprout.o [49]
__NVIC_ClearPendingIRQ  0x1028'81cd    0x1c  Code  Lc  cy_interrupt_map.o [22]
__NVIC_ClearPendingIRQ  0x1028'35cd    0x1c  Code  Lc  zf_common_interrupt.o [45]
__NVIC_EnableIRQ        0x1028'35b1    0x1c  Code  Lc  zf_common_interrupt.o [45]
__NVIC_SetPriority      0x1028'35e9    0x24  Code  Lc  zf_common_interrupt.o [45]
__Vectors               0x1028'0000           --   Gb  startup_cm7.o [30]
__Vectors_End           0x1028'0080          Data  Gb  startup_cm7.o [30]
__Vectors_Size {Abs}           0x80           --   Gb  startup_cm7.o [30]
__aeabi_cdcmple         0x1028'7919          Code  Gb  DblCmpLe.o [50]
__aeabi_cdrcmple        0x1028'794d          Code  Gb  DblCmpGe.o [50]
__aeabi_d2iz            0x1028'7a85     0xe  Code  Gb  DblToS32.o [50]
__aeabi_d2uiz           0x1028'7ac5     0xe  Code  Gb  DblToU32.o [50]
__aeabi_ddiv            0x1028'7ab3    0x12  Code  Gb  DblDiv.o [50]
__aeabi_dmul            0x1028'7ae1    0x12  Code  Gb  DblMul.o [50]
__aeabi_dsub            0x1028'7aa1    0x12  Code  Gb  DblSub.o [50]
__aeabi_i2d             0x1028'7a93     0xe  Code  Gb  S32ToDbl.o [50]
__aeabi_l2f             0x1028'15b1          Code  Gb  S64ToFlt.o [50]
__aeabi_ldiv0           0x1028'7d2d          Code  Gb  I64DivZer.o [51]
__aeabi_memclr4         0x1028'145d          Code  Gb  ABImemclr4.o [51]
__aeabi_memcpy          0x1028'14e1          Code  Gb  ABImemcpy.o [51]
__aeabi_memcpy4         0x1028'1501          Code  Gb  ABImemcpy.o [51]
__aeabi_memcpy8         0x1028'1501          Code  Gb  ABImemcpy.o [51]
__aeabi_memset          0x1028'3385          Code  Gb  ABImemset.o [51]
__aeabi_ui2d            0x1028'7ad3     0xe  Code  Gb  U32ToDbl.o [50]
__aeabi_uldivmod        0x1028'7af5          Code  Gb  I64DivMod.o [51]
__cmain                 0x1028'8ee1          Code  Gb  cmain.o [51]
__ecc_init_dtcm_end_address {Abs}
                        0x2000'3fff          Data  Gb  <internal module>
__ecc_init_dtcm_start_address {Abs}
                        0x2000'0000          Data  Gb  <internal module>
__ecc_init_itcm_end_address {Abs}
                             0x3fff          Data  Gb  <internal module>
__ecc_init_itcm_start_address {Abs}
                                0x0          Data  Gb  <internal module>
__ecc_init_sram_end_address {Abs}
                        0x280b'ffff          Data  Gb  <internal module>
__ecc_init_sram_start_address {Abs}
                        0x2808'0000          Data  Gb  <internal module>
__exit                  0x1028'7d31    0x14  Code  Gb  exit.o [52]
__iar_Fail_s            0x1028'7811    0x1c  Code  Gb  xfail_s.o [49]
__iar_Memchr            0x1028'7851          Code  Gb  memchr.o [51]
__iar_Memset            0x1028'3385          Code  Gb  ABImemset.o [51]
__iar_Memset4_word      0x1028'342d          Code  Gb  ABImemset48.o [51]
__iar_Memset8_word      0x1028'342d          Code  Gb  ABImemset48.o [51]
__iar_Memset_word       0x1028'338d          Code  Gb  ABImemset.o [51]
__iar_Strchr            0x1028'77f9          Code  Gb  strchr.o [51]
__iar_data_init3        0x1028'8e11    0x28  Code  Gb  data_init.o [51]
__iar_frexp             0x1028'78b5          Code  Gb  frexp.o [50]
__iar_frexpl            0x1028'78b5          Code  Gb  frexp.o [50]
__iar_init_vfp          0x1028'8e39          Code  Gb  fpinit_M.o [50]
__iar_ldexp64           0x1028'7995          Code  Gb  ldexp.o [50]
__iar_lz77_init_single3
                        0x1028'1463    0x7e  Code  Gb  lz77_init_single.o [51]
__iar_program_start     0x1028'8f4d          Code  Gb  cstartup_M.o [51]
__iar_scalbln64         0x1028'7995          Code  Gb  ldexp.o [50]
__iar_scalbn64          0x1028'7995          Code  Gb  ldexp.o [50]
__iar_softfp___iar_frexp64
                        0x1028'78a9          Code  Gb  frexp.o [50]
__iar_softfp___iar_ldexp64
                        0x1028'7981          Code  Gb  ldexp.o [50]
__iar_softfp___iar_scalbln64
                        0x1028'7981          Code  Gb  ldexp.o [50]
__iar_softfp___iar_scalbn64
                        0x1028'7981          Code  Gb  ldexp.o [50]
__iar_softfp_frexp      0x1028'78a9          Code  Gb  frexp.o [50]
__iar_softfp_frexpl     0x1028'78a9          Code  Gb  frexp.o [50]
__iar_softfp_ldexp      0x1028'7981          Code  Gb  ldexp.o [50]
__iar_softfp_ldexpl     0x1028'7981          Code  Gb  ldexp.o [50]
__iar_softfp_scalbln    0x1028'7981          Code  Gb  ldexp.o [50]
__iar_softfp_scalblnl   0x1028'7981          Code  Gb  ldexp.o [50]
__iar_softfp_scalbn     0x1028'7981          Code  Gb  ldexp.o [50]
__iar_softfp_scalbnl    0x1028'7981          Code  Gb  ldexp.o [50]
__iar_sqrt64            0x1028'1591          Code  Gb  sqrt.o [50]
__iar_zero_init3        0x1028'8d35    0x38  Code  Gb  zero_init3.o [51]
__low_level_init        0x1028'8f01          Code  Gb  startup_cm7.o [30]
__ramVectors            0x2809'7280          Data  Gb  startup_cm7.o [30]
__vector_table          0x1028'0000          Data  Gb  startup_cm7.o [30]
__vector_table_0x1c     0x1028'001c          Data  Gb  startup_cm7.o [30]
__write                 0x1028'1969    0x12  Code  Gb  zf_common_debug.o [45]
_call_main              0x1028'8eed          Code  Gb  cmain.o [51]
_exit                   0x1028'8f09          Code  Gb  cexit.o [51]
abort                   0x1028'7d27     0x6  Code  Gb  abort.o [49]
assert_interrupt_config
                        0x1028'3645     0xc  Code  Gb  zf_common_interrupt.o [45]
beacon_loast            0x2809'7211     0x1  Data  Gb  main_cm7_1.o [44]
ble6a20_fifo            0x2809'70f8    0x18  Data  Lc  zf_device_ble6a20.o [47]
ble6a20_read_buffer     0x1028'85b9    0x2c  Code  Gb  zf_device_ble6a20.o [47]
ble6a20_send_buffer     0x1028'8555    0x64  Code  Gb  zf_device_ble6a20.o [47]
calculate_pca           0x1028'0ced   0x1fc  Code  Gb  main_cm7_1.o [44]
camera_finish_callback  0x1028'1bb5    0x44  Code  Gb  zf_device_mt9v03x.o [47]
[...]
gnss_ths_state          0x2809'7219     0x1  Data  Lc  zf_device_gnss.o [47]
gnss_uart_callback      0x1028'8365    0xe2  Code  Gb  zf_device_gnss.o [47]
gpio_get_level          0x1028'5213    0x22  Code  Gb  zf_driver_gpio.o [48]
gpio_init               0x1028'5283    0x88  Code  Gb  zf_driver_gpio.o [48]
gpio_set_dir            0x1028'5235    0x4e  Code  Gb  zf_driver_gpio.o [48]
gpio_set_level          0x1028'51cf    0x44  Code  Gb  zf_driver_gpio.o [48]
gps_gga_buffer          0x2809'6de8    0x80  Data  Lc  zf_device_gnss.o [47]
gps_rmc_buffer          0x2809'6e68    0x80  Data  Lc  zf_device_gnss.o [47]
gps_ths_buffer          0x2809'6ee8    0x80  Data  Lc  zf_device_gnss.o [47]
image_arr               0x2808'074c  0x5820  Data  Gb  main_cm7_1.o [44]
image_copy              0x2808'b78c  0x5820  Data  Gb  main_cm7_1.o [44]
intFreqInitialized      0x2809'7210     0x1  Data  Gb  cy_sysclk.o [32]
internalBaseFreqInfo    0x2809'70b0    0x18  Data  Gb  cy_sysclk.o [32]
interrupt_global_disable
                        0x1028'361d    0x14  Code  Gb  zf_common_interrupt.o [45]
interrupt_global_enable
                        0x1028'360d    0x10  Code  Gb  zf_common_interrupt.o [45]
interrupt_global_flag   0x2809'71f0     0x4  Data  Lc  zf_common_interrupt.o [45]
interrupt_init          0x1028'365d    0x36  Code  Gb  zf_common_interrupt.o [45]
interrupt_set_priority  0x1028'3651     0xc  Code  Gb  zf_common_interrupt.o [45]
ldexp                   0x1028'7995          Code  Gb  ldexp.o [50]
ldexpl                  0x1028'7995          Code  Gb  ldexp.o [50]
main                    0x1028'0f01   0x518  Code  Gb  main_cm7_1.o [44]
memchr                  0x1028'7851          Code  Gb  memchr.o [51]
mt9v03x_auto_exp        0x2809'7200     0x4  Data  Lc  zf_device_config_mt9v03x.o [53]
mt9v03x_exp_time        0x2809'7204     0x4  Data  Lc  zf_device_config_mt9v03x.o [53]
mt9v03x_finish_flag     0x2809'721a     0x1  Data  Gb  zf_device_mt9v03x.o [47]
mt9v03x_h_blank         0x2809'71fc     0x4  Data  Lc  zf_device_config_mt9v03x.o [53]
mt9v03x_h_num           0x2800'6bf0     0x2  Data  Wk  zf_device_mt9v03x.o [47]
mt9v03x_iic_inf_struct  0x2809'7198    0x10  Data  Lc  zf_device_config_mt9v03x.o [53]
mt9v03x_image           0x2809'0fac  0x5820  Data  Gb  zf_device_mt9v03x.o [47]
mt9v03x_image_temp      0x2802'6024  0x5820  Data  Wk  zf_device_mt9v03x.o [47]
mt9v03x_init            0x1028'1d03   0x112  Code  Gb  zf_device_mt9v03x.o [47]
mt9v03x_read_word_sccb  0x1028'4551    0x28  Code  Lc  zf_device_config_mt9v03x.o [53]
mt9v03x_row             0x2809'7208     0x4  Data  Lc  zf_device_config_mt9v03x.o [53]
mt9v03x_sccb_check_id   0x1028'4579    0x60  Code  Gb  zf_device_config_mt9v03x.o [53]
mt9v03x_sccb_init       0x1028'1ca9    0x5a  Code  Gb  zf_device_mt9v03x.o [47]
mt9v03x_sccb_set_config
                        0x1028'45d9   0x6f8  Code  Gb  zf_device_config_mt9v03x.o [53]
mt9v03x_trig_init       0x1028'1bf9    0xb0  Code  Lc  zf_device_mt9v03x.o [47]
mt9v03x_v_blank         0x2809'71f8     0x4  Data  Lc  zf_device_config_mt9v03x.o [53]
mt9v03x_w_num           0x2800'6bf2     0x2  Data  Wk  zf_device_mt9v03x.o [47]
mt9v03x_write_and_check_word_sccb
                        0x1028'44bf    0x92  Code  Lc  zf_device_config_mt9v03x.o [53]
mt9v03x_write_word_sccb
                        0x1028'4495    0x2a  Code  Lc  zf_device_config_mt9v03x.o [53]
perfect_proportion      0x2809'721b     0x1  Data  Lc  zf_device_mt9v03x.o [47]
printf                  0x1028'2e85    0x28  Code  Gb  printf.o [49]
putchar                 0x1028'8e9d    0x20  Code  Gb  putchar.o [49]
pwm_all_channel_close   0x1028'753d    0x1a  Code  Gb  zf_driver_pwm.o [48]
scalbln                 0x1028'7995          Code  Gb  ldexp.o [50]
scalblnl                0x1028'7995          Code  Gb  ldexp.o [50]
scalbn                  0x1028'7995          Code  Gb  ldexp.o [50]
scalbnl                 0x1028'7995          Code  Gb  ldexp.o [50]
scale                   0x1028'6a5d    0x46  Code  Lc  xprintffull_nomb.o [49]
scb_module              0x2808'072c    0x1c  Data  Gb  zf_driver_uart.o [48]
sec_hand                0x2809'720c     0x4  Data  Lc  xfail_s.o [49]
seekfree_assistant_camera_buffer
                        0x2809'7048    0x4c  Data  Lc  seekfree_assistant.o [46]
seekfree_assistant_camera_data
                        0x2809'71b4     0x8  Data  Lc  seekfree_assistant.o [46]
seekfree_assistant_camera_data_send
                        0x1028'3219    0x88  Code  Gb  seekfree_assistant.o [46]
seekfree_assistant_camera_dot_data
                        0x2809'71bc     0x8  Data  Lc  seekfree_assistant.o [46]
seekfree_assistant_camera_dot_send
                        0x1028'32a1    0x6e  Code  Gb  seekfree_assistant.o [46]
seekfree_assistant_camera_information_config
                        0x1028'330f    0x1e  Code  Gb  seekfree_assistant.o [46]
seekfree_assistant_camera_send
                        0x1028'332d    0x42  Code  Gb  seekfree_assistant.o [46]
seekfree_assistant_interface_init
                        0x1028'3185    0x94  Code  Wk  seekfree_assistant_interface.o [46]
seekfree_assistant_receive
                        0x1028'9125     0x4  Code  Wk  seekfree_assistant_interface.o [46]
seekfree_assistant_receive_callback
                        0x2808'06f4     0x4  Data  Gb  seekfree_assistant.o [46]
seekfree_assistant_transfer
                        0x1028'9121     0x4  Code  Wk  seekfree_assistant_interface.o [46]
seekfree_assistant_transfer_callback
                        0x2808'06f0     0x4  Data  Gb  seekfree_assistant.o [46]
soft_iic_init           0x1028'4419    0x78  Code  Gb  zf_driver_soft_iic.o [48]
soft_iic_read_data      0x1028'4243   0x10e  Code  Lc  zf_driver_soft_iic.o [48]
soft_iic_sccb_read_register
                        0x1028'43ad    0x6c  Code  Gb  zf_driver_soft_iic.o [48]
soft_iic_sccb_write_register
                        0x1028'435d    0x4c  Code  Gb  zf_driver_soft_iic.o [48]
soft_iic_send_ack       0x1028'3fd5    0xc6  Code  Lc  zf_driver_soft_iic.o [48]
soft_iic_send_data      0x1028'416b    0xd8  Code  Lc  zf_driver_soft_iic.o [48]
soft_iic_start          0x1028'3e99    0x9e  Code  Lc  zf_driver_soft_iic.o [48]
soft_iic_stop           0x1028'3f37    0x9e  Code  Lc  zf_driver_soft_iic.o [48]
soft_iic_wait_ack       0x1028'409b    0xd0  Code  Lc  zf_driver_soft_iic.o [48]
spi_get_clk_hsiom       0x1028'560d    0x28  Code  Lc  zf_driver_spi.o [48]
spi_get_clk_pin         0x1028'5551    0x28  Code  Lc  zf_driver_spi.o [48]
spi_get_cs_hsiom        0x1028'5685    0x44  Code  Lc  zf_driver_spi.o [48]
spi_get_cs_pin          0x1028'55c9    0x44  Code  Lc  zf_driver_spi.o [48]
spi_get_miso_hsiom      0x1028'565d    0x28  Code  Lc  zf_driver_spi.o [48]
spi_get_miso_pin        0x1028'55a1    0x28  Code  Lc  zf_driver_spi.o [48]
spi_get_mosi_hsiom      0x1028'5635    0x28  Code  Lc  zf_driver_spi.o [48]
spi_get_mosi_pin        0x1028'5579    0x28  Code  Lc  zf_driver_spi.o [48]
spi_init                0x1028'59af   0x2b2  Code  Gb  zf_driver_spi.o [48]
spi_module              0x2808'0700    0x10  Data  Gb  zf_driver_spi.o [48]
spi_transfer_8bit       0x1028'58d5    0xda  Code  Gb  zf_driver_spi.o [48]
spi_write_8bit_array    0x1028'5805    0xb6  Code  Gb  zf_driver_spi.o [48]
sprintf                 0x1028'33ed    0x40  Code  Gb  sprintf.o [49]
sqrt                    0x1028'1591          Code  Gb  sqrt.o [50]
sqrtl                   0x1028'1591          Code  Gb  sqrt.o [50]
strchr                  0x1028'77f9          Code  Gb  strchr.o [51]
strlen                  0x1028'3695          Code  Gb  strlen.o [51]
strncmp                 0x1028'8479    0x2a  Code  Gb  strncmp.o [49]
strncpy                 0x1028'7415          Code  Gb  strncpy.o [51]
strstr                  0x1028'8115    0x2c  Code  Gb  strstr.o [49]
switch_transition_length
                        0x1028'56c9   0x13c  Code  Lc  zf_driver_spi.o [48]
system_clock            0x2809'71ec     0x4  Data  Gb  zf_common_clock.o [45]
system_delay_init       0x1028'30c5    0xa6  Code  Gb  zf_driver_delay.o [48]
system_delay_ms         0x1028'3067    0x5e  Code  Gb  zf_driver_delay.o [48]
system_delay_us         0x1028'3011    0x56  Code  Gb  zf_driver_delay.o [48]
timer_ch                0x2808'074b     0x1  Data  Lc  zf_driver_delay.o [48]
type_default_callback   0x1028'9165     0x2  Code  Lc  zf_device_type.o [47]
uart0_isr               0x1028'8cc1    0x12  Code  Gb  cm7_1_isr.o [44]
uart1_isr               0x1028'8cd3    0x14  Code  Gb  cm7_1_isr.o [44]
uart2_isr               0x1028'8ce7    0x12  Code  Gb  cm7_1_isr.o [44]
uart3_isr               0x1028'8cf9     0xa  Code  Gb  cm7_1_isr.o [44]
uart4_isr               0x1028'8d03    0x14  Code  Gb  cm7_1_isr.o [44]
uart5_isr               0x1028'8d21     0xa  Code  Gb  cm7_1_isr.o [44]
uart6_isr               0x1028'8d2b     0xa  Code  Gb  cm7_1_isr.o [44]
uart_context            0x2809'6bcc   0x188  Data  Gb  zf_driver_uart.o [48]
uart_data_buffer        0x2809'6fd8    0x70  Data  Lc  zf_driver_uart.o [48]
uart_data_buffer_count  0x2809'71c4     0x8  Data  Lc  zf_driver_uart.o [48]
uart_data_refresh       0x2809'71cc     0x8  Data  Lc  zf_driver_uart.o [48]
uart_init               0x1028'2751   0x1c0  Code  Gb  zf_driver_uart.o [48]
uart_isr_func           0x2808'0710    0x1c  Data  Gb  zf_driver_uart.o [48]
uart_isr_mask           0x1028'20a9    0xfa  Code  Gb  zf_driver_uart.o [48]
uart_query_byte         0x1028'240f    0x74  Code  Gb  zf_driver_uart.o [48]
uart_receiver_handler   0x2808'06fc     0x4  Data  Gb  zf_device_type.o [47]
uart_rx_interrupt       0x1028'259f   0x1a8  Code  Gb  zf_driver_uart.o [48]
uart_tx_interrupt       0x1028'2483   0x11c  Code  Gb  zf_driver_uart.o [48]
uart_write_buffer       0x1028'23d5    0x1e  Code  Gb  zf_driver_uart.o [48]
uart_write_byte         0x1028'23ad    0x28  Code  Gb  zf_driver_uart.o [48]
uart_write_string       0x1028'23f3    0x1c  Code  Gb  zf_driver_uart.o [48]
visited                 0x2808'5f6c  0x5820  Data  Gb  main_cm7_1.o [44]
wifi_spi_buffer         0x2809'67cc   0x400  Data  Lc  zf_device_wifi_spi.o [47]
wifi_spi_fifo           0x2809'7128    0x18  Data  Lc  zf_device_wifi_spi.o [47]
wifi_spi_get_ip_addr_port
                        0x1028'2ba1    0x50  Code  Lc  zf_device_wifi_spi.o [47]
wifi_spi_get_mac_addr   0x1028'2b51    0x50  Code  Lc  zf_device_wifi_spi.o [47]
wifi_spi_get_parameter  0x1028'2abd    0x44  Code  Lc  zf_device_wifi_spi.o [47]
wifi_spi_get_version    0x1028'2b01    0x50  Code  Lc  zf_device_wifi_spi.o [47]
wifi_spi_init           0x1028'2db9    0x98  Code  Gb  zf_device_wifi_spi.o [47]
wifi_spi_ip_addr_port   0x2809'7094    0x1c  Data  Gb  zf_device_wifi_spi.o [47]
wifi_spi_mac_addr       0x2809'7184    0x14  Data  Gb  zf_device_wifi_spi.o [47]
wifi_spi_mutex          0x2809'721c     0x1  Data  Lc  zf_device_wifi_spi.o [47]
wifi_spi_read_buffer    0x1028'2d29    0x90  Code  Gb  zf_device_wifi_spi.o [47]
wifi_spi_send_buffer    0x1028'2c61    0xc8  Code  Gb  zf_device_wifi_spi.o [47]
wifi_spi_set_parameter  0x1028'2a5d    0x60  Code  Lc  zf_device_wifi_spi.o [47]
wifi_spi_socket_connect
                        0x1028'2c2f    0x32  Code  Gb  zf_device_wifi_spi.o [47]
wifi_spi_transfer_command
                        0x1028'29b7    0x3a  Code  Lc  zf_device_wifi_spi.o [47]
wifi_spi_transfer_data  0x1028'29f1    0x6c  Code  Lc  zf_device_wifi_spi.o [47]
wifi_spi_version        0x2809'71a8     0xc  Data  Gb  zf_device_wifi_spi.o [47]
wifi_spi_wait_idle      0x1028'2951    0x2e  Code  Lc  zf_device_wifi_spi.o [47]
wifi_spi_wifi_connect   0x1028'2bf1    0x3e  Code  Gb  zf_device_wifi_spi.o [47]
wifi_spi_write          0x1028'297f    0x38  Code  Lc  zf_device_wifi_spi.o [47]
wifi_uart_clear_receive_buffer
                        0x1028'7fb7     0xc  Code  Lc  zf_device_wifi_uart.o [47]
wifi_uart_fifo          0x2809'7140    0x18  Data  Lc  zf_device_wifi_uart.o [47]
wifi_uart_information   0x2809'6d54    0x94  Data  Gb  zf_device_wifi_uart.o [47]
wifi_uart_read_buffer   0x1028'80c5    0x2e  Code  Gb  zf_device_wifi_uart.o [47]
wifi_uart_send_buffer   0x1028'7fcd    0xf2  Code  Gb  zf_device_wifi_uart.o [47]
wifi_uart_wait_ack      0x1028'7f49    0x6e  Code  Lc  zf_device_wifi_uart.o [47]
wireless_module_uart_handler
                        0x2808'06f8     0x4  Data  Gb  zf_device_type.o [47]
wireless_uart_fifo      0x2809'7158    0x18  Data  Lc  zf_device_wireless_uart.o [47]
wireless_uart_read_buffer
                        0x1028'8651    0x2c  Code  Gb  zf_device_wireless_uart.o [47]
wireless_uart_send_buffer
                        0x1028'85ed    0x64  Code  Gb  zf_device_wireless_uart.o [47]
zf_debug_assert_enable  0x2808'074a     0x1  Data  Lc  zf_common_debug.o [45]
zf_debug_init_flag      0x2809'7212     0x1  Data  Lc  zf_common_debug.o [45]


[1] = C:\Code\beifen\old\CYT4BB7_Library-master\Seekfree_CYT4BB_Opensource_Library\project\iar\Debug_m7_1\Obj\adc_11722776235721520015.dir
[2] = C:\Code\beifen\old\CYT4BB7_Library-master\Seekfree_CYT4BB_Opensource_Library\project\iar\Debug_m7_1\Obj\audioss_1346650047966882938.dir
[3] = C:\Code\beifen\old\CYT4BB7_Library-master\Seekfree_CYT4BB_Opensource_Library\project\iar\Debug_m7_1\Obj\button_4990804375159372270.dir
[4] = C:\Code\beifen\old\CYT4BB7_Library-master\Seekfree_CYT4BB_Opensource_Library\project\iar\Debug_m7_1\Obj\canfd_1800690984773873875.dir
[5] = C:\Code\beifen\old\CYT4BB7_Library-master\Seekfree_CYT4BB_Opensource_Library\project\iar\Debug_m7_1\Obj\cpu_15938736945165268644.dir
[6] = C:\Code\beifen\old\CYT4BB7_Library-master\Seekfree_CYT4BB_Opensource_Library\project\iar\Debug_m7_1\Obj\crypto_1190170608956581615.dir
[7] = C:\Code\beifen\old\CYT4BB7_Library-master\Seekfree_CYT4BB_Opensource_Library\project\iar\Debug_m7_1\Obj\dma_12106025507578611576.dir
[8] = C:\Code\beifen\old\CYT4BB7_Library-master\Seekfree_CYT4BB_Opensource_Library\project\iar\Debug_m7_1\Obj\eth_phy_18133017486186456677.dir
[9] = C:\Code\beifen\old\CYT4BB7_Library-master\Seekfree_CYT4BB_Opensource_Library\project\iar\Debug_m7_1\Obj\ethernet_6029839089178797009.dir
[10] = C:\Code\beifen\old\CYT4BB7_Library-master\Seekfree_CYT4BB_Opensource_Library\project\iar\Debug_m7_1\Obj\evtgen_3404189088603873129.dir
[11] = C:\Code\beifen\old\CYT4BB7_Library-master\Seekfree_CYT4BB_Opensource_Library\project\iar\Debug_m7_1\Obj\flash_8529866181315662935.dir
[12] = C:\Code\beifen\old\CYT4BB7_Library-master\Seekfree_CYT4BB_Opensource_Library\project\iar\Debug_m7_1\Obj\flash_864493325053435817.dir
[13] = C:\Code\beifen\old\CYT4BB7_Library-master\Seekfree_CYT4BB_Opensource_Library\project\iar\Debug_m7_1\Obj\gpio_3999404635324069351.dir
[14] = C:\Code\beifen\old\CYT4BB7_Library-master\Seekfree_CYT4BB_Opensource_Library\project\iar\Debug_m7_1\Obj\ipc_10145506163450686023.dir
[15] = C:\Code\beifen\old\CYT4BB7_Library-master\Seekfree_CYT4BB_Opensource_Library\project\iar\Debug_m7_1\Obj\lin_18429031207028094880.dir
[16] = C:\Code\beifen\old\CYT4BB7_Library-master\Seekfree_CYT4BB_Opensource_Library\project\iar\Debug_m7_1\Obj\lvd_6353935867039560245.dir
[17] = C:\Code\beifen\old\CYT4BB7_Library-master\Seekfree_CYT4BB_Opensource_Library\project\iar\Debug_m7_1\Obj\mcwdt_4052485907822033969.dir
[18] = C:\Code\beifen\old\CYT4BB7_Library-master\Seekfree_CYT4BB_Opensource_Library\project\iar\Debug_m7_1\Obj\mpu_5663187252346826382.dir
[19] = C:\Code\beifen\old\CYT4BB7_Library-master\Seekfree_CYT4BB_Opensource_Library\project\iar\Debug_m7_1\Obj\power_14453085144426420577.dir
[20] = C:\Code\beifen\old\CYT4BB7_Library-master\Seekfree_CYT4BB_Opensource_Library\project\iar\Debug_m7_1\Obj\prot_10722960861768657883.dir
[21] = C:\Code\beifen\old\CYT4BB7_Library-master\Seekfree_CYT4BB_Opensource_Library\project\iar\Debug_m7_1\Obj\rev_b_4986922561640112550.dir
[22] = C:\Code\beifen\old\CYT4BB7_Library-master\Seekfree_CYT4BB_Opensource_Library\project\iar\Debug_m7_1\Obj\rev_b_6162237342861132223.dir
[23] = C:\Code\beifen\old\CYT4BB7_Library-master\Seekfree_CYT4BB_Opensource_Library\project\iar\Debug_m7_1\Obj\scb_15490842639181808494.dir
[24] = C:\Code\beifen\old\CYT4BB7_Library-master\Seekfree_CYT4BB_Opensource_Library\project\iar\Debug_m7_1\Obj\sd_host_2982766354293506895.dir
[25] = C:\Code\beifen\old\CYT4BB7_Library-master\Seekfree_CYT4BB_Opensource_Library\project\iar\Debug_m7_1\Obj\semihosting_143864889731838620.dir
[26] = C:\Code\beifen\old\CYT4BB7_Library-master\Seekfree_CYT4BB_Opensource_Library\project\iar\Debug_m7_1\Obj\smartio_5451710003740070188.dir
[27] = C:\Code\beifen\old\CYT4BB7_Library-master\Seekfree_CYT4BB_Opensource_Library\project\iar\Debug_m7_1\Obj\smif_427648126384146252.dir
[28] = C:\Code\beifen\old\CYT4BB7_Library-master\Seekfree_CYT4BB_Opensource_Library\project\iar\Debug_m7_1\Obj\smif_mem_6470536964353725183.dir
[29] = C:\Code\beifen\old\CYT4BB7_Library-master\Seekfree_CYT4BB_Opensource_Library\project\iar\Debug_m7_1\Obj\srom_13018798572330080582.dir
[30] = C:\Code\beifen\old\CYT4BB7_Library-master\Seekfree_CYT4BB_Opensource_Library\project\iar\Debug_m7_1\Obj\startup_479057977785470282.dir
[31] = C:\Code\beifen\old\CYT4BB7_Library-master\Seekfree_CYT4BB_Opensource_Library\project\iar\Debug_m7_1\Obj\sw_timer_4215635015939382130.dir
[32] = C:\Code\beifen\old\CYT4BB7_Library-master\Seekfree_CYT4BB_Opensource_Library\project\iar\Debug_m7_1\Obj\sysclk_16149231235676103872.dir
[33] = C:\Code\beifen\old\CYT4BB7_Library-master\Seekfree_CYT4BB_Opensource_Library\project\iar\Debug_m7_1\Obj\sysflt_12293435975120599261.dir
[34] = C:\Code\beifen\old\CYT4BB7_Library-master\Seekfree_CYT4BB_Opensource_Library\project\iar\Debug_m7_1\Obj\sysint_7435970359207984181.dir
[35] = C:\Code\beifen\old\CYT4BB7_Library-master\Seekfree_CYT4BB_Opensource_Library\project\iar\Debug_m7_1\Obj\syslib_16330585751512546975.dir
[36] = C:\Code\beifen\old\CYT4BB7_Library-master\Seekfree_CYT4BB_Opensource_Library\project\iar\Debug_m7_1\Obj\syspm_10887939769544754770.dir
[37] = C:\Code\beifen\old\CYT4BB7_Library-master\Seekfree_CYT4BB_Opensource_Library\project\iar\Debug_m7_1\Obj\sysreghc_17676636058511625587.dir
[38] = C:\Code\beifen\old\CYT4BB7_Library-master\Seekfree_CYT4BB_Opensource_Library\project\iar\Debug_m7_1\Obj\sysreset_14586141425677365288.dir
[39] = C:\Code\beifen\old\CYT4BB7_Library-master\Seekfree_CYT4BB_Opensource_Library\project\iar\Debug_m7_1\Obj\sysrtc_10747768817563771611.dir
[40] = C:\Code\beifen\old\CYT4BB7_Library-master\Seekfree_CYT4BB_Opensource_Library\project\iar\Debug_m7_1\Obj\systick_16016591671695740695.dir
[41] = C:\Code\beifen\old\CYT4BB7_Library-master\Seekfree_CYT4BB_Opensource_Library\project\iar\Debug_m7_1\Obj\syswdt_9118657615806274156.dir
[42] = C:\Code\beifen\old\CYT4BB7_Library-master\Seekfree_CYT4BB_Opensource_Library\project\iar\Debug_m7_1\Obj\tcpwm_422923530147891246.dir
[43] = C:\Code\beifen\old\CYT4BB7_Library-master\Seekfree_CYT4BB_Opensource_Library\project\iar\Debug_m7_1\Obj\trigmux_9729677290734583340.dir
[44] = C:\Code\beifen\old\CYT4BB7_Library-master\Seekfree_CYT4BB_Opensource_Library\project\iar\Debug_m7_1\Obj\user_8514941877209965082.dir
[45] = C:\Code\beifen\old\CYT4BB7_Library-master\Seekfree_CYT4BB_Opensource_Library\project\iar\Debug_m7_1\Obj\zf_common_1201165462030747823.dir
[46] = C:\Code\beifen\old\CYT4BB7_Library-master\Seekfree_CYT4BB_Opensource_Library\project\iar\Debug_m7_1\Obj\zf_components_14936052685886095442.dir
[47] = C:\Code\beifen\old\CYT4BB7_Library-master\Seekfree_CYT4BB_Opensource_Library\project\iar\Debug_m7_1\Obj\zf_device_6570275422786408770.dir
[48] = C:\Code\beifen\old\CYT4BB7_Library-master\Seekfree_CYT4BB_Opensource_Library\project\iar\Debug_m7_1\Obj\zf_driver_11922370083829174090.dir
[49] = dl7M_tln.a
[50] = m7M_tlv.a
[51] = rt7M_tl.a
[52] = shb_l.a
[53] = zf_device_config.a

   34'992 bytes of readonly  code memory
    2'338 bytes of readonly  data memory
  103'069 bytes of readwrite data memory (+ 22'564 absolute)

Errors: none
Warnings: none
