###############################################################################
#
# IAR ELF Linker V9.40.1.364/W64 for ARM                  19/Aug/2026  08:16:09
# Copyright 2007-2023 IAR Systems AB.
#
#    Output file  =
#        C:\Code\beifen\old\CYT4BB7_Library-master\Seekfree_CYT4BB_Opensource_Library\project\iar\project_config\Debug_m7_1\Exe\cyt4bb7_cm_7_1.out
#    Map file     =
#        C:\Code\beifen\old\CYT4BB7_Library-master\Seekfree_CYT4BB_Opensource_Library\project\iar\Debug_m7_1\List\cyt4bb7_cm_7_1.map
#    Command line =
#        -f
#        C:\Code\beifen\old\CYT4BB7_Library-master\Seekfree_CYT4BB_Opensource_Library\project\iar\project_config\Debug_m7_1\Exe\cyt4bb7_cm_7_1.out.rsp
#        (C:\Code\beifen\old\CYT4BB7_Library-master\Seekfree_CYT4BB_Opensource_Library\project\iar\Debug_m7_1\Obj\user_8514941877209965082.dir\cm7_1_isr.o
#        C:\Code\beifen\old\CYT4BB7_Library-master\Seekfree_CYT4BB_Opensource_Library\project\iar\Debug_m7_1\Obj\adc_11722776235721520015.dir\cy_adc.o
#        C:\Code\beifen\old\CYT4BB7_Library-master\Seekfree_CYT4BB_Opensource_Library\project\iar\Debug_m7_1\Obj\button_4990804375159372270.dir\cy_button.o
#        C:\Code\beifen\old\CYT4BB7_Library-master\Seekfree_CYT4BB_Opensource_Library\project\iar\Debug_m7_1\Obj\canfd_1800690984773873875.dir\cy_canfd.o
#        C:\Code\beifen\old\CYT4BB7_Library-master\Seekfree_CYT4BB_Opensource_Library\project\iar\Debug_m7_1\Obj\cpu_15938736945165268644.dir\cy_cpu.o
#        C:\Code\beifen\old\CYT4BB7_Library-master\Seekfree_CYT4BB_Opensource_Library\project\iar\Debug_m7_1\Obj\crypto_1190170608956581615.dir\cy_crypto_config.o
#        C:\Code\beifen\old\CYT4BB7_Library-master\Seekfree_CYT4BB_Opensource_Library\project\iar\Debug_m7_1\Obj\eth_phy_18133017486186456677.dir\cy_dp83867.o
#        C:\Code\beifen\old\CYT4BB7_Library-master\Seekfree_CYT4BB_Opensource_Library\project\iar\Debug_m7_1\Obj\ethernet_6029839089178797009.dir\cy_ethif.o
#        C:\Code\beifen\old\CYT4BB7_Library-master\Seekfree_CYT4BB_Opensource_Library\project\iar\Debug_m7_1\Obj\evtgen_3404189088603873129.dir\cy_evtgen.o
#        C:\Code\beifen\old\CYT4BB7_Library-master\Seekfree_CYT4BB_Opensource_Library\project\iar\Debug_m7_1\Obj\flash_8529866181315662935.dir\cy_flash.o
#        C:\Code\beifen\old\CYT4BB7_Library-master\Seekfree_CYT4BB_Opensource_Library\project\iar\Debug_m7_1\Obj\gpio_3999404635324069351.dir\cy_gpio.o
#        C:\Code\beifen\old\CYT4BB7_Library-master\Seekfree_CYT4BB_Opensource_Library\project\iar\Debug_m7_1\Obj\audioss_1346650047966882938.dir\cy_i2s.o
#        C:\Code\beifen\old\CYT4BB7_Library-master\Seekfree_CYT4BB_Opensource_Library\project\iar\Debug_m7_1\Obj\rev_b_6162237342861132223.dir\cy_interrupt_map.o
#        C:\Code\beifen\old\CYT4BB7_Library-master\Seekfree_CYT4BB_Opensource_Library\project\iar\Debug_m7_1\Obj\ipc_10145506163450686023.dir\cy_ipc_drv.o
#        C:\Code\beifen\old\CYT4BB7_Library-master\Seekfree_CYT4BB_Opensource_Library\project\iar\Debug_m7_1\Obj\ipc_10145506163450686023.dir\cy_ipc_pipe.o
#        C:\Code\beifen\old\CYT4BB7_Library-master\Seekfree_CYT4BB_Opensource_Library\project\iar\Debug_m7_1\Obj\ipc_10145506163450686023.dir\cy_ipc_sema.o
#        C:\Code\beifen\old\CYT4BB7_Library-master\Seekfree_CYT4BB_Opensource_Library\project\iar\Debug_m7_1\Obj\lin_18429031207028094880.dir\cy_lin.o
#        C:\Code\beifen\old\CYT4BB7_Library-master\Seekfree_CYT4BB_Opensource_Library\project\iar\Debug_m7_1\Obj\lvd_6353935867039560245.dir\cy_lvd.o
#        C:\Code\beifen\old\CYT4BB7_Library-master\Seekfree_CYT4BB_Opensource_Library\project\iar\Debug_m7_1\Obj\mcwdt_4052485907822033969.dir\cy_mcwdt.o
#        C:\Code\beifen\old\CYT4BB7_Library-master\Seekfree_CYT4BB_Opensource_Library\project\iar\Debug_m7_1\Obj\dma_12106025507578611576.dir\cy_mdma.o
#        C:\Code\beifen\old\CYT4BB7_Library-master\Seekfree_CYT4BB_Opensource_Library\project\iar\Debug_m7_1\Obj\mpu_5663187252346826382.dir\cy_mpu.o
#        C:\Code\beifen\old\CYT4BB7_Library-master\Seekfree_CYT4BB_Opensource_Library\project\iar\Debug_m7_1\Obj\flash_864493325053435817.dir\cy_mw_flash.o
#        C:\Code\beifen\old\CYT4BB7_Library-master\Seekfree_CYT4BB_Opensource_Library\project\iar\Debug_m7_1\Obj\dma_12106025507578611576.dir\cy_pdma.o
#        C:\Code\beifen\old\CYT4BB7_Library-master\Seekfree_CYT4BB_Opensource_Library\project\iar\Debug_m7_1\Obj\power_14453085144426420577.dir\cy_power.o
#        C:\Code\beifen\old\CYT4BB7_Library-master\Seekfree_CYT4BB_Opensource_Library\project\iar\Debug_m7_1\Obj\prot_10722960861768657883.dir\cy_prot.o
#        C:\Code\beifen\old\CYT4BB7_Library-master\Seekfree_CYT4BB_Opensource_Library\project\iar\Debug_m7_1\Obj\scb_15490842639181808494.dir\cy_scb_common.o
#        C:\Code\beifen\old\CYT4BB7_Library-master\Seekfree_CYT4BB_Opensource_Library\project\iar\Debug_m7_1\Obj\scb_15490842639181808494.dir\cy_scb_ezi2c.o
#        C:\Code\beifen\old\CYT4BB7_Library-master\Seekfree_CYT4BB_Opensource_Library\project\iar\Debug_m7_1\Obj\scb_15490842639181808494.dir\cy_scb_i2c.o
#        C:\Code\beifen\old\CYT4BB7_Library-master\Seekfree_CYT4BB_Opensource_Library\project\iar\Debug_m7_1\Obj\scb_15490842639181808494.dir\cy_scb_spi.o
#        C:\Code\beifen\old\CYT4BB7_Library-master\Seekfree_CYT4BB_Opensource_Library\project\iar\Debug_m7_1\Obj\scb_15490842639181808494.dir\cy_scb_uart.o
#        C:\Code\beifen\old\CYT4BB7_Library-master\Seekfree_CYT4BB_Opensource_Library\project\iar\Debug_m7_1\Obj\sd_host_2982766354293506895.dir\cy_sd_host.o
#        C:\Code\beifen\old\CYT4BB7_Library-master\Seekfree_CYT4BB_Opensource_Library\project\iar\Debug_m7_1\Obj\semihosting_143864889731838620.dir\cy_semihosting.o
#        C:\Code\beifen\old\CYT4BB7_Library-master\Seekfree_CYT4BB_Opensource_Library\project\iar\Debug_m7_1\Obj\smartio_5451710003740070188.dir\cy_smartio.o
#        C:\Code\beifen\old\CYT4BB7_Library-master\Seekfree_CYT4BB_Opensource_Library\project\iar\Debug_m7_1\Obj\smif_427648126384146252.dir\cy_smif.o
#        C:\Code\beifen\old\CYT4BB7_Library-master\Seekfree_CYT4BB_Opensource_Library\project\iar\Debug_m7_1\Obj\smif_mem_6470536964353725183.dir\cy_smif_device_common.o
#        C:\Code\beifen\old\CYT4BB7_Library-master\Seekfree_CYT4BB_Opensource_Library\project\iar\Debug_m7_1\Obj\smif_mem_6470536964353725183.dir\cy_smif_hb_flash.o
#        C:\Code\beifen\old\CYT4BB7_Library-master\Seekfree_CYT4BB_Opensource_Library\project\iar\Debug_m7_1\Obj\smif_427648126384146252.dir\cy_smif_memslot.o
#        C:\Code\beifen\old\CYT4BB7_Library-master\Seekfree_CYT4BB_Opensource_Library\project\iar\Debug_m7_1\Obj\smif_mem_6470536964353725183.dir\cy_smif_s25fl.o
#        C:\Code\beifen\old\CYT4BB7_Library-master\Seekfree_CYT4BB_Opensource_Library\project\iar\Debug_m7_1\Obj\smif_mem_6470536964353725183.dir\cy_smif_s25fs.o
#        C:\Code\beifen\old\CYT4BB7_Library-master\Seekfree_CYT4BB_Opensource_Library\project\iar\Debug_m7_1\Obj\smif_mem_6470536964353725183.dir\cy_smif_semp.o
#        C:\Code\beifen\old\CYT4BB7_Library-master\Seekfree_CYT4BB_Opensource_Library\project\iar\Debug_m7_1\Obj\smif_427648126384146252.dir\cy_smif_ver_specific.o
#        C:\Code\beifen\old\CYT4BB7_Library-master\Seekfree_CYT4BB_Opensource_Library\project\iar\Debug_m7_1\Obj\srom_13018798572330080582.dir\cy_srom.o
#        C:\Code\beifen\old\CYT4BB7_Library-master\Seekfree_CYT4BB_Opensource_Library\project\iar\Debug_m7_1\Obj\sw_timer_4215635015939382130.dir\cy_sw_tmr.o
#        C:\Code\beifen\old\CYT4BB7_Library-master\Seekfree_CYT4BB_Opensource_Library\project\iar\Debug_m7_1\Obj\sysclk_16149231235676103872.dir\cy_sysclk.o
#        C:\Code\beifen\old\CYT4BB7_Library-master\Seekfree_CYT4BB_Opensource_Library\project\iar\Debug_m7_1\Obj\sysflt_12293435975120599261.dir\cy_sysflt.o
#        C:\Code\beifen\old\CYT4BB7_Library-master\Seekfree_CYT4BB_Opensource_Library\project\iar\Debug_m7_1\Obj\sysint_7435970359207984181.dir\cy_sysint.o
#        C:\Code\beifen\old\CYT4BB7_Library-master\Seekfree_CYT4BB_Opensource_Library\project\iar\Debug_m7_1\Obj\syslib_16330585751512546975.dir\cy_syslib.o
#        C:\Code\beifen\old\CYT4BB7_Library-master\Seekfree_CYT4BB_Opensource_Library\project\iar\Debug_m7_1\Obj\syslib_16330585751512546975.dir\cy_syslib_iar.o
#        C:\Code\beifen\old\CYT4BB7_Library-master\Seekfree_CYT4BB_Opensource_Library\project\iar\Debug_m7_1\Obj\syspm_10887939769544754770.dir\cy_syspm.o
#        C:\Code\beifen\old\CYT4BB7_Library-master\Seekfree_CYT4BB_Opensource_Library\project\iar\Debug_m7_1\Obj\sysreghc_17676636058511625587.dir\cy_sysreghc.o
#        C:\Code\beifen\old\CYT4BB7_Library-master\Seekfree_CYT4BB_Opensource_Library\project\iar\Debug_m7_1\Obj\sysreset_14586141425677365288.dir\cy_sysreset.o
#        C:\Code\beifen\old\CYT4BB7_Library-master\Seekfree_CYT4BB_Opensource_Library\project\iar\Debug_m7_1\Obj\sysrtc_10747768817563771611.dir\cy_sysrtc.o
#        C:\Code\beifen\old\CYT4BB7_Library-master\Seekfree_CYT4BB_Opensource_Library\project\iar\Debug_m7_1\Obj\systick_16016591671695740695.dir\cy_systick.o
#        C:\Code\beifen\old\CYT4BB7_Library-master\Seekfree_CYT4BB_Opensource_Library\project\iar\Debug_m7_1\Obj\syswdt_9118657615806274156.dir\cy_syswdt.o
#        C:\Code\beifen\old\CYT4BB7_Library-master\Seekfree_CYT4BB_Opensource_Library\project\iar\Debug_m7_1\Obj\tcpwm_422923530147891246.dir\cy_tcpwm.o
#        C:\Code\beifen\old\CYT4BB7_Library-master\Seekfree_CYT4BB_Opensource_Library\project\iar\Debug_m7_1\Obj\tcpwm_422923530147891246.dir\cy_tcpwm_counter.o
#        C:\Code\beifen\old\CYT4BB7_Library-master\Seekfree_CYT4BB_Opensource_Library\project\iar\Debug_m7_1\Obj\tcpwm_422923530147891246.dir\cy_tcpwm_pwm.o
#        C:\Code\beifen\old\CYT4BB7_Library-master\Seekfree_CYT4BB_Opensource_Library\project\iar\Debug_m7_1\Obj\tcpwm_422923530147891246.dir\cy_tcpwm_quaddec.o
#        C:\Code\beifen\old\CYT4BB7_Library-master\Seekfree_CYT4BB_Opensource_Library\project\iar\Debug_m7_1\Obj\tcpwm_422923530147891246.dir\cy_tcpwm_sr.o
#        C:\Code\beifen\old\CYT4BB7_Library-master\Seekfree_CYT4BB_Opensource_Library\project\iar\Debug_m7_1\Obj\trigmux_9729677290734583340.dir\cy_trigmux.o
#        C:\Code\beifen\old\CYT4BB7_Library-master\Seekfree_CYT4BB_Opensource_Library\project\iar\Debug_m7_1\Obj\ethernet_6029839089178797009.dir\edd.o
#        C:\Code\beifen\old\CYT4BB7_Library-master\Seekfree_CYT4BB_Opensource_Library\project\iar\Debug_m7_1\Obj\ethernet_6029839089178797009.dir\edd_rx.o
#        C:\Code\beifen\old\CYT4BB7_Library-master\Seekfree_CYT4BB_Opensource_Library\project\iar\Debug_m7_1\Obj\ethernet_6029839089178797009.dir\edd_tx.o
#        C:\Code\beifen\old\CYT4BB7_Library-master\Seekfree_CYT4BB_Opensource_Library\project\iar\Debug_m7_1\Obj\user_8514941877209965082.dir\main_cm7_1.o
#        C:\Code\beifen\old\CYT4BB7_Library-master\Seekfree_CYT4BB_Opensource_Library\project\iar\Debug_m7_1\Obj\zf_components_14936052685886095442.dir\seekfree_assistant.o
#        C:\Code\beifen\old\CYT4BB7_Library-master\Seekfree_CYT4BB_Opensource_Library\project\iar\Debug_m7_1\Obj\zf_components_14936052685886095442.dir\seekfree_assistant_interface.o
#        C:\Code\beifen\old\CYT4BB7_Library-master\Seekfree_CYT4BB_Opensource_Library\project\iar\Debug_m7_1\Obj\startup_479057977785470282.dir\startup.o
#        C:\Code\beifen\old\CYT4BB7_Library-master\Seekfree_CYT4BB_Opensource_Library\project\iar\Debug_m7_1\Obj\startup_479057977785470282.dir\startup_cm7.o
#        C:\Code\beifen\old\CYT4BB7_Library-master\Seekfree_CYT4BB_Opensource_Library\project\iar\Debug_m7_1\Obj\rev_b_4986922561640112550.dir\system_tviibh4m_cm7.o
#        C:\Code\beifen\old\CYT4BB7_Library-master\Seekfree_CYT4BB_Opensource_Library\project\iar\Debug_m7_1\Obj\zf_common_1201165462030747823.dir\zf_common_clock.o
#        C:\Code\beifen\old\CYT4BB7_Library-master\Seekfree_CYT4BB_Opensource_Library\project\iar\Debug_m7_1\Obj\zf_common_1201165462030747823.dir\zf_common_debug.o
#        C:\Code\beifen\old\CYT4BB7_Library-master\Seekfree_CYT4BB_Opensource_Library\project\iar\Debug_m7_1\Obj\zf_common_1201165462030747823.dir\zf_common_fifo.o
#        C:\Code\beifen\old\CYT4BB7_Library-master\Seekfree_CYT4BB_Opensource_Library\project\iar\Debug_m7_1\Obj\zf_common_1201165462030747823.dir\zf_common_font.o
#        C:\Code\beifen\old\CYT4BB7_Library-master\Seekfree_CYT4BB_Opensource_Library\project\iar\Debug_m7_1\Obj\zf_common_1201165462030747823.dir\zf_common_function.o
#        C:\Code\beifen\old\CYT4BB7_Library-master\Seekfree_CYT4BB_Opensource_Library\project\iar\Debug_m7_1\Obj\zf_common_1201165462030747823.dir\zf_common_interrupt.o
#        C:\Code\beifen\old\CYT4BB7_Library-master\Seekfree_CYT4BB_Opensource_Library\project\iar\Debug_m7_1\Obj\zf_device_6570275422786408770.dir\zf_device_ble6a20.o
#        C:\Code\beifen\old\CYT4BB7_Library-master\Seekfree_CYT4BB_Opensource_Library\project\iar\Debug_m7_1\Obj\zf_device_6570275422786408770.dir\zf_device_dl1a.o
#        C:\Code\beifen\old\CYT4BB7_Library-master\Seekfree_CYT4BB_Opensource_Library\project\iar\Debug_m7_1\Obj\zf_device_6570275422786408770.dir\zf_device_dl1b.o
#        C:\Code\beifen\old\CYT4BB7_Library-master\Seekfree_CYT4BB_Opensource_Library\project\iar\Debug_m7_1\Obj\zf_device_6570275422786408770.dir\zf_device_gnss.o
#        C:\Code\beifen\old\CYT4BB7_Library-master\Seekfree_CYT4BB_Opensource_Library\project\iar\Debug_m7_1\Obj\zf_device_6570275422786408770.dir\zf_device_icm20602.o
#        C:\Code\beifen\old\CYT4BB7_Library-master\Seekfree_CYT4BB_Opensource_Library\project\iar\Debug_m7_1\Obj\zf_device_6570275422786408770.dir\zf_device_imu660ra.o
#        C:\Code\beifen\old\CYT4BB7_Library-master\Seekfree_CYT4BB_Opensource_Library\project\iar\Debug_m7_1\Obj\zf_device_6570275422786408770.dir\zf_device_imu660rb.o
#        C:\Code\beifen\old\CYT4BB7_Library-master\Seekfree_CYT4BB_Opensource_Library\project\iar\Debug_m7_1\Obj\zf_device_6570275422786408770.dir\zf_device_imu660rc.o
#        C:\Code\beifen\old\CYT4BB7_Library-master\Seekfree_CYT4BB_Opensource_Library\project\iar\Debug_m7_1\Obj\zf_device_6570275422786408770.dir\zf_device_imu963ra.o
#        C:\Code\beifen\old\CYT4BB7_Library-master\Seekfree_CYT4BB_Opensource_Library\project\iar\Debug_m7_1\Obj\zf_device_6570275422786408770.dir\zf_device_ips114.o
#        C:\Code\beifen\old\CYT4BB7_Library-master\Seekfree_CYT4BB_Opensource_Library\project\iar\Debug_m7_1\Obj\zf_device_6570275422786408770.dir\zf_device_ips200.o
#        C:\Code\beifen\old\CYT4BB7_Library-master\Seekfree_CYT4BB_Opensource_Library\project\iar\Debug_m7_1\Obj\zf_device_6570275422786408770.dir\zf_device_ips200pro.o
#        C:\Code\beifen\old\CYT4BB7_Library-master\Seekfree_CYT4BB_Opensource_Library\project\iar\Debug_m7_1\Obj\zf_device_6570275422786408770.dir\zf_device_key.o
#        C:\Code\beifen\old\CYT4BB7_Library-master\Seekfree_CYT4BB_Opensource_Library\project\iar\Debug_m7_1\Obj\zf_device_6570275422786408770.dir\zf_device_lora3a22.o
#        C:\Code\beifen\old\CYT4BB7_Library-master\Seekfree_CYT4BB_Opensource_Library\project\iar\Debug_m7_1\Obj\zf_device_6570275422786408770.dir\zf_device_menc15a.o
#        C:\Code\beifen\old\CYT4BB7_Library-master\Seekfree_CYT4BB_Opensource_Library\project\iar\Debug_m7_1\Obj\zf_device_6570275422786408770.dir\zf_device_mt9v03x.o
#        C:\Code\beifen\old\CYT4BB7_Library-master\Seekfree_CYT4BB_Opensource_Library\project\iar\Debug_m7_1\Obj\zf_device_6570275422786408770.dir\zf_device_oled.o
#        C:\Code\beifen\old\CYT4BB7_Library-master\Seekfree_CYT4BB_Opensource_Library\project\iar\Debug_m7_1\Obj\zf_device_6570275422786408770.dir\zf_device_pmw3901.o
#        C:\Code\beifen\old\CYT4BB7_Library-master\Seekfree_CYT4BB_Opensource_Library\project\iar\Debug_m7_1\Obj\zf_device_6570275422786408770.dir\zf_device_tft180.o
#        C:\Code\beifen\old\CYT4BB7_Library-master\Seekfree_CYT4BB_Opensource_Library\project\iar\Debug_m7_1\Obj\zf_device_6570275422786408770.dir\zf_device_tsl1401.o
#        C:\Code\beifen\old\CYT4BB7_Library-master\Seekfree_CYT4BB_Opensource_Library\project\iar\Debug_m7_1\Obj\zf_device_6570275422786408770.dir\zf_device_type.o
#        C:\Code\beifen\old\CYT4BB7_Library-master\Seekfree_CYT4BB_Opensource_Library\project\iar\Debug_m7_1\Obj\zf_device_6570275422786408770.dir\zf_device_uart_receiver.o
#        C:\Code\beifen\old\CYT4BB7_Library-master\Seekfree_CYT4BB_Opensource_Library\project\iar\Debug_m7_1\Obj\zf_device_6570275422786408770.dir\zf_device_upflow302.o
#        C:\Code\beifen\old\CYT4BB7_Library-master\Seekfree_CYT4BB_Opensource_Library\project\iar\Debug_m7_1\Obj\zf_device_6570275422786408770.dir\zf_device_wifi_spi.o
#        C:\Code\beifen\old\CYT4BB7_Library-master\Seekfree_CYT4BB_Opensource_Library\project\iar\Debug_m7_1\Obj\zf_device_6570275422786408770.dir\zf_device_wifi_uart.o
#        C:\Code\beifen\old\CYT4BB7_Library-master\Seekfree_CYT4BB_Opensource_Library\project\iar\Debug_m7_1\Obj\zf_device_6570275422786408770.dir\zf_device_wireless_uart.o
#        C:\Code\beifen\old\CYT4BB7_Library-master\Seekfree_CYT4BB_Opensource_Library\project\iar\Debug_m7_1\Obj\zf_driver_11922370083829174090.dir\zf_driver_adc.o
#        C:\Code\beifen\old\CYT4BB7_Library-master\Seekfree_CYT4BB_Opensource_Library\project\iar\Debug_m7_1\Obj\zf_driver_11922370083829174090.dir\zf_driver_delay.o
#        C:\Code\beifen\old\CYT4BB7_Library-master\Seekfree_CYT4BB_Opensource_Library\project\iar\Debug_m7_1\Obj\zf_driver_11922370083829174090.dir\zf_driver_dma.o
#        C:\Code\beifen\old\CYT4BB7_Library-master\Seekfree_CYT4BB_Opensource_Library\project\iar\Debug_m7_1\Obj\zf_driver_11922370083829174090.dir\zf_driver_encoder.o
#        C:\Code\beifen\old\CYT4BB7_Library-master\Seekfree_CYT4BB_Opensource_Library\project\iar\Debug_m7_1\Obj\zf_driver_11922370083829174090.dir\zf_driver_exti.o
#        C:\Code\beifen\old\CYT4BB7_Library-master\Seekfree_CYT4BB_Opensource_Library\project\iar\Debug_m7_1\Obj\zf_driver_11922370083829174090.dir\zf_driver_flash.o
#        C:\Code\beifen\old\CYT4BB7_Library-master\Seekfree_CYT4BB_Opensource_Library\project\iar\Debug_m7_1\Obj\zf_driver_11922370083829174090.dir\zf_driver_gpio.o
#        C:\Code\beifen\old\CYT4BB7_Library-master\Seekfree_CYT4BB_Opensource_Library\project\iar\Debug_m7_1\Obj\zf_driver_11922370083829174090.dir\zf_driver_ipc.o
#        C:\Code\beifen\old\CYT4BB7_Library-master\Seekfree_CYT4BB_Opensource_Library\project\iar\Debug_m7_1\Obj\zf_driver_11922370083829174090.dir\zf_driver_pit.o
#        C:\Code\beifen\old\CYT4BB7_Library-master\Seekfree_CYT4BB_Opensource_Library\project\iar\Debug_m7_1\Obj\zf_driver_11922370083829174090.dir\zf_driver_pwm.o
#        C:\Code\beifen\old\CYT4BB7_Library-master\Seekfree_CYT4BB_Opensource_Library\project\iar\Debug_m7_1\Obj\zf_driver_11922370083829174090.dir\zf_driver_soft_iic.o
#        C:\Code\beifen\old\CYT4BB7_Library-master\Seekfree_CYT4BB_Opensource_Library\project\iar\Debug_m7_1\Obj\zf_driver_11922370083829174090.dir\zf_driver_soft_spi.o
#        C:\Code\beifen\old\CYT4BB7_Library-master\Seekfree_CYT4BB_Opensource_Library\project\iar\Debug_m7_1\Obj\zf_driver_11922370083829174090.dir\zf_driver_spi.o
#        C:\Code\beifen\old\CYT4BB7_Library-master\Seekfree_CYT4BB_Opensource_Library\project\iar\Debug_m7_1\Obj\zf_driver_11922370083829174090.dir\zf_driver_timer.o
#        C:\Code\beifen\old\CYT4BB7_Library-master\Seekfree_CYT4BB_Opensource_Library\project\iar\Debug_m7_1\Obj\zf_driver_11922370083829174090.dir\zf_driver_uart.o
#        --no_out_extension -o
#        C:\Code\beifen\old\CYT4BB7_Library-master\Seekfree_CYT4BB_Opensource_Library\project\iar\project_config\Debug_m7_1\Exe\cyt4bb7_cm_7_1.out
#        --config_def _CORE_cm7_1_=0 --config_def _LINK_flash_=0 --map
#        C:\Code\beifen\old\CYT4BB7_Library-master\Seekfree_CYT4BB_Opensource_Library\project\iar\Debug_m7_1\List\cyt4bb7_cm_7_1.map
#        --config
#        C:\Code\beifen\old\CYT4BB7_Library-master\Seekfree_CYT4BB_Opensource_Library\project\iar\project_config\..\icf\linker_directives_tviibh.icf
#        --semihosting
#        C:\Code\beifen\old\CYT4BB7_Library-master\Seekfree_CYT4BB_Opensource_Library\project\iar\project_config\..\..\..\libraries\sdk\tviibh4m\src\drivers\crypto\libs\libcrypto_server_cm0plus_iar.a
#        C:\Code\beifen\old\CYT4BB7_Library-master\Seekfree_CYT4BB_Opensource_Library\project\iar\project_config\..\..\..\libraries\zf_device\zf_device_config.a
#        C:\Code\beifen\old\CYT4BB7_Library-master\Seekfree_CYT4BB_Opensource_Library\project\iar\project_config\..\..\..\libraries\sdk\common\hdr\cmsis\dsp\iar_cortexM7lf_math.a
#        --entry __iar_program_start --vfe --text_out locale --cpu=Cortex-M7
#        --fpu=VFPv5_d16) --dependencies=n
#        C:\Code\beifen\old\CYT4BB7_Library-master\Seekfree_CYT4BB_Opensource_Library\project\iar\project_config\Debug_m7_1\Exe\cyt4bb7_cm_7_1.out.iar_deps
#
###############################################################################

*******************************************************************************
*** RUNTIME MODEL ATTRIBUTES
***

CppFlavor       = *
__CPP_Runtime   = 1
__Heap_Handler  = Basic
__SystemLibrary = DLib
__dlib_version  = 6


*******************************************************************************
*** HEAP SELECTION
***

The basic heap was selected because --advanced_heap
was not specified and the application did not appear to
be primarily optimized for speed.


*******************************************************************************
*** PLACEMENT SUMMARY
***

"A0":  place at start of [from 0x1028'0000 to 0x1040'ffff] { section .intvec };
"P1":  place in [from 0x1028'0000 to 0x1040'ffff] { ro };
"P2":  place in [from 0x2808'0000 to 0x280b'ffff] { rw };
define block HEAP with size = 1K, alignment = 8 { };
define block CSTACK with size = 8K, alignment = 8 { };
define block HEAP_STACK { block HEAP, last block CSTACK };
"A1":  place at end of [from 0x2808'0000 to 0x280b'ffff] { block HEAP_STACK };
do not initialize { section .intvec_ram };
initialize by copy { rw };

No sections matched the following patterns:

  ro section .sflash_app_prot  in "P6"
  ro section .sflash_nar       in "P4"
  ro section .sflash_pkey      in "P5"
  ro section .sflash_toc2      in "P7"
  ro section .sflash_uf_rows   in "P3"
  ro section .work_flash       in "P8"
  section .global_ram_data     in "P9"


  Section            Kind         Address      Size  Object
  -------            ----         -------      ----  ------
"A0":                                          0x80
  .intvec            ro code  0x1028'0000      0x80  startup_cm7.o [30]
                            - 0x1028'0080      0x80

"P1":                                        0x7467
  .text              ro code  0x1028'0080    0x1468  main_cm7_1.o [44]
  .text              ro code  0x1028'14e8       0x6  ABImemclr4.o [51]
  .text              ro code  0x1028'14ee      0x7e  lz77_init_single.o [51]
  .text              ro code  0x1028'156c      0xa6  ABImemcpy.o [51]
  .text              ro code  0x1028'1612       0xa  xsprout.o [49]
  .text              ro code  0x1028'161c      0x1e  sqrt.o [50]
  .text              ro code  0x1028'163c      0x5a  S64ToFlt.o [50]
  .text              ro code  0x1028'1698      0x1c  zf_common_clock.o [45]
  .text              ro code  0x1028'16b4     0x418  zf_device_mt9v03x.o [47]
  .text              ro code  0x1028'1acc     0xacc  zf_driver_uart.o [48]
  .text              ro code  0x1028'2598      0x66  ABImemset.o [51]
  .text              ro code  0x1028'2600      0x40  sprintf.o [49]
  .text              ro code  0x1028'2640      0x32  ABImemset48.o [51]
  .text              ro code  0x1028'2674     0x150  system_tviibh4m_cm7.o [21]
  .text              ro code  0x1028'27c4     0x220  zf_driver_delay.o [48]
  .text              ro code  0x1028'29e4      0xe2  zf_common_interrupt.o [45]
  .text              ro code  0x1028'2ac8     0x1aa  cy_tcpwm_counter.o [42]
  .text              ro code  0x1028'2c72       0xc  cy_tcpwm.o [42]
  .text              ro code  0x1028'2c80     0x5fc  zf_driver_soft_iic.o [48]
  .text              ro code  0x1028'327c     0x858  zf_device_config_mt9v03x.o [53]
  .text              ro code  0x1028'3ad4     0x354  zf_common_debug.o [45]
  .text              ro code  0x1028'3e28     0x194  cy_gpio.o [13]
  .text              ro code  0x1028'3fbc     0x314  cy_scb_uart.o [23]
  .text              ro code  0x1028'42d0     0xeae  xprintffull_nomb.o [49]
  .text              ro code  0x1028'5180     0x8e8  cy_sysclk.o [32]
  .text              ro code  0x1028'5a68      0x70  strncpy.o [51]
  .text              ro code  0x1028'5ad8      0xa8  cy_syslib.o [35]
  .text              ro code  0x1028'5b80       0x8  startup_cm7.o [30]
  .text              ro code  0x1028'5b88       0x6  startup_cm7.o [30]
  .text              ro code  0x1028'5b90      0x20  zf_driver_pwm.o [48]
  .text              ro code  0x1028'5bb0      0xac  cy_sysint.o [34]
  .text              ro code  0x1028'5c5c     0x17c  zf_driver_gpio.o [48]
  .text              ro code  0x1028'5dd8      0x36  strlen.o [51]
  .text              ro code  0x1028'5e10      0x16  strchr.o [51]
  .text              ro code  0x1028'5e28      0x40  xfail_s.o [49]
  .text              ro code  0x1028'5e68      0x58  memchr.o [51]
  .text              ro code  0x1028'5ec0      0x70  frexp.o [50]
  .text              ro code  0x1028'5f30      0x34  DblCmpLe.o [50]
  .text              ro code  0x1028'5f64      0x34  DblCmpGe.o [50]
  .text              ro code  0x1028'5f98     0x104  ldexp.o [50]
  .text              ro code  0x1028'609c       0xe  DblToS32.o [50]
  .text              ro code  0x1028'60aa       0xe  S32ToDbl.o [50]
  .text              ro code  0x1028'60b8      0x12  DblSub.o [50]
  .text              ro code  0x1028'60ca      0x12  DblDiv.o [50]
  .text              ro code  0x1028'60dc       0xe  DblToU32.o [50]
  .text              ro code  0x1028'60ea       0xe  U32ToDbl.o [50]
  .text              ro code  0x1028'60f8      0x12  DblMul.o [50]
  .text              ro code  0x1028'610c     0x230  I64DivMod.o [51]
  .text              ro code  0x1028'633c       0x2  cy_syslib.o [35]
  .text              ro code  0x1028'633e       0x6  abort.o [49]
  .text              ro code  0x1028'6344       0x2  I64DivZer.o [51]
  .text              ro code  0x1028'6348      0x14  exit.o [52]
  .text              ro code  0x1028'635c     0x410  zf_common_fifo.o [45]
  .text              ro code  0x1028'676c     0x204  startup.o [30]
  .text              ro code  0x1028'6970     0x198  cy_interrupt_map.o [22]
  .text              ro code  0x1028'6b08     0x114  zf_device_gnss.o [47]
  .text              ro code  0x1028'6c1c      0x2a  strncmp.o [49]
  .text              ro code  0x1028'6c48      0xb0  startup_cm7.o [30]
  .rodata            const    0x1028'6cf8      0x88  system_tviibh4m_cm7.o [21]
  .rodata            const    0x1028'6d80      0x84  cy_sysclk.o [32]
  .rodata            const    0x1028'6e04      0x84  cy_sysclk.o [32]
  .rodata            const    0x1028'6e88      0x78  zf_driver_soft_iic.o [48]
  .rodata            const    0x1028'6f00      0x74  zf_common_fifo.o [45]
  .rodata            const    0x1028'6f74      0x74  zf_driver_uart.o [48]
  .text              ro code  0x1028'6fe8      0x6c  cm7_1_isr.o [44]
  .text              ro code  0x1028'7054      0x38  zero_init3.o [51]
  .rodata            const    0x1028'708c      0x28  main_cm7_1.o [44]
  .rodata            const    0x1028'70b4      0x28  main_cm7_1.o [44]
  .rodata            const    0x1028'70dc      0x28  zf_device_mt9v03x.o [47]
  .text              ro code  0x1028'7104      0x28  data_init.o [51]
  .text              ro code  0x1028'712c      0x22  fpinit_M.o [50]
  .iar.init_table    const    0x1028'7150      0x28  - Linker created -
  .text              ro code  0x1028'7178      0x20  startup_cm7.o [30]
  .text              ro code  0x1028'71a0      0x1e  cy_syslib_iar.o [35]
  .text              ro code  0x1028'71c0      0x1e  cmain.o [51]
  .text              ro code  0x1028'71e0       0x4  startup_cm7.o [30]
  .text              ro code  0x1028'71e4       0x4  exit.o [49]
  .text              ro code  0x1028'71e8       0xa  cexit.o [51]
  .rodata            const    0x1028'71f4      0x1c  zf_common_debug.o [45]
  .text              ro code  0x1028'7210      0x1c  startup_cm7.o [30]
  .text              ro code  0x1028'722c      0x1c  cstartup_M.o [51]
  .rodata            const    0x1028'7248      0x18  startup.o [30]
  .rodata            const    0x1028'7260      0x18  system_tviibh4m_cm7.o [21]
  .rodata            const    0x1028'7278      0x18  zf_common_debug.o [45]
  .rodata            const    0x1028'7290      0x10  main_cm7_1.o [44]
  .rodata            const    0x1028'72a0      0x10  zf_common_debug.o [45]
  .rodata            const    0x1028'72b0      0x10  zf_common_debug.o [45]
  .rodata            const    0x1028'72c0       0xc  main_cm7_1.o [44]
  .rodata            const    0x1028'72cc       0xc  zf_common_debug.o [45]
  .rodata            const    0x1028'72d8       0xc  zf_common_debug.o [45]
  .text              ro code  0x1028'72e4       0xc  cy_syslib.o [35]
  .rodata            const    0x1028'72f0       0x8  cy_sysclk.o [32]
  .rodata            const    0x1028'72f8       0x4  cy_interrupt_map.o [22]
  .rodata            const    0x1028'72fc       0x4  cy_interrupt_map.o [22]
  .rodata            const    0x1028'7300       0x4  cy_interrupt_map.o [22]
  .rodata            const    0x1028'7304       0x4  cy_interrupt_map.o [22]
  .rodata            const    0x1028'7308       0x4  cy_interrupt_map.o [22]
  .rodata            const    0x1028'730c       0x4  cy_interrupt_map.o [22]
  .rodata            const    0x1028'7310       0x4  cy_interrupt_map.o [22]
  .rodata            const    0x1028'7314       0x4  cy_interrupt_map.o [22]
  .rodata            const    0x1028'7318       0x4  cy_scb_uart.o [23]
  .rodata            const    0x1028'731c       0x4  cy_scb_uart.o [23]
  .rodata            const    0x1028'7320       0x4  cy_scb_uart.o [23]
  .rodata            const    0x1028'7324       0x4  cy_scb_uart.o [23]
  .rodata            const    0x1028'7328       0x4  cy_scb_uart.o [23]
  .rodata            const    0x1028'732c       0x4  cy_scb_uart.o [23]
  .rodata            const    0x1028'7330       0x4  cy_scb_uart.o [23]
  .rodata            const    0x1028'7334       0x4  cy_scb_uart.o [23]
  .rodata            const    0x1028'7338       0x4  cy_scb_uart.o [23]
  .rodata            const    0x1028'733c       0x4  cy_scb_uart.o [23]
  .rodata            const    0x1028'7340       0x4  cy_sysint.o [34]
  .rodata            const    0x1028'7344       0x4  cy_sysint.o [34]
  .rodata            const    0x1028'7348       0x4  cy_tcpwm_counter.o [42]
  .rodata            const    0x1028'734c       0x4  cy_tcpwm_counter.o [42]
  .rodata            const    0x1028'7350       0x4  cy_tcpwm_counter.o [42]
  .rodata            const    0x1028'7354       0x4  cy_tcpwm_counter.o [42]
  .rodata            const    0x1028'7358       0x4  cy_tcpwm_counter.o [42]
  .text              ro code  0x1028'735c       0x4  startup_cm7.o [30]
  .text              ro code  0x1028'7360       0x4  startup_cm7.o [30]
  .text              ro code  0x1028'7364       0x4  startup_cm7.o [30]
  .text              ro code  0x1028'7368       0x4  startup_cm7.o [30]
  .text              ro code  0x1028'736c       0x4  startup_cm7.o [30]
  .text              ro code  0x1028'7370       0x4  startup_cm7.o [30]
  .text              ro code  0x1028'7374       0x4  startup_cm7.o [30]
  .text              ro code  0x1028'7378       0x4  startup_cm7.o [30]
  .text              ro code  0x1028'737c       0x4  startup_cm7.o [30]
  .text              ro code  0x1028'7380       0x4  startup_cm7.o [30]
  .text              ro code  0x1028'7384       0x4  startup_cm7.o [30]
  .text              ro code  0x1028'7388       0x4  startup_cm7.o [30]
  .text              ro code  0x1028'738c       0x4  startup_cm7.o [30]
  .text              ro code  0x1028'7390       0x4  startup_cm7.o [30]
  .text              ro code  0x1028'7394       0x4  startup_cm7.o [30]
  .text              ro code  0x1028'7398       0x2  zf_device_type.o [47]
  .rodata            const    0x1028'739a       0x0  zero_init3.o [51]
  .rodata            const    0x1028'739a       0x0  lz77_init_single.o [51]
  Initializer bytes  const    0x1028'739a      0x60  <for P2-1>
                            - 0x1028'73fa    0x737a

Absolute sections, part 1 of 3:                0x10
  .bss               zero     0x2800'1014      0x10  main_cm7_1.o [44]
                            - 0x2800'1024      0x10

Absolute sections, part 2 of 3:                 0x4
  .noinit            uninit   0x2800'6bf0       0x2  zf_device_mt9v03x.o [47]
  .noinit            uninit   0x2800'6bf2       0x2  zf_device_mt9v03x.o [47]
                            - 0x2800'6bf4       0x4

Absolute sections, part 3 of 3:              0x5820
  .noinit            uninit   0x2802'6024    0x5820  zf_device_mt9v03x.o [47]
                            - 0x2802'b844    0x5820

"P2", part 1 of 3:                            0x738
  P2-1                        0x2808'0000     0x738  <Init block>
    .data            inited   0x2808'0000     0x6ec  cy_interrupt_map.o [22]
    .data            inited   0x2808'06ec       0x4  cy_interrupt_map.o [22]
    .data            inited   0x2808'06f0       0x4  main_cm7_1.o [44]
    .data            inited   0x2808'06f4       0x4  zf_device_type.o [47]
    .data            inited   0x2808'06f8       0x4  zf_device_type.o [47]
    .data            inited   0x2808'06fc      0x1c  zf_driver_uart.o [48]
    .data            inited   0x2808'0718      0x1c  zf_driver_uart.o [48]
    .data            inited   0x2808'0734       0x2  zf_driver_delay.o [48]
    .data            inited   0x2808'0736       0x1  zf_common_debug.o [45]
    .data            inited   0x2808'0737       0x1  zf_driver_delay.o [48]
                            - 0x2808'0738     0x738

"P2", part 2 of 3:                         0x1'0d20
  .bss               zero     0x2808'0738    0x5820  main_cm7_1.o [44]
  .bss               zero     0x2808'5f58    0x5820  main_cm7_1.o [44]
  .bss               zero     0x2808'b778    0x5820  zf_device_mt9v03x.o [47]
  .bss               zero     0x2809'0f98     0x188  zf_driver_uart.o [48]
  .bss               zero     0x2809'1120      0x80  zf_device_gnss.o [47]
  .bss               zero     0x2809'11a0      0x80  zf_device_gnss.o [47]
  .bss               zero     0x2809'1220      0x80  zf_device_gnss.o [47]
  .bss               zero     0x2809'12a0      0x70  cy_syslib.o [35]
  .bss               zero     0x2809'1310      0x70  zf_driver_uart.o [48]
  .bss               zero     0x2809'1380      0x18  cy_sysclk.o [32]
  .bss               zero     0x2809'1398      0x18  cy_syslib.o [35]
  .bss               zero     0x2809'13b0      0x18  zf_device_gnss.o [47]
  .bss               zero     0x2809'13c8      0x14  zf_common_debug.o [45]
  .bss               zero     0x2809'13dc      0x10  zf_device_config_mt9v03x.o [53]
  .bss               zero     0x2809'13ec       0x8  zf_driver_uart.o [48]
  .bss               zero     0x2809'13f4       0x8  zf_driver_uart.o [48]
  .bss               zero     0x2809'13fc       0x4  cy_syslib.o [35]
  .bss               zero     0x2809'1400       0x4  main_cm7_1.o [44]
  .bss               zero     0x2809'1404       0x4  main_cm7_1.o [44]
  .bss               zero     0x2809'1408       0x4  main_cm7_1.o [44]
  .bss               zero     0x2809'140c       0x4  main_cm7_1.o [44]
  .bss               zero     0x2809'1410       0x4  main_cm7_1.o [44]
  .bss               zero     0x2809'1414       0x4  system_tviibh4m_cm7.o [21]
  .bss               zero     0x2809'1418       0x4  system_tviibh4m_cm7.o [21]
  .bss               zero     0x2809'141c       0x4  system_tviibh4m_cm7.o [21]
  .bss               zero     0x2809'1420       0x4  system_tviibh4m_cm7.o [21]
  .bss               zero     0x2809'1424       0x4  system_tviibh4m_cm7.o [21]
  .bss               zero     0x2809'1428       0x4  zf_common_clock.o [45]
  .bss               zero     0x2809'142c       0x4  zf_common_interrupt.o [45]
  .bss               zero     0x2809'1430       0x4  zf_device_config_mt9v03x.o [53]
  .bss               zero     0x2809'1434       0x4  zf_device_config_mt9v03x.o [53]
  .bss               zero     0x2809'1438       0x4  zf_device_config_mt9v03x.o [53]
  .bss               zero     0x2809'143c       0x4  zf_device_config_mt9v03x.o [53]
  .bss               zero     0x2809'1440       0x4  zf_device_config_mt9v03x.o [53]
  .bss               zero     0x2809'1444       0x4  xfail_s.o [49]
  .bss               zero     0x2809'1448       0x2  main_cm7_1.o [44]
  .bss               zero     0x2809'144a       0x2  main_cm7_1.o [44]
  .bss               zero     0x2809'144c       0x1  cy_sysclk.o [32]
  .bss               zero     0x2809'144d       0x1  main_cm7_1.o [44]
  .bss               zero     0x2809'144e       0x1  main_cm7_1.o [44]
  .bss               zero     0x2809'144f       0x1  zf_common_debug.o [45]
  .bss               zero     0x2809'1450       0x1  zf_common_debug.o [45]
  .bss               zero     0x2809'1451       0x1  zf_device_gnss.o [47]
  .bss               zero     0x2809'1452       0x1  zf_device_gnss.o [47]
  .bss               zero     0x2809'1453       0x1  zf_device_gnss.o [47]
  .bss               zero     0x2809'1454       0x1  zf_device_gnss.o [47]
  .bss               zero     0x2809'1455       0x1  zf_device_gnss.o [47]
  .bss               zero     0x2809'1456       0x1  zf_device_mt9v03x.o [47]
  .bss               zero     0x2809'1457       0x1  zf_device_mt9v03x.o [47]
                            - 0x2809'1458  0x1'0d20

"P2", part 3 of 3:                             0x80
  .intvec_ram        uninit   0x2809'1480      0x80  startup_cm7.o [30]
                            - 0x2809'1500      0x80

"A1":                                        0x2000
  HEAP_STACK                  0x280b'e000    0x2000  <Block>
    CSTACK                    0x280b'e000    0x2000  <Block>
      CSTACK         uninit   0x280b'e000    0x2000  <Block tail>
                            - 0x280c'0000    0x2000

Unused ranges:

         From           To       Size
         ----           --       ----
  0x1028'74e7  0x1040'ffff  0x18'8b19
  0x2809'1458  0x2809'147f       0x28
  0x2809'1500  0x280b'dfff   0x2'cb00


*******************************************************************************
*** INIT TABLE
***

          Address      Size
          -------      ----
Zero (__iar_zero_init3)
    2 destination ranges, total size 0x1'0d30:
          0x2800'1014      0x10
          0x2808'0738  0x1'0d20

Copy/lz77 (__iar_lz77_init_single3)
    1 source range, total size 0x60 (5% of destination):
          0x1028'739a      0x60
    1 destination range, total size 0x738:
          0x2808'0000     0x738



*******************************************************************************
*** MODULE SUMMARY
***

    Module                      ro code  ro data  rw data  rw data
                                                            (abs)
    ------                      -------  -------  -------  -------
command line/config:
    --------------------------------------------------------------
    Total:

C:\Code\beifen\old\CYT4BB7_Library-master\Seekfree_CYT4BB_Opensource_Library\project\iar\Debug_m7_1\Obj\adc_11722776235721520015.dir: [1]
    --------------------------------------------------------------
    Total:

C:\Code\beifen\old\CYT4BB7_Library-master\Seekfree_CYT4BB_Opensource_Library\project\iar\Debug_m7_1\Obj\audioss_1346650047966882938.dir: [2]
    --------------------------------------------------------------
    Total:

C:\Code\beifen\old\CYT4BB7_Library-master\Seekfree_CYT4BB_Opensource_Library\project\iar\Debug_m7_1\Obj\button_4990804375159372270.dir: [3]
    --------------------------------------------------------------
    Total:

C:\Code\beifen\old\CYT4BB7_Library-master\Seekfree_CYT4BB_Opensource_Library\project\iar\Debug_m7_1\Obj\canfd_1800690984773873875.dir: [4]
    --------------------------------------------------------------
    Total:

C:\Code\beifen\old\CYT4BB7_Library-master\Seekfree_CYT4BB_Opensource_Library\project\iar\Debug_m7_1\Obj\cpu_15938736945165268644.dir: [5]
    --------------------------------------------------------------
    Total:

C:\Code\beifen\old\CYT4BB7_Library-master\Seekfree_CYT4BB_Opensource_Library\project\iar\Debug_m7_1\Obj\crypto_1190170608956581615.dir: [6]
    --------------------------------------------------------------
    Total:

C:\Code\beifen\old\CYT4BB7_Library-master\Seekfree_CYT4BB_Opensource_Library\project\iar\Debug_m7_1\Obj\dma_12106025507578611576.dir: [7]
    --------------------------------------------------------------
    Total:

C:\Code\beifen\old\CYT4BB7_Library-master\Seekfree_CYT4BB_Opensource_Library\project\iar\Debug_m7_1\Obj\eth_phy_18133017486186456677.dir: [8]
    --------------------------------------------------------------
    Total:

C:\Code\beifen\old\CYT4BB7_Library-master\Seekfree_CYT4BB_Opensource_Library\project\iar\Debug_m7_1\Obj\ethernet_6029839089178797009.dir: [9]
    --------------------------------------------------------------
    Total:

C:\Code\beifen\old\CYT4BB7_Library-master\Seekfree_CYT4BB_Opensource_Library\project\iar\Debug_m7_1\Obj\evtgen_3404189088603873129.dir: [10]
    --------------------------------------------------------------
    Total:

C:\Code\beifen\old\CYT4BB7_Library-master\Seekfree_CYT4BB_Opensource_Library\project\iar\Debug_m7_1\Obj\flash_8529866181315662935.dir: [11]
    --------------------------------------------------------------
    Total:

C:\Code\beifen\old\CYT4BB7_Library-master\Seekfree_CYT4BB_Opensource_Library\project\iar\Debug_m7_1\Obj\flash_864493325053435817.dir: [12]
    --------------------------------------------------------------
    Total:

C:\Code\beifen\old\CYT4BB7_Library-master\Seekfree_CYT4BB_Opensource_Library\project\iar\Debug_m7_1\Obj\gpio_3999404635324069351.dir: [13]
    cy_gpio.o                       404
    --------------------------------------------------------------
    Total:                          404

C:\Code\beifen\old\CYT4BB7_Library-master\Seekfree_CYT4BB_Opensource_Library\project\iar\Debug_m7_1\Obj\ipc_10145506163450686023.dir: [14]
    --------------------------------------------------------------
    Total:

C:\Code\beifen\old\CYT4BB7_Library-master\Seekfree_CYT4BB_Opensource_Library\project\iar\Debug_m7_1\Obj\lin_18429031207028094880.dir: [15]
    --------------------------------------------------------------
    Total:

C:\Code\beifen\old\CYT4BB7_Library-master\Seekfree_CYT4BB_Opensource_Library\project\iar\Debug_m7_1\Obj\lvd_6353935867039560245.dir: [16]
    --------------------------------------------------------------
    Total:

C:\Code\beifen\old\CYT4BB7_Library-master\Seekfree_CYT4BB_Opensource_Library\project\iar\Debug_m7_1\Obj\mcwdt_4052485907822033969.dir: [17]
    --------------------------------------------------------------
    Total:

C:\Code\beifen\old\CYT4BB7_Library-master\Seekfree_CYT4BB_Opensource_Library\project\iar\Debug_m7_1\Obj\mpu_5663187252346826382.dir: [18]
    --------------------------------------------------------------
    Total:

C:\Code\beifen\old\CYT4BB7_Library-master\Seekfree_CYT4BB_Opensource_Library\project\iar\Debug_m7_1\Obj\power_14453085144426420577.dir: [19]
    --------------------------------------------------------------
    Total:

C:\Code\beifen\old\CYT4BB7_Library-master\Seekfree_CYT4BB_Opensource_Library\project\iar\Debug_m7_1\Obj\prot_10722960861768657883.dir: [20]
    --------------------------------------------------------------
    Total:

C:\Code\beifen\old\CYT4BB7_Library-master\Seekfree_CYT4BB_Opensource_Library\project\iar\Debug_m7_1\Obj\rev_b_4986922561640112550.dir: [21]
    system_tviibh4m_cm7.o           336      160       20
    --------------------------------------------------------------
    Total:                          336      160       20

C:\Code\beifen\old\CYT4BB7_Library-master\Seekfree_CYT4BB_Opensource_Library\project\iar\Debug_m7_1\Obj\rev_b_6162237342861132223.dir: [22]
    cy_interrupt_map.o              408      124    1'776
    --------------------------------------------------------------
    Total:                          408      124    1'776

C:\Code\beifen\old\CYT4BB7_Library-master\Seekfree_CYT4BB_Opensource_Library\project\iar\Debug_m7_1\Obj\scb_15490842639181808494.dir: [23]
    cy_scb_uart.o                   788       40
    --------------------------------------------------------------
    Total:                          788       40

C:\Code\beifen\old\CYT4BB7_Library-master\Seekfree_CYT4BB_Opensource_Library\project\iar\Debug_m7_1\Obj\sd_host_2982766354293506895.dir: [24]
    --------------------------------------------------------------
    Total:

C:\Code\beifen\old\CYT4BB7_Library-master\Seekfree_CYT4BB_Opensource_Library\project\iar\Debug_m7_1\Obj\semihosting_143864889731838620.dir: [25]
    --------------------------------------------------------------
    Total:

C:\Code\beifen\old\CYT4BB7_Library-master\Seekfree_CYT4BB_Opensource_Library\project\iar\Debug_m7_1\Obj\smartio_5451710003740070188.dir: [26]
    --------------------------------------------------------------
    Total:

C:\Code\beifen\old\CYT4BB7_Library-master\Seekfree_CYT4BB_Opensource_Library\project\iar\Debug_m7_1\Obj\smif_427648126384146252.dir: [27]
    --------------------------------------------------------------
    Total:

C:\Code\beifen\old\CYT4BB7_Library-master\Seekfree_CYT4BB_Opensource_Library\project\iar\Debug_m7_1\Obj\smif_mem_6470536964353725183.dir: [28]
    --------------------------------------------------------------
    Total:

C:\Code\beifen\old\CYT4BB7_Library-master\Seekfree_CYT4BB_Opensource_Library\project\iar\Debug_m7_1\Obj\srom_13018798572330080582.dir: [29]
    --------------------------------------------------------------
    Total:

C:\Code\beifen\old\CYT4BB7_Library-master\Seekfree_CYT4BB_Opensource_Library\project\iar\Debug_m7_1\Obj\startup_479057977785470282.dir: [30]
    startup.o                       516       24
    startup_cm7.o                   442               128
    --------------------------------------------------------------
    Total:                          958       24      128

C:\Code\beifen\old\CYT4BB7_Library-master\Seekfree_CYT4BB_Opensource_Library\project\iar\Debug_m7_1\Obj\sw_timer_4215635015939382130.dir: [31]
    --------------------------------------------------------------
    Total:

C:\Code\beifen\old\CYT4BB7_Library-master\Seekfree_CYT4BB_Opensource_Library\project\iar\Debug_m7_1\Obj\sysclk_16149231235676103872.dir: [32]
    cy_sysclk.o                   2'280      272       25
    --------------------------------------------------------------
    Total:                        2'280      272       25

C:\Code\beifen\old\CYT4BB7_Library-master\Seekfree_CYT4BB_Opensource_Library\project\iar\Debug_m7_1\Obj\sysflt_12293435975120599261.dir: [33]
    --------------------------------------------------------------
    Total:

C:\Code\beifen\old\CYT4BB7_Library-master\Seekfree_CYT4BB_Opensource_Library\project\iar\Debug_m7_1\Obj\sysint_7435970359207984181.dir: [34]
    cy_sysint.o                     172        8
    --------------------------------------------------------------
    Total:                          172        8

C:\Code\beifen\old\CYT4BB7_Library-master\Seekfree_CYT4BB_Opensource_Library\project\iar\Debug_m7_1\Obj\syslib_16330585751512546975.dir: [35]
    cy_syslib.o                     182               140
    cy_syslib_iar.o                  30
    --------------------------------------------------------------
    Total:                          212               140

C:\Code\beifen\old\CYT4BB7_Library-master\Seekfree_CYT4BB_Opensource_Library\project\iar\Debug_m7_1\Obj\syspm_10887939769544754770.dir: [36]
    --------------------------------------------------------------
    Total:

C:\Code\beifen\old\CYT4BB7_Library-master\Seekfree_CYT4BB_Opensource_Library\project\iar\Debug_m7_1\Obj\sysreghc_17676636058511625587.dir: [37]
    --------------------------------------------------------------
    Total:

C:\Code\beifen\old\CYT4BB7_Library-master\Seekfree_CYT4BB_Opensource_Library\project\iar\Debug_m7_1\Obj\sysreset_14586141425677365288.dir: [38]
    --------------------------------------------------------------
    Total:

C:\Code\beifen\old\CYT4BB7_Library-master\Seekfree_CYT4BB_Opensource_Library\project\iar\Debug_m7_1\Obj\sysrtc_10747768817563771611.dir: [39]
    --------------------------------------------------------------
    Total:

C:\Code\beifen\old\CYT4BB7_Library-master\Seekfree_CYT4BB_Opensource_Library\project\iar\Debug_m7_1\Obj\systick_16016591671695740695.dir: [40]
    --------------------------------------------------------------
    Total:

C:\Code\beifen\old\CYT4BB7_Library-master\Seekfree_CYT4BB_Opensource_Library\project\iar\Debug_m7_1\Obj\syswdt_9118657615806274156.dir: [41]
    --------------------------------------------------------------
    Total:

C:\Code\beifen\old\CYT4BB7_Library-master\Seekfree_CYT4BB_Opensource_Library\project\iar\Debug_m7_1\Obj\tcpwm_422923530147891246.dir: [42]
    cy_tcpwm.o                       12
    cy_tcpwm_counter.o              426       20
    --------------------------------------------------------------
    Total:                          438       20

C:\Code\beifen\old\CYT4BB7_Library-master\Seekfree_CYT4BB_Opensource_Library\project\iar\Debug_m7_1\Obj\trigmux_9729677290734583340.dir: [43]
    --------------------------------------------------------------
    Total:

C:\Code\beifen\old\CYT4BB7_Library-master\Seekfree_CYT4BB_Opensource_Library\project\iar\Debug_m7_1\Obj\user_8514941877209965082.dir: [44]
    cm7_1_isr.o                     108
    main_cm7_1.o                  5'224      108   45'150       16
    --------------------------------------------------------------
    Total:                        5'332      108   45'150       16

C:\Code\beifen\old\CYT4BB7_Library-master\Seekfree_CYT4BB_Opensource_Library\project\iar\Debug_m7_1\Obj\zf_common_1201165462030747823.dir: [45]
    zf_common_clock.o                28                 4
    zf_common_debug.o               852      108       23
    zf_common_fifo.o              1'040      116
    zf_common_interrupt.o           226                 4
    --------------------------------------------------------------
    Total:                        2'146      224       31

C:\Code\beifen\old\CYT4BB7_Library-master\Seekfree_CYT4BB_Opensource_Library\project\iar\Debug_m7_1\Obj\zf_components_14936052685886095442.dir: [46]
    --------------------------------------------------------------
    Total:

C:\Code\beifen\old\CYT4BB7_Library-master\Seekfree_CYT4BB_Opensource_Library\project\iar\Debug_m7_1\Obj\zf_device_6570275422786408770.dir: [47]
    zf_device_gnss.o                276               413
    zf_device_mt9v03x.o           1'048       40   22'562   22'564
    zf_device_type.o                  2                 8
    --------------------------------------------------------------
    Total:                        1'326       40   22'983   22'564

C:\Code\beifen\old\CYT4BB7_Library-master\Seekfree_CYT4BB_Opensource_Library\project\iar\Debug_m7_1\Obj\zf_driver_11922370083829174090.dir: [48]
    zf_driver_delay.o               544        1        3
    zf_driver_gpio.o                380
    zf_driver_pwm.o                  32
    zf_driver_soft_iic.o          1'532      120
    zf_driver_uart.o              2'764      119      576
    --------------------------------------------------------------
    Total:                        5'252      240      579

dl7M_tln.a: [49]
    abort.o                           6
    exit.o                            4
    sprintf.o                        64
    strncmp.o                        42
    xfail_s.o                        64                 4
    xprintffull_nomb.o            3'758
    xsprout.o                        10
    --------------------------------------------------------------
    Total:                        3'948                 4

m7M_tlv.a: [50]
    DblCmpGe.o                       52
    DblCmpLe.o                       52
    DblDiv.o                         18
    DblMul.o                         18
    DblSub.o                         18
    DblToS32.o                       14
    DblToU32.o                       14
    S32ToDbl.o                       14
    S64ToFlt.o                       90
    U32ToDbl.o                       14
    fpinit_M.o                       34
    frexp.o                         112
    ldexp.o                         260
    sqrt.o                           30
    --------------------------------------------------------------
    Total:                          740

rt7M_tl.a: [51]
    ABImemclr4.o                      6
    ABImemcpy.o                     166
    ABImemset.o                     102
    ABImemset48.o                    50
    I64DivMod.o                     560
    I64DivZer.o                       2
    cexit.o                          10
    cmain.o                          30
    cstartup_M.o                     28
    data_init.o                      40
    lz77_init_single.o              126
    memchr.o                         88
    strchr.o                         22
    strlen.o                         54
    strncpy.o                       112
    zero_init3.o                     56
    --------------------------------------------------------------
    Total:                        1'452

shb_l.a: [52]
    exit.o                           20
    --------------------------------------------------------------
    Total:                           20

zf_device_config.a: [53]
    zf_device_config_mt9v03x.o    2'136                36
    --------------------------------------------------------------
    Total:                        2'136                36

    Gaps                             38        4
    Linker created                            40    8'192
------------------------------------------------------------------
    Grand Total:                 28'386    1'304   79'064   22'580


*******************************************************************************
*** ENTRY LIST
***

Entry                       Address    Size  Type      Object
-----                       -------    ----  ----      ------
.iar.init_table$$Base   0x1028'7150           --   Gb  - Linker created -
.iar.init_table$$Limit  0x1028'7178           --   Gb  - Linker created -
?main                   0x1028'71c1          Code  Gb  cmain.o [51]
BusFault_Handler        0x1028'7365          Code  Wk  startup_cm7.o [30]
CSTACK$$Base            0x280b'e000           --   Gb  - Linker created -
CSTACK$$Limit           0x280c'0000           --   Gb  - Linker created -
CopyVectorTable         0x1028'690d    0x34  Code  Lc  startup.o [30]
CpuUserInt0_Handler     0x1028'698f    0x26  Code  Gb  cy_interrupt_map.o [22]
CpuUserInt10_Handler    0x1028'7381          Code  Wk  startup_cm7.o [30]
CpuUserInt11_Handler    0x1028'7385          Code  Wk  startup_cm7.o [30]
CpuUserInt12_Handler    0x1028'7389          Code  Wk  startup_cm7.o [30]
CpuUserInt13_Handler    0x1028'738d          Code  Wk  startup_cm7.o [30]
CpuUserInt14_Handler    0x1028'7391          Code  Wk  startup_cm7.o [30]
CpuUserInt15_Handler    0x1028'7395          Code  Wk  startup_cm7.o [30]
CpuUserInt1_Handler     0x1028'69b5    0x26  Code  Gb  cy_interrupt_map.o [22]
CpuUserInt2_Handler     0x1028'69db    0x26  Code  Gb  cy_interrupt_map.o [22]
CpuUserInt3_Handler     0x1028'6a01    0x26  Code  Gb  cy_interrupt_map.o [22]
CpuUserInt4_Handler     0x1028'6a27    0x26  Code  Gb  cy_interrupt_map.o [22]
CpuUserInt5_Handler     0x1028'6a4d    0x26  Code  Gb  cy_interrupt_map.o [22]
CpuUserInt6_Handler     0x1028'6a73    0x26  Code  Gb  cy_interrupt_map.o [22]
CpuUserInt7_Handler     0x1028'6a99    0x26  Code  Gb  cy_interrupt_map.o [22]
CpuUserInt8_Handler     0x1028'7379          Code  Wk  startup_cm7.o [30]
CpuUserInt9_Handler     0x1028'737d          Code  Wk  startup_cm7.o [30]
Cy_DefaultUserHandler   0x1028'698d     0x2  Code  Gb  cy_interrupt_map.o [22]
Cy_GPIO_ClearInterrupt  0x1028'3efb     0xe  Code  Lc  cy_gpio.o [13]
Cy_GPIO_Clr             0x1028'5c71     0xa  Code  Lc  zf_driver_gpio.o [48]
Cy_GPIO_Pin_Init        0x1028'3f3f    0x72  Code  Gb  cy_gpio.o [13]
Cy_GPIO_Read            0x1028'5c5d     0xa  Code  Lc  zf_driver_gpio.o [48]
Cy_GPIO_Set             0x1028'5c67     0xa  Code  Lc  zf_driver_gpio.o [48]
Cy_GPIO_SetDriveSel     0x1028'3edd    0x1e  Code  Lc  cy_gpio.o [13]
Cy_GPIO_SetDrivemode    0x1028'3e8d    0x1c  Code  Lc  cy_gpio.o [13]
Cy_GPIO_SetDrivemode    0x1028'5c7b    0x1c  Code  Lc  zf_driver_gpio.o [48]
Cy_GPIO_SetHSIOM        0x1028'3e29    0x4c  Code  Lc  cy_gpio.o [13]
Cy_GPIO_SetInterruptEdge
                        0x1028'3f23    0x1c  Code  Lc  cy_gpio.o [13]
Cy_GPIO_SetInterruptMask
                        0x1028'3f09    0x1a  Code  Lc  cy_gpio.o [13]
Cy_GPIO_SetSlewRate     0x1028'3ec3    0x1a  Code  Lc  cy_gpio.o [13]
Cy_GPIO_SetVtrip        0x1028'3ea9    0x1a  Code  Lc  cy_gpio.o [13]
Cy_GPIO_Write           0x1028'3e75    0x18  Code  Lc  cy_gpio.o [13]
Cy_RestoreIRQ           0x1028'5b89          Code  Gb  startup_cm7.o [30]
Cy_SCB_ClearRxFifo      0x1028'1c81    0x1e  Code  Lc  zf_driver_uart.o [48]
Cy_SCB_ClearRxInterrupt
                        0x1028'1ce7     0xa  Code  Lc  zf_driver_uart.o [48]
Cy_SCB_ClearTxInterrupt
                        0x1028'1cfd     0xa  Code  Lc  zf_driver_uart.o [48]
Cy_SCB_GetNumInRxFifo   0x1028'1c77     0xa  Code  Lc  zf_driver_uart.o [48]
Cy_SCB_GetNumInTxFifo   0x1028'1ca5     0xa  Code  Lc  zf_driver_uart.o [48]
Cy_SCB_GetRxInterruptMask
                        0x1028'1ce1     0x6  Code  Lc  zf_driver_uart.o [48]
Cy_SCB_GetTxInterruptMask
                        0x1028'1cf7     0x6  Code  Lc  zf_driver_uart.o [48]
Cy_SCB_GetTxSrValid     0x1028'1caf     0xa  Code  Lc  zf_driver_uart.o [48]
Cy_SCB_IsTxComplete     0x1028'1cb9    0x22  Code  Lc  zf_driver_uart.o [48]
Cy_SCB_ReadRxFifo       0x1028'1c71     0x6  Code  Lc  zf_driver_uart.o [48]
Cy_SCB_SetRxInterruptMask
                        0x1028'1cdb     0x6  Code  Lc  zf_driver_uart.o [48]
Cy_SCB_SetTxInterruptMask
                        0x1028'1cf1     0x6  Code  Lc  zf_driver_uart.o [48]
Cy_SCB_UART_DeInit      0x1028'4241    0x5c  Code  Gb  cy_scb_uart.o [23]
Cy_SCB_UART_Enable      0x1028'1d07     0xa  Code  Lc  zf_driver_uart.o [48]
Cy_SCB_UART_Init        0x1028'3fbd   0x284  Code  Gb  cy_scb_uart.o [23]
Cy_SCB_WriteTxFifo      0x1028'1c9f     0x6  Code  Lc  zf_driver_uart.o [48]
Cy_SaveIRQ              0x1028'5b81          Code  Gb  startup_cm7.o [30]
Cy_SysClk_CheckDividerExisting
                        0x1028'16b5    0x2c  Code  Lc  zf_device_mt9v03x.o [47]
Cy_SysClk_CheckDividerExisting
                        0x1028'27c5    0x2a  Code  Lc  zf_driver_delay.o [48]
Cy_SysClk_CheckDividerExisting
                        0x1028'1acd    0x2c  Code  Lc  zf_driver_uart.o [48]
Cy_SysClk_ClkPathGetSource
                        0x1028'52f5    0x54  Code  Gb  cy_sysclk.o [32]
Cy_SysClk_EcoGetStatus  0x1028'5181    0x1a  Code  Lc  cy_sysclk.o [32]
Cy_SysClk_Fast0ClkGetDivider
                        0x1028'52c9    0x16  Code  Lc  cy_sysclk.o [32]
Cy_SysClk_Fast1ClkGetDivider
                        0x1028'52df    0x16  Code  Lc  cy_sysclk.o [32]
Cy_SysClk_FllGetConfiguration
                        0x1028'5351    0x7e  Code  Gb  cy_sysclk.o [32]
Cy_SysClk_FllGetLockStatus
                        0x1028'519b     0xc  Code  Lc  cy_sysclk.o [32]
Cy_SysClk_GetClockGroup
                        0x1028'1761     0x8  Code  Lc  zf_device_mt9v03x.o [47]
Cy_SysClk_GetClockGroup
                        0x1028'286d     0x8  Code  Lc  zf_driver_delay.o [48]
Cy_SysClk_GetClockGroup
                        0x1028'1bb1     0x8  Code  Lc  zf_driver_uart.o [48]
Cy_SysClk_GetCoreFrequency
                        0x1028'5a15    0x2a  Code  Gb  cy_sysclk.o [32]
Cy_SysClk_GetEcoFrequency
                        0x1028'551d    0x32  Code  Gb  cy_sysclk.o [32]
Cy_SysClk_GetExtFrequency
                        0x1028'5551    0x1e  Code  Gb  cy_sysclk.o [32]
Cy_SysClk_GetFast0Frequency
                        0x1028'5969    0x56  Code  Gb  cy_sysclk.o [32]
Cy_SysClk_GetFast1Frequency
                        0x1028'59bf    0x56  Code  Gb  cy_sysclk.o [32]
Cy_SysClk_GetFllInputFrequency
                        0x1028'5671     0xc  Code  Gb  cy_sysclk.o [32]
Cy_SysClk_GetFllOutputFrequency
                        0x1028'5699    0x78  Code  Gb  cy_sysclk.o [32]
Cy_SysClk_GetHfClkFrequency
                        0x1028'58eb    0x7a  Code  Gb  cy_sysclk.o [32]
Cy_SysClk_GetIlo0Frequency
                        0x1028'556f    0x32  Code  Gb  cy_sysclk.o [32]
Cy_SysClk_GetIlo1Frequency
                        0x1028'55a1    0x32  Code  Gb  cy_sysclk.o [32]
Cy_SysClk_GetImoFrequency
                        0x1028'54eb    0x32  Code  Gb  cy_sysclk.o [32]
Cy_SysClk_GetPathFrequency
                        0x1028'58b9    0x32  Code  Gb  cy_sysclk.o [32]
Cy_SysClk_GetPathSourceFrequency
                        0x1028'560d    0x64  Code  Gb  cy_sysclk.o [32]
Cy_SysClk_GetPll400MNo  0x1028'51e5    0x14  Code  Lc  cy_sysclk.o [32]
Cy_SysClk_GetPllInputFrequency
                        0x1028'567d    0x1c  Code  Gb  cy_sysclk.o [32]
Cy_SysClk_GetPllNo      0x1028'51a9    0x12  Code  Lc  cy_sysclk.o [32]
Cy_SysClk_GetPllOutputFrequency
                        0x1028'5715   0x1a0  Code  Gb  cy_sysclk.o [32]
Cy_SysClk_GetWcoFrequency
                        0x1028'55d3    0x32  Code  Gb  cy_sysclk.o [32]
Cy_SysClk_HfClockGetDivider
                        0x1028'5287    0x42  Code  Lc  cy_sysclk.o [32]
Cy_SysClk_HfClockGetSource
                        0x1028'5233    0x54  Code  Lc  cy_sysclk.o [32]
Cy_SysClk_InitGetFreqParams
                        0x1028'54d1    0x1a  Code  Gb  cy_sysclk.o [32]
Cy_SysClk_PeriphAssignDivider
                        0x1028'1769    0x68  Code  Lc  zf_device_mt9v03x.o [47]
Cy_SysClk_PeriphAssignDivider
                        0x1028'2875    0x68  Code  Lc  zf_driver_delay.o [48]
Cy_SysClk_PeriphAssignDivider
                        0x1028'1bb9    0x6a  Code  Lc  zf_driver_uart.o [48]
Cy_SysClk_PeriphEnableDivider
                        0x1028'17d1    0x4c  Code  Lc  zf_device_mt9v03x.o [47]
Cy_SysClk_PeriphEnableDivider
                        0x1028'28dd    0x4c  Code  Lc  zf_driver_delay.o [48]
Cy_SysClk_PeriphEnableDivider
                        0x1028'1c23    0x4e  Code  Lc  zf_driver_uart.o [48]
Cy_SysClk_PeriphSetDivider
                        0x1028'16e1    0x80  Code  Lc  zf_device_mt9v03x.o [47]
Cy_SysClk_PeriphSetDivider
                        0x1028'27ef    0x7e  Code  Lc  zf_driver_delay.o [48]
Cy_SysClk_PeriphSetFracDivider
                        0x1028'1af9    0xb8  Code  Lc  zf_driver_uart.o [48]
Cy_SysClk_Pll400MGetConfiguration
                        0x1028'543d    0x84  Code  Gb  cy_sysclk.o [32]
Cy_SysClk_Pll400MGetLockStatus
                        0x1028'51f9    0x2a  Code  Lc  cy_sysclk.o [32]
Cy_SysClk_PllGetConfiguration
                        0x1028'53e9    0x48  Code  Gb  cy_sysclk.o [32]
Cy_SysClk_PllGetLockStatus
                        0x1028'51bb    0x28  Code  Lc  cy_sysclk.o [32]
Cy_SysClk_WcoOkay       0x1028'5225     0xe  Code  Lc  cy_sysclk.o [32]
Cy_SysInt_InitIRQ       0x1028'5bb1    0x7e  Code  Gb  cy_sysint.o [34]
Cy_SysInt_SetSystemIrqVector
                        0x1028'5c2f    0x12  Code  Gb  cy_sysint.o [34]
Cy_SysInt_SystemIrqUserTableRamPointer
                        0x2808'06ec     0x4  Data  Gb  cy_interrupt_map.o [22]
Cy_SysLib_DelayCycles   0x1028'71a1          Code  Gb  cy_syslib_iar.o [35]
Cy_SysLib_EnterCriticalSection
                        0x1028'71b1          Code  Gb  cy_syslib_iar.o [35]
Cy_SysLib_ExitCriticalSection
                        0x1028'71b9          Code  Gb  cy_syslib_iar.o [35]
Cy_SysLib_FaultHandler  0x1028'5add    0x90  Code  Gb  cy_syslib.o [35]
Cy_SysLib_Halt          0x1028'5ad9     0x4  Code  Gb  cy_syslib.o [35]
Cy_SysLib_ProcessingFault
                        0x1028'633d     0x2  Code  Wk  cy_syslib.o [35]
Cy_SysLib_SvcHandler    0x1028'72e5     0xc  Code  Wk  cy_syslib.o [35]
Cy_SystemInitFpuEnable  0x1028'2765    0x1e  Code  Gb  system_tviibh4m_cm7.o [21]
Cy_SystemIrqUserTable   0x2808'0000   0x6ec  Data  Gb  cy_interrupt_map.o [22]
Cy_Tcpwm_Counter_ClearTC_Intr
                        0x1028'2c63    0x10  Code  Gb  cy_tcpwm_counter.o [42]
Cy_Tcpwm_Counter_Enable
                        0x1028'2c49     0xa  Code  Gb  cy_tcpwm_counter.o [42]
Cy_Tcpwm_Counter_Init   0x1028'2ac9   0x16c  Code  Gb  cy_tcpwm_counter.o [42]
Cy_Tcpwm_Counter_SetCounter
                        0x1028'2c53     0x4  Code  Gb  cy_tcpwm_counter.o [42]
Cy_Tcpwm_Counter_SetTC_IntrMask
                        0x1028'2c57     0xc  Code  Gb  cy_tcpwm_counter.o [42]
Cy_Tcpwm_TriggerStart   0x1028'2c73     0xc  Code  Gb  cy_tcpwm.o [42]
Cy_u32StartupStackEndAddress
                        0x1028'6cf4          Data  Gb  startup_cm7.o [30]
Cy_u32StartupStackStartAddress
                        0x1028'6cf0          Data  Gb  startup_cm7.o [30]
DebugMon_Handler        0x1028'736d          Code  Wk  startup_cm7.o [30]
HEAP_STACK$$Base        0x280b'e000           --   Gb  - Linker created -
HEAP_STACK$$Limit       0x280c'0000           --   Gb  - Linker created -
HardFault_Handler       0x1028'7179          Code  Wk  startup_cm7.o [30]
InitRamEcc              0x1028'67fb   0x100  Code  Lc  startup.o [30]
InitRamEccClearArea     0x1028'68fb    0x12  Code  Lc  startup.o [30]
MemManage_Handler       0x1028'7361          Code  Wk  startup_cm7.o [30]
NMI_Handler             0x1028'735d          Code  Wk  startup_cm7.o [30]
PendSV_Handler          0x1028'7371          Code  Wk  startup_cm7.o [30]
Region$$Table$$Base     0x1028'7150           --   Gb  - Linker created -
Region$$Table$$Limit    0x1028'7178           --   Gb  - Linker created -
Reset_Handler           0x1028'6c49          Code  Wk  startup_cm7.o [30]
SVC_Handler             0x1028'7211          Code  Wk  startup_cm7.o [30]
Startup_Init            0x1028'676d    0x8e  Code  Gb  startup.o [30]
SysTick_Handler         0x1028'7375          Code  Wk  startup_cm7.o [30]
SystemCoreClock         0x2809'1414     0x4  Data  Gb  system_tviibh4m_cm7.o [21]
SystemCoreClockUpdate   0x1028'26d1    0x94  Code  Gb  system_tviibh4m_cm7.o [21]
SystemInit              0x1028'2675    0x5c  Code  Gb  system_tviibh4m_cm7.o [21]
UsageFault_Handler      0x1028'7369          Code  Wk  startup_cm7.o [30]
_LC                     0x1028'42d1     0x6  Code  Lc  xprintffull_nomb.o [49]
_LitobFullNoMb          0x1028'4f9d   0x114  Code  Lc  xprintffull_nomb.o [49]
_PrintfFullNoMb         0x1028'42d7   0xc98  Code  Gb  xprintffull_nomb.o [49]
_PutcharsFullNoMb       0x1028'5109    0x2e  Code  Lc  xprintffull_nomb.o [49]
_SProut                 0x1028'1613     0xa  Code  Gb  xsprout.o [49]
__NVIC_ClearPendingIRQ  0x1028'6971    0x1c  Code  Lc  cy_interrupt_map.o [22]
__NVIC_ClearPendingIRQ  0x1028'2a01    0x1c  Code  Lc  zf_common_interrupt.o [45]
__NVIC_EnableIRQ        0x1028'29e5    0x1c  Code  Lc  zf_common_interrupt.o [45]
__NVIC_SetPriority      0x1028'2a1d    0x24  Code  Lc  zf_common_interrupt.o [45]
__Vectors               0x1028'0000           --   Gb  startup_cm7.o [30]
__Vectors_End           0x1028'0080          Data  Gb  startup_cm7.o [30]
__Vectors_Size {Abs}           0x80           --   Gb  startup_cm7.o [30]
__aeabi_cdcmple         0x1028'5f31          Code  Gb  DblCmpLe.o [50]
__aeabi_cdrcmple        0x1028'5f65          Code  Gb  DblCmpGe.o [50]
__aeabi_d2iz            0x1028'609d     0xe  Code  Gb  DblToS32.o [50]
__aeabi_d2uiz           0x1028'60dd     0xe  Code  Gb  DblToU32.o [50]
__aeabi_ddiv            0x1028'60cb    0x12  Code  Gb  DblDiv.o [50]
__aeabi_dmul            0x1028'60f9    0x12  Code  Gb  DblMul.o [50]
__aeabi_dsub            0x1028'60b9    0x12  Code  Gb  DblSub.o [50]
__aeabi_i2d             0x1028'60ab     0xe  Code  Gb  S32ToDbl.o [50]
__aeabi_l2f             0x1028'163d          Code  Gb  S64ToFlt.o [50]
__aeabi_ldiv0           0x1028'6345          Code  Gb  I64DivZer.o [51]
__aeabi_memclr4         0x1028'14e9          Code  Gb  ABImemclr4.o [51]
__aeabi_memcpy          0x1028'156d          Code  Gb  ABImemcpy.o [51]
__aeabi_memcpy4         0x1028'158d          Code  Gb  ABImemcpy.o [51]
__aeabi_memcpy8         0x1028'158d          Code  Gb  ABImemcpy.o [51]
__aeabi_memset          0x1028'2599          Code  Gb  ABImemset.o [51]
__aeabi_ui2d            0x1028'60eb     0xe  Code  Gb  U32ToDbl.o [50]
__aeabi_uldivmod        0x1028'610d          Code  Gb  I64DivMod.o [51]
__cmain                 0x1028'71c1          Code  Gb  cmain.o [51]
__ecc_init_dtcm_end_address {Abs}
                        0x2000'3fff          Data  Gb  <internal module>
__ecc_init_dtcm_start_address {Abs}
                        0x2000'0000          Data  Gb  <internal module>
__ecc_init_itcm_end_address {Abs}
                             0x3fff          Data  Gb  <internal module>
__ecc_init_itcm_start_address {Abs}
                                0x0          Data  Gb  <internal module>
__ecc_init_sram_end_address {Abs}
                        0x280b'ffff          Data  Gb  <internal module>
__ecc_init_sram_start_address {Abs}
                        0x2808'0000          Data  Gb  <internal module>
__exit                  0x1028'6349    0x14  Code  Gb  exit.o [52]
__iar_Fail_s            0x1028'5e29    0x1c  Code  Gb  xfail_s.o [49]
__iar_Memchr            0x1028'5e69          Code  Gb  memchr.o [51]
__iar_Memset            0x1028'2599          Code  Gb  ABImemset.o [51]
__iar_Memset4_word      0x1028'2641          Code  Gb  ABImemset48.o [51]
__iar_Memset8_word      0x1028'2641          Code  Gb  ABImemset48.o [51]
__iar_Memset_word       0x1028'25a1          Code  Gb  ABImemset.o [51]
__iar_Strchr            0x1028'5e11          Code  Gb  strchr.o [51]
__iar_data_init3        0x1028'7105    0x28  Code  Gb  data_init.o [51]
__iar_frexp             0x1028'5ecd          Code  Gb  frexp.o [50]
__iar_frexpl            0x1028'5ecd          Code  Gb  frexp.o [50]
__iar_init_vfp          0x1028'712d          Code  Gb  fpinit_M.o [50]
__iar_ldexp64           0x1028'5fad          Code  Gb  ldexp.o [50]
__iar_lz77_init_single3
                        0x1028'14ef    0x7e  Code  Gb  lz77_init_single.o [51]
__iar_program_start     0x1028'722d          Code  Gb  cstartup_M.o [51]
__iar_scalbln64         0x1028'5fad          Code  Gb  ldexp.o [50]
__iar_scalbn64          0x1028'5fad          Code  Gb  ldexp.o [50]
__iar_softfp___iar_frexp64
                        0x1028'5ec1          Code  Gb  frexp.o [50]
__iar_softfp___iar_ldexp64
                        0x1028'5f99          Code  Gb  ldexp.o [50]
__iar_softfp___iar_scalbln64
                        0x1028'5f99          Code  Gb  ldexp.o [50]
__iar_softfp___iar_scalbn64
                        0x1028'5f99          Code  Gb  ldexp.o [50]
__iar_softfp_frexp      0x1028'5ec1          Code  Gb  frexp.o [50]
__iar_softfp_frexpl     0x1028'5ec1          Code  Gb  frexp.o [50]
__iar_softfp_ldexp      0x1028'5f99          Code  Gb  ldexp.o [50]
__iar_softfp_ldexpl     0x1028'5f99          Code  Gb  ldexp.o [50]
__iar_softfp_scalbln    0x1028'5f99          Code  Gb  ldexp.o [50]
__iar_softfp_scalblnl   0x1028'5f99          Code  Gb  ldexp.o [50]
__iar_softfp_scalbn     0x1028'5f99          Code  Gb  ldexp.o [50]
__iar_softfp_scalbnl    0x1028'5f99          Code  Gb  ldexp.o [50]
__iar_sqrt64            0x1028'161d          Code  Gb  sqrt.o [50]
__iar_zero_init3        0x1028'7055    0x38  Code  Gb  zero_init3.o [51]
__low_level_init        0x1028'71e1          Code  Gb  startup_cm7.o [30]
__ramVectors            0x2809'1480          Data  Gb  startup_cm7.o [30]
__vector_table          0x1028'0000          Data  Gb  startup_cm7.o [30]
__vector_table_0x1c     0x1028'001c          Data  Gb  startup_cm7.o [30]
_call_main              0x1028'71cd          Code  Gb  cmain.o [51]
_exit                   0x1028'71e9          Code  Gb  cexit.o [51]
abort                   0x1028'633f     0x6  Code  Gb  abort.o [49]
assert_interrupt_config
                        0x1028'2a79     0xc  Code  Gb  zf_common_interrupt.o [45]
calculate_pca           0x1028'0d41   0x1fc  Code  Gb  main_cm7_1.o [44]
camera_finish_callback  0x1028'181d    0x44  Code  Gb  zf_device_mt9v03x.o [47]
clock_init              0x1028'1699    0x16  Code  Gb  zf_common_clock.o [45]
cy_assertFileName       0x2809'1398    0x18  Data  Gb  cy_syslib.o [35]
cy_assertLine           0x2809'13fc     0x4  Data  Gb  cy_syslib.o [35]
cy_delay32kMs           0x2809'1424     0x4  Data  Gb  system_tviibh4m_cm7.o [21]
cy_delayFreqHz          0x2809'1418     0x4  Data  Gb  system_tviibh4m_cm7.o [21]
cy_delayFreqKhz         0x2809'141c     0x4  Data  Gb  system_tviibh4m_cm7.o [21]
cy_delayFreqMhz         0x2809'1420     0x4  Data  Gb  system_tviibh4m_cm7.o [21]
cy_faultFrame           0x2809'12a0    0x70  Data  Gb  cy_syslib.o [35]
data_arr                0x2800'1014    0x10  Data  Gb  main_cm7_1.o [44]
debug_assert_handler    0x1028'3dc5    0x3c  Code  Gb  zf_common_debug.o [45]
debug_assert_handler::assert_nest_index
                        0x2809'1450     0x1  Data  Lc  zf_common_debug.o [45]
debug_delay             0x1028'3ad5    0x36  Code  Lc  zf_common_debug.o [45]
debug_output            0x1028'3b0b   0x2ba  Code  Lc  zf_common_debug.o [45]
debug_output_info       0x2809'13c8    0x14  Data  Lc  zf_common_debug.o [45]
delay_clk               0x2808'0734     0x2  Data  Lc  zf_driver_delay.o [48]
detect_beacon           0x1028'0869   0x3b4  Code  Gb  main_cm7_1.o [44]
detect_car              0x1028'0c31   0x102  Code  Gb  main_cm7_1.o [44]
divNumLocator           0x1028'72f0     0x8  Data  Gb  cy_sysclk.o [32]
exit                    0x1028'71e5     0x4  Code  Gb  exit.o [49]
fifo_clear              0x1028'6391    0x74  Code  Gb  zf_common_fifo.o [45]
fifo_end_offset         0x1028'6377    0x1a  Code  Lc  zf_common_fifo.o [45]
fifo_head_offset        0x1028'635d    0x1a  Code  Lc  zf_common_fifo.o [45]
fifo_read_buffer        0x1028'65c7   0x1a0  Code  Gb  zf_common_fifo.o [45]
fifo_used               0x1028'6405    0x22  Code  Gb  zf_common_fifo.o [45]
fifo_write_buffer       0x1028'6427   0x1a0  Code  Gb  zf_common_fifo.o [45]
find_blob               0x1028'0081   0x7e8  Code  Gb  main_cm7_1.o [44]
get_uart_config         0x1028'1e0b   0x20a  Code  Lc  zf_driver_uart.o [48]
gnss_flag               0x2809'1451     0x1  Data  Gb  zf_device_gnss.o [47]
gnss_gga_state          0x2809'1453     0x1  Data  Lc  zf_device_gnss.o [47]
gnss_receiver_fifo      0x2809'13b0    0x18  Data  Lc  zf_device_gnss.o [47]
gnss_rmc_state          0x2809'1454     0x1  Data  Lc  zf_device_gnss.o [47]
gnss_state              0x2809'1452     0x1  Data  Lc  zf_device_gnss.o [47]
gnss_ths_state          0x2809'1455     0x1  Data  Lc  zf_device_gnss.o [47]
gnss_uart_callback      0x1028'6b09    0xe2  Code  Gb  zf_device_gnss.o [47]
gpio_get_level          0x1028'5cdb    0x22  Code  Gb  zf_driver_gpio.o [48]
gpio_init               0x1028'5d4b    0x88  Code  Gb  zf_driver_gpio.o [48]
gpio_set_dir            0x1028'5cfd    0x4e  Code  Gb  zf_driver_gpio.o [48]
gpio_set_level          0x1028'5c97    0x44  Code  Gb  zf_driver_gpio.o [48]
gps_gga_buffer          0x2809'1120    0x80  Data  Lc  zf_device_gnss.o [47]
gps_rmc_buffer          0x2809'11a0    0x80  Data  Lc  zf_device_gnss.o [47]
gps_ths_buffer          0x2809'1220    0x80  Data  Lc  zf_device_gnss.o [47]
image_arr               0x2808'0738  0x5820  Data  Gb  main_cm7_1.o [44]
intFreqInitialized      0x2809'144c     0x1  Data  Gb  cy_sysclk.o [32]
internalBaseFreqInfo    0x2809'1380    0x18  Data  Gb  cy_sysclk.o [32]
interrupt_global_disable
                        0x1028'2a51    0x14  Code  Gb  zf_common_interrupt.o [45]
interrupt_global_enable
                        0x1028'2a41    0x10  Code  Gb  zf_common_interrupt.o [45]
interrupt_global_flag   0x2809'142c     0x4  Data  Lc  zf_common_interrupt.o [45]
interrupt_init          0x1028'2a91    0x36  Code  Gb  zf_common_interrupt.o [45]
interrupt_set_priority  0x1028'2a85     0xc  Code  Gb  zf_common_interrupt.o [45]
ldexp                   0x1028'5fad          Code  Gb  ldexp.o [50]
ldexpl                  0x1028'5fad          Code  Gb  ldexp.o [50]
main                    0x1028'0f55   0x53c  Code  Gb  main_cm7_1.o [44]
main{5}{6}::beacon_lost_timer
                        0x2809'144a     0x2  Data  Lc  main_cm7_1.o [44]
main{5}{6}::beacon_real_lost
                        0x2809'144e     0x1  Data  Lc  main_cm7_1.o [44]
main{5}{6}::car_lost_timer
                        0x2809'1448     0x2  Data  Lc  main_cm7_1.o [44]
main{5}{6}::car_real_lost
                        0x2809'144d     0x1  Data  Lc  main_cm7_1.o [44]
main{5}{6}::last_beacon_cx
                        0x2809'140c     0x4  Data  Lc  main_cm7_1.o [44]
main{5}{6}::last_beacon_cy
                        0x2809'1410     0x4  Data  Lc  main_cm7_1.o [44]
main{5}{6}::last_car_cx
                        0x2809'1404     0x4  Data  Lc  main_cm7_1.o [44]
main{5}{6}::last_car_cy
                        0x2809'1408     0x4  Data  Lc  main_cm7_1.o [44]
main{5}{6}::last_car_dir_x
                        0x2809'1400     0x4  Data  Lc  main_cm7_1.o [44]
main{5}{6}::last_car_dir_y
                        0x2808'06f0     0x4  Data  Lc  main_cm7_1.o [44]
memchr                  0x1028'5e69          Code  Gb  memchr.o [51]
mt9v03x_auto_exp        0x2809'1438     0x4  Data  Lc  zf_device_config_mt9v03x.o [53]
mt9v03x_exp_time        0x2809'143c     0x4  Data  Lc  zf_device_config_mt9v03x.o [53]
mt9v03x_finish_flag     0x2809'1456     0x1  Data  Gb  zf_device_mt9v03x.o [47]
mt9v03x_h_blank         0x2809'1434     0x4  Data  Lc  zf_device_config_mt9v03x.o [53]
mt9v03x_h_num           0x2800'6bf0     0x2  Data  Wk  zf_device_mt9v03x.o [47]
mt9v03x_iic_inf_struct  0x2809'13dc    0x10  Data  Lc  zf_device_config_mt9v03x.o [53]
mt9v03x_image           0x2808'b778  0x5820  Data  Gb  zf_device_mt9v03x.o [47]
mt9v03x_image_temp      0x2802'6024  0x5820  Data  Wk  zf_device_mt9v03x.o [47]
mt9v03x_init            0x1028'196b   0x112  Code  Gb  zf_device_mt9v03x.o [47]
mt9v03x_read_word_sccb  0x1028'3339    0x28  Code  Lc  zf_device_config_mt9v03x.o [53]
mt9v03x_row             0x2809'1440     0x4  Data  Lc  zf_device_config_mt9v03x.o [53]
mt9v03x_sccb_check_id   0x1028'3361    0x60  Code  Gb  zf_device_config_mt9v03x.o [53]
mt9v03x_sccb_init       0x1028'1911    0x5a  Code  Gb  zf_device_mt9v03x.o [47]
mt9v03x_sccb_set_config
                        0x1028'33c1   0x6f8  Code  Gb  zf_device_config_mt9v03x.o [53]
mt9v03x_trig_init       0x1028'1861    0xb0  Code  Lc  zf_device_mt9v03x.o [47]
mt9v03x_v_blank         0x2809'1430     0x4  Data  Lc  zf_device_config_mt9v03x.o [53]
mt9v03x_w_num           0x2800'6bf2     0x2  Data  Wk  zf_device_mt9v03x.o [47]
mt9v03x_write_and_check_word_sccb
                        0x1028'32a7    0x92  Code  Lc  zf_device_config_mt9v03x.o [53]
mt9v03x_write_word_sccb
                        0x1028'327d    0x2a  Code  Lc  zf_device_config_mt9v03x.o [53]
perfect_proportion      0x2809'1457     0x1  Data  Lc  zf_device_mt9v03x.o [47]
pwm_all_channel_close   0x1028'5b91    0x1a  Code  Gb  zf_driver_pwm.o [48]
scalbln                 0x1028'5fad          Code  Gb  ldexp.o [50]
scalblnl                0x1028'5fad          Code  Gb  ldexp.o [50]
scalbn                  0x1028'5fad          Code  Gb  ldexp.o [50]
scalbnl                 0x1028'5fad          Code  Gb  ldexp.o [50]
scale                   0x1028'50b1    0x46  Code  Lc  xprintffull_nomb.o [49]
scb_module              0x2808'0718    0x1c  Data  Gb  zf_driver_uart.o [48]
sec_hand                0x2809'1444     0x4  Data  Lc  xfail_s.o [49]
soft_iic_init           0x1028'3201    0x78  Code  Gb  zf_driver_soft_iic.o [48]
soft_iic_read_data      0x1028'302b   0x10e  Code  Lc  zf_driver_soft_iic.o [48]
soft_iic_sccb_read_register
                        0x1028'3195    0x6c  Code  Gb  zf_driver_soft_iic.o [48]
soft_iic_sccb_write_register
                        0x1028'3145    0x4c  Code  Gb  zf_driver_soft_iic.o [48]
soft_iic_send_ack       0x1028'2dbd    0xc6  Code  Lc  zf_driver_soft_iic.o [48]
soft_iic_send_data      0x1028'2f53    0xd8  Code  Lc  zf_driver_soft_iic.o [48]
soft_iic_start          0x1028'2c81    0x9e  Code  Lc  zf_driver_soft_iic.o [48]
soft_iic_stop           0x1028'2d1f    0x9e  Code  Lc  zf_driver_soft_iic.o [48]
soft_iic_wait_ack       0x1028'2e83    0xd0  Code  Lc  zf_driver_soft_iic.o [48]
sprintf                 0x1028'2601    0x40  Code  Gb  sprintf.o [49]
sqrt                    0x1028'161d          Code  Gb  sqrt.o [50]
sqrtl                   0x1028'161d          Code  Gb  sqrt.o [50]
strchr                  0x1028'5e11          Code  Gb  strchr.o [51]
strlen                  0x1028'5dd9          Code  Gb  strlen.o [51]
strncmp                 0x1028'6c1d    0x2a  Code  Gb  strncmp.o [49]
strncpy                 0x1028'5a69          Code  Gb  strncpy.o [51]
system_clock            0x2809'1428     0x4  Data  Gb  zf_common_clock.o [45]
system_delay_init       0x1028'2929    0xa6  Code  Gb  zf_driver_delay.o [48]
timer_ch                0x2808'0737     0x1  Data  Lc  zf_driver_delay.o [48]
type_default_callback   0x1028'7399     0x2  Code  Lc  zf_device_type.o [47]
uart0_isr               0x1028'6fe9     0xa  Code  Gb  cm7_1_isr.o [44]
uart1_isr               0x1028'6ff3    0x14  Code  Gb  cm7_1_isr.o [44]
uart2_isr               0x1028'7007    0x12  Code  Gb  cm7_1_isr.o [44]
uart3_isr               0x1028'7019     0xa  Code  Gb  cm7_1_isr.o [44]
uart4_isr               0x1028'7023    0x14  Code  Gb  cm7_1_isr.o [44]
uart5_isr               0x1028'7041     0xa  Code  Gb  cm7_1_isr.o [44]
uart6_isr               0x1028'704b     0xa  Code  Gb  cm7_1_isr.o [44]
uart_context            0x2809'0f98   0x188  Data  Gb  zf_driver_uart.o [48]
uart_data_buffer        0x2809'1310    0x70  Data  Lc  zf_driver_uart.o [48]
uart_data_buffer_count  0x2809'13ec     0x8  Data  Lc  zf_driver_uart.o [48]
uart_data_refresh       0x2809'13f4     0x8  Data  Lc  zf_driver_uart.o [48]
uart_init               0x1028'2399   0x1c0  Code  Gb  zf_driver_uart.o [48]
uart_isr_func           0x2808'06fc    0x1c  Data  Gb  zf_driver_uart.o [48]
uart_isr_mask           0x1028'1d11    0xfa  Code  Gb  zf_driver_uart.o [48]
uart_query_byte         0x1028'2059    0x74  Code  Gb  zf_driver_uart.o [48]
uart_receiver_handler   0x2808'06f8     0x4  Data  Gb  zf_device_type.o [47]
uart_rx_interrupt       0x1028'21e9   0x1a8  Code  Gb  zf_driver_uart.o [48]
uart_tx_interrupt       0x1028'20cd   0x11c  Code  Gb  zf_driver_uart.o [48]
uart_write_byte         0x1028'2015    0x28  Code  Gb  zf_driver_uart.o [48]
uart_write_string       0x1028'203d    0x1c  Code  Gb  zf_driver_uart.o [48]
visited                 0x2808'5f58  0x5820  Data  Gb  main_cm7_1.o [44]
wireless_module_uart_handler
                        0x2808'06f4     0x4  Data  Gb  zf_device_type.o [47]
zf_debug_assert_enable  0x2808'0736     0x1  Data  Lc  zf_common_debug.o [45]
zf_debug_init_flag      0x2809'144f     0x1  Data  Lc  zf_common_debug.o [45]


[1] = C:\Code\beifen\old\CYT4BB7_Library-master\Seekfree_CYT4BB_Opensource_Library\project\iar\Debug_m7_1\Obj\adc_11722776235721520015.dir
[2] = C:\Code\beifen\old\CYT4BB7_Library-master\Seekfree_CYT4BB_Opensource_Library\project\iar\Debug_m7_1\Obj\audioss_1346650047966882938.dir
[3] = C:\Code\beifen\old\CYT4BB7_Library-master\Seekfree_CYT4BB_Opensource_Library\project\iar\Debug_m7_1\Obj\button_4990804375159372270.dir
[4] = C:\Code\beifen\old\CYT4BB7_Library-master\Seekfree_CYT4BB_Opensource_Library\project\iar\Debug_m7_1\Obj\canfd_1800690984773873875.dir
[5] = C:\Code\beifen\old\CYT4BB7_Library-master\Seekfree_CYT4BB_Opensource_Library\project\iar\Debug_m7_1\Obj\cpu_15938736945165268644.dir
[6] = C:\Code\beifen\old\CYT4BB7_Library-master\Seekfree_CYT4BB_Opensource_Library\project\iar\Debug_m7_1\Obj\crypto_1190170608956581615.dir
[7] = C:\Code\beifen\old\CYT4BB7_Library-master\Seekfree_CYT4BB_Opensource_Library\project\iar\Debug_m7_1\Obj\dma_12106025507578611576.dir
[8] = C:\Code\beifen\old\CYT4BB7_Library-master\Seekfree_CYT4BB_Opensource_Library\project\iar\Debug_m7_1\Obj\eth_phy_18133017486186456677.dir
[9] = C:\Code\beifen\old\CYT4BB7_Library-master\Seekfree_CYT4BB_Opensource_Library\project\iar\Debug_m7_1\Obj\ethernet_6029839089178797009.dir
[10] = C:\Code\beifen\old\CYT4BB7_Library-master\Seekfree_CYT4BB_Opensource_Library\project\iar\Debug_m7_1\Obj\evtgen_3404189088603873129.dir
[11] = C:\Code\beifen\old\CYT4BB7_Library-master\Seekfree_CYT4BB_Opensource_Library\project\iar\Debug_m7_1\Obj\flash_8529866181315662935.dir
[12] = C:\Code\beifen\old\CYT4BB7_Library-master\Seekfree_CYT4BB_Opensource_Library\project\iar\Debug_m7_1\Obj\flash_864493325053435817.dir
[13] = C:\Code\beifen\old\CYT4BB7_Library-master\Seekfree_CYT4BB_Opensource_Library\project\iar\Debug_m7_1\Obj\gpio_3999404635324069351.dir
[14] = C:\Code\beifen\old\CYT4BB7_Library-master\Seekfree_CYT4BB_Opensource_Library\project\iar\Debug_m7_1\Obj\ipc_10145506163450686023.dir
[15] = C:\Code\beifen\old\CYT4BB7_Library-master\Seekfree_CYT4BB_Opensource_Library\project\iar\Debug_m7_1\Obj\lin_18429031207028094880.dir
[16] = C:\Code\beifen\old\CYT4BB7_Library-master\Seekfree_CYT4BB_Opensource_Library\project\iar\Debug_m7_1\Obj\lvd_6353935867039560245.dir
[17] = C:\Code\beifen\old\CYT4BB7_Library-master\Seekfree_CYT4BB_Opensource_Library\project\iar\Debug_m7_1\Obj\mcwdt_4052485907822033969.dir
[18] = C:\Code\beifen\old\CYT4BB7_Library-master\Seekfree_CYT4BB_Opensource_Library\project\iar\Debug_m7_1\Obj\mpu_5663187252346826382.dir
[19] = C:\Code\beifen\old\CYT4BB7_Library-master\Seekfree_CYT4BB_Opensource_Library\project\iar\Debug_m7_1\Obj\power_14453085144426420577.dir
[20] = C:\Code\beifen\old\CYT4BB7_Library-master\Seekfree_CYT4BB_Opensource_Library\project\iar\Debug_m7_1\Obj\prot_10722960861768657883.dir
[21] = C:\Code\beifen\old\CYT4BB7_Library-master\Seekfree_CYT4BB_Opensource_Library\project\iar\Debug_m7_1\Obj\rev_b_4986922561640112550.dir
[22] = C:\Code\beifen\old\CYT4BB7_Library-master\Seekfree_CYT4BB_Opensource_Library\project\iar\Debug_m7_1\Obj\rev_b_6162237342861132223.dir
[23] = C:\Code\beifen\old\CYT4BB7_Library-master\Seekfree_CYT4BB_Opensource_Library\project\iar\Debug_m7_1\Obj\scb_15490842639181808494.dir
[24] = C:\Code\beifen\old\CYT4BB7_Library-master\Seekfree_CYT4BB_Opensource_Library\project\iar\Debug_m7_1\Obj\sd_host_2982766354293506895.dir
[25] = C:\Code\beifen\old\CYT4BB7_Library-master\Seekfree_CYT4BB_Opensource_Library\project\iar\Debug_m7_1\Obj\semihosting_143864889731838620.dir
[26] = C:\Code\beifen\old\CYT4BB7_Library-master\Seekfree_CYT4BB_Opensource_Library\project\iar\Debug_m7_1\Obj\smartio_5451710003740070188.dir
[27] = C:\Code\beifen\old\CYT4BB7_Library-master\Seekfree_CYT4BB_Opensource_Library\project\iar\Debug_m7_1\Obj\smif_427648126384146252.dir
[28] = C:\Code\beifen\old\CYT4BB7_Library-master\Seekfree_CYT4BB_Opensource_Library\project\iar\Debug_m7_1\Obj\smif_mem_6470536964353725183.dir
[29] = C:\Code\beifen\old\CYT4BB7_Library-master\Seekfree_CYT4BB_Opensource_Library\project\iar\Debug_m7_1\Obj\srom_13018798572330080582.dir
[30] = C:\Code\beifen\old\CYT4BB7_Library-master\Seekfree_CYT4BB_Opensource_Library\project\iar\Debug_m7_1\Obj\startup_479057977785470282.dir
[31] = C:\Code\beifen\old\CYT4BB7_Library-master\Seekfree_CYT4BB_Opensource_Library\project\iar\Debug_m7_1\Obj\sw_timer_4215635015939382130.dir
[32] = C:\Code\beifen\old\CYT4BB7_Library-master\Seekfree_CYT4BB_Opensource_Library\project\iar\Debug_m7_1\Obj\sysclk_16149231235676103872.dir
[33] = C:\Code\beifen\old\CYT4BB7_Library-master\Seekfree_CYT4BB_Opensource_Library\project\iar\Debug_m7_1\Obj\sysflt_12293435975120599261.dir
[34] = C:\Code\beifen\old\CYT4BB7_Library-master\Seekfree_CYT4BB_Opensource_Library\project\iar\Debug_m7_1\Obj\sysint_7435970359207984181.dir
[35] = C:\Code\beifen\old\CYT4BB7_Library-master\Seekfree_CYT4BB_Opensource_Library\project\iar\Debug_m7_1\Obj\syslib_16330585751512546975.dir
[36] = C:\Code\beifen\old\CYT4BB7_Library-master\Seekfree_CYT4BB_Opensource_Library\project\iar\Debug_m7_1\Obj\syspm_10887939769544754770.dir
[37] = C:\Code\beifen\old\CYT4BB7_Library-master\Seekfree_CYT4BB_Opensource_Library\project\iar\Debug_m7_1\Obj\sysreghc_17676636058511625587.dir
[38] = C:\Code\beifen\old\CYT4BB7_Library-master\Seekfree_CYT4BB_Opensource_Library\project\iar\Debug_m7_1\Obj\sysreset_14586141425677365288.dir
[39] = C:\Code\beifen\old\CYT4BB7_Library-master\Seekfree_CYT4BB_Opensource_Library\project\iar\Debug_m7_1\Obj\sysrtc_10747768817563771611.dir
[40] = C:\Code\beifen\old\CYT4BB7_Library-master\Seekfree_CYT4BB_Opensource_Library\project\iar\Debug_m7_1\Obj\systick_16016591671695740695.dir
[41] = C:\Code\beifen\old\CYT4BB7_Library-master\Seekfree_CYT4BB_Opensource_Library\project\iar\Debug_m7_1\Obj\syswdt_9118657615806274156.dir
[42] = C:\Code\beifen\old\CYT4BB7_Library-master\Seekfree_CYT4BB_Opensource_Library\project\iar\Debug_m7_1\Obj\tcpwm_422923530147891246.dir
[43] = C:\Code\beifen\old\CYT4BB7_Library-master\Seekfree_CYT4BB_Opensource_Library\project\iar\Debug_m7_1\Obj\trigmux_9729677290734583340.dir
[44] = C:\Code\beifen\old\CYT4BB7_Library-master\Seekfree_CYT4BB_Opensource_Library\project\iar\Debug_m7_1\Obj\user_8514941877209965082.dir
[45] = C:\Code\beifen\old\CYT4BB7_Library-master\Seekfree_CYT4BB_Opensource_Library\project\iar\Debug_m7_1\Obj\zf_common_1201165462030747823.dir
[46] = C:\Code\beifen\old\CYT4BB7_Library-master\Seekfree_CYT4BB_Opensource_Library\project\iar\Debug_m7_1\Obj\zf_components_14936052685886095442.dir
[47] = C:\Code\beifen\old\CYT4BB7_Library-master\Seekfree_CYT4BB_Opensource_Library\project\iar\Debug_m7_1\Obj\zf_device_6570275422786408770.dir
[48] = C:\Code\beifen\old\CYT4BB7_Library-master\Seekfree_CYT4BB_Opensource_Library\project\iar\Debug_m7_1\Obj\zf_driver_11922370083829174090.dir
[49] = dl7M_tln.a
[50] = m7M_tlv.a
[51] = rt7M_tl.a
[52] = shb_l.a
[53] = zf_device_config.a

  28'386 bytes of readonly  code memory
   1'304 bytes of readonly  data memory
  79'064 bytes of readwrite data memory (+ 22'580 absolute)

Errors: none
Warnings: none
